<?xml version="1.0" encoding="ISO-8859-1" ?>
<link_info>
   <banner>TMS320C2000 Linker PC v20.2.1.LTS</banner>
   <copyright>Copyright (c) 1996-2018 Texas Instruments Incorporated</copyright>
   <link_time>0x5fbcad12</link_time>
   <link_errors>0x0</link_errors>
   <output_file>YHTEC_BHDC_FLASH.out</output_file>
   <entry_point>
      <name>_c_int00</name>
      <address>0x1507c</address>
   </entry_point>
   <input_file_list>
      <input_file id="fl-2">
         <path>.\MCU_Resource_Files\Source\F2837xS_v210\</path>
         <kind>object</kind>
         <file>DSP28xxx_CodeStartBranch.obj</file>
         <name>DSP28xxx_CodeStartBranch.obj</name>
      </input_file>
      <input_file id="fl-3">
         <path>.\MCU_Resource_Files\Source\F2837xS_v210\</path>
         <kind>object</kind>
         <file>DSP28xxx_SectionCopy_nonBIOS.obj</file>
         <name>DSP28xxx_SectionCopy_nonBIOS.obj</name>
      </input_file>
      <input_file id="fl-4">
         <path>.\MCU_Resource_Files\Source\F2837xS_v210\</path>
         <kind>object</kind>
         <file>F2837xS_Adc.obj</file>
         <name>F2837xS_Adc.obj</name>
      </input_file>
      <input_file id="fl-5">
         <path>.\MCU_Resource_Files\Source\F2837xS_v210\</path>
         <kind>object</kind>
         <file>F2837xS_CpuTimers.obj</file>
         <name>F2837xS_CpuTimers.obj</name>
      </input_file>
      <input_file id="fl-6">
         <path>.\MCU_Resource_Files\Source\F2837xS_v210\</path>
         <kind>object</kind>
         <file>F2837xS_DBGIER.obj</file>
         <name>F2837xS_DBGIER.obj</name>
      </input_file>
      <input_file id="fl-7">
         <path>.\MCU_Resource_Files\Source\F2837xS_v210\</path>
         <kind>object</kind>
         <file>F2837xS_EPwm.obj</file>
         <name>F2837xS_EPwm.obj</name>
      </input_file>
      <input_file id="fl-8">
         <path>.\MCU_Resource_Files\Source\F2837xS_v210\</path>
         <kind>object</kind>
         <file>F2837xS_GlobalVariableDefs.obj</file>
         <name>F2837xS_GlobalVariableDefs.obj</name>
      </input_file>
      <input_file id="fl-9">
         <path>.\MCU_Resource_Files\Source\F2837xS_v210\</path>
         <kind>object</kind>
         <file>F2837xS_Gpio.obj</file>
         <name>F2837xS_Gpio.obj</name>
      </input_file>
      <input_file id="fl-a">
         <path>.\MCU_Resource_Files\Source\F2837xS_v210\</path>
         <kind>object</kind>
         <file>F2837xS_PieCtrl.obj</file>
         <name>F2837xS_PieCtrl.obj</name>
      </input_file>
      <input_file id="fl-b">
         <path>.\MCU_Resource_Files\Source\F2837xS_v210\</path>
         <kind>object</kind>
         <file>F2837xS_PieVect.obj</file>
         <name>F2837xS_PieVect.obj</name>
      </input_file>
      <input_file id="fl-c">
         <path>.\MCU_Resource_Files\Source\F2837xS_v210\</path>
         <kind>object</kind>
         <file>F2837xS_SysCtrl.obj</file>
         <name>F2837xS_SysCtrl.obj</name>
      </input_file>
      <input_file id="fl-d">
         <path>.\MCU_Resource_Files\Source\F2837xS_v210\</path>
         <kind>object</kind>
         <file>F2837xS_can.obj</file>
         <name>F2837xS_can.obj</name>
      </input_file>
      <input_file id="fl-e">
         <path>.\MCU_Resource_Files\Source\F2837xS_v210\</path>
         <kind>object</kind>
         <file>F2837xS_usDelay.obj</file>
         <name>F2837xS_usDelay.obj</name>
      </input_file>
      <input_file id="fl-f">
         <path>.\MCU_Resource_Files\Source\F2837xS_v210\</path>
         <kind>object</kind>
         <file>SWPrioritizedDefaultIsr.obj</file>
         <name>SWPrioritizedDefaultIsr.obj</name>
      </input_file>
      <input_file id="fl-10">
         <path>.\Source_Files\</path>
         <kind>object</kind>
         <file>ADC.obj</file>
         <name>ADC.obj</name>
      </input_file>
      <input_file id="fl-11">
         <path>.\Source_Files\</path>
         <kind>object</kind>
         <file>ASW.obj</file>
         <name>ASW.obj</name>
      </input_file>
      <input_file id="fl-12">
         <path>.\Source_Files\</path>
         <kind>object</kind>
         <file>CAN.obj</file>
         <name>CAN.obj</name>
      </input_file>
      <input_file id="fl-13">
         <path>.\Source_Files\</path>
         <kind>object</kind>
         <file>GPIO.obj</file>
         <name>GPIO.obj</name>
      </input_file>
      <input_file id="fl-14">
         <path>.\Source_Files\</path>
         <kind>object</kind>
         <file>MODE.obj</file>
         <name>MODE.obj</name>
      </input_file>
      <input_file id="fl-15">
         <path>.\Source_Files\</path>
         <kind>object</kind>
         <file>PWM.obj</file>
         <name>PWM.obj</name>
      </input_file>
      <input_file id="fl-16">
         <path>.\Source_Files\</path>
         <kind>object</kind>
         <file>Sleep.obj</file>
         <name>Sleep.obj</name>
      </input_file>
      <input_file id="fl-17">
         <path>.\Source_Files\</path>
         <kind>object</kind>
         <file>TIMER.obj</file>
         <name>TIMER.obj</name>
      </input_file>
      <input_file id="fl-18">
         <path>.\Source_Files\</path>
         <kind>object</kind>
         <file>main.obj</file>
         <name>main.obj</name>
      </input_file>
      <input_file id="fl-1d">
         <kind>object</kind>
         <file>&lt;internal&gt;</file>
         <name>&lt;internal&gt;</name>
      </input_file>
      <input_file id="fl-29">
         <path>C:\ti\ccs1011\ccs\tools\compiler\ti-cgt-c2000_20.2.1.LTS\lib\</path>
         <kind>archive</kind>
         <file>rts2800_fpu32.lib</file>
         <name>e_logf.c.obj</name>
      </input_file>
      <input_file id="fl-2a">
         <path>C:\ti\ccs1011\ccs\tools\compiler\ti-cgt-c2000_20.2.1.LTS\lib\</path>
         <kind>archive</kind>
         <file>rts2800_fpu32.lib</file>
         <name>boot28.asm.obj</name>
      </input_file>
      <input_file id="fl-2b">
         <path>C:\ti\ccs1011\ccs\tools\compiler\ti-cgt-c2000_20.2.1.LTS\lib\</path>
         <kind>archive</kind>
         <file>rts2800_fpu32.lib</file>
         <name>fs_div28.asm.obj</name>
      </input_file>
      <input_file id="fl-2c">
         <path>C:\ti\ccs1011\ccs\tools\compiler\ti-cgt-c2000_20.2.1.LTS\lib\</path>
         <kind>archive</kind>
         <file>rts2800_fpu32.lib</file>
         <name>u_div28.asm.obj</name>
      </input_file>
      <input_file id="fl-2d">
         <path>C:\ti\ccs1011\ccs\tools\compiler\ti-cgt-c2000_20.2.1.LTS\lib\</path>
         <kind>archive</kind>
         <file>rts2800_fpu32.lib</file>
         <name>cpy_tbl.c.obj</name>
      </input_file>
      <input_file id="fl-2e">
         <path>C:\ti\ccs1011\ccs\tools\compiler\ti-cgt-c2000_20.2.1.LTS\lib\</path>
         <kind>archive</kind>
         <file>rts2800_fpu32.lib</file>
         <name>memcpy.c.obj</name>
      </input_file>
      <input_file id="fl-2f">
         <path>C:\ti\ccs1011\ccs\tools\compiler\ti-cgt-c2000_20.2.1.LTS\lib\</path>
         <kind>archive</kind>
         <file>rts2800_fpu32.lib</file>
         <name>pre_init.c.obj</name>
      </input_file>
      <input_file id="fl-30">
         <path>C:\ti\ccs1011\ccs\tools\compiler\ti-cgt-c2000_20.2.1.LTS\lib\</path>
         <kind>archive</kind>
         <file>rts2800_fpu32.lib</file>
         <name>startup.c.obj</name>
      </input_file>
      <input_file id="fl-31">
         <path>C:\ti\ccs1011\ccs\tools\compiler\ti-cgt-c2000_20.2.1.LTS\lib\</path>
         <kind>archive</kind>
         <file>rts2800_fpu32.lib</file>
         <name>exit.c.obj</name>
      </input_file>
      <input_file id="fl-32">
         <path>C:\ti\ccs1011\ccs\tools\compiler\ti-cgt-c2000_20.2.1.LTS\lib\</path>
         <kind>archive</kind>
         <file>rts2800_fpu32.lib</file>
         <name>_lock.c.obj</name>
      </input_file>
      <input_file id="fl-33">
         <path>C:\ti\ccs1011\ccs\tools\compiler\ti-cgt-c2000_20.2.1.LTS\lib\</path>
         <kind>archive</kind>
         <file>rts2800_fpu32.lib</file>
         <name>args_main.c.obj</name>
      </input_file>
      <input_file id="fl-34">
         <path>C:\ti\ccs1011\ccs\tools\compiler\ti-cgt-c2000_20.2.1.LTS\lib\</path>
         <kind>archive</kind>
         <file>rts2800_fpu32.lib</file>
         <name>errno.c.obj</name>
      </input_file>
   </input_file_list>
   <object_component_list>
      <object_component id="oc-83">
         <name>codestart</name>
         <load_address>0x80000</load_address>
         <run_address>0x80000</run_address>
         <size>0x2</size>
         <input_file_ref idref="fl-2"/>
      </object_component>
      <object_component id="oc-84">
         <name>wddisable</name>
         <load_address>0x82033</load_address>
         <run_address>0x82033</run_address>
         <size>0x8</size>
         <input_file_ref idref="fl-2"/>
      </object_component>
      <object_component id="oc-89">
         <name>copysections</name>
         <load_address>0x82000</load_address>
         <run_address>0x82000</run_address>
         <size>0x33</size>
         <input_file_ref idref="fl-3"/>
      </object_component>
      <object_component id="oc-12a">
         <name>.text:retain</name>
         <load_address>0x88000</load_address>
         <run_address>0x11000</run_address>
         <size>0x1c99</size>
         <input_file_ref idref="fl-f"/>
      </object_component>
      <object_component id="oc-1c0">
         <name>.text</name>
         <load_address>0x89c99</load_address>
         <run_address>0x12c99</run_address>
         <size>0x864</size>
         <input_file_ref idref="fl-14"/>
      </object_component>
      <object_component id="oc-1bd">
         <name>.text</name>
         <load_address>0x8a4fd</load_address>
         <run_address>0x134fd</run_address>
         <size>0x60d</size>
         <input_file_ref idref="fl-15"/>
      </object_component>
      <object_component id="oc-1be">
         <name>.text</name>
         <load_address>0x8ab0a</load_address>
         <run_address>0x13b0a</run_address>
         <size>0x544</size>
         <input_file_ref idref="fl-10"/>
      </object_component>
      <object_component id="oc-1c2">
         <name>.text</name>
         <load_address>0x8b04e</load_address>
         <run_address>0x1404e</run_address>
         <size>0x455</size>
         <input_file_ref idref="fl-12"/>
      </object_component>
      <object_component id="oc-1b8">
         <name>.text</name>
         <load_address>0x8b4a3</load_address>
         <run_address>0x144a3</run_address>
         <size>0x3a7</size>
         <input_file_ref idref="fl-c"/>
      </object_component>
      <object_component id="oc-1b9">
         <name>.text</name>
         <load_address>0x8b84a</load_address>
         <run_address>0x1484a</run_address>
         <size>0x244</size>
         <input_file_ref idref="fl-9"/>
      </object_component>
      <object_component id="oc-1ce">
         <name>.text</name>
         <load_address>0x8ba8e</load_address>
         <run_address>0x14a8e</run_address>
         <size>0x12b</size>
         <input_file_ref idref="fl-29"/>
      </object_component>
      <object_component id="oc-1c7">
         <name>.text</name>
         <load_address>0x8bbb9</load_address>
         <run_address>0x14bb9</run_address>
         <size>0x10c</size>
         <input_file_ref idref="fl-7"/>
      </object_component>
      <object_component id="oc-131">
         <name>.text:retain</name>
         <load_address>0x8bcc5</load_address>
         <run_address>0x14cc5</run_address>
         <size>0xfe</size>
         <input_file_ref idref="fl-10"/>
      </object_component>
      <object_component id="oc-1bf">
         <name>.text</name>
         <load_address>0x8bdc3</load_address>
         <run_address>0x14dc3</run_address>
         <size>0xe6</size>
         <input_file_ref idref="fl-13"/>
      </object_component>
      <object_component id="oc-173">
         <name>.text</name>
         <load_address>0x8bea9</load_address>
         <run_address>0x14ea9</run_address>
         <size>0x88</size>
         <input_file_ref idref="fl-2b"/>
      </object_component>
      <object_component id="oc-1bc">
         <name>.text</name>
         <load_address>0x8bf31</load_address>
         <run_address>0x14f31</run_address>
         <size>0x7c</size>
         <input_file_ref idref="fl-5"/>
      </object_component>
      <object_component id="oc-1b5">
         <name>.text</name>
         <load_address>0x8bfad</load_address>
         <run_address>0x14fad</run_address>
         <size>0x72</size>
         <input_file_ref idref="fl-18"/>
      </object_component>
      <object_component id="oc-144">
         <name>.text:retain</name>
         <load_address>0x8c01f</load_address>
         <run_address>0x1501f</run_address>
         <size>0x5d</size>
         <input_file_ref idref="fl-13"/>
      </object_component>
      <object_component id="oc-82">
         <name>.text</name>
         <load_address>0x8c07c</load_address>
         <run_address>0x1507c</run_address>
         <size>0x56</size>
         <input_file_ref idref="fl-2a"/>
      </object_component>
      <object_component id="oc-1d2">
         <name>.text</name>
         <load_address>0x8c0d2</load_address>
         <run_address>0x150d2</run_address>
         <size>0x4c</size>
         <input_file_ref idref="fl-d"/>
      </object_component>
      <object_component id="oc-15d">
         <name>.text:retain</name>
         <load_address>0x8c11e</load_address>
         <run_address>0x1511e</run_address>
         <size>0x3f</size>
         <input_file_ref idref="fl-17"/>
      </object_component>
      <object_component id="oc-1c3">
         <name>.text</name>
         <load_address>0x8c15d</load_address>
         <run_address>0x1515d</run_address>
         <size>0x2d</size>
         <input_file_ref idref="fl-11"/>
      </object_component>
      <object_component id="oc-1aa">
         <name>.text</name>
         <load_address>0x8c18a</load_address>
         <run_address>0x1518a</run_address>
         <size>0x29</size>
         <input_file_ref idref="fl-31"/>
      </object_component>
      <object_component id="oc-1ba">
         <name>.text</name>
         <load_address>0x8c1b3</load_address>
         <run_address>0x151b3</run_address>
         <size>0x28</size>
         <input_file_ref idref="fl-a"/>
      </object_component>
      <object_component id="oc-1bb">
         <name>.text</name>
         <load_address>0x8c1db</load_address>
         <run_address>0x151db</run_address>
         <size>0x26</size>
         <input_file_ref idref="fl-b"/>
      </object_component>
      <object_component id="oc-1a7">
         <name>.text</name>
         <load_address>0x8c201</load_address>
         <run_address>0x15201</run_address>
         <size>0x24</size>
         <input_file_ref idref="fl-2d"/>
      </object_component>
      <object_component id="oc-1b4">
         <name>.text</name>
         <load_address>0x8c225</load_address>
         <run_address>0x15225</run_address>
         <size>0x1d</size>
         <input_file_ref idref="fl-2e"/>
      </object_component>
      <object_component id="oc-1a9">
         <name>.text</name>
         <load_address>0x8c242</load_address>
         <run_address>0x15242</run_address>
         <size>0x12</size>
         <input_file_ref idref="fl-33"/>
      </object_component>
      <object_component id="oc-156">
         <name>.text:retain</name>
         <load_address>0x8c254</load_address>
         <run_address>0x15254</run_address>
         <size>0x11</size>
         <input_file_ref idref="fl-16"/>
      </object_component>
      <object_component id="oc-1c1">
         <name>.text</name>
         <load_address>0x8c265</load_address>
         <run_address>0x15265</run_address>
         <size>0xb</size>
         <input_file_ref idref="fl-17"/>
      </object_component>
      <object_component id="oc-178">
         <name>.text</name>
         <load_address>0x8c270</load_address>
         <run_address>0x15270</run_address>
         <size>0xb</size>
         <input_file_ref idref="fl-2c"/>
      </object_component>
      <object_component id="oc-1c4">
         <name>.text</name>
         <load_address>0x8c27b</load_address>
         <run_address>0x1527b</run_address>
         <size>0x9</size>
         <input_file_ref idref="fl-32"/>
      </object_component>
      <object_component id="oc-123">
         <name>.text</name>
         <load_address>0x8c284</load_address>
         <run_address>0x15284</run_address>
         <size>0x4</size>
         <input_file_ref idref="fl-e"/>
      </object_component>
      <object_component id="oc-99">
         <name>.text</name>
         <load_address>0x8c288</load_address>
         <run_address>0x15288</run_address>
         <size>0x3</size>
         <input_file_ref idref="fl-6"/>
      </object_component>
      <object_component id="oc-1a6">
         <name>.text</name>
         <load_address>0x8c28b</load_address>
         <run_address>0x1528b</run_address>
         <size>0x2</size>
         <input_file_ref idref="fl-2f"/>
      </object_component>
      <object_component id="oc-1a8">
         <name>.text</name>
         <load_address>0x8c28d</load_address>
         <run_address>0x1528d</run_address>
         <size>0x1</size>
         <input_file_ref idref="fl-30"/>
      </object_component>
      <object_component id="oc-f6">
         <name>.cinit:_ePWM_Regs</name>
         <load_address>0x80002</load_address>
         <run_address>0x122</run_address>
         <size>0x1d</size>
         <input_file_ref idref="fl-15"/>
      </object_component>
      <object_component id="oc-192">
         <name>.cinit</name>
         <load_address>0x8001f</load_address>
         <run_address>0x13f</run_address>
         <size>0xe</size>
         <input_file_ref idref="fl-31"/>
      </object_component>
      <object_component id="oc-1d6">
         <name>.cinit:_ucRXMsgData</name>
         <load_address>0x8002d</load_address>
         <run_address>0x14d</run_address>
         <size>0xb</size>
         <input_file_ref idref="fl-12"/>
      </object_component>
      <object_component id="oc-1d4">
         <name>.cinit:_ucTXMsgData</name>
         <load_address>0x80038</load_address>
         <run_address>0x158</run_address>
         <size>0xb</size>
         <input_file_ref idref="fl-12"/>
      </object_component>
      <object_component id="oc-13c">
         <name>.cinit</name>
         <load_address>0x80043</load_address>
         <run_address>0x163</run_address>
         <size>0x5</size>
         <input_file_ref idref="fl-12"/>
      </object_component>
      <object_component id="oc-1b7">
         <name>.cinit:__lock</name>
         <load_address>0x80048</load_address>
         <run_address>0x168</run_address>
         <size>0x5</size>
         <input_file_ref idref="fl-32"/>
      </object_component>
      <object_component id="oc-1c5">
         <name>.cinit:__unlock</name>
         <load_address>0x8004d</load_address>
         <run_address>0x16d</run_address>
         <size>0x5</size>
         <input_file_ref idref="fl-32"/>
      </object_component>
      <object_component id="oc-1a3">
         <name>.cinit</name>
         <load_address>0x80052</load_address>
         <run_address>0x172</run_address>
         <size>0x4</size>
         <input_file_ref idref="fl-34"/>
      </object_component>
      <object_component id="oc-1c6">
         <name>.econst:_PieVectTableInit</name>
         <load_address>0x80058</load_address>
         <run_address>0xa800</run_address>
         <size>0x1c0</size>
         <input_file_ref idref="fl-b"/>
      </object_component>
      <object_component id="oc-168">
         <name>.econst</name>
         <load_address>0x80218</load_address>
         <run_address>0xa9c0</run_address>
         <size>0x10</size>
         <input_file_ref idref="fl-29"/>
      </object_component>
      <object_component id="oc-1d7">
         <name>.econst:_$P$T0$1</name>
         <load_address>0x80228</load_address>
         <run_address>0xa9d0</run_address>
         <size>0x9</size>
         <input_file_ref idref="fl-12"/>
      </object_component>
      <object_component id="oc-16e">
         <name>.reset</name>
         <load_address>0x3fffc0</load_address>
         <run_address>0x3fffc0</run_address>
         <size>0x2</size>
         <input_file_ref idref="fl-2a"/>
      </object_component>
      <object_component id="oc-16d">
         <name>.stack</name>
         <uninitialized>true</uninitialized>
         <run_address>0xb800</run_address>
         <size>0x0</size>
         <input_file_ref idref="fl-2a"/>
      </object_component>
      <object_component id="oc-262">
         <name>.stack</name>
         <uninitialized>true</uninitialized>
         <run_address>0xb800</run_address>
         <size>0x0</size>
      </object_component>
      <object_component id="oc-94">
         <name>.ebss</name>
         <uninitialized>true</uninitialized>
         <run_address>0xab00</run_address>
         <size>0x18</size>
         <input_file_ref idref="fl-5"/>
      </object_component>
      <object_component id="oc-129">
         <name>.ebss</name>
         <uninitialized>true</uninitialized>
         <run_address>0xaafe</run_address>
         <size>0x2</size>
         <input_file_ref idref="fl-f"/>
      </object_component>
      <object_component id="oc-1ac">
         <name>.ebss:_ISRTrace</name>
         <uninitialized>true</uninitialized>
         <run_address>0xaac8</run_address>
         <size>0x32</size>
         <input_file_ref idref="fl-f"/>
      </object_component>
      <object_component id="oc-130">
         <name>.ebss</name>
         <uninitialized>true</uninitialized>
         <run_address>0xaa80</run_address>
         <size>0x48</size>
         <input_file_ref idref="fl-10"/>
      </object_component>
      <object_component id="oc-1cc">
         <name>.ebss:_u16_In_V_Avg</name>
         <uninitialized>true</uninitialized>
         <run_address>0xaba8</run_address>
         <size>0x2</size>
         <input_file_ref idref="fl-10"/>
      </object_component>
      <object_component id="oc-1cd">
         <name>.ebss:_u16_Out_V_Avg</name>
         <uninitialized>true</uninitialized>
         <run_address>0xabaa</run_address>
         <size>0x2</size>
         <input_file_ref idref="fl-10"/>
      </object_component>
      <object_component id="oc-1ca">
         <name>.ebss:_u16_Temp_Avg</name>
         <uninitialized>true</uninitialized>
         <run_address>0xab90</run_address>
         <size>0x8</size>
         <input_file_ref idref="fl-10"/>
      </object_component>
      <object_component id="oc-1cb">
         <name>.ebss:_u16_IL_Avg</name>
         <uninitialized>true</uninitialized>
         <run_address>0xab88</run_address>
         <size>0x8</size>
         <input_file_ref idref="fl-10"/>
      </object_component>
      <object_component id="oc-1ad">
         <name>.ebss:_u16_Temp_Value</name>
         <uninitialized>true</uninitialized>
         <run_address>0xab68</run_address>
         <size>0xa</size>
         <input_file_ref idref="fl-10"/>
      </object_component>
      <object_component id="oc-1b2">
         <name>.ebss:_u16_Temp_3</name>
         <uninitialized>true</uninitialized>
         <run_address>0xab54</run_address>
         <size>0xa</size>
         <input_file_ref idref="fl-10"/>
      </object_component>
      <object_component id="oc-1b0">
         <name>.ebss:_u16_Temp_4</name>
         <uninitialized>true</uninitialized>
         <run_address>0xab5e</run_address>
         <size>0xa</size>
         <input_file_ref idref="fl-10"/>
      </object_component>
      <object_component id="oc-1af">
         <name>.ebss:_u16_IL_3</name>
         <uninitialized>true</uninitialized>
         <run_address>0xab28</run_address>
         <size>0xa</size>
         <input_file_ref idref="fl-10"/>
      </object_component>
      <object_component id="oc-1ae">
         <name>.ebss:_u16_IL_4</name>
         <uninitialized>true</uninitialized>
         <run_address>0xab32</run_address>
         <size>0xa</size>
         <input_file_ref idref="fl-10"/>
      </object_component>
      <object_component id="oc-1b3">
         <name>.ebss:_u16_In_V_2</name>
         <uninitialized>true</uninitialized>
         <run_address>0xab40</run_address>
         <size>0xa</size>
         <input_file_ref idref="fl-10"/>
      </object_component>
      <object_component id="oc-1b1">
         <name>.ebss:_u16_Out_V_2</name>
         <uninitialized>true</uninitialized>
         <run_address>0xab4a</run_address>
         <size>0xa</size>
         <input_file_ref idref="fl-10"/>
      </object_component>
      <object_component id="oc-1c9">
         <name>.ebss:_st_zVsen</name>
         <uninitialized>true</uninitialized>
         <run_address>0xab18</run_address>
         <size>0x10</size>
         <input_file_ref idref="fl-10"/>
      </object_component>
      <object_component id="oc-1c8">
         <name>.ebss:_st_zIL</name>
         <uninitialized>true</uninitialized>
         <run_address>0xa9da</run_address>
         <size>0x20</size>
         <input_file_ref idref="fl-10"/>
      </object_component>
      <object_component id="oc-13d">
         <name>.ebss</name>
         <uninitialized>true</uninitialized>
         <run_address>0xa9fa</run_address>
         <size>0x6</size>
         <input_file_ref idref="fl-12"/>
      </object_component>
      <object_component id="oc-1d3">
         <name>.ebss:_ucTXMsgData</name>
         <uninitialized>true</uninitialized>
         <run_address>0xaba0</run_address>
         <size>0x8</size>
         <input_file_ref idref="fl-12"/>
      </object_component>
      <object_component id="oc-1d5">
         <name>.ebss:_ucRXMsgData</name>
         <uninitialized>true</uninitialized>
         <run_address>0xab98</run_address>
         <size>0x8</size>
         <input_file_ref idref="fl-12"/>
      </object_component>
      <object_component id="oc-143">
         <name>.ebss</name>
         <uninitialized>true</uninitialized>
         <run_address>0xab3c</run_address>
         <size>0x3</size>
         <input_file_ref idref="fl-13"/>
      </object_component>
      <object_component id="oc-14a">
         <name>.ebss</name>
         <uninitialized>true</uninitialized>
         <run_address>0xaa00</run_address>
         <size>0x50</size>
         <input_file_ref idref="fl-14"/>
      </object_component>
      <object_component id="oc-1cf">
         <name>.ebss:_f_Iref</name>
         <uninitialized>true</uninitialized>
         <run_address>0xaafa</run_address>
         <size>0x4</size>
         <input_file_ref idref="fl-14"/>
      </object_component>
      <object_component id="oc-1d1">
         <name>.ebss:_u8_phase_list</name>
         <uninitialized>true</uninitialized>
         <run_address>0xab72</run_address>
         <size>0x9</size>
         <input_file_ref idref="fl-14"/>
      </object_component>
      <object_component id="oc-1d0">
         <name>.ebss:_st_eI</name>
         <uninitialized>true</uninitialized>
         <run_address>0xaa6a</run_address>
         <size>0x10</size>
         <input_file_ref idref="fl-14"/>
      </object_component>
      <object_component id="oc-1ab">
         <name>.ebss:_ePWM_Regs</name>
         <uninitialized>true</uninitialized>
         <run_address>0xaa50</run_address>
         <size>0x1a</size>
         <input_file_ref idref="fl-15"/>
      </object_component>
      <object_component id="oc-155">
         <name>.ebss</name>
         <uninitialized>true</uninitialized>
         <run_address>0xab3f</run_address>
         <size>0x1</size>
         <input_file_ref idref="fl-16"/>
      </object_component>
      <object_component id="oc-15c">
         <name>.ebss</name>
         <uninitialized>true</uninitialized>
         <run_address>0xab80</run_address>
         <size>0x8</size>
         <input_file_ref idref="fl-17"/>
      </object_component>
      <object_component id="oc-193">
         <name>.ebss</name>
         <uninitialized>true</uninitialized>
         <run_address>0xaa7a</run_address>
         <size>0x6</size>
         <input_file_ref idref="fl-31"/>
      </object_component>
      <object_component id="oc-1b6">
         <name>.ebss:__lock</name>
         <uninitialized>true</uninitialized>
         <run_address>0xab7c</run_address>
         <size>0x2</size>
         <input_file_ref idref="fl-32"/>
      </object_component>
      <object_component id="oc-1d8">
         <name>.ebss:__unlock</name>
         <uninitialized>true</uninitialized>
         <run_address>0xab7e</run_address>
         <size>0x2</size>
         <input_file_ref idref="fl-32"/>
      </object_component>
      <object_component id="oc-1a4">
         <name>.ebss</name>
         <uninitialized>true</uninitialized>
         <run_address>0xab7b</run_address>
         <size>0x1</size>
         <input_file_ref idref="fl-34"/>
      </object_component>
      <object_component id="oc-108">
         <name>PieVectTableFile</name>
         <uninitialized>true</uninitialized>
         <run_address>0xd00</run_address>
         <size>0x1c0</size>
         <input_file_ref idref="fl-8"/>
      </object_component>
      <object_component id="oc-a4">
         <name>EmuKeyVar</name>
         <uninitialized>true</uninitialized>
         <run_address>0xd00</run_address>
         <size>0x1</size>
         <input_file_ref idref="fl-8"/>
      </object_component>
      <object_component id="oc-a5">
         <name>EmuBModeVar</name>
         <uninitialized>true</uninitialized>
         <run_address>0xd01</run_address>
         <size>0x1</size>
         <input_file_ref idref="fl-8"/>
      </object_component>
      <object_component id="oc-bb">
         <name>AdcaResultFile</name>
         <uninitialized>true</uninitialized>
         <run_address>0xb00</run_address>
         <size>0x18</size>
         <input_file_ref idref="fl-8"/>
      </object_component>
      <object_component id="oc-bc">
         <name>AdcbResultFile</name>
         <uninitialized>true</uninitialized>
         <run_address>0xb20</run_address>
         <size>0x18</size>
         <input_file_ref idref="fl-8"/>
      </object_component>
      <object_component id="oc-bd">
         <name>AdccResultFile</name>
         <uninitialized>true</uninitialized>
         <run_address>0xb40</run_address>
         <size>0x18</size>
         <input_file_ref idref="fl-8"/>
      </object_component>
      <object_component id="oc-be">
         <name>AdcdResultFile</name>
         <uninitialized>true</uninitialized>
         <run_address>0xb60</run_address>
         <size>0x18</size>
         <input_file_ref idref="fl-8"/>
      </object_component>
      <object_component id="oc-ec">
         <name>AdcaRegsFile</name>
         <uninitialized>true</uninitialized>
         <run_address>0x7400</run_address>
         <size>0x80</size>
         <input_file_ref idref="fl-8"/>
      </object_component>
      <object_component id="oc-ed">
         <name>AdcbRegsFile</name>
         <uninitialized>true</uninitialized>
         <run_address>0x7480</run_address>
         <size>0x80</size>
         <input_file_ref idref="fl-8"/>
      </object_component>
      <object_component id="oc-ee">
         <name>AdccRegsFile</name>
         <uninitialized>true</uninitialized>
         <run_address>0x7500</run_address>
         <size>0x80</size>
         <input_file_ref idref="fl-8"/>
      </object_component>
      <object_component id="oc-ef">
         <name>AdcdRegsFile</name>
         <uninitialized>true</uninitialized>
         <run_address>0x7580</run_address>
         <size>0x80</size>
         <input_file_ref idref="fl-8"/>
      </object_component>
      <object_component id="oc-e8">
         <name>AnalogSubsysRegsFile</name>
         <uninitialized>true</uninitialized>
         <run_address>0x5d180</run_address>
         <size>0x48</size>
         <input_file_ref idref="fl-8"/>
      </object_component>
      <object_component id="oc-103">
         <name>CanaRegsFile</name>
         <uninitialized>true</uninitialized>
         <run_address>0x48000</run_address>
         <size>0x164</size>
         <input_file_ref idref="fl-8"/>
      </object_component>
      <object_component id="oc-104">
         <name>CanbRegsFile</name>
         <uninitialized>true</uninitialized>
         <run_address>0x4a000</run_address>
         <size>0x164</size>
         <input_file_ref idref="fl-8"/>
      </object_component>
      <object_component id="oc-e3">
         <name>Cla1RegsFile</name>
         <uninitialized>true</uninitialized>
         <run_address>0x1400</run_address>
         <size>0x3e</size>
         <input_file_ref idref="fl-8"/>
      </object_component>
      <object_component id="oc-a9">
         <name>Cla1SoftIntRegsFile</name>
         <uninitialized>true</uninitialized>
         <run_address>0xce0</run_address>
         <size>0x4</size>
         <input_file_ref idref="fl-8"/>
      </object_component>
      <object_component id="oc-c1">
         <name>Cmpss1RegsFile</name>
         <uninitialized>true</uninitialized>
         <run_address>0x5c80</run_address>
         <size>0x20</size>
         <input_file_ref idref="fl-8"/>
      </object_component>
      <object_component id="oc-c2">
         <name>Cmpss2RegsFile</name>
         <uninitialized>true</uninitialized>
         <run_address>0x5ca0</run_address>
         <size>0x20</size>
         <input_file_ref idref="fl-8"/>
      </object_component>
      <object_component id="oc-c3">
         <name>Cmpss3RegsFile</name>
         <uninitialized>true</uninitialized>
         <run_address>0x5cc0</run_address>
         <size>0x20</size>
         <input_file_ref idref="fl-8"/>
      </object_component>
      <object_component id="oc-c4">
         <name>Cmpss4RegsFile</name>
         <uninitialized>true</uninitialized>
         <run_address>0x5ce0</run_address>
         <size>0x20</size>
         <input_file_ref idref="fl-8"/>
      </object_component>
      <object_component id="oc-c5">
         <name>Cmpss5RegsFile</name>
         <uninitialized>true</uninitialized>
         <run_address>0x5d00</run_address>
         <size>0x20</size>
         <input_file_ref idref="fl-8"/>
      </object_component>
      <object_component id="oc-c6">
         <name>Cmpss6RegsFile</name>
         <uninitialized>true</uninitialized>
         <run_address>0x5d20</run_address>
         <size>0x20</size>
         <input_file_ref idref="fl-8"/>
      </object_component>
      <object_component id="oc-c7">
         <name>Cmpss7RegsFile</name>
         <uninitialized>true</uninitialized>
         <run_address>0x5d40</run_address>
         <size>0x20</size>
         <input_file_ref idref="fl-8"/>
      </object_component>
      <object_component id="oc-c8">
         <name>Cmpss8RegsFile</name>
         <uninitialized>true</uninitialized>
         <run_address>0x5d60</run_address>
         <size>0x20</size>
         <input_file_ref idref="fl-8"/>
      </object_component>
      <object_component id="oc-af">
         <name>CpuTimer0RegsFile</name>
         <uninitialized>true</uninitialized>
         <run_address>0xc00</run_address>
         <size>0x8</size>
         <input_file_ref idref="fl-8"/>
      </object_component>
      <object_component id="oc-b0">
         <name>CpuTimer1RegsFile</name>
         <uninitialized>true</uninitialized>
         <run_address>0xc08</run_address>
         <size>0x8</size>
         <input_file_ref idref="fl-8"/>
      </object_component>
      <object_component id="oc-b1">
         <name>CpuTimer2RegsFile</name>
         <uninitialized>true</uninitialized>
         <run_address>0xc10</run_address>
         <size>0x8</size>
         <input_file_ref idref="fl-8"/>
      </object_component>
      <object_component id="oc-ac">
         <name>DacaRegsFile</name>
         <uninitialized>true</uninitialized>
         <run_address>0x5c00</run_address>
         <size>0x8</size>
         <input_file_ref idref="fl-8"/>
      </object_component>
      <object_component id="oc-ad">
         <name>DacbRegsFile</name>
         <uninitialized>true</uninitialized>
         <run_address>0x5c10</run_address>
         <size>0x8</size>
         <input_file_ref idref="fl-8"/>
      </object_component>
      <object_component id="oc-ae">
         <name>DaccRegsFile</name>
         <uninitialized>true</uninitialized>
         <run_address>0x5c20</run_address>
         <size>0x8</size>
         <input_file_ref idref="fl-8"/>
      </object_component>
      <object_component id="oc-da">
         <name>DcsmZ1RegsFile</name>
         <uninitialized>true</uninitialized>
         <run_address>0x5f000</run_address>
         <size>0x24</size>
         <input_file_ref idref="fl-8"/>
      </object_component>
      <object_component id="oc-db">
         <name>DcsmZ2RegsFile</name>
         <uninitialized>true</uninitialized>
         <run_address>0x5f040</run_address>
         <size>0x24</size>
         <input_file_ref idref="fl-8"/>
      </object_component>
      <object_component id="oc-b2">
         <name>DcsmCommonRegsFile</name>
         <uninitialized>true</uninitialized>
         <run_address>0x5f070</run_address>
         <size>0x8</size>
         <input_file_ref idref="fl-8"/>
      </object_component>
      <object_component id="oc-c9">
         <name>DcsmZ1OtpFile</name>
         <uninitialized>true</uninitialized>
         <run_address>0x78000</run_address>
         <size>0x20</size>
         <input_file_ref idref="fl-8"/>
      </object_component>
      <object_component id="oc-ca">
         <name>DcsmZ2OtpFile</name>
         <uninitialized>true</uninitialized>
         <run_address>0x78200</run_address>
         <size>0x20</size>
         <input_file_ref idref="fl-8"/>
      </object_component>
      <object_component id="oc-f4">
         <name>DmaRegsFile</name>
         <uninitialized>true</uninitialized>
         <run_address>0x1000</run_address>
         <size>0xe0</size>
         <input_file_ref idref="fl-8"/>
      </object_component>
      <object_component id="oc-bf">
         <name>DmaClaSrcSelRegsFile</name>
         <uninitialized>true</uninitialized>
         <run_address>0x7980</run_address>
         <size>0x1a</size>
         <input_file_ref idref="fl-8"/>
      </object_component>
      <object_component id="oc-cb">
         <name>ECap1RegsFile</name>
         <uninitialized>true</uninitialized>
         <run_address>0x5000</run_address>
         <size>0x20</size>
         <input_file_ref idref="fl-8"/>
      </object_component>
      <object_component id="oc-cc">
         <name>ECap2RegsFile</name>
         <uninitialized>true</uninitialized>
         <run_address>0x5020</run_address>
         <size>0x20</size>
         <input_file_ref idref="fl-8"/>
      </object_component>
      <object_component id="oc-cd">
         <name>ECap3RegsFile</name>
         <uninitialized>true</uninitialized>
         <run_address>0x5040</run_address>
         <size>0x20</size>
         <input_file_ref idref="fl-8"/>
      </object_component>
      <object_component id="oc-ce">
         <name>ECap4RegsFile</name>
         <uninitialized>true</uninitialized>
         <run_address>0x5060</run_address>
         <size>0x20</size>
         <input_file_ref idref="fl-8"/>
      </object_component>
      <object_component id="oc-cf">
         <name>ECap5RegsFile</name>
         <uninitialized>true</uninitialized>
         <run_address>0x5080</run_address>
         <size>0x20</size>
         <input_file_ref idref="fl-8"/>
      </object_component>
      <object_component id="oc-d0">
         <name>ECap6RegsFile</name>
         <uninitialized>true</uninitialized>
         <run_address>0x50a0</run_address>
         <size>0x20</size>
         <input_file_ref idref="fl-8"/>
      </object_component>
      <object_component id="oc-ea">
         <name>Emif1RegsFile</name>
         <uninitialized>true</uninitialized>
         <run_address>0x47000</run_address>
         <size>0x70</size>
         <input_file_ref idref="fl-8"/>
      </object_component>
      <object_component id="oc-eb">
         <name>Emif2RegsFile</name>
         <uninitialized>true</uninitialized>
         <run_address>0x47800</run_address>
         <size>0x70</size>
         <input_file_ref idref="fl-8"/>
      </object_component>
      <object_component id="oc-f5">
         <name>EPwm1RegsFile</name>
         <uninitialized>true</uninitialized>
         <run_address>0x4000</run_address>
         <size>0x100</size>
         <input_file_ref idref="fl-8"/>
      </object_component>
      <object_component id="oc-f7">
         <name>EPwm2RegsFile</name>
         <uninitialized>true</uninitialized>
         <run_address>0x4100</run_address>
         <size>0x100</size>
         <input_file_ref idref="fl-8"/>
      </object_component>
      <object_component id="oc-f8">
         <name>EPwm3RegsFile</name>
         <uninitialized>true</uninitialized>
         <run_address>0x4200</run_address>
         <size>0x100</size>
         <input_file_ref idref="fl-8"/>
      </object_component>
      <object_component id="oc-f9">
         <name>EPwm4RegsFile</name>
         <uninitialized>true</uninitialized>
         <run_address>0x4300</run_address>
         <size>0x100</size>
         <input_file_ref idref="fl-8"/>
      </object_component>
      <object_component id="oc-fa">
         <name>EPwm5RegsFile</name>
         <uninitialized>true</uninitialized>
         <run_address>0x4400</run_address>
         <size>0x100</size>
         <input_file_ref idref="fl-8"/>
      </object_component>
      <object_component id="oc-fb">
         <name>EPwm6RegsFile</name>
         <uninitialized>true</uninitialized>
         <run_address>0x4500</run_address>
         <size>0x100</size>
         <input_file_ref idref="fl-8"/>
      </object_component>
      <object_component id="oc-fc">
         <name>EPwm7RegsFile</name>
         <uninitialized>true</uninitialized>
         <run_address>0x4600</run_address>
         <size>0x100</size>
         <input_file_ref idref="fl-8"/>
      </object_component>
      <object_component id="oc-fd">
         <name>EPwm8RegsFile</name>
         <uninitialized>true</uninitialized>
         <run_address>0x4700</run_address>
         <size>0x100</size>
         <input_file_ref idref="fl-8"/>
      </object_component>
      <object_component id="oc-fe">
         <name>EPwm9RegsFile</name>
         <uninitialized>true</uninitialized>
         <run_address>0x4800</run_address>
         <size>0x100</size>
         <input_file_ref idref="fl-8"/>
      </object_component>
      <object_component id="oc-ff">
         <name>EPwm10RegsFile</name>
         <uninitialized>true</uninitialized>
         <run_address>0x4900</run_address>
         <size>0x100</size>
         <input_file_ref idref="fl-8"/>
      </object_component>
      <object_component id="oc-100">
         <name>EPwm11RegsFile</name>
         <uninitialized>true</uninitialized>
         <run_address>0x4a00</run_address>
         <size>0x100</size>
         <input_file_ref idref="fl-8"/>
      </object_component>
      <object_component id="oc-101">
         <name>EPwm12RegsFile</name>
         <uninitialized>true</uninitialized>
         <run_address>0x4b00</run_address>
         <size>0x100</size>
         <input_file_ref idref="fl-8"/>
      </object_component>
      <object_component id="oc-e4">
         <name>EPwmXbarRegsFile</name>
         <uninitialized>true</uninitialized>
         <run_address>0x7a00</run_address>
         <size>0x40</size>
         <input_file_ref idref="fl-8"/>
      </object_component>
      <object_component id="oc-d5">
         <name>EQep1RegsFile</name>
         <uninitialized>true</uninitialized>
         <run_address>0x5100</run_address>
         <size>0x22</size>
         <input_file_ref idref="fl-8"/>
      </object_component>
      <object_component id="oc-d6">
         <name>EQep2RegsFile</name>
         <uninitialized>true</uninitialized>
         <run_address>0x5140</run_address>
         <size>0x22</size>
         <input_file_ref idref="fl-8"/>
      </object_component>
      <object_component id="oc-d7">
         <name>EQep3RegsFile</name>
         <uninitialized>true</uninitialized>
         <run_address>0x5180</run_address>
         <size>0x22</size>
         <input_file_ref idref="fl-8"/>
      </object_component>
      <object_component id="oc-106">
         <name>Flash0CtrlRegsFile</name>
         <uninitialized>true</uninitialized>
         <run_address>0x5f800</run_address>
         <size>0x182</size>
         <input_file_ref idref="fl-8"/>
      </object_component>
      <object_component id="oc-de">
         <name>Flash0EccRegsFile</name>
         <uninitialized>true</uninitialized>
         <run_address>0x5fb00</run_address>
         <size>0x28</size>
         <input_file_ref idref="fl-8"/>
      </object_component>
      <object_component id="oc-107">
         <name>Flash1CtrlRegsFile</name>
         <uninitialized>true</uninitialized>
         <run_address>0x5fc00</run_address>
         <size>0x182</size>
         <input_file_ref idref="fl-8"/>
      </object_component>
      <object_component id="oc-df">
         <name>Flash1EccRegsFile</name>
         <uninitialized>true</uninitialized>
         <run_address>0x5ff00</run_address>
         <size>0x28</size>
         <input_file_ref idref="fl-8"/>
      </object_component>
      <object_component id="oc-105">
         <name>GpioCtrlRegsFile</name>
         <uninitialized>true</uninitialized>
         <run_address>0x7c00</run_address>
         <size>0x180</size>
         <input_file_ref idref="fl-8"/>
      </object_component>
      <object_component id="oc-e1">
         <name>GpioDataRegsFile</name>
         <uninitialized>true</uninitialized>
         <run_address>0x7f00</run_address>
         <size>0x30</size>
         <input_file_ref idref="fl-8"/>
      </object_component>
      <object_component id="oc-e5">
         <name>OutputXbarRegsFile</name>
         <uninitialized>true</uninitialized>
         <run_address>0x7a80</run_address>
         <size>0x40</size>
         <input_file_ref idref="fl-8"/>
      </object_component>
      <object_component id="oc-d8">
         <name>I2caRegsFile</name>
         <uninitialized>true</uninitialized>
         <run_address>0x7300</run_address>
         <size>0x22</size>
         <input_file_ref idref="fl-8"/>
      </object_component>
      <object_component id="oc-d9">
         <name>I2cbRegsFile</name>
         <uninitialized>true</uninitialized>
         <run_address>0x7340</run_address>
         <size>0x22</size>
         <input_file_ref idref="fl-8"/>
      </object_component>
      <object_component id="oc-d1">
         <name>InputXbarRegsFile</name>
         <uninitialized>true</uninitialized>
         <run_address>0x7900</run_address>
         <size>0x20</size>
         <input_file_ref idref="fl-8"/>
      </object_component>
      <object_component id="oc-d2">
         <name>XbarRegsFile</name>
         <uninitialized>true</uninitialized>
         <run_address>0x7920</run_address>
         <size>0x20</size>
         <input_file_ref idref="fl-8"/>
      </object_component>
      <object_component id="oc-a6">
         <name>FlashPumpSemaphoreRegsFile</name>
         <uninitialized>true</uninitialized>
         <run_address>0x50024</run_address>
         <size>0x2</size>
         <input_file_ref idref="fl-8"/>
      </object_component>
      <object_component id="oc-a7">
         <name>RomPrefetchRegsFile</name>
         <uninitialized>true</uninitialized>
         <run_address>0x5e608</run_address>
         <size>0x2</size>
         <input_file_ref idref="fl-8"/>
      </object_component>
      <object_component id="oc-f0">
         <name>MemCfgRegsFile</name>
         <uninitialized>true</uninitialized>
         <run_address>0x5f400</run_address>
         <size>0x80</size>
         <input_file_ref idref="fl-8"/>
      </object_component>
      <object_component id="oc-d3">
         <name>Emif1ConfigRegsFile</name>
         <uninitialized>true</uninitialized>
         <run_address>0x5f480</run_address>
         <size>0x20</size>
         <input_file_ref idref="fl-8"/>
      </object_component>
      <object_component id="oc-d4">
         <name>Emif2ConfigRegsFile</name>
         <uninitialized>true</uninitialized>
         <run_address>0x5f4a0</run_address>
         <size>0x20</size>
         <input_file_ref idref="fl-8"/>
      </object_component>
      <object_component id="oc-e6">
         <name>AccessProtectionRegsFile</name>
         <uninitialized>true</uninitialized>
         <run_address>0x5f4c0</run_address>
         <size>0x40</size>
         <input_file_ref idref="fl-8"/>
      </object_component>
      <object_component id="oc-e7">
         <name>MemoryErrorRegsFile</name>
         <uninitialized>true</uninitialized>
         <run_address>0x5f500</run_address>
         <size>0x40</size>
         <input_file_ref idref="fl-8"/>
      </object_component>
      <object_component id="oc-a8">
         <name>RomWaitStateRegsFile</name>
         <uninitialized>true</uninitialized>
         <run_address>0x5f540</run_address>
         <size>0x2</size>
         <input_file_ref idref="fl-8"/>
      </object_component>
      <object_component id="oc-dc">
         <name>McbspaRegsFile</name>
         <uninitialized>true</uninitialized>
         <run_address>0x6000</run_address>
         <size>0x24</size>
         <input_file_ref idref="fl-8"/>
      </object_component>
      <object_component id="oc-dd">
         <name>McbspbRegsFile</name>
         <uninitialized>true</uninitialized>
         <run_address>0x6040</run_address>
         <size>0x24</size>
         <input_file_ref idref="fl-8"/>
      </object_component>
      <object_component id="oc-e9">
         <name>UppRegsFile</name>
         <uninitialized>true</uninitialized>
         <run_address>0x6200</run_address>
         <size>0x48</size>
         <input_file_ref idref="fl-8"/>
      </object_component>
      <object_component id="oc-ab">
         <name>NmiIntruptRegsFile</name>
         <uninitialized>true</uninitialized>
         <run_address>0x7060</run_address>
         <size>0x7</size>
         <input_file_ref idref="fl-8"/>
      </object_component>
      <object_component id="oc-c0">
         <name>PieCtrlRegsFile</name>
         <uninitialized>true</uninitialized>
         <run_address>0xce0</run_address>
         <size>0x1a</size>
         <input_file_ref idref="fl-8"/>
      </object_component>
      <object_component id="oc-b4">
         <name>SciaRegsFile</name>
         <uninitialized>true</uninitialized>
         <run_address>0x7200</run_address>
         <size>0x10</size>
         <input_file_ref idref="fl-8"/>
      </object_component>
      <object_component id="oc-b5">
         <name>ScibRegsFile</name>
         <uninitialized>true</uninitialized>
         <run_address>0x7210</run_address>
         <size>0x10</size>
         <input_file_ref idref="fl-8"/>
      </object_component>
      <object_component id="oc-b6">
         <name>ScicRegsFile</name>
         <uninitialized>true</uninitialized>
         <run_address>0x7220</run_address>
         <size>0x10</size>
         <input_file_ref idref="fl-8"/>
      </object_component>
      <object_component id="oc-b7">
         <name>ScidRegsFile</name>
         <uninitialized>true</uninitialized>
         <run_address>0x7230</run_address>
         <size>0x10</size>
         <input_file_ref idref="fl-8"/>
      </object_component>
      <object_component id="oc-f1">
         <name>Sdfm1RegsFile</name>
         <uninitialized>true</uninitialized>
         <run_address>0x5e00</run_address>
         <size>0x80</size>
         <input_file_ref idref="fl-8"/>
      </object_component>
      <object_component id="oc-f2">
         <name>Sdfm2RegsFile</name>
         <uninitialized>true</uninitialized>
         <run_address>0x5e80</run_address>
         <size>0x80</size>
         <input_file_ref idref="fl-8"/>
      </object_component>
      <object_component id="oc-b8">
         <name>SpiaRegsFile</name>
         <uninitialized>true</uninitialized>
         <run_address>0x6100</run_address>
         <size>0x10</size>
         <input_file_ref idref="fl-8"/>
      </object_component>
      <object_component id="oc-b9">
         <name>SpibRegsFile</name>
         <uninitialized>true</uninitialized>
         <run_address>0x6110</run_address>
         <size>0x10</size>
         <input_file_ref idref="fl-8"/>
      </object_component>
      <object_component id="oc-ba">
         <name>SpicRegsFile</name>
         <uninitialized>true</uninitialized>
         <run_address>0x6120</run_address>
         <size>0x10</size>
         <input_file_ref idref="fl-8"/>
      </object_component>
      <object_component id="oc-102">
         <name>DevCfgRegsFile</name>
         <uninitialized>true</uninitialized>
         <run_address>0x5d000</run_address>
         <size>0x12e</size>
         <input_file_ref idref="fl-8"/>
      </object_component>
      <object_component id="oc-e2">
         <name>ClkCfgRegsFile</name>
         <uninitialized>true</uninitialized>
         <run_address>0x5d200</run_address>
         <size>0x32</size>
         <input_file_ref idref="fl-8"/>
      </object_component>
      <object_component id="oc-f3">
         <name>CpuSysRegsFile</name>
         <uninitialized>true</uninitialized>
         <run_address>0x5d300</run_address>
         <size>0x82</size>
         <input_file_ref idref="fl-8"/>
      </object_component>
      <object_component id="oc-aa">
         <name>SyncSocRegsFile</name>
         <uninitialized>true</uninitialized>
         <run_address>0x7940</run_address>
         <size>0x6</size>
         <input_file_ref idref="fl-8"/>
      </object_component>
      <object_component id="oc-e0">
         <name>WdRegsFile</name>
         <uninitialized>true</uninitialized>
         <run_address>0x7000</run_address>
         <size>0x2b</size>
         <input_file_ref idref="fl-8"/>
      </object_component>
      <object_component id="oc-b3">
         <name>XintRegsFile</name>
         <uninitialized>true</uninitialized>
         <run_address>0x7070</run_address>
         <size>0xb</size>
         <input_file_ref idref="fl-8"/>
      </object_component>
      <object_component id="oc-85">
         <name>.debug_line</name>
         <load_address>0x0</load_address>
         <run_address>0x0</run_address>
         <size>0x88</size>
         <input_file_ref idref="fl-2"/>
      </object_component>
      <object_component id="oc-8a">
         <name>.debug_line</name>
         <load_address>0x88</load_address>
         <run_address>0x88</run_address>
         <size>0x95</size>
         <input_file_ref idref="fl-3"/>
      </object_component>
      <object_component id="oc-90">
         <name>.debug_line</name>
         <load_address>0x11d</load_address>
         <run_address>0x11d</run_address>
         <size>0x58</size>
         <input_file_ref idref="fl-4"/>
      </object_component>
      <object_component id="oc-96">
         <name>.debug_line</name>
         <load_address>0x175</load_address>
         <run_address>0x175</run_address>
         <size>0xae</size>
         <input_file_ref idref="fl-5"/>
      </object_component>
      <object_component id="oc-9a">
         <name>.debug_line</name>
         <load_address>0x223</load_address>
         <run_address>0x223</run_address>
         <size>0x6d</size>
         <input_file_ref idref="fl-6"/>
      </object_component>
      <object_component id="oc-a0">
         <name>.debug_line</name>
         <load_address>0x290</load_address>
         <run_address>0x290</run_address>
         <size>0x1e5</size>
         <input_file_ref idref="fl-7"/>
      </object_component>
      <object_component id="oc-10c">
         <name>.debug_line</name>
         <load_address>0x475</load_address>
         <run_address>0x475</run_address>
         <size>0x26c</size>
         <input_file_ref idref="fl-9"/>
      </object_component>
      <object_component id="oc-111">
         <name>.debug_line</name>
         <load_address>0x6e1</load_address>
         <run_address>0x6e1</run_address>
         <size>0xac</size>
         <input_file_ref idref="fl-a"/>
      </object_component>
      <object_component id="oc-116">
         <name>.debug_line</name>
         <load_address>0x78d</load_address>
         <run_address>0x78d</run_address>
         <size>0x90</size>
         <input_file_ref idref="fl-b"/>
      </object_component>
      <object_component id="oc-11b">
         <name>.debug_line</name>
         <load_address>0x81d</load_address>
         <run_address>0x81d</run_address>
         <size>0x51e</size>
         <input_file_ref idref="fl-c"/>
      </object_component>
      <object_component id="oc-120">
         <name>.debug_line</name>
         <load_address>0xd3b</load_address>
         <run_address>0xd3b</run_address>
         <size>0x93</size>
         <input_file_ref idref="fl-d"/>
      </object_component>
      <object_component id="oc-124">
         <name>.debug_line</name>
         <load_address>0xdce</load_address>
         <run_address>0xdce</run_address>
         <size>0x6e</size>
         <input_file_ref idref="fl-e"/>
      </object_component>
      <object_component id="oc-12c">
         <name>.debug_line</name>
         <load_address>0xe3c</load_address>
         <run_address>0xe3c</run_address>
         <size>0x1b19</size>
         <input_file_ref idref="fl-f"/>
      </object_component>
      <object_component id="oc-133">
         <name>.debug_line</name>
         <load_address>0x2955</load_address>
         <run_address>0x2955</run_address>
         <size>0x343</size>
         <input_file_ref idref="fl-10"/>
      </object_component>
      <object_component id="oc-138">
         <name>.debug_line</name>
         <load_address>0x2c98</load_address>
         <run_address>0x2c98</run_address>
         <size>0x81</size>
         <input_file_ref idref="fl-11"/>
      </object_component>
      <object_component id="oc-13f">
         <name>.debug_line</name>
         <load_address>0x2d19</load_address>
         <run_address>0x2d19</run_address>
         <size>0x30b</size>
         <input_file_ref idref="fl-12"/>
      </object_component>
      <object_component id="oc-146">
         <name>.debug_line</name>
         <load_address>0x3024</load_address>
         <run_address>0x3024</run_address>
         <size>0x111</size>
         <input_file_ref idref="fl-13"/>
      </object_component>
      <object_component id="oc-14c">
         <name>.debug_line</name>
         <load_address>0x3135</load_address>
         <run_address>0x3135</run_address>
         <size>0x545</size>
         <input_file_ref idref="fl-14"/>
      </object_component>
      <object_component id="oc-151">
         <name>.debug_line</name>
         <load_address>0x367a</load_address>
         <run_address>0x367a</run_address>
         <size>0x247</size>
         <input_file_ref idref="fl-15"/>
      </object_component>
      <object_component id="oc-158">
         <name>.debug_line</name>
         <load_address>0x38c1</load_address>
         <run_address>0x38c1</run_address>
         <size>0x51</size>
         <input_file_ref idref="fl-16"/>
      </object_component>
      <object_component id="oc-15f">
         <name>.debug_line</name>
         <load_address>0x3912</load_address>
         <run_address>0x3912</run_address>
         <size>0x9a</size>
         <input_file_ref idref="fl-17"/>
      </object_component>
      <object_component id="oc-164">
         <name>.debug_line</name>
         <load_address>0x39ac</load_address>
         <run_address>0x39ac</run_address>
         <size>0x84</size>
         <input_file_ref idref="fl-18"/>
      </object_component>
      <object_component id="oc-16a">
         <name>.debug_line</name>
         <load_address>0x3a30</load_address>
         <run_address>0x3a30</run_address>
         <size>0xd1</size>
         <input_file_ref idref="fl-29"/>
      </object_component>
      <object_component id="oc-170">
         <name>.debug_line</name>
         <load_address>0x3b01</load_address>
         <run_address>0x3b01</run_address>
         <size>0x7e</size>
         <input_file_ref idref="fl-2a"/>
      </object_component>
      <object_component id="oc-175">
         <name>.debug_line</name>
         <load_address>0x3b7f</load_address>
         <run_address>0x3b7f</run_address>
         <size>0xad</size>
         <input_file_ref idref="fl-2b"/>
      </object_component>
      <object_component id="oc-17a">
         <name>.debug_line</name>
         <load_address>0x3c2c</load_address>
         <run_address>0x3c2c</run_address>
         <size>0x52</size>
         <input_file_ref idref="fl-2c"/>
      </object_component>
      <object_component id="oc-17f">
         <name>.debug_line</name>
         <load_address>0x3c7e</load_address>
         <run_address>0x3c7e</run_address>
         <size>0x50</size>
         <input_file_ref idref="fl-2d"/>
      </object_component>
      <object_component id="oc-184">
         <name>.debug_line</name>
         <load_address>0x3cce</load_address>
         <run_address>0x3cce</run_address>
         <size>0x62</size>
         <input_file_ref idref="fl-2e"/>
      </object_component>
      <object_component id="oc-189">
         <name>.debug_line</name>
         <load_address>0x3d30</load_address>
         <run_address>0x3d30</run_address>
         <size>0x3e</size>
         <input_file_ref idref="fl-2f"/>
      </object_component>
      <object_component id="oc-18e">
         <name>.debug_line</name>
         <load_address>0x3d6e</load_address>
         <run_address>0x3d6e</run_address>
         <size>0x3a</size>
         <input_file_ref idref="fl-30"/>
      </object_component>
      <object_component id="oc-195">
         <name>.debug_line</name>
         <load_address>0x3da8</load_address>
         <run_address>0x3da8</run_address>
         <size>0x65</size>
         <input_file_ref idref="fl-31"/>
      </object_component>
      <object_component id="oc-19a">
         <name>.debug_line</name>
         <load_address>0x3e0d</load_address>
         <run_address>0x3e0d</run_address>
         <size>0x5e</size>
         <input_file_ref idref="fl-32"/>
      </object_component>
      <object_component id="oc-19f">
         <name>.debug_line</name>
         <load_address>0x3e6b</load_address>
         <run_address>0x3e6b</run_address>
         <size>0x4f</size>
         <input_file_ref idref="fl-33"/>
      </object_component>
      <object_component id="oc-86">
         <name>.debug_info</name>
         <load_address>0x0</load_address>
         <run_address>0x0</run_address>
         <size>0x195</size>
         <input_file_ref idref="fl-2"/>
      </object_component>
      <object_component id="oc-8b">
         <name>.debug_info</name>
         <load_address>0x195</load_address>
         <run_address>0x195</run_address>
         <size>0x186</size>
         <input_file_ref idref="fl-3"/>
      </object_component>
      <object_component id="oc-8e">
         <name>.debug_info</name>
         <load_address>0x31b</load_address>
         <run_address>0x31b</run_address>
         <size>0x4631</size>
         <input_file_ref idref="fl-4"/>
      </object_component>
      <object_component id="oc-93">
         <name>.debug_info</name>
         <load_address>0x494c</load_address>
         <run_address>0x494c</run_address>
         <size>0xa36</size>
         <input_file_ref idref="fl-5"/>
      </object_component>
      <object_component id="oc-9b">
         <name>.debug_info</name>
         <load_address>0x5382</load_address>
         <run_address>0x5382</run_address>
         <size>0x133</size>
         <input_file_ref idref="fl-6"/>
      </object_component>
      <object_component id="oc-9e">
         <name>.debug_info</name>
         <load_address>0x54b5</load_address>
         <run_address>0x54b5</run_address>
         <size>0xfd90</size>
         <input_file_ref idref="fl-7"/>
      </object_component>
      <object_component id="oc-a3">
         <name>.debug_info</name>
         <load_address>0x15245</load_address>
         <run_address>0x15245</run_address>
         <size>0x4d86b</size>
         <input_file_ref idref="fl-8"/>
      </object_component>
      <object_component id="oc-10a">
         <name>.debug_info</name>
         <load_address>0x62ab0</load_address>
         <run_address>0x62ab0</run_address>
         <size>0x18cee</size>
         <input_file_ref idref="fl-9"/>
      </object_component>
      <object_component id="oc-10f">
         <name>.debug_info</name>
         <load_address>0x7b79e</load_address>
         <run_address>0x7b79e</run_address>
         <size>0x3604</size>
         <input_file_ref idref="fl-a"/>
      </object_component>
      <object_component id="oc-114">
         <name>.debug_info</name>
         <load_address>0x7eda2</load_address>
         <run_address>0x7eda2</run_address>
         <size>0x677c</size>
         <input_file_ref idref="fl-b"/>
      </object_component>
      <object_component id="oc-119">
         <name>.debug_info</name>
         <load_address>0x8551e</load_address>
         <run_address>0x8551e</run_address>
         <size>0xbcf3</size>
         <input_file_ref idref="fl-c"/>
      </object_component>
      <object_component id="oc-11e">
         <name>.debug_info</name>
         <load_address>0x91211</load_address>
         <run_address>0x91211</run_address>
         <size>0x2bb3</size>
         <input_file_ref idref="fl-d"/>
      </object_component>
      <object_component id="oc-125">
         <name>.debug_info</name>
         <load_address>0x93dc4</load_address>
         <run_address>0x93dc4</run_address>
         <size>0x135</size>
         <input_file_ref idref="fl-e"/>
      </object_component>
      <object_component id="oc-128">
         <name>.debug_info</name>
         <load_address>0x93ef9</load_address>
         <run_address>0x93ef9</run_address>
         <size>0xae0d</size>
         <input_file_ref idref="fl-f"/>
      </object_component>
      <object_component id="oc-12f">
         <name>.debug_info</name>
         <load_address>0x9ed06</load_address>
         <run_address>0x9ed06</run_address>
         <size>0x91c2</size>
         <input_file_ref idref="fl-10"/>
      </object_component>
      <object_component id="oc-136">
         <name>.debug_info</name>
         <load_address>0xa7ec8</load_address>
         <run_address>0xa7ec8</run_address>
         <size>0x509</size>
         <input_file_ref idref="fl-11"/>
      </object_component>
      <object_component id="oc-13b">
         <name>.debug_info</name>
         <load_address>0xa83d1</load_address>
         <run_address>0xa83d1</run_address>
         <size>0x4e43</size>
         <input_file_ref idref="fl-12"/>
      </object_component>
      <object_component id="oc-142">
         <name>.debug_info</name>
         <load_address>0xad214</load_address>
         <run_address>0xad214</run_address>
         <size>0x18790</size>
         <input_file_ref idref="fl-13"/>
      </object_component>
      <object_component id="oc-149">
         <name>.debug_info</name>
         <load_address>0xc59a4</load_address>
         <run_address>0xc59a4</run_address>
         <size>0x7d03</size>
         <input_file_ref idref="fl-14"/>
      </object_component>
      <object_component id="oc-14f">
         <name>.debug_info</name>
         <load_address>0xcd6a7</load_address>
         <run_address>0xcd6a7</run_address>
         <size>0x607c</size>
         <input_file_ref idref="fl-15"/>
      </object_component>
      <object_component id="oc-154">
         <name>.debug_info</name>
         <load_address>0xd3723</load_address>
         <run_address>0xd3723</run_address>
         <size>0x59ad</size>
         <input_file_ref idref="fl-16"/>
      </object_component>
      <object_component id="oc-15b">
         <name>.debug_info</name>
         <load_address>0xd90d0</load_address>
         <run_address>0xd90d0</run_address>
         <size>0x5ff</size>
         <input_file_ref idref="fl-17"/>
      </object_component>
      <object_component id="oc-162">
         <name>.debug_info</name>
         <load_address>0xd96cf</load_address>
         <run_address>0xd96cf</run_address>
         <size>0x94e4</size>
         <input_file_ref idref="fl-18"/>
      </object_component>
      <object_component id="oc-167">
         <name>.debug_info</name>
         <load_address>0xe2bb3</load_address>
         <run_address>0xe2bb3</run_address>
         <size>0x52e</size>
         <input_file_ref idref="fl-29"/>
      </object_component>
      <object_component id="oc-16f">
         <name>.debug_info</name>
         <load_address>0xe30e1</load_address>
         <run_address>0xe30e1</run_address>
         <size>0x173</size>
         <input_file_ref idref="fl-2a"/>
      </object_component>
      <object_component id="oc-174">
         <name>.debug_info</name>
         <load_address>0xe3254</load_address>
         <run_address>0xe3254</run_address>
         <size>0x114</size>
         <input_file_ref idref="fl-2b"/>
      </object_component>
      <object_component id="oc-179">
         <name>.debug_info</name>
         <load_address>0xe3368</load_address>
         <run_address>0xe3368</run_address>
         <size>0x141</size>
         <input_file_ref idref="fl-2c"/>
      </object_component>
      <object_component id="oc-17d">
         <name>.debug_info</name>
         <load_address>0xe34a9</load_address>
         <run_address>0xe34a9</run_address>
         <size>0x561</size>
         <input_file_ref idref="fl-2d"/>
      </object_component>
      <object_component id="oc-182">
         <name>.debug_info</name>
         <load_address>0xe3a0a</load_address>
         <run_address>0xe3a0a</run_address>
         <size>0x43a</size>
         <input_file_ref idref="fl-2e"/>
      </object_component>
      <object_component id="oc-187">
         <name>.debug_info</name>
         <load_address>0xe3e44</load_address>
         <run_address>0xe3e44</run_address>
         <size>0x3ad</size>
         <input_file_ref idref="fl-2f"/>
      </object_component>
      <object_component id="oc-18c">
         <name>.debug_info</name>
         <load_address>0xe41f1</load_address>
         <run_address>0xe41f1</run_address>
         <size>0x3aa</size>
         <input_file_ref idref="fl-30"/>
      </object_component>
      <object_component id="oc-191">
         <name>.debug_info</name>
         <load_address>0xe459b</load_address>
         <run_address>0xe459b</run_address>
         <size>0x544</size>
         <input_file_ref idref="fl-31"/>
      </object_component>
      <object_component id="oc-198">
         <name>.debug_info</name>
         <load_address>0xe4adf</load_address>
         <run_address>0xe4adf</run_address>
         <size>0x4cc</size>
         <input_file_ref idref="fl-32"/>
      </object_component>
      <object_component id="oc-19d">
         <name>.debug_info</name>
         <load_address>0xe4fab</load_address>
         <run_address>0xe4fab</run_address>
         <size>0x467</size>
         <input_file_ref idref="fl-33"/>
      </object_component>
      <object_component id="oc-1a2">
         <name>.debug_info</name>
         <load_address>0xe5412</load_address>
         <run_address>0xe5412</run_address>
         <size>0x1c6</size>
         <input_file_ref idref="fl-34"/>
      </object_component>
      <object_component id="oc-263">
         <name>.debug_info</name>
         <load_address>0xe55d8</load_address>
         <run_address>0xe55d8</run_address>
         <size>0xa2</size>
      </object_component>
      <object_component id="oc-87">
         <name>.debug_abbrev</name>
         <load_address>0x0</load_address>
         <run_address>0x0</run_address>
         <size>0x21</size>
         <input_file_ref idref="fl-2"/>
      </object_component>
      <object_component id="oc-8c">
         <name>.debug_abbrev</name>
         <load_address>0x21</load_address>
         <run_address>0x21</run_address>
         <size>0x3d</size>
         <input_file_ref idref="fl-3"/>
      </object_component>
      <object_component id="oc-91">
         <name>.debug_abbrev</name>
         <load_address>0x5e</load_address>
         <run_address>0x5e</run_address>
         <size>0x115</size>
         <input_file_ref idref="fl-4"/>
      </object_component>
      <object_component id="oc-97">
         <name>.debug_abbrev</name>
         <load_address>0x173</load_address>
         <run_address>0x173</run_address>
         <size>0xfd</size>
         <input_file_ref idref="fl-5"/>
      </object_component>
      <object_component id="oc-9c">
         <name>.debug_abbrev</name>
         <load_address>0x270</load_address>
         <run_address>0x270</run_address>
         <size>0x2f</size>
         <input_file_ref idref="fl-6"/>
      </object_component>
      <object_component id="oc-a1">
         <name>.debug_abbrev</name>
         <load_address>0x29f</load_address>
         <run_address>0x29f</run_address>
         <size>0x143</size>
         <input_file_ref idref="fl-7"/>
      </object_component>
      <object_component id="oc-109">
         <name>.debug_abbrev</name>
         <load_address>0x3e2</load_address>
         <run_address>0x3e2</run_address>
         <size>0xcb</size>
         <input_file_ref idref="fl-8"/>
      </object_component>
      <object_component id="oc-10d">
         <name>.debug_abbrev</name>
         <load_address>0x4ad</load_address>
         <run_address>0x4ad</run_address>
         <size>0x191</size>
         <input_file_ref idref="fl-9"/>
      </object_component>
      <object_component id="oc-112">
         <name>.debug_abbrev</name>
         <load_address>0x63e</load_address>
         <run_address>0x63e</run_address>
         <size>0xc8</size>
         <input_file_ref idref="fl-a"/>
      </object_component>
      <object_component id="oc-117">
         <name>.debug_abbrev</name>
         <load_address>0x706</load_address>
         <run_address>0x706</run_address>
         <size>0x116</size>
         <input_file_ref idref="fl-b"/>
      </object_component>
      <object_component id="oc-11c">
         <name>.debug_abbrev</name>
         <load_address>0x81c</load_address>
         <run_address>0x81c</run_address>
         <size>0x1b5</size>
         <input_file_ref idref="fl-c"/>
      </object_component>
      <object_component id="oc-121">
         <name>.debug_abbrev</name>
         <load_address>0x9d1</load_address>
         <run_address>0x9d1</run_address>
         <size>0xf5</size>
         <input_file_ref idref="fl-d"/>
      </object_component>
      <object_component id="oc-126">
         <name>.debug_abbrev</name>
         <load_address>0xac6</load_address>
         <run_address>0xac6</run_address>
         <size>0x2f</size>
         <input_file_ref idref="fl-e"/>
      </object_component>
      <object_component id="oc-12d">
         <name>.debug_abbrev</name>
         <load_address>0xaf5</load_address>
         <run_address>0xaf5</run_address>
         <size>0x175</size>
         <input_file_ref idref="fl-f"/>
      </object_component>
      <object_component id="oc-134">
         <name>.debug_abbrev</name>
         <load_address>0xc6a</load_address>
         <run_address>0xc6a</run_address>
         <size>0x1f5</size>
         <input_file_ref idref="fl-10"/>
      </object_component>
      <object_component id="oc-139">
         <name>.debug_abbrev</name>
         <load_address>0xe5f</load_address>
         <run_address>0xe5f</run_address>
         <size>0x9a</size>
         <input_file_ref idref="fl-11"/>
      </object_component>
      <object_component id="oc-140">
         <name>.debug_abbrev</name>
         <load_address>0xef9</load_address>
         <run_address>0xef9</run_address>
         <size>0x1fe</size>
         <input_file_ref idref="fl-12"/>
      </object_component>
      <object_component id="oc-147">
         <name>.debug_abbrev</name>
         <load_address>0x10f7</load_address>
         <run_address>0x10f7</run_address>
         <size>0x170</size>
         <input_file_ref idref="fl-13"/>
      </object_component>
      <object_component id="oc-14d">
         <name>.debug_abbrev</name>
         <load_address>0x1267</load_address>
         <run_address>0x1267</run_address>
         <size>0x1db</size>
         <input_file_ref idref="fl-14"/>
      </object_component>
      <object_component id="oc-152">
         <name>.debug_abbrev</name>
         <load_address>0x1442</load_address>
         <run_address>0x1442</run_address>
         <size>0x1ab</size>
         <input_file_ref idref="fl-15"/>
      </object_component>
      <object_component id="oc-159">
         <name>.debug_abbrev</name>
         <load_address>0x15ed</load_address>
         <run_address>0x15ed</run_address>
         <size>0x149</size>
         <input_file_ref idref="fl-16"/>
      </object_component>
      <object_component id="oc-160">
         <name>.debug_abbrev</name>
         <load_address>0x1736</load_address>
         <run_address>0x1736</run_address>
         <size>0xb8</size>
         <input_file_ref idref="fl-17"/>
      </object_component>
      <object_component id="oc-165">
         <name>.debug_abbrev</name>
         <load_address>0x17ee</load_address>
         <run_address>0x17ee</run_address>
         <size>0x11e</size>
         <input_file_ref idref="fl-18"/>
      </object_component>
      <object_component id="oc-16b">
         <name>.debug_abbrev</name>
         <load_address>0x190c</load_address>
         <run_address>0x190c</run_address>
         <size>0xbd</size>
         <input_file_ref idref="fl-29"/>
      </object_component>
      <object_component id="oc-171">
         <name>.debug_abbrev</name>
         <load_address>0x19c9</load_address>
         <run_address>0x19c9</run_address>
         <size>0x46</size>
         <input_file_ref idref="fl-2a"/>
      </object_component>
      <object_component id="oc-176">
         <name>.debug_abbrev</name>
         <load_address>0x1a0f</load_address>
         <run_address>0x1a0f</run_address>
         <size>0x38</size>
         <input_file_ref idref="fl-2b"/>
      </object_component>
      <object_component id="oc-17b">
         <name>.debug_abbrev</name>
         <load_address>0x1a47</load_address>
         <run_address>0x1a47</run_address>
         <size>0x38</size>
         <input_file_ref idref="fl-2c"/>
      </object_component>
      <object_component id="oc-180">
         <name>.debug_abbrev</name>
         <load_address>0x1a7f</load_address>
         <run_address>0x1a7f</run_address>
         <size>0xe3</size>
         <input_file_ref idref="fl-2d"/>
      </object_component>
      <object_component id="oc-185">
         <name>.debug_abbrev</name>
         <load_address>0x1b62</load_address>
         <run_address>0x1b62</run_address>
         <size>0xa8</size>
         <input_file_ref idref="fl-2e"/>
      </object_component>
      <object_component id="oc-18a">
         <name>.debug_abbrev</name>
         <load_address>0x1c0a</load_address>
         <run_address>0x1c0a</run_address>
         <size>0x68</size>
         <input_file_ref idref="fl-2f"/>
      </object_component>
      <object_component id="oc-18f">
         <name>.debug_abbrev</name>
         <load_address>0x1c72</load_address>
         <run_address>0x1c72</run_address>
         <size>0x66</size>
         <input_file_ref idref="fl-30"/>
      </object_component>
      <object_component id="oc-196">
         <name>.debug_abbrev</name>
         <load_address>0x1cd8</load_address>
         <run_address>0x1cd8</run_address>
         <size>0x130</size>
         <input_file_ref idref="fl-31"/>
[...]
         <object_component_ref idref="oc-12a"/>
      </symbol>
      <symbol id="sm-4f2">
         <name>_USER2_ISR</name>
         <value>0x11060</value>
         <object_component_ref idref="oc-12a"/>
      </symbol>
      <symbol id="sm-4f3">
         <name>_EPWM1_TZ_ISR</name>
         <value>0x11385</value>
         <object_component_ref idref="oc-12a"/>
      </symbol>
      <symbol id="sm-4f4">
         <name>_EPWM11_TZ_ISR</name>
         <value>0x115c9</value>
         <object_component_ref idref="oc-12a"/>
      </symbol>
      <symbol id="sm-4f5">
         <name>_i</name>
         <value>0xaaff</value>
         <object_component_ref idref="oc-129"/>
      </symbol>
      <symbol id="sm-4f6">
         <name>_DMA_CH3_ISR</name>
         <value>0x11f13</value>
         <object_component_ref idref="oc-12a"/>
      </symbol>
      <symbol id="sm-4f7">
         <name>_ECAP5_ISR</name>
         <value>0x119dd</value>
         <object_component_ref idref="oc-12a"/>
      </symbol>
      <symbol id="sm-4f8">
         <name>_CLB3_ISR</name>
         <value>0x11b73</value>
         <object_component_ref idref="oc-12a"/>
      </symbol>
      <symbol id="sm-4f9">
         <name>_ADCA2_ISR</name>
         <value>0x12449</value>
         <object_component_ref idref="oc-12a"/>
      </symbol>
      <symbol id="sm-4fa">
         <name>_ADCB2_ISR</name>
         <value>0x12519</value>
         <object_component_ref idref="oc-12a"/>
      </symbol>
      <symbol id="sm-4fb">
         <name>_ADCC2_ISR</name>
         <value>0x12601</value>
         <object_component_ref idref="oc-12a"/>
      </symbol>
      <symbol id="sm-4fc">
         <name>_SCIB_RX_ISR</name>
         <value>0x12279</value>
         <object_component_ref idref="oc-12a"/>
      </symbol>
      <symbol id="sm-4fd">
         <name>_rsvd_ISR</name>
         <value>0x12c8f</value>
         <object_component_ref idref="oc-12a"/>
      </symbol>
      <symbol id="sm-4fe">
         <name>_ADCD2_ISR</name>
         <value>0x126e9</value>
         <object_component_ref idref="oc-12a"/>
      </symbol>
      <symbol id="sm-4ff">
         <name>_EMU_ISR</name>
         <value>0x11034</value>
         <object_component_ref idref="oc-12a"/>
      </symbol>
      <symbol id="sm-500">
         <name>_SCIB_TX_ISR</name>
         <value>0x122b3</value>
         <object_component_ref idref="oc-12a"/>
      </symbol>
      <symbol id="sm-501">
         <name>_SPIA_RX_ISR</name>
         <value>0x11c5b</value>
         <object_component_ref idref="oc-12a"/>
      </symbol>
      <symbol id="sm-502">
         <name>_SPIA_TX_ISR</name>
         <value>0x11c95</value>
         <object_component_ref idref="oc-12a"/>
      </symbol>
      <symbol id="sm-503">
         <name>_XINT5_ISR</name>
         <value>0x129c3</value>
         <object_component_ref idref="oc-12a"/>
      </symbol>
      <symbol id="sm-504">
         <name>_UPPA_ISR</name>
         <value>0x121cb</value>
         <object_component_ref idref="oc-12a"/>
      </symbol>
      <symbol id="sm-505">
         <name>_CLA_OVERFLOW_ISR</name>
         <value>0x12c07</value>
         <object_component_ref idref="oc-12a"/>
      </symbol>
      <symbol id="sm-573">
         <name>_adc_isr</name>
         <value>0x14cc5</value>
         <object_component_ref idref="oc-131"/>
      </symbol>
      <symbol id="sm-574">
         <name>_fg_Total_Power</name>
         <value>0xaa96</value>
         <object_component_ref idref="oc-130"/>
      </symbol>
      <symbol id="sm-575">
         <name>_ADC_Update</name>
         <value>0x13c04</value>
         <object_component_ref idref="oc-1be"/>
      </symbol>
      <symbol id="sm-576">
         <name>_fg_Vout2</name>
         <value>0xaa8e</value>
         <object_component_ref idref="oc-130"/>
      </symbol>
      <symbol id="sm-577">
         <name>_fg_Vout1</name>
         <value>0xaa8c</value>
         <object_component_ref idref="oc-130"/>
      </symbol>
      <symbol id="sm-578">
         <name>_fg_Vin2</name>
         <value>0xaa8a</value>
         <object_component_ref idref="oc-130"/>
      </symbol>
      <symbol id="sm-579">
         <name>_fg_Vin1</name>
         <value>0xaa88</value>
         <object_component_ref idref="oc-130"/>
      </symbol>
      <symbol id="sm-57a">
         <name>_fg_Boost_V</name>
         <value>0xaa92</value>
         <object_component_ref idref="oc-130"/>
      </symbol>
      <symbol id="sm-57b">
         <name>_checkFault_I</name>
         <value>0xaa80</value>
         <object_component_ref idref="oc-130"/>
      </symbol>
      <symbol id="sm-57c">
         <name>_checkFault_V</name>
         <value>0xaa82</value>
         <object_component_ref idref="oc-130"/>
      </symbol>
      <symbol id="sm-57d">
         <name>_checkFault_T</name>
         <value>0xaa81</value>
         <object_component_ref idref="oc-130"/>
      </symbol>
      <symbol id="sm-57e">
         <name>_fg_Total_Current_LPF</name>
         <value>0xaa94</value>
         <object_component_ref idref="oc-130"/>
      </symbol>
      <symbol id="sm-57f">
         <name>_st_Current_LPF</name>
         <value>0xaaa8</value>
         <object_component_ref idref="oc-130"/>
      </symbol>
      <symbol id="sm-580">
         <name>_checkFault_Gate</name>
         <value>0xaa83</value>
         <object_component_ref idref="oc-130"/>
      </symbol>
      <symbol id="sm-581">
         <name>_fg_Buck_V</name>
         <value>0xaa90</value>
         <object_component_ref idref="oc-130"/>
      </symbol>
      <symbol id="sm-582">
         <name>_u8g_pwm_mode_start</name>
         <value>0xaa84</value>
         <object_component_ref idref="oc-130"/>
      </symbol>
      <symbol id="sm-583">
         <name>_st_Temperature</name>
         <value>0xaaac</value>
         <object_component_ref idref="oc-130"/>
      </symbol>
      <symbol id="sm-584">
         <name>_ADC_Init</name>
         <value>0x13b0a</value>
         <object_component_ref idref="oc-1be"/>
      </symbol>
      <symbol id="sm-594">
         <name>_Fault_Check</name>
         <value>0x1515d</value>
         <object_component_ref idref="oc-1c3"/>
      </symbol>
      <symbol id="sm-595">
         <name>_PWM_Update</name>
         <value>0x15181</value>
         <object_component_ref idref="oc-1c3"/>
      </symbol>
      <symbol id="sm-5ec">
         <name>_b_CANgetData</name>
         <value>0xa9fa</value>
         <object_component_ref idref="oc-13d"/>
      </symbol>
      <symbol id="sm-5ed">
         <name>_u8_previous_mode</name>
         <value>0xa9fc</value>
         <object_component_ref idref="oc-13d"/>
      </symbol>
      <symbol id="sm-5ee">
         <name>_messageSize</name>
         <value>0xa9fe</value>
         <object_component_ref idref="oc-13d"/>
      </symbol>
      <symbol id="sm-5ef">
         <name>_ucRXMsgData</name>
         <value>0xab98</value>
         <object_component_ref idref="oc-1d5"/>
      </symbol>
      <symbol id="sm-5f0">
         <name>_ucTXMsgData</name>
         <value>0xaba0</value>
         <object_component_ref idref="oc-1d3"/>
      </symbol>
      <symbol id="sm-5f1">
         <name>_u8_previous_sw_state</name>
         <value>0xa9fb</value>
         <object_component_ref idref="oc-13d"/>
      </symbol>
      <symbol id="sm-5f2">
         <name>_CAN_Transmit</name>
         <value>0x14097</value>
         <object_component_ref idref="oc-1c2"/>
      </symbol>
      <symbol id="sm-5f3">
         <name>_CAN_Init</name>
         <value>0x1404e</value>
         <object_component_ref idref="oc-1c2"/>
      </symbol>
      <symbol id="sm-603">
         <name>_GPIO_Interrupt_Set</name>
         <value>0x14e6e</value>
         <object_component_ref idref="oc-1bf"/>
      </symbol>
      <symbol id="sm-604">
         <name>_u8g_over_volt_fault</name>
         <value>0xab3d</value>
         <object_component_ref idref="oc-143"/>
      </symbol>
      <symbol id="sm-605">
         <name>_Over_Current_isr</name>
         <value>0x1501f</value>
         <object_component_ref idref="oc-144"/>
      </symbol>
      <symbol id="sm-606">
         <name>_u8g_driver_fault</name>
         <value>0xab3e</value>
         <object_component_ref idref="oc-143"/>
      </symbol>
      <symbol id="sm-607">
         <name>_u8g_over_current_fault</name>
         <value>0xab3c</value>
         <object_component_ref idref="oc-143"/>
      </symbol>
      <symbol id="sm-608">
         <name>_GPIO_Init</name>
         <value>0x14dc3</value>
         <object_component_ref idref="oc-1bf"/>
      </symbol>
      <symbol id="sm-609">
         <name>_Fualt_isr</name>
         <value>0x1505d</value>
         <object_component_ref idref="oc-144"/>
      </symbol>
      <symbol id="sm-60a">
         <name>_Over_Volt_isr</name>
         <value>0x1503e</value>
         <object_component_ref idref="oc-144"/>
      </symbol>
      <symbol id="sm-6a3">
         <name>_u8g_Close_Loop</name>
         <value>0xaa01</value>
         <object_component_ref idref="oc-14a"/>
      </symbol>
      <symbol id="sm-6a4">
         <name>_u8_Buck_Boost_Delay</name>
         <value>0xaa06</value>
         <object_component_ref idref="oc-14a"/>
      </symbol>
      <symbol id="sm-6a5">
         <name>_MODE_Init</name>
         <value>0x12c99</value>
         <object_component_ref idref="oc-1c0"/>
      </symbol>
      <symbol id="sm-6a6">
         <name>_st_phases</name>
         <value>0xaa14</value>
         <object_component_ref idref="oc-14a"/>
      </symbol>
      <symbol id="sm-6a7">
         <name>_u8g_Phase_Selection_timer</name>
         <value>0xaa07</value>
         <object_component_ref idref="oc-14a"/>
      </symbol>
      <symbol id="sm-6a8">
         <name>_st_eVH</name>
         <value>0xaa48</value>
         <object_component_ref idref="oc-14a"/>
      </symbol>
      <symbol id="sm-6a9">
         <name>_st_eI</name>
         <value>0xaa6a</value>
         <object_component_ref idref="oc-1d0"/>
      </symbol>
      <symbol id="sm-6aa">
         <name>_PWM_MODE</name>
         <value>0x12d3e</value>
         <object_component_ref idref="oc-1c0"/>
      </symbol>
      <symbol id="sm-6ab">
         <name>_f_Iref</name>
         <value>0xaafa</value>
         <object_component_ref idref="oc-1cf"/>
      </symbol>
      <symbol id="sm-6ac">
         <name>_st_kVH</name>
         <value>0xaa32</value>
         <object_component_ref idref="oc-14a"/>
      </symbol>
      <symbol id="sm-6ad">
         <name>_f_Target_V</name>
         <value>0xaa0e</value>
         <object_component_ref idref="oc-14a"/>
      </symbol>
      <symbol id="sm-6ae">
         <name>_get1stLPFcoef</name>
         <value>0x13144</value>
         <object_component_ref idref="oc-1c0"/>
      </symbol>
      <symbol id="sm-6af">
         <name>_f_open_loop_duty</name>
         <value>0xaa12</value>
         <object_component_ref idref="oc-14a"/>
      </symbol>
      <symbol id="sm-6b0">
         <name>_f_Power_Limit</name>
         <value>0xaa10</value>
         <object_component_ref idref="oc-14a"/>
      </symbol>
      <symbol id="sm-6b1">
         <name>_st_pwm_duty</name>
         <value>0xaa26</value>
         <object_component_ref idref="oc-14a"/>
      </symbol>
      <symbol id="sm-6b2">
         <name>_u8_Phase_Upate</name>
         <value>0xaa05</value>
         <object_component_ref idref="oc-14a"/>
      </symbol>
      <symbol id="sm-6b3">
         <name>_u8g_bb_mode</name>
         <value>0xaa03</value>
         <object_component_ref idref="oc-14a"/>
      </symbol>
      <symbol id="sm-6b4">
         <name>_f_Dff</name>
         <value>0xaa16</value>
         <object_component_ref idref="oc-14a"/>
      </symbol>
      <symbol id="sm-6b5">
         <name>_u8g_resetFault</name>
         <value>0xaa04</value>
         <object_component_ref idref="oc-14a"/>
      </symbol>
      <symbol id="sm-6b6">
         <name>_firstLPF</name>
         <value>0x13184</value>
         <object_component_ref idref="oc-1c0"/>
      </symbol>
      <symbol id="sm-6b7">
         <name>_u8g_IG_ON</name>
         <value>0xaa02</value>
         <object_component_ref idref="oc-14a"/>
      </symbol>
      <symbol id="sm-6b8">
         <name>_u8g_operationMode</name>
         <value>0xaa00</value>
         <object_component_ref idref="oc-14a"/>
      </symbol>
      <symbol id="sm-6b9">
         <name>_st_kI</name>
         <value>0xaa40</value>
         <object_component_ref idref="oc-14a"/>
      </symbol>
      <symbol id="sm-6e6">
         <name>_ePWM_Regs</name>
         <value>0xaa50</value>
         <object_component_ref idref="oc-1ab"/>
      </symbol>
      <symbol id="sm-6e7">
         <name>_forceOFFPWM</name>
         <value>0x1388c</value>
         <object_component_ref idref="oc-1bd"/>
      </symbol>
      <symbol id="sm-6e8">
         <name>_All_Update_Freq</name>
         <value>0x138dc</value>
         <object_component_ref idref="oc-1bd"/>
      </symbol>
      <symbol id="sm-6e9">
         <name>_PWM_CLEAR</name>
         <value>0x134fd</value>
         <object_component_ref idref="oc-1bd"/>
      </symbol>
      <symbol id="sm-6ea">
         <name>_Mode_Change</name>
         <value>0x13565</value>
         <object_component_ref idref="oc-1bd"/>
      </symbol>
      <symbol id="sm-6eb">
         <name>_updateDuty_On_Off</name>
         <value>0x13681</value>
         <object_component_ref idref="oc-1bd"/>
      </symbol>
      <symbol id="sm-6ec">
         <name>_PWM_Init</name>
         <value>0x13638</value>
         <object_component_ref idref="oc-1bd"/>
      </symbol>
      <symbol id="sm-6ed">
         <name>_forceOFFPWM_A</name>
         <value>0x1382e</value>
         <object_component_ref idref="oc-1bd"/>
      </symbol>
      <symbol id="sm-6ee">
         <name>_forceOFFPWM_B</name>
         <value>0x1385d</value>
         <object_component_ref idref="oc-1bd"/>
      </symbol>
      <symbol id="sm-6ef">
         <name>_updatePhase</name>
         <value>0x137bc</value>
         <object_component_ref idref="oc-1bd"/>
      </symbol>
      <symbol id="sm-6fd">
         <name>_u8_sleep_ON</name>
         <value>0xab3f</value>
         <object_component_ref idref="oc-155"/>
      </symbol>
      <symbol id="sm-6fe">
         <name>_local_WAKE_ISR</name>
         <value>0x15254</value>
         <object_component_ref idref="oc-156"/>
      </symbol>
      <symbol id="sm-712">
         <name>_Timer_Init</name>
         <value>0x15265</value>
         <object_component_ref idref="oc-1c1"/>
      </symbol>
      <symbol id="sm-713">
         <name>_u8_one_second_mode</name>
         <value>0xab86</value>
         <object_component_ref idref="oc-15c"/>
      </symbol>
      <symbol id="sm-714">
         <name>_timer_isr</name>
         <value>0x1511e</value>
         <object_component_ref idref="oc-15d"/>
      </symbol>
      <symbol id="sm-715">
         <name>_u8g_mode_change</name>
         <value>0xab80</value>
         <object_component_ref idref="oc-15c"/>
      </symbol>
      <symbol id="sm-716">
         <name>_u8_CAN_timer</name>
         <value>0xab87</value>
         <object_component_ref idref="oc-15c"/>
      </symbol>
      <symbol id="sm-717">
         <name>_u8g_initialze_time</name>
         <value>0xab82</value>
         <object_component_ref idref="oc-15c"/>
      </symbol>
      <symbol id="sm-718">
         <name>_u8g_CAN_transmit</name>
         <value>0xab81</value>
         <object_component_ref idref="oc-15c"/>
      </symbol>
      <symbol id="sm-719">
         <name>_u16_Timer1IsrCnt1</name>
         <value>0xab84</value>
         <object_component_ref idref="oc-15c"/>
      </symbol>
      <symbol id="sm-71a">
         <name>_u16_Timer1IsrCnt2</name>
         <value>0xab83</value>
         <object_component_ref idref="oc-15c"/>
      </symbol>
      <symbol id="sm-71b">
         <name>_u16_Timer1IsrCnt3</name>
         <value>0xab85</value>
         <object_component_ref idref="oc-15c"/>
      </symbol>
      <symbol id="sm-728">
         <name>_main</name>
         <value>0x14fad</value>
         <object_component_ref idref="oc-1b5"/>
      </symbol>
      <symbol id="sm-74e">
         <name>_logf</name>
         <value>0x14a8e</value>
         <object_component_ref idref="oc-1ce"/>
      </symbol>
      <symbol id="sm-74f">
         <name>_log</name>
         <value>0x14a8e</value>
         <object_component_ref idref="oc-1ce"/>
      </symbol>
      <symbol id="sm-76a">
         <name>_c_int00</name>
         <value>0x1507c</value>
         <object_component_ref idref="oc-82"/>
      </symbol>
      <symbol id="sm-76b">
         <name>__stack</name>
         <value>0xb800</value>
         <object_component_ref idref="oc-16d"/>
      </symbol>
      <symbol id="sm-77c">
         <name>FS$$DIV</name>
         <value>0x14ea9</value>
         <object_component_ref idref="oc-173"/>
      </symbol>
      <symbol id="sm-788">
         <name>U$$MOD</name>
         <value>0x15275</value>
         <object_component_ref idref="oc-178"/>
      </symbol>
      <symbol id="sm-789">
         <name>U$$DIV</name>
         <value>0x15270</value>
         <object_component_ref idref="oc-178"/>
      </symbol>
      <symbol id="sm-798">
         <name>_copy_in</name>
         <value>0x15201</value>
         <object_component_ref idref="oc-1a7"/>
      </symbol>
      <symbol id="sm-7a9">
         <name>_memcpy</name>
         <value>0x15225</value>
         <object_component_ref idref="oc-1b4"/>
      </symbol>
      <symbol id="sm-7b5">
         <name>__system_pre_init</name>
         <value>0x1528b</value>
         <object_component_ref idref="oc-1a6"/>
      </symbol>
      <symbol id="sm-7c2">
         <name>__system_post_cinit</name>
         <value>0x1528d</value>
         <object_component_ref idref="oc-1a8"/>
      </symbol>
      <symbol id="sm-7d6">
         <name>C$$EXIT</name>
         <value>0x1518a</value>
         <object_component_ref idref="oc-1aa"/>
      </symbol>
      <symbol id="sm-7d7">
         <name>_exit</name>
         <value>0x1518c</value>
         <object_component_ref idref="oc-1aa"/>
      </symbol>
      <symbol id="sm-7d8">
         <name>___TI_cleanup_ptr</name>
         <value>0xaa7c</value>
         <object_component_ref idref="oc-193"/>
      </symbol>
      <symbol id="sm-7d9">
         <name>___TI_enable_exit_profile_output</name>
         <value>0xaa7a</value>
         <object_component_ref idref="oc-193"/>
      </symbol>
      <symbol id="sm-7da">
         <name>_abort</name>
         <value>0x1518a</value>
         <object_component_ref idref="oc-1aa"/>
      </symbol>
      <symbol id="sm-7db">
         <name>___TI_dtors_ptr</name>
         <value>0xaa7e</value>
         <object_component_ref idref="oc-193"/>
      </symbol>
      <symbol id="sm-7ef">
         <name>__unlock</name>
         <value>0xab7e</value>
         <object_component_ref idref="oc-1d8"/>
      </symbol>
      <symbol id="sm-7f0">
         <name>__lock</name>
         <value>0xab7c</value>
         <object_component_ref idref="oc-1b6"/>
      </symbol>
      <symbol id="sm-7f1">
         <name>__register_lock</name>
         <value>0x1527f</value>
         <object_component_ref idref="oc-1c4"/>
      </symbol>
      <symbol id="sm-7f2">
         <name>__nop</name>
         <value>0x15283</value>
         <object_component_ref idref="oc-1c4"/>
      </symbol>
      <symbol id="sm-7f3">
         <name>__register_unlock</name>
         <value>0x1527b</value>
         <object_component_ref idref="oc-1c4"/>
      </symbol>
      <symbol id="sm-802">
         <name>__args_main</name>
         <value>0x15242</value>
         <object_component_ref idref="oc-1a9"/>
      </symbol>
      <symbol id="sm-80c">
         <name>_errno</name>
         <value>0xab7b</value>
         <object_component_ref idref="oc-1a4"/>
      </symbol>
   </symbol_table>
   <title>Link successful</title>
</link_info>
