******************************************************************************
             TMS320C2000 Linker PC v20.2.1                     
******************************************************************************
>> Linked Tue Nov 24 15:49:54 2020

OUTPUT FILE NAME:   <YHTEC_BHDC_FLASH.out>
ENTRY POINT SYMBOL: "_c_int00"  address: 0001507c


MEMORY CONFIGURATION

         name            origin    length      used     unused   attr    fill
----------------------  --------  ---------  --------  --------  ----  --------
PAGE 0:
  RAMM0                 00000122   000002de  00000056  00000288  RWIX
  RAMLS01234            00008000   00003000  00000000  00003000  RWIX
  RAMD0                 0000b000   00000800  00000000  00000800  RWIX
  BEGIN                 00080000   00000002  00000002  00000000  RWIX
  FLASHA                00080002   00001ffe  0000022f  00001dcf  RWIX
  FLASHB                00082000   00002000  0000003b  00001fc5  RWIX
  FLASHC                00084000   00002000  00000000  00002000  RWIX
  FLASHD                00086000   00002000  00000000  00002000  RWIX
  FLASHE                00088000   00030000  0000428e  0002bd72  RWIX
  FLASHK                000b8000   00002000  00000000  00002000  RWIX
  FLASHL                000ba000   00002000  00000000  00002000  RWIX
  FLASHM                000bc000   00002000  00000000  00002000  RWIX
  FLASHN                000be000   00002000  00000000  00002000  RWIX
  FLASHO                000c0000   00002000  00000000  00002000  RWIX
  FLASHP                000c2000   00002000  00000000  00002000  RWIX
  FLASHQ                000c4000   00002000  00000000  00002000  RWIX
  FLASHR                000c6000   00002000  00000000  00002000  RWIX
  FLASHS                000c8000   00008000  00000000  00008000  RWIX
  FLASHT                000d0000   00008000  00000000  00008000  RWIX
  FLASHU                000d8000   00008000  00000000  00008000  RWIX
  FLASHV                000e0000   00008000  00000000  00008000  RWIX
  FLASHW                000e8000   00008000  00000000  00008000  RWIX
  FLASHX                000f0000   00008000  00000000  00008000  RWIX
  FLASHY                000f8000   00002000  00000000  00002000  RWIX
  FLASHZ                000fa000   00002000  00000000  00002000  RWIX
  FLASHAA               000fc000   00002000  00000000  00002000  RWIX
  FLASHAB               000fe000   00002000  00000000  00002000  RWIX
  RESET                 003fffc0   00000002  00000000  00000002  RWIX

PAGE 1:
  BOOT_RSVD             00000002   00000120  00000000  00000120  RWIX
  RAMM1                 00000400   00000400  00000000  00000400  RWIX
  ADCA_RESULT           00000b00   00000020  00000018  00000008  RWIX
  ADCB_RESULT           00000b20   00000020  00000018  00000008  RWIX
  ADCC_RESULT           00000b40   00000020  00000018  00000008  RWIX
  ADCD_RESULT           00000b60   00000020  00000018  00000008  RWIX
  CPU_TIMER0            00000c00   00000008  00000008  00000000  RWIX
  CPU_TIMER1            00000c08   00000008  00000008  00000000  RWIX
  CPU_TIMER2            00000c10   00000008  00000008  00000000  RWIX
  PIE_CTRL              00000ce0   00000020  0000001a  00000006  RWIX
  PIE_VECT              00000d00   00000200  000001c0  00000040  RWIX
  DMA                   00001000   00000200  000000e0  00000120  RWIX
  CLA1                  00001400   00000040  0000003e  00000002  RWIX
  EPWM1                 00004000   00000100  00000100  00000000  RWIX
  EPWM2                 00004100   00000100  00000100  00000000  RWIX
  EPWM3                 00004200   00000100  00000100  00000000  RWIX
  EPWM4                 00004300   00000100  00000100  00000000  RWIX
  EPWM5                 00004400   00000100  00000100  00000000  RWIX
  EPWM6                 00004500   00000100  00000100  00000000  RWIX
  EPWM7                 00004600   00000100  00000100  00000000  RWIX
  EPWM8                 00004700   00000100  00000100  00000000  RWIX
  EPWM9                 00004800   00000100  00000100  00000000  RWIX
  EPWM10                00004900   00000100  00000100  00000000  RWIX
  EPWM11                00004a00   00000100  00000100  00000000  RWIX
  EPWM12                00004b00   00000100  00000100  00000000  RWIX
  ECAP1                 00005000   00000020  00000020  00000000  RWIX
  ECAP2                 00005020   00000020  00000020  00000000  RWIX
  ECAP3                 00005040   00000020  00000020  00000000  RWIX
  ECAP4                 00005060   00000020  00000020  00000000  RWIX
  ECAP5                 00005080   00000020  00000020  00000000  RWIX
  ECAP6                 000050a0   00000020  00000020  00000000  RWIX
  EQEP1                 00005100   00000040  00000022  0000001e  RWIX
  EQEP2                 00005140   00000040  00000022  0000001e  RWIX
  EQEP3                 00005180   00000040  00000022  0000001e  RWIX
  DACA                  00005c00   00000010  00000008  00000008  RWIX
  DACB                  00005c10   00000010  00000008  00000008  RWIX
  DACC                  00005c20   00000010  00000008  00000008  RWIX
  CMPSS1                00005c80   00000020  00000020  00000000  RWIX
  CMPSS2                00005ca0   00000020  00000020  00000000  RWIX
  CMPSS3                00005cc0   00000020  00000020  00000000  RWIX
  CMPSS4                00005ce0   00000020  00000020  00000000  RWIX
  CMPSS5                00005d00   00000020  00000020  00000000  RWIX
  CMPSS6                00005d20   00000020  00000020  00000000  RWIX
  CMPSS7                00005d40   00000020  00000020  00000000  RWIX
  CMPSS8                00005d60   00000020  00000020  00000000  RWIX
  SDFM1                 00005e00   00000080  00000080  00000000  RWIX
  SDFM2                 00005e80   00000080  00000080  00000000  RWIX
  MCBSPA                00006000   00000040  00000024  0000001c  RWIX
  MCBSPB                00006040   00000040  00000024  0000001c  RWIX
  SPIA                  00006100   00000010  00000010  00000000  RWIX
  SPIB                  00006110   00000010  00000010  00000000  RWIX
  SPIC                  00006120   00000010  00000010  00000000  RWIX
  SPID                  00006130   00000010  00000000  00000010  RWIX
  UPP                   00006200   00000100  00000048  000000b8  RWIX
  WD                    00007000   00000040  0000002b  00000015  RWIX
  NMIINTRUPT            00007060   00000010  00000007  00000009  RWIX
  XINT                  00007070   00000010  0000000b  00000005  RWIX
  SCIA                  00007200   00000010  00000010  00000000  RWIX
  SCIB                  00007210   00000010  00000010  00000000  RWIX
  SCIC                  00007220   00000010  00000010  00000000  RWIX
  SCID                  00007230   00000010  00000010  00000000  RWIX
  I2CA                  00007300   00000040  00000022  0000001e  RWIX
  I2CB                  00007340   00000040  00000022  0000001e  RWIX
  ADCA                  00007400   00000080  00000080  00000000  RWIX
  ADCB                  00007480   00000080  00000080  00000000  RWIX
  ADCC                  00007500   00000080  00000080  00000000  RWIX
  ADCD                  00007580   00000080  00000080  00000000  RWIX
  INPUT_XBAR            00007900   00000020  00000020  00000000  RWIX
  XBAR                  00007920   00000020  00000020  00000000  RWIX
  SYNC_SOC              00007940   00000010  00000006  0000000a  RWIX
  DMACLASRCSEL          00007980   00000040  0000001a  00000026  RWIX
  EPWM_XBAR             00007a00   00000040  00000040  00000000  RWIX
  CLB_XBAR              00007a40   00000040  00000000  00000040  RWIX
  OUTPUT_XBAR           00007a80   00000040  00000040  00000000  RWIX
  GPIOCTRL              00007c00   00000180  00000180  00000000  RWIX
  GPIODAT               00007f00   00000030  00000030  00000000  RWIX
  RAMLS5                0000a800   00000800  000003ab  00000455  RWIX
  RAMD1                 0000b800   00000800  00000400  00000400  RWIX
  RAMGS0                0000c000   00001000  00000000  00001000  RWIX
  RAMGS1                0000d000   00001000  00000000  00001000  RWIX
  RAMGS2                0000e000   00001000  00000000  00001000  RWIX
  RAMGS3                0000f000   00001000  00000000  00001000  RWIX
  RAMGS4                00010000   00001000  00000000  00001000  RWIX
  RAMGS_F               00011000   00007000  0000428e  00002d72  RWIX
  EMIF1                 00047000   00000800  00000070  00000790  RWIX
  EMIF2                 00047800   00000800  00000070  00000790  RWIX
  CANA                  00048000   00000800  00000164  0000069c  RWIX
  CANA_MSG_RAM          00049000   00000800  00000000  00000800  RWIX
  CANB                  0004a000   00000800  00000164  0000069c  RWIX
  CANB_MSG_RAM          0004b000   00000800  00000000  00000800  RWIX
  FLASHPUMPSEMAPHORE    00050024   00000002  00000002  00000000  RWIX
  DEV_CFG               0005d000   00000180  0000012e  00000052  RWIX
  ANALOG_SUBSYS         0005d180   00000080  00000048  00000038  RWIX
  CLK_CFG               0005d200   00000100  00000032  000000ce  RWIX
  CPU_SYS               0005d300   00000100  00000082  0000007e  RWIX
  ROMPREFETCH           0005e608   00000002  00000002  00000000  RWIX
  DCSM_Z1               0005f000   00000030  00000024  0000000c  RWIX
  DCSM_Z2               0005f040   00000030  00000024  0000000c  RWIX
  DCSM_COMMON           0005f070   00000010  00000008  00000008  RWIX
  MEMCFG                0005f400   00000080  00000080  00000000  RWIX
  EMIF1CONFIG           0005f480   00000020  00000020  00000000  RWIX
  EMIF2CONFIG           0005f4a0   00000020  00000020  00000000  RWIX
  ACCESSPROTECTION      0005f4c0   00000040  00000040  00000000  RWIX
  MEMORYERROR           0005f500   00000040  00000040  00000000  RWIX
  ROMWAITSTATE          0005f540   00000002  00000002  00000000  RWIX
  FLASH0_CTRL           0005f800   00000300  00000182  0000017e  RWIX
  FLASH0_ECC            0005fb00   00000040  00000028  00000018  RWIX
  FLASH1_CTRL           0005fc00   00000300  00000182  0000017e  RWIX
  FLASH1_ECC            0005ff00   00000040  00000028  00000018  RWIX
  DCSM_Z1_OTP           00078000   00000020  00000020  00000000  RWIX
  DCSM_Z2_OTP           00078200   00000020  00000020  00000000  RWIX


SECTION ALLOCATION MAP

 output                                  attributes/
section   page    origin      length       input sections
--------  ----  ----------  ----------   ----------------
.pinit     0    00000122    00000000     UNINITIALIZED

.switch    0    00000122    00000000     UNINITIALIZED

codestart 
*          0    00080000    00000002     
                  00080000    00000002     DSP28xxx_CodeStartBranch.obj (codestart)

.cinit     0    00080002    00000056     RUN ADDR = 00000122
                  00080002    0000001d     PWM.obj (.cinit:_ePWM_Regs)
                  0008001f    0000000e     rts2800_fpu32.lib : exit.c.obj (.cinit)
                  0008002d    0000000b     CAN.obj (.cinit:_ucRXMsgData)
                  00080038    0000000b     CAN.obj (.cinit:_ucTXMsgData)
                  00080043    00000005     CAN.obj (.cinit)
                  00080048    00000005     rts2800_fpu32.lib : _lock.c.obj (.cinit:__lock)
                  0008004d    00000005                       : _lock.c.obj (.cinit:__unlock)
                  00080052    00000004                       : errno.c.obj (.cinit)
                  00080056    00000002     --HOLE-- [fill = 0]

.econst    0    00080058    000001d9     RUN ADDR = 0000a800
                  00080058    000001c0     F2837xS_PieVect.obj (.econst:_PieVectTableInit)
                  00080218    00000010     rts2800_fpu32.lib : e_logf.c.obj (.econst)
                  00080228    00000009     CAN.obj (.econst:_$P$T0$1)

copysections 
*          0    00082000    00000033     
                  00082000    00000033     DSP28xxx_SectionCopy_nonBIOS.obj (copysections)

wddisable 
*          0    00082033    00000008     
                  00082033    00000008     DSP28xxx_CodeStartBranch.obj (wddisable)

.text      0    00088000    0000428e     RUN ADDR = 00011000
                  00088000    00001c99     SWPrioritizedDefaultIsr.obj (.text:retain)
                  00089c99    00000864     MODE.obj (.text)
                  0008a4fd    0000060d     PWM.obj (.text)
                  0008ab0a    00000544     ADC.obj (.text)
                  0008b04e    00000455     CAN.obj (.text)
                  0008b4a3    000003a7     F2837xS_SysCtrl.obj (.text)
                  0008b84a    00000244     F2837xS_Gpio.obj (.text)
                  0008ba8e    0000012b     rts2800_fpu32.lib : e_logf.c.obj (.text)
                  0008bbb9    0000010c     F2837xS_EPwm.obj (.text)
                  0008bcc5    000000fe     ADC.obj (.text:retain)
                  0008bdc3    000000e6     GPIO.obj (.text)
                  0008bea9    00000088     rts2800_fpu32.lib : fs_div28.asm.obj (.text)
                  0008bf31    0000007c     F2837xS_CpuTimers.obj (.text)
                  0008bfad    00000072     main.obj (.text)
                  0008c01f    0000005d     GPIO.obj (.text:retain)
                  0008c07c    00000056     rts2800_fpu32.lib : boot28.asm.obj (.text)
                  0008c0d2    0000004c     F2837xS_can.obj (.text)
                  0008c11e    0000003f     TIMER.obj (.text:retain)
                  0008c15d    0000002d     ASW.obj (.text)
                  0008c18a    00000029     rts2800_fpu32.lib : exit.c.obj (.text)
                  0008c1b3    00000028     F2837xS_PieCtrl.obj (.text)
                  0008c1db    00000026     F2837xS_PieVect.obj (.text)
                  0008c201    00000024     rts2800_fpu32.lib : cpy_tbl.c.obj (.text)
                  0008c225    0000001d                       : memcpy.c.obj (.text)
                  0008c242    00000012                       : args_main.c.obj (.text)
                  0008c254    00000011     Sleep.obj (.text:retain)
                  0008c265    0000000b     TIMER.obj (.text)
                  0008c270    0000000b     rts2800_fpu32.lib : u_div28.asm.obj (.text)
                  0008c27b    00000009                       : _lock.c.obj (.text)
                  0008c284    00000004     F2837xS_usDelay.obj (.text)
                  0008c288    00000003     F2837xS_DBGIER.obj (.text)
                  0008c28b    00000002     rts2800_fpu32.lib : pre_init.c.obj (.text)
                  0008c28d    00000001                       : startup.c.obj (.text)

.reset     0    003fffc0    00000002     DSECT
                  003fffc0    00000002     rts2800_fpu32.lib : boot28.asm.obj (.reset)

AdcaResultFile 
*          1    00000b00    00000018     UNINITIALIZED
                  00000b00    00000018     F2837xS_GlobalVariableDefs.obj (AdcaResultFile)

AdcbResultFile 
*          1    00000b20    00000018     UNINITIALIZED
                  00000b20    00000018     F2837xS_GlobalVariableDefs.obj (AdcbResultFile)

AdccResultFile 
*          1    00000b40    00000018     UNINITIALIZED
                  00000b40    00000018     F2837xS_GlobalVariableDefs.obj (AdccResultFile)

AdcdResultFile 
*          1    00000b60    00000018     UNINITIALIZED
                  00000b60    00000018     F2837xS_GlobalVariableDefs.obj (AdcdResultFile)

Cla1RegsFile 
*          1    00001400    0000003e     UNINITIALIZED
                  00001400    0000003e     F2837xS_GlobalVariableDefs.obj (Cla1RegsFile)

.ebss      1    0000a9da    000001d2     UNINITIALIZED
                  0000a9da    00000020     ADC.obj (.ebss:_st_zIL)
                  0000a9fa    00000006     CAN.obj (.ebss)
                  0000aa00    00000050     MODE.obj (.ebss)
                  0000aa50    0000001a     PWM.obj (.ebss:_ePWM_Regs)
                  0000aa6a    00000010     MODE.obj (.ebss:_st_eI)
                  0000aa7a    00000006     rts2800_fpu32.lib : exit.c.obj (.ebss)
                  0000aa80    00000048     ADC.obj (.ebss)
                  0000aac8    00000032     SWPrioritizedDefaultIsr.obj (.ebss:_ISRTrace)
                  0000aafa    00000004     MODE.obj (.ebss:_f_Iref)
                  0000aafe    00000002     SWPrioritizedDefaultIsr.obj (.ebss)
                  0000ab00    00000018     F2837xS_CpuTimers.obj (.ebss)
                  0000ab18    00000010     ADC.obj (.ebss:_st_zVsen)
                  0000ab28    0000000a     ADC.obj (.ebss:_u16_IL_3)
                  0000ab32    0000000a     ADC.obj (.ebss:_u16_IL_4)
                  0000ab3c    00000003     GPIO.obj (.ebss)
                  0000ab3f    00000001     Sleep.obj (.ebss)
                  0000ab40    0000000a     ADC.obj (.ebss:_u16_In_V_2)
                  0000ab4a    0000000a     ADC.obj (.ebss:_u16_Out_V_2)
                  0000ab54    0000000a     ADC.obj (.ebss:_u16_Temp_3)
                  0000ab5e    0000000a     ADC.obj (.ebss:_u16_Temp_4)
                  0000ab68    0000000a     ADC.obj (.ebss:_u16_Temp_Value)
                  0000ab72    00000009     MODE.obj (.ebss:_u8_phase_list)
                  0000ab7b    00000001     rts2800_fpu32.lib : errno.c.obj (.ebss)
                  0000ab7c    00000002                       : _lock.c.obj (.ebss:__lock)
                  0000ab7e    00000002                       : _lock.c.obj (.ebss:__unlock)
                  0000ab80    00000008     TIMER.obj (.ebss)
                  0000ab88    00000008     ADC.obj (.ebss:_u16_IL_Avg)
                  0000ab90    00000008     ADC.obj (.ebss:_u16_Temp_Avg)
                  0000ab98    00000008     CAN.obj (.ebss:_ucRXMsgData)
                  0000aba0    00000008     CAN.obj (.ebss:_ucTXMsgData)
                  0000aba8    00000002     ADC.obj (.ebss:_u16_In_V_Avg)
                  0000abaa    00000002     ADC.obj (.ebss:_u16_Out_V_Avg)

.stack     1    0000b800    00000400     UNINITIALIZED
                  0000b800    00000400     --HOLE--

CpuTimer0RegsFile 
*          1    00000c00    00000008     UNINITIALIZED
                  00000c00    00000008     F2837xS_GlobalVariableDefs.obj (CpuTimer0RegsFile)

CpuTimer1RegsFile 
*          1    00000c08    00000008     UNINITIALIZED
                  00000c08    00000008     F2837xS_GlobalVariableDefs.obj (CpuTimer1RegsFile)

CpuTimer2RegsFile 
*          1    00000c10    00000008     UNINITIALIZED
                  00000c10    00000008     F2837xS_GlobalVariableDefs.obj (CpuTimer2RegsFile)

PieCtrlRegsFile 
*          1    00000ce0    0000001a     UNINITIALIZED
                  00000ce0    0000001a     F2837xS_GlobalVariableDefs.obj (PieCtrlRegsFile)

PieVectTableFile 
*          1    00000d00    000001c0     UNINITIALIZED
                  00000d00    000001c0     F2837xS_GlobalVariableDefs.obj (PieVectTableFile)

EmuKeyVar 
*          1    00000d00    00000001     UNINITIALIZED
                  00000d00    00000001     F2837xS_GlobalVariableDefs.obj (EmuKeyVar)

EmuBModeVar 
*          1    00000d01    00000001     UNINITIALIZED
                  00000d01    00000001     F2837xS_GlobalVariableDefs.obj (EmuBModeVar)

FlashCallbackVar 
*          1    00000d02    00000000     UNINITIALIZED

FlashScalingVar 
*          1    00000d02    00000000     UNINITIALIZED

DmaRegsFile 
*          1    00001000    000000e0     UNINITIALIZED
                  00001000    000000e0     F2837xS_GlobalVariableDefs.obj (DmaRegsFile)

EPwm1RegsFile 
*          1    00004000    00000100     UNINITIALIZED
                  00004000    00000100     F2837xS_GlobalVariableDefs.obj (EPwm1RegsFile)

EPwm2RegsFile 
*          1    00004100    00000100     UNINITIALIZED
                  00004100    00000100     F2837xS_GlobalVariableDefs.obj (EPwm2RegsFile)

EPwm3RegsFile 
*          1    00004200    00000100     UNINITIALIZED
                  00004200    00000100     F2837xS_GlobalVariableDefs.obj (EPwm3RegsFile)

EPwm4RegsFile 
*          1    00004300    00000100     UNINITIALIZED
                  00004300    00000100     F2837xS_GlobalVariableDefs.obj (EPwm4RegsFile)

EPwm5RegsFile 
*          1    00004400    00000100     UNINITIALIZED
                  00004400    00000100     F2837xS_GlobalVariableDefs.obj (EPwm5RegsFile)

EPwm6RegsFile 
*          1    00004500    00000100     UNINITIALIZED
                  00004500    00000100     F2837xS_GlobalVariableDefs.obj (EPwm6RegsFile)

EPwm7RegsFile 
*          1    00004600    00000100     UNINITIALIZED
                  00004600    00000100     F2837xS_GlobalVariableDefs.obj (EPwm7RegsFile)

EPwm8RegsFile 
*          1    00004700    00000100     UNINITIALIZED
                  00004700    00000100     F2837xS_GlobalVariableDefs.obj (EPwm8RegsFile)

EPwm9RegsFile 
*          1    00004800    00000100     UNINITIALIZED
                  00004800    00000100     F2837xS_GlobalVariableDefs.obj (EPwm9RegsFile)

EPwm10RegsFile 
*          1    00004900    00000100     UNINITIALIZED
                  00004900    00000100     F2837xS_GlobalVariableDefs.obj (EPwm10RegsFile)

EPwm11RegsFile 
*          1    00004a00    00000100     UNINITIALIZED
                  00004a00    00000100     F2837xS_GlobalVariableDefs.obj (EPwm11RegsFile)

EPwm12RegsFile 
*          1    00004b00    00000100     UNINITIALIZED
                  00004b00    00000100     F2837xS_GlobalVariableDefs.obj (EPwm12RegsFile)

ECap1RegsFile 
*          1    00005000    00000020     UNINITIALIZED
                  00005000    00000020     F2837xS_GlobalVariableDefs.obj (ECap1RegsFile)

ECap2RegsFile 
*          1    00005020    00000020     UNINITIALIZED
                  00005020    00000020     F2837xS_GlobalVariableDefs.obj (ECap2RegsFile)

ECap3RegsFile 
*          1    00005040    00000020     UNINITIALIZED
                  00005040    00000020     F2837xS_GlobalVariableDefs.obj (ECap3RegsFile)

ECap4RegsFile 
*          1    00005060    00000020     UNINITIALIZED
                  00005060    00000020     F2837xS_GlobalVariableDefs.obj (ECap4RegsFile)

ECap5RegsFile 
*          1    00005080    00000020     UNINITIALIZED
                  00005080    00000020     F2837xS_GlobalVariableDefs.obj (ECap5RegsFile)

ECap6RegsFile 
*          1    000050a0    00000020     UNINITIALIZED
                  000050a0    00000020     F2837xS_GlobalVariableDefs.obj (ECap6RegsFile)

EQep1RegsFile 
*          1    00005100    00000022     UNINITIALIZED
                  00005100    00000022     F2837xS_GlobalVariableDefs.obj (EQep1RegsFile)

EQep2RegsFile 
*          1    00005140    00000022     UNINITIALIZED
                  00005140    00000022     F2837xS_GlobalVariableDefs.obj (EQep2RegsFile)

EQep3RegsFile 
*          1    00005180    00000022     UNINITIALIZED
                  00005180    00000022     F2837xS_GlobalVariableDefs.obj (EQep3RegsFile)

DacaRegsFile 
*          1    00005c00    00000008     UNINITIALIZED
                  00005c00    00000008     F2837xS_GlobalVariableDefs.obj (DacaRegsFile)

DacbRegsFile 
*          1    00005c10    00000008     UNINITIALIZED
                  00005c10    00000008     F2837xS_GlobalVariableDefs.obj (DacbRegsFile)

DaccRegsFile 
*          1    00005c20    00000008     UNINITIALIZED
                  00005c20    00000008     F2837xS_GlobalVariableDefs.obj (DaccRegsFile)

Sdfm1RegsFile 
*          1    00005e00    00000080     UNINITIALIZED
                  00005e00    00000080     F2837xS_GlobalVariableDefs.obj (Sdfm1RegsFile)

Sdfm2RegsFile 
*          1    00005e80    00000080     UNINITIALIZED
                  00005e80    00000080     F2837xS_GlobalVariableDefs.obj (Sdfm2RegsFile)

McbspaRegsFile 
*          1    00006000    00000024     UNINITIALIZED
                  00006000    00000024     F2837xS_GlobalVariableDefs.obj (McbspaRegsFile)

McbspbRegsFile 
*          1    00006040    00000024     UNINITIALIZED
                  00006040    00000024     F2837xS_GlobalVariableDefs.obj (McbspbRegsFile)

SpiaRegsFile 
*          1    00006100    00000010     UNINITIALIZED
                  00006100    00000010     F2837xS_GlobalVariableDefs.obj (SpiaRegsFile)

SpibRegsFile 
*          1    00006110    00000010     UNINITIALIZED
                  00006110    00000010     F2837xS_GlobalVariableDefs.obj (SpibRegsFile)

SpicRegsFile 
*          1    00006120    00000010     UNINITIALIZED
                  00006120    00000010     F2837xS_GlobalVariableDefs.obj (SpicRegsFile)

UppRegsFile 
*          1    00006200    00000048     UNINITIALIZED
                  00006200    00000048     F2837xS_GlobalVariableDefs.obj (UppRegsFile)

WdRegsFile 
*          1    00007000    0000002b     UNINITIALIZED
                  00007000    0000002b     F2837xS_GlobalVariableDefs.obj (WdRegsFile)

NmiIntruptRegsFile 
*          1    00007060    00000007     UNINITIALIZED
                  00007060    00000007     F2837xS_GlobalVariableDefs.obj (NmiIntruptRegsFile)

XintRegsFile 
*          1    00007070    0000000b     UNINITIALIZED
                  00007070    0000000b     F2837xS_GlobalVariableDefs.obj (XintRegsFile)

SciaRegsFile 
*          1    00007200    00000010     UNINITIALIZED
                  00007200    00000010     F2837xS_GlobalVariableDefs.obj (SciaRegsFile)

ScibRegsFile 
*          1    00007210    00000010     UNINITIALIZED
                  00007210    00000010     F2837xS_GlobalVariableDefs.obj (ScibRegsFile)

ScicRegsFile 
*          1    00007220    00000010     UNINITIALIZED
                  00007220    00000010     F2837xS_GlobalVariableDefs.obj (ScicRegsFile)

ScidRegsFile 
*          1    00007230    00000010     UNINITIALIZED
                  00007230    00000010     F2837xS_GlobalVariableDefs.obj (ScidRegsFile)

I2caRegsFile 
*          1    00007300    00000022     UNINITIALIZED
                  00007300    00000022     F2837xS_GlobalVariableDefs.obj (I2caRegsFile)

I2cbRegsFile 
*          1    00007340    00000022     UNINITIALIZED
                  00007340    00000022     F2837xS_GlobalVariableDefs.obj (I2cbRegsFile)

AdcaRegsFile 
*          1    00007400    00000080     UNINITIALIZED
                  00007400    00000080     F2837xS_GlobalVariableDefs.obj (AdcaRegsFile)

AdcbRegsFile 
*          1    00007480    00000080     UNINITIALIZED
                  00007480    00000080     F2837xS_GlobalVariableDefs.obj (AdcbRegsFile)

AdccRegsFile 
*          1    00007500    00000080     UNINITIALIZED
                  00007500    00000080     F2837xS_GlobalVariableDefs.obj (AdccRegsFile)

AdcdRegsFile 
*          1    00007580    00000080     UNINITIALIZED
                  00007580    00000080     F2837xS_GlobalVariableDefs.obj (AdcdRegsFile)

CanaRegsFile 
*          1    00048000    00000164     UNINITIALIZED
                  00048000    00000164     F2837xS_GlobalVariableDefs.obj (CanaRegsFile)

CanbRegsFile 
*          1    0004a000    00000164     UNINITIALIZED
                  0004a000    00000164     F2837xS_GlobalVariableDefs.obj (CanbRegsFile)

AnalogSubsysRegsFile 
*          1    0005d180    00000048     UNINITIALIZED
                  0005d180    00000048     F2837xS_GlobalVariableDefs.obj (AnalogSubsysRegsFile)

Cla1SoftIntRegsFile 
*          1    00000ce0    00000004     DSECT
                  00000ce0    00000004     F2837xS_GlobalVariableDefs.obj (Cla1SoftIntRegsFile)

Cmpss1RegsFile 
*          1    00005c80    00000020     UNINITIALIZED
                  00005c80    00000020     F2837xS_GlobalVariableDefs.obj (Cmpss1RegsFile)

Cmpss2RegsFile 
*          1    00005ca0    00000020     UNINITIALIZED
                  00005ca0    00000020     F2837xS_GlobalVariableDefs.obj (Cmpss2RegsFile)

Cmpss3RegsFile 
*          1    00005cc0    00000020     UNINITIALIZED
                  00005cc0    00000020     F2837xS_GlobalVariableDefs.obj (Cmpss3RegsFile)

Cmpss4RegsFile 
*          1    00005ce0    00000020     UNINITIALIZED
                  00005ce0    00000020     F2837xS_GlobalVariableDefs.obj (Cmpss4RegsFile)

Cmpss5RegsFile 
*          1    00005d00    00000020     UNINITIALIZED
                  00005d00    00000020     F2837xS_GlobalVariableDefs.obj (Cmpss5RegsFile)

Cmpss6RegsFile 
*          1    00005d20    00000020     UNINITIALIZED
                  00005d20    00000020     F2837xS_GlobalVariableDefs.obj (Cmpss6RegsFile)

Cmpss7RegsFile 
*          1    00005d40    00000020     UNINITIALIZED
                  00005d40    00000020     F2837xS_GlobalVariableDefs.obj (Cmpss7RegsFile)

Cmpss8RegsFile 
*          1    00005d60    00000020     UNINITIALIZED
                  00005d60    00000020     F2837xS_GlobalVariableDefs.obj (Cmpss8RegsFile)

InputXbarRegsFile 
*          1    00007900    00000020     UNINITIALIZED
                  00007900    00000020     F2837xS_GlobalVariableDefs.obj (InputXbarRegsFile)

XbarRegsFile 
*          1    00007920    00000020     UNINITIALIZED
                  00007920    00000020     F2837xS_GlobalVariableDefs.obj (XbarRegsFile)

SyncSocRegsFile 
*          1    00007940    00000006     UNINITIALIZED
                  00007940    00000006     F2837xS_GlobalVariableDefs.obj (SyncSocRegsFile)

DmaClaSrcSelRegsFile 
*          1    00007980    0000001a     UNINITIALIZED
                  00007980    0000001a     F2837xS_GlobalVariableDefs.obj (DmaClaSrcSelRegsFile)

EPwmXbarRegsFile 
*          1    00007a00    00000040     UNINITIALIZED
                  00007a00    00000040     F2837xS_GlobalVariableDefs.obj (EPwmXbarRegsFile)

OutputXbarRegsFile 
*          1    00007a80    00000040     UNINITIALIZED
                  00007a80    00000040     F2837xS_GlobalVariableDefs.obj (OutputXbarRegsFile)

GpioCtrlRegsFile 
*          1    00007c00    00000180     UNINITIALIZED
                  00007c00    00000180     F2837xS_GlobalVariableDefs.obj (GpioCtrlRegsFile)

GpioDataRegsFile 
*          1    00007f00    00000030     UNINITIALIZED
                  00007f00    00000030     F2837xS_GlobalVariableDefs.obj (GpioDataRegsFile)

Emif1RegsFile 
*          1    00047000    00000070     UNINITIALIZED
                  00047000    00000070     F2837xS_GlobalVariableDefs.obj (Emif1RegsFile)

Emif2RegsFile 
*          1    00047800    00000070     UNINITIALIZED
                  00047800    00000070     F2837xS_GlobalVariableDefs.obj (Emif2RegsFile)

FlashPumpSemaphoreRegsFile 
*          1    00050024    00000002     UNINITIALIZED
                  00050024    00000002     F2837xS_GlobalVariableDefs.obj (FlashPumpSemaphoreRegsFile)

RomPrefetchRegsFile 
*          1    0005e608    00000002     UNINITIALIZED
                  0005e608    00000002     F2837xS_GlobalVariableDefs.obj (RomPrefetchRegsFile)

DcsmZ1RegsFile 
*          1    0005f000    00000024     UNINITIALIZED
                  0005f000    00000024     F2837xS_GlobalVariableDefs.obj (DcsmZ1RegsFile)

DcsmZ2RegsFile 
*          1    0005f040    00000024     UNINITIALIZED
                  0005f040    00000024     F2837xS_GlobalVariableDefs.obj (DcsmZ2RegsFile)

DcsmCommonRegsFile 
*          1    0005f070    00000008     UNINITIALIZED
                  0005f070    00000008     F2837xS_GlobalVariableDefs.obj (DcsmCommonRegsFile)

MemCfgRegsFile 
*          1    0005f400    00000080     UNINITIALIZED
                  0005f400    00000080     F2837xS_GlobalVariableDefs.obj (MemCfgRegsFile)

Emif1ConfigRegsFile 
*          1    0005f480    00000020     UNINITIALIZED
                  0005f480    00000020     F2837xS_GlobalVariableDefs.obj (Emif1ConfigRegsFile)

Emif2ConfigRegsFile 
*          1    0005f4a0    00000020     UNINITIALIZED
                  0005f4a0    00000020     F2837xS_GlobalVariableDefs.obj (Emif2ConfigRegsFile)

AccessProtectionRegsFile 
*          1    0005f4c0    00000040     UNINITIALIZED
                  0005f4c0    00000040     F2837xS_GlobalVariableDefs.obj (AccessProtectionRegsFile)

MemoryErrorRegsFile 
*          1    0005f500    00000040     UNINITIALIZED
                  0005f500    00000040     F2837xS_GlobalVariableDefs.obj (MemoryErrorRegsFile)

RomWaitStateRegsFile 
*          1    0005f540    00000002     UNINITIALIZED
                  0005f540    00000002     F2837xS_GlobalVariableDefs.obj (RomWaitStateRegsFile)

Flash0CtrlRegsFile 
*          1    0005f800    00000182     UNINITIALIZED
                  0005f800    00000182     F2837xS_GlobalVariableDefs.obj (Flash0CtrlRegsFile)

Flash0EccRegsFile 
*          1    0005fb00    00000028     UNINITIALIZED
                  0005fb00    00000028     F2837xS_GlobalVariableDefs.obj (Flash0EccRegsFile)

Flash1CtrlRegsFile 
*          1    0005fc00    00000182     UNINITIALIZED
                  0005fc00    00000182     F2837xS_GlobalVariableDefs.obj (Flash1CtrlRegsFile)

Flash1EccRegsFile 
*          1    0005ff00    00000028     UNINITIALIZED
                  0005ff00    00000028     F2837xS_GlobalVariableDefs.obj (Flash1EccRegsFile)

DcsmZ1OtpFile 
*          1    00078000    00000020     NOLOAD SECTION
                  00078000    00000020     F2837xS_GlobalVariableDefs.obj (DcsmZ1OtpFile)

DcsmZ2OtpFile 
*          1    00078200    00000020     NOLOAD SECTION
                  00078200    00000020     F2837xS_GlobalVariableDefs.obj (DcsmZ2OtpFile)

DevCfgRegsFile 
*          1    0005d000    0000012e     UNINITIALIZED
                  0005d000    0000012e     F2837xS_GlobalVariableDefs.obj (DevCfgRegsFile)

ClkCfgRegsFile 
*          1    0005d200    00000032     UNINITIALIZED
                  0005d200    00000032     F2837xS_GlobalVariableDefs.obj (ClkCfgRegsFile)

CpuSysRegsFile 
*          1    0005d300    00000082     UNINITIALIZED
                  0005d300    00000082     F2837xS_GlobalVariableDefs.obj (CpuSysRegsFile)

MODULE SUMMARY

       Module                             code    initialized data   uninitialized data
       ------                             ----    ----------------   ------------------
    .\MCU_Resource_Files\Source\F2837xS_v210\
       SWPrioritizedDefaultIsr.obj        14642   0                  52                
       F2837xS_GlobalVariableDefs.obj     0       0                  9149              
       F2837xS_SysCtrl.obj                1870    0                  0                 
       F2837xS_Gpio.obj                   1160    0                  0                 
       F2837xS_PieVect.obj                76      896                0                 
       F2837xS_EPwm.obj                   536     0                  0                 
       F2837xS_CpuTimers.obj              248     0                  24                
       F2837xS_can.obj                    152     0                  0                 
       F2837xS_PieCtrl.obj                80      0                  0                 
       DSP28xxx_SectionCopy_nonBIOS.obj   51      0                  0                 
       DSP28xxx_CodeStartBranch.obj       10      0                  0                 
       F2837xS_usDelay.obj                8       0                  0                 
       F2837xS_DBGIER.obj                 6       0                  0                 
    +--+----------------------------------+-------+------------------+--------------------+
       Total:                             18839   896                9225              
                                                                                       
    .\Source_Files\
       MODE.obj                           4296    0                  109               
       ADC.obj                            3204    0                  210               
       PWM.obj                            3098    58                 26                
       CAN.obj                            2218    72                 22                
       GPIO.obj                           646     0                  3                 
       main.obj                           228     0                  0                 
       TIMER.obj                          148     0                  8                 
       ASW.obj                            90      0                  0                 
       Sleep.obj                          34      0                  1                 
    +--+----------------------------------+-------+------------------+--------------------+
       Total:                             13962   130                379               
                                                                                       
    C:\ti\ccs1011\ccs\tools\compiler\ti-cgt-c2000_20.2.1.LTS\lib\rts2800_fpu32.lib
       e_logf.c.obj                       598     32                 0                 
       fs_div28.asm.obj                   272     0                  0                 
       boot28.asm.obj                     172     0                  0                 
       exit.c.obj                         82      28                 6                 
       cpy_tbl.c.obj                      72      0                  0                 
       memcpy.c.obj                       58      0                  0                 
       _lock.c.obj                        18      20                 4                 
       args_main.c.obj                    36      0                  0                 
       u_div28.asm.obj                    22      0                  0                 
       errno.c.obj                        0       8                  1                 
       pre_init.c.obj                     4       0                  0                 
       startup.c.obj                      2       0                  0                 
    +--+----------------------------------+-------+------------------+--------------------+
       Total:                             1336    88                 11                
                                                                                       
       Stack:                             0       0                  1024              
    +--+----------------------------------+-------+------------------+--------------------+
       Grand Total:                       34137   1114               10639             


GLOBAL DATA SYMBOLS: SORTED BY DATA PAGE

address     data page           name
--------    ----------------    ----
00000b00      2c (00000b00)     _AdcaResultRegs
00000b20      2c (00000b00)     _AdcbResultRegs

00000b40      2d (00000b40)     _AdccResultRegs
00000b60      2d (00000b40)     _AdcdResultRegs

00000c00      30 (00000c00)     _CpuTimer0Regs
00000c08      30 (00000c00)     _CpuTimer1Regs
00000c10      30 (00000c00)     _CpuTimer2Regs

00000ce0      33 (00000cc0)     _Cla1SoftIntRegs
00000ce0      33 (00000cc0)     _PieCtrlRegs

00000d00      34 (00000d00)     _EmuKey
00000d00      34 (00000d00)     _PieVectTable
00000d01      34 (00000d00)     _EmuBMode

00001000      40 (00001000)     _DmaRegs

00001400      50 (00001400)     _Cla1Regs

00004000     100 (00004000)     _EPwm1Regs

00004100     104 (00004100)     _EPwm2Regs

00004200     108 (00004200)     _EPwm3Regs

00004300     10c (00004300)     _EPwm4Regs

00004400     110 (00004400)     _EPwm5Regs

00004500     114 (00004500)     _EPwm6Regs

00004600     118 (00004600)     _EPwm7Regs

00004700     11c (00004700)     _EPwm8Regs

00004800     120 (00004800)     _EPwm9Regs

00004900     124 (00004900)     _EPwm10Regs

00004a00     128 (00004a00)     _EPwm11Regs

00004b00     12c (00004b00)     _EPwm12Regs

00005000     140 (00005000)     _ECap1Regs
00005020     140 (00005000)     _ECap2Regs

00005040     141 (00005040)     _ECap3Regs
00005060     141 (00005040)     _ECap4Regs

00005080     142 (00005080)     _ECap5Regs
000050a0     142 (00005080)     _ECap6Regs

00005100     144 (00005100)     _EQep1Regs

00005140     145 (00005140)     _EQep2Regs

00005180     146 (00005180)     _EQep3Regs

00005c00     170 (00005c00)     _DacaRegs
00005c10     170 (00005c00)     _DacbRegs
00005c20     170 (00005c00)     _DaccRegs

00005c80     172 (00005c80)     _Cmpss1Regs
00005ca0     172 (00005c80)     _Cmpss2Regs

00005cc0     173 (00005cc0)     _Cmpss3Regs
00005ce0     173 (00005cc0)     _Cmpss4Regs

00005d00     174 (00005d00)     _Cmpss5Regs
00005d20     174 (00005d00)     _Cmpss6Regs

00005d40     175 (00005d40)     _Cmpss7Regs
00005d60     175 (00005d40)     _Cmpss8Regs

00005e00     178 (00005e00)     _Sdfm1Regs

00005e80     17a (00005e80)     _Sdfm2Regs

00006000     180 (00006000)     _McbspaRegs

00006040     181 (00006040)     _McbspbRegs

00006100     184 (00006100)     _SpiaRegs
00006110     184 (00006100)     _SpibRegs
00006120     184 (00006100)     _SpicRegs

00006200     188 (00006200)     _UppRegs

00007000     1c0 (00007000)     _WdRegs

00007060     1c1 (00007040)     _NmiIntruptRegs
00007070     1c1 (00007040)     _XintRegs

00007200     1c8 (00007200)     _SciaRegs
00007210     1c8 (00007200)     _ScibRegs
00007220     1c8 (00007200)     _ScicRegs
00007230     1c8 (00007200)     _ScidRegs

00007300     1cc (00007300)     _I2caRegs

00007340     1cd (00007340)     _I2cbRegs

00007400     1d0 (00007400)     _AdcaRegs

00007480     1d2 (00007480)     _AdcbRegs

00007500     1d4 (00007500)     _AdccRegs

00007580     1d6 (00007580)     _AdcdRegs

00007900     1e4 (00007900)     _InputXbarRegs
00007920     1e4 (00007900)     _XbarRegs

00007940     1e5 (00007940)     _SyncSocRegs

00007980     1e6 (00007980)     _DmaClaSrcSelRegs

00007a00     1e8 (00007a00)     _EPwmXbarRegs

00007a80     1ea (00007a80)     _OutputXbarRegs

00007c00     1f0 (00007c00)     _GpioCtrlRegs

00007f00     1fc (00007f00)     _GpioDataRegs

0000a800     2a0 (0000a800)     _PieVectTableInit

0000a9fa     2a7 (0000a9c0)     _b_CANgetData
0000a9fb     2a7 (0000a9c0)     _u8_previous_sw_state
0000a9fc     2a7 (0000a9c0)     _u8_previous_mode
0000a9fe     2a7 (0000a9c0)     _messageSize

0000aa00     2a8 (0000aa00)     _u8g_operationMode
0000aa01     2a8 (0000aa00)     _u8g_Close_Loop
0000aa02     2a8 (0000aa00)     _u8g_IG_ON
0000aa03     2a8 (0000aa00)     _u8g_bb_mode
0000aa04     2a8 (0000aa00)     _u8g_resetFault
0000aa05     2a8 (0000aa00)     _u8_Phase_Upate
0000aa06     2a8 (0000aa00)     _u8_Buck_Boost_Delay
0000aa07     2a8 (0000aa00)     _u8g_Phase_Selection_timer
0000aa0e     2a8 (0000aa00)     _f_Target_V
0000aa10     2a8 (0000aa00)     _f_Power_Limit
0000aa12     2a8 (0000aa00)     _f_open_loop_duty
0000aa14     2a8 (0000aa00)     _st_phases
0000aa16     2a8 (0000aa00)     _f_Dff
0000aa26     2a8 (0000aa00)     _st_pwm_duty
0000aa32     2a8 (0000aa00)     _st_kVH

0000aa40     2a9 (0000aa40)     _st_kI
0000aa48     2a9 (0000aa40)     _st_eVH
0000aa50     2a9 (0000aa40)     _ePWM_Regs
0000aa6a     2a9 (0000aa40)     _st_eI
0000aa7a     2a9 (0000aa40)     ___TI_enable_exit_profile_output
0000aa7c     2a9 (0000aa40)     ___TI_cleanup_ptr
0000aa7e     2a9 (0000aa40)     ___TI_dtors_ptr

0000aa80     2aa (0000aa80)     _checkFault_I
0000aa81     2aa (0000aa80)     _checkFault_T
0000aa82     2aa (0000aa80)     _checkFault_V
0000aa83     2aa (0000aa80)     _checkFault_Gate
0000aa84     2aa (0000aa80)     _u8g_pwm_mode_start
0000aa88     2aa (0000aa80)     _fg_Vin1
0000aa8a     2aa (0000aa80)     _fg_Vin2
0000aa8c     2aa (0000aa80)     _fg_Vout1
0000aa8e     2aa (0000aa80)     _fg_Vout2
0000aa90     2aa (0000aa80)     _fg_Buck_V
0000aa92     2aa (0000aa80)     _fg_Boost_V
0000aa94     2aa (0000aa80)     _fg_Total_Current_LPF
0000aa96     2aa (0000aa80)     _fg_Total_Power
0000aaa8     2aa (0000aa80)     _st_Current_LPF
0000aaac     2aa (0000aa80)     _st_Temperature

0000aac8     2ab (0000aac0)     _ISRTrace
0000aafa     2ab (0000aac0)     _f_Iref
0000aafe     2ab (0000aac0)     _ISRTraceIndex
0000aaff     2ab (0000aac0)     _i

0000ab00     2ac (0000ab00)     _CpuTimer0
0000ab08     2ac (0000ab00)     _CpuTimer1
0000ab10     2ac (0000ab00)     _CpuTimer2
0000ab3c     2ac (0000ab00)     _u8g_over_current_fault
0000ab3d     2ac (0000ab00)     _u8g_over_volt_fault
0000ab3e     2ac (0000ab00)     _u8g_driver_fault
0000ab3f     2ac (0000ab00)     _u8_sleep_ON

0000ab7b     2ad (0000ab40)     _errno
0000ab7c     2ad (0000ab40)     __lock
0000ab7e     2ad (0000ab40)     __unlock

0000ab80     2ae (0000ab80)     _u8g_mode_change
0000ab81     2ae (0000ab80)     _u8g_CAN_transmit
0000ab82     2ae (0000ab80)     _u8g_initialze_time
0000ab83     2ae (0000ab80)     _u16_Timer1IsrCnt2
0000ab84     2ae (0000ab80)     _u16_Timer1IsrCnt1
0000ab85     2ae (0000ab80)     _u16_Timer1IsrCnt3
0000ab86     2ae (0000ab80)     _u8_one_second_mode
0000ab87     2ae (0000ab80)     _u8_CAN_timer
0000ab98     2ae (0000ab80)     _ucRXMsgData
0000aba0     2ae (0000ab80)     _ucTXMsgData

0000b800     2e0 (0000b800)     __stack

00047000    11c0 (00047000)     _Emif1Regs

00047800    11e0 (00047800)     _Emif2Regs

00048000    1200 (00048000)     _CanaRegs

0004a000    1280 (0004a000)     _CanbRegs

00050024    1400 (00050000)     _FlashPumpSemaphoreRegs

0005d000    1740 (0005d000)     _DevCfgRegs

0005d180    1746 (0005d180)     _AnalogSubsysRegs

0005d200    1748 (0005d200)     _ClkCfgRegs

0005d300    174c (0005d300)     _CpuSysRegs

0005e608    1798 (0005e600)     _RomPrefetchRegs

0005f000    17c0 (0005f000)     _DcsmZ1Regs

0005f040    17c1 (0005f040)     _DcsmZ2Regs
0005f070    17c1 (0005f040)     _DcsmCommonRegs

0005f400    17d0 (0005f400)     _MemCfgRegs

0005f480    17d2 (0005f480)     _Emif1ConfigRegs
0005f4a0    17d2 (0005f480)     _Emif2ConfigRegs

0005f4c0    17d3 (0005f4c0)     _AccessProtectionRegs

0005f500    17d4 (0005f500)     _MemoryErrorRegs

0005f540    17d5 (0005f540)     _RomWaitStateRegs

0005f800    17e0 (0005f800)     _Flash0CtrlRegs

0005fb00    17ec (0005fb00)     _Flash0EccRegs

0005fc00    17f0 (0005fc00)     _Flash1CtrlRegs

0005ff00    17fc (0005ff00)     _Flash1EccRegs

00078000    1e00 (00078000)     _DcsmZ1Otp

00078200    1e08 (00078200)     _DcsmZ2Otp


GLOBAL SYMBOLS: SORTED ALPHABETICALLY BY Name 

page  address   name                                  
----  -------   ----                                  
0     00011000  .text                                 
0     0001518a  C$$EXIT                               
0     00014ea9  FS$$DIV                               
0     00015270  U$$DIV                                
0     00015275  U$$MOD                                
0     000110d9  _ADCA1_ISR                            
0     00012449  _ADCA2_ISR                            
0     00012483  _ADCA3_ISR                            
0     000124b1  _ADCA4_ISR                            
0     0001240f  _ADCA_EVT_ISR                         
0     00011113  _ADCB1_ISR                            
0     00012519  _ADCB2_ISR                            
0     00012553  _ADCB3_ISR                            
0     0001258d  _ADCB4_ISR                            
0     000124df  _ADCB_EVT_ISR                         
0     0001114d  _ADCC1_ISR                            
0     00012601  _ADCC2_ISR                            
0     0001263b  _ADCC3_ISR                            
0     00012675  _ADCC4_ISR                            
0     000125c7  _ADCC_EVT_ISR                         
0     000111ef  _ADCD1_ISR                            
0     000126e9  _ADCD2_ISR                            
0     00012723  _ADCD3_ISR                            
0     0001275d  _ADCD4_ISR                            
0     000126af  _ADCD_EVT_ISR                         
0     00013b0a  _ADC_Init                             
0     00013c04  _ADC_Update                           
0     00012bcd  _AUX_PLL_SLIP_ISR                     
1     0005f4c0  _AccessProtectionRegs                 
1     00007400  _AdcaRegs                             
1     00000b00  _AdcaResultRegs                       
1     00007480  _AdcbRegs                             
1     00000b20  _AdcbResultRegs                       
1     00007500  _AdccRegs                             
1     00000b40  _AdccResultRegs                       
1     00007580  _AdcdRegs                             
1     00000b60  _AdcdResultRegs                       
0     000138dc  _All_Update_Freq                      
1     0005d180  _AnalogSubsysRegs                     
0     00014807  _AuxAuxClkSel                         
0     000147f1  _AuxIntOsc2Sel                        
0     000147fb  _AuxXtalOscSel                        
0     000122ed  _CANA0_ISR                            
0     00012327  _CANA1_ISR                            
0     00012361  _CANB0_ISR                            
0     0001239b  _CANB1_ISR                            
0     0001404e  _CAN_Init                             
0     00014097  _CAN_Transmit                         
0     00012797  _CLA1_1_ISR                           
0     000127d1  _CLA1_2_ISR                           
0     0001280b  _CLA1_3_ISR                           
0     00012839  _CLA1_4_ISR                           
0     00012867  _CLA1_5_ISR                           
0     000128a1  _CLA1_6_ISR                           
0     000128db  _CLA1_7_ISR                           
0     00012915  _CLA1_8_ISR                           
0     00012c07  _CLA_OVERFLOW_ISR                     
0     00012c41  _CLA_UNDERFLOW_ISR                    
0     00011aff  _CLB1_ISR                             
0     00011b39  _CLB2_ISR                             
0     00011b73  _CLB3_ISR                             
0     00011bad  _CLB4_ISR                             
1     00048000  _CanaRegs                             
1     0004a000  _CanbRegs                             
1     00001400  _Cla1Regs                             
0     00000ce0  _Cla1SoftIntRegs                      
1     0005d200  _ClkCfgRegs                           
1     00005c80  _Cmpss1Regs                           
1     00005ca0  _Cmpss2Regs                           
1     00005cc0  _Cmpss3Regs                           
1     00005ce0  _Cmpss4Regs                           
1     00005d00  _Cmpss5Regs                           
1     00005d20  _Cmpss6Regs                           
1     00005d40  _Cmpss7Regs                           
1     00005d60  _Cmpss8Regs                           
0     00014f72  _ConfigCpuTimer                       
1     0005d300  _CpuSysRegs                           
1     0000ab00  _CpuTimer0                            
1     00000c00  _CpuTimer0Regs                        
1     0000ab08  _CpuTimer1                            
1     00000c08  _CpuTimer1Regs                        
1     0000ab10  _CpuTimer2                            
1     00000c10  _CpuTimer2Regs                        
0     000147b0  _CsmUnlock                            
0     0001101a  _DATALOG_ISR                          
0     00011e9f  _DMA_CH1_ISR                          
0     00011ed9  _DMA_CH2_ISR                          
0     00011f13  _DMA_CH3_ISR                          
0     00011f4d  _DMA_CH4_ISR                          
0     00011f87  _DMA_CH5_ISR                          
0     00011fc1  _DMA_CH6_ISR                          
1     00005c00  _DacaRegs                             
1     00005c10  _DacbRegs                             
1     00005c20  _DaccRegs                             
1     0005f070  _DcsmCommonRegs                       
1     00078000  _DcsmZ1Otp                            
1     0005f000  _DcsmZ1Regs                           
1     00078200  _DcsmZ2Otp                            
1     0005f040  _DcsmZ2Regs                           
1     0005d000  _DevCfgRegs                           
0     00014614  _DisableDog                           
0     00014558  _DisablePeripheralClocks              
1     00007980  _DmaClaSrcSelRegs                     
1     00001000  _DmaRegs                              
0     000118f5  _ECAP1_ISR                            
0     0001192f  _ECAP2_ISR                            
0     00011969  _ECAP3_ISR                            
0     000119a3  _ECAP4_ISR                            
0     000119dd  _ECAP5_ISR                            
0     00011a17  _ECAP6_ISR                            
1     00005000  _ECap1Regs                            
1     00005020  _ECap2Regs                            
1     00005040  _ECap3Regs                            
1     00005060  _ECap4Regs                            
1     00005080  _ECap5Regs                            
1     000050a0  _ECap6Regs                            
0     00012aab  _EMIF_ERROR_ISR                       
0     00011034  _EMU_ISR                              
0     00011847  _EPWM10_ISR                           
0     0001158f  _EPWM10_TZ_ISR                        
0     00011881  _EPWM11_ISR                           
0     000115c9  _EPWM11_TZ_ISR                        
0     000118bb  _EPWM12_ISR                           
0     00011603  _EPWM12_TZ_ISR                        
0     0001163d  _EPWM1_ISR                            
0     00011385  _EPWM1_TZ_ISR                         
0     00011677  _EPWM2_ISR                            
0     000113bf  _EPWM2_TZ_ISR                         
0     000116b1  _EPWM3_ISR                            
0     000113f9  _EPWM3_TZ_ISR                         
0     000116eb  _EPWM4_ISR                            
0     00011433  _EPWM4_TZ_ISR                         
0     00011725  _EPWM5_ISR                            
0     0001146d  _EPWM5_TZ_ISR                         
0     0001175f  _EPWM6_ISR                            
0     000114a7  _EPWM6_TZ_ISR                         
0     00011799  _EPWM7_ISR                            
0     000114e1  _EPWM7_TZ_ISR                         
0     000117d3  _EPWM8_ISR                            
0     0001151b  _EPWM8_TZ_ISR                         
0     0001180d  _EPWM9_ISR                            
0     00011555  _EPWM9_TZ_ISR                         
1     00004900  _EPwm10Regs                           
1     00004a00  _EPwm11Regs                           
1     00004b00  _EPwm12Regs                           
1     00004000  _EPwm1Regs                            
1     00004100  _EPwm2Regs                            
1     00004200  _EPwm3Regs                            
1     00004300  _EPwm4Regs                            
1     00004400  _EPwm5Regs                            
1     00004500  _EPwm6Regs                            
1     00004600  _EPwm7Regs                            
1     00004700  _EPwm8Regs                            
1     00004800  _EPwm9Regs                            
1     00007a00  _EPwmXbarRegs                         
0     00011a51  _EQEP1_ISR                            
0     00011a8b  _EQEP2_ISR                            
0     00011ac5  _EQEP3_ISR                            
1     00005100  _EQep1Regs                            
1     00005140  _EQep2Regs                            
1     00005180  _EQep3Regs                            
1     0005f480  _Emif1ConfigRegs                      
1     00047000  _Emif1Regs                            
1     0005f4a0  _Emif2ConfigRegs                      
1     00047800  _Emif2Regs                            
1     00000d01  _EmuBMode                             
1     00000d00  _EmuKey                               
0     000151d2  _EnableInterrupts                     
0     00015284  _F28x_usDelay                         
0     00012b1f  _FLASH_CORRECTABLE_ERROR_ISR          
0     00012a37  _FPU_OVERFLOW_ISR                     
0     00012a71  _FPU_UNDERFLOW_ISR                    
0     0001515d  _Fault_Check                          
1     0005f800  _Flash0CtrlRegs                       
1     0005fb00  _Flash0EccRegs                        
1     0005fc00  _Flash1CtrlRegs                       
1     0005ff00  _Flash1EccRegs                        
0     000145c2  _FlashOff_Bank0                       
0     000145d0  _FlashOff_Bank1                       
1     00050024  _FlashPumpSemaphoreRegs               
0     0001505d  _Fualt_isr                            
0     00014a43  _GPIO_EnableUnbondedIOPullups         
0     00014a1e  _GPIO_EnableUnbondedIOPullupsFor100Pin
0     00014a05  _GPIO_EnableUnbondedIOPullupsFor176Pin
0     00014dc3  _GPIO_Init                            
0     00014e6e  _GPIO_Interrupt_Set                   
0     00014a59  _GPIO_ReadPin                         
0     000149aa  _GPIO_SetupLock                       
0     0001488a  _GPIO_SetupPinMux                     
0     00014916  _GPIO_SetupPinOptions                 
0     000149d3  _GPIO_SetupXINT1Gpio                  
0     000149dd  _GPIO_SetupXINT2Gpio                  
0     000149e7  _GPIO_SetupXINT3Gpio                  
0     000149f1  _GPIO_SetupXINT4Gpio                  
0     000149fb  _GPIO_SetupXINT5Gpio                  
0     00014a70  _GPIO_WritePin                        
1     00007c00  _GpioCtrlRegs                         
1     00007f00  _GpioDataRegs                         
0     00014825  _HALT                                 
0     00014836  _HIB                                  
0     00012035  _I2CA_FIFO_ISR                        
0     00011ffb  _I2CA_ISR                             
0     000120a9  _I2CB_FIFO_ISR                        
0     0001206f  _I2CB_ISR                             
1     00007300  _I2caRegs                             
1     00007340  _I2cbRegs                             
0     00014811  _IDLE                                 
0     0001104a  _ILLEGAL_ISR                          
0     00012c85  _INT_NOTUSED_ISR                      
0     0001129d  _IPC0_ISR                             
0     000112d7  _IPC1_ISR                             
0     00011311  _IPC2_ISR                             
0     0001134b  _IPC3_ISR                             
1     0000aac8  _ISRTrace                             
1     0000aafe  _ISRTraceIndex                        
0     000146e8  _InitAuxPll                           
0     000150d2  _InitCAN                              
0     00014f31  _InitCpuTimers                        
0     00014c84  _InitEPwm10Gpio                       
0     00014c9e  _InitEPwm11Gpio                       
0     00014cb2  _InitEPwm12Gpio                       
0     00014bd2  _InitEPwm1Gpio                        
0     00014be4  _InitEPwm2Gpio                        
0     00014bf6  _InitEPwm3Gpio                        
0     00014c0a  _InitEPwm4Gpio                        
0     00014c1e  _InitEPwm5Gpio                        
0     00014c30  _InitEPwm6Gpio                        
0     00014c42  _InitEPwm7Gpio                        
0     00014c56  _InitEPwm8Gpio                        
0     00014c6a  _InitEPwm9Gpio                        
0     00014bb9  _InitEPwmGpio                         
0     00014570  _InitFlash_Bank0                      
0     00014599  _InitFlash_Bank1                      
0     0001484a  _InitGpio                             
0     000144d4  _InitPeripheralClocks                 
0     000151b3  _InitPieCtrl                          
0     000151db  _InitPieVectTable                     
0     000144a3  _InitSysCtrl                          
0     00014622  _InitSysPll                           
1     00007900  _InputXbarRegs                        
0     00011d43  _MCBSPA_RX_ISR                        
0     00011d7d  _MCBSPA_TX_ISR                        
0     00011db7  _MCBSPB_RX_ISR                        
0     00011df1  _MCBSPB_TX_ISR                        
0     00012c99  _MODE_Init                            
1     00006000  _McbspaRegs                           
1     00006040  _McbspbRegs                           
1     0005f400  _MemCfgRegs                           
1     0005f500  _MemoryErrorRegs                      
0     00013565  _Mode_Change                          
0     0001103f  _NMI_ISR                              
1     00007060  _NmiIntruptRegs                       
1     00007a80  _OutputXbarRegs                       
0     0001501f  _Over_Current_isr                     
0     0001503e  _Over_Volt_isr                        
0     00012c7b  _PIE_RESERVED_ISR                     
0     000134fd  _PWM_CLEAR                            
0     00013638  _PWM_Init                             
0     00012d3e  _PWM_MODE                             
0     00015181  _PWM_Update                           
1     00000ce0  _PieCtrlRegs                          
1     00000d00  _PieVectTable                         
0     0000a800  _PieVectTableInit                     
0     00012b59  _RAM_ACCESS_VIOLATION_ISR             
0     00012ae5  _RAM_CORRECTABLE_ERROR_ISR            
0     00011027  _RTOS_ISR                             
0     000145fc  _ReleaseFlashPump                     
1     0005e608  _RomPrefetchRegs                      
1     0005f540  _RomWaitStateRegs                     
0     00012205  _SCIA_RX_ISR                          
0     0001223f  _SCIA_TX_ISR                          
0     00012279  _SCIB_RX_ISR                          
0     000122b3  _SCIB_TX_ISR                          
0     000120e3  _SCIC_RX_ISR                          
0     0001211d  _SCIC_TX_ISR                          
0     00012157  _SCID_RX_ISR                          
0     00012191  _SCID_TX_ISR                          
0     00011be7  _SD1_ISR                              
0     00011c21  _SD2_ISR                              
0     00011c5b  _SPIA_RX_ISR                          
0     00011c95  _SPIA_TX_ISR                          
0     00011ccf  _SPIB_RX_ISR                          
0     00011d09  _SPIB_TX_ISR                          
0     00011e2b  _SPIC_RX_ISR                          
0     00011e65  _SPIC_TX_ISR                          
0     0001481a  _STANDBY                              
0     00012b93  _SYS_PLL_SLIP_ISR                     
1     00007200  _SciaRegs                             
1     00007210  _ScibRegs                             
1     00007220  _ScicRegs                             
1     00007230  _ScidRegs                             
1     00005e00  _Sdfm1Regs                            
1     00005e80  _Sdfm2Regs                            
0     000145de  _SeizeFlashPump_Bank0                 
0     000145ed  _SeizeFlashPump_Bank1                 
0     00014606  _ServiceDog                           
0     00015288  _SetDBGIER                            
1     00006100  _SpiaRegs                             
1     00006110  _SpibRegs                             
1     00006120  _SpicRegs                             
1     00007940  _SyncSocRegs                          
0     000147d1  _SysIntOsc1Sel                        
0     000147db  _SysIntOsc2Sel                        
0     000147e5  _SysXtalOscSel                        
0     00011229  _TIMER0_ISR                           
0     00011000  _TIMER1_ISR                           
0     0001100d  _TIMER2_ISR                           
0     00015265  _Timer_Init                           
0     000121cb  _UPPA_ISR                             
0     000123d5  _USBA_ISR                             
0     000110b8  _USER10_ISR                           
0     000110c3  _USER11_ISR                           
0     000110ce  _USER12_ISR                           
0     00011055  _USER1_ISR                            
0     00011060  _USER2_ISR                            
0     0001106b  _USER3_ISR                            
0     00011076  _USER4_ISR                            
0     00011081  _USER5_ISR                            
0     0001108c  _USER6_ISR                            
0     00011097  _USER7_ISR                            
0     000110a2  _USER8_ISR                            
0     000110ad  _USER9_ISR                            
1     00006200  _UppRegs                              
0     000129fd  _VCU_ISR                              
0     00011263  _WAKE_ISR                             
1     00007000  _WdRegs                               
0     00011187  _XINT1_ISR                            
0     000111b5  _XINT2_ISR                            
0     0001294f  _XINT3_ISR                            
0     00012989  _XINT4_ISR                            
0     000129c3  _XINT5_ISR                            
1     00007920  _XbarRegs                             
1     00007070  _XintRegs                             
1     0000bc00  __STACK_END                           
abs   00000400  __STACK_SIZE                          
1     0000aa7c  ___TI_cleanup_ptr                     
1     0000aa7e  ___TI_dtors_ptr                       
1     0000aa7a  ___TI_enable_exit_profile_output      
abs   ffffffff  ___TI_pprof_out_hndl                  
abs   ffffffff  ___TI_prof_data_size                  
abs   ffffffff  ___TI_prof_data_start                 
abs   ffffffff  ___binit__                            
abs   ffffffff  ___c_args__                           
0     00000122  ___cinit__                            
0     0001528e  ___etext__                            
abs   ffffffff  ___pinit__                            
0     00011000  ___text__                             
0     00015242  __args_main                           
1     0000ab7c  __lock                                
0     00015283  __nop                                 
0     0001527f  __register_lock                       
0     0001527b  __register_unlock                     
1     0000b800  __stack                               
0     0001528d  __system_post_cinit                   
0     0001528b  __system_pre_init                     
1     0000ab7e  __unlock                              
0     0001518a  _abort                                
0     00014cc5  _adc_isr                              
1     0000a9fa  _b_CANgetData                         
0     0001507c  _c_int00                              
1     0000aa83  _checkFault_Gate                      
1     0000aa80  _checkFault_I                         
1     0000aa81  _checkFault_T                         
1     0000aa82  _checkFault_V                         
0     00080002  _cinit_loadstart                      
0     00000122  _cinit_runstart                       
abs   00000056  _cinit_size                           
0     00015201  _copy_in                              
1     0000aa50  _ePWM_Regs                            
0     00080058  _econst_loadstart                     
0     0000a800  _econst_runstart                      
abs   000001d9  _econst_size                          
1     0000ab7b  _errno                                
0     0001518c  _exit                                 
1     0000aa16  _f_Dff                                
1     0000aafa  _f_Iref                               
1     0000aa10  _f_Power_Limit                        
1     0000aa0e  _f_Target_V                           
1     0000aa12  _f_open_loop_duty                     
1     0000aa92  _fg_Boost_V                           
1     0000aa90  _fg_Buck_V                            
1     0000aa94  _fg_Total_Current_LPF                 
1     0000aa96  _fg_Total_Power                       
1     0000aa88  _fg_Vin1                              
1     0000aa8a  _fg_Vin2                              
1     0000aa8c  _fg_Vout1                             
1     0000aa8e  _fg_Vout2                             
0     00013184  _firstLPF                             
0     0001388c  _forceOFFPWM                          
0     0001382e  _forceOFFPWM_A                        
0     0001385d  _forceOFFPWM_B                        
0     00013144  _get1stLPFcoef                        
1     0000aaff  _i                                    
0     00015254  _local_WAKE_ISR                       
0     00014a8e  _log                                  
0     00014a8e  _logf                                 
0     00014fad  _main                                 
0     00015225  _memcpy                               
1     0000a9fe  _messageSize                          
0     00000122  _pinit_loadstart                      
0     00000122  _pinit_runstart                       
abs   00000000  _pinit_size                           
0     00012c8f  _rsvd_ISR                             
1     0000aaa8  _st_Current_LPF                       
1     0000aaac  _st_Temperature                       
1     0000aa6a  _st_eI                                
1     0000aa48  _st_eVH                               
1     0000aa40  _st_kI                                
1     0000aa32  _st_kVH                               
1     0000aa14  _st_phases                            
1     0000aa26  _st_pwm_duty                          
0     00000122  _switch_loadstart                     
0     00000122  _switch_runstart                      
abs   00000000  _switch_size                          
0     00088000  _text_loadstart                       
0     00011000  _text_runstart                        
abs   0000428e  _text_size                            
0     0001511e  _timer_isr                            
1     0000ab84  _u16_Timer1IsrCnt1                    
1     0000ab83  _u16_Timer1IsrCnt2                    
1     0000ab85  _u16_Timer1IsrCnt3                    
1     0000aa06  _u8_Buck_Boost_Delay                  
1     0000ab87  _u8_CAN_timer                         
1     0000aa05  _u8_Phase_Upate                       
1     0000ab86  _u8_one_second_mode                   
1     0000a9fc  _u8_previous_mode                     
1     0000a9fb  _u8_previous_sw_state                 
1     0000ab3f  _u8_sleep_ON                          
1     0000ab81  _u8g_CAN_transmit                     
1     0000aa01  _u8g_Close_Loop                       
1     0000aa02  _u8g_IG_ON                            
1     0000aa07  _u8g_Phase_Selection_timer            
1     0000aa03  _u8g_bb_mode                          
1     0000ab3e  _u8g_driver_fault                     
1     0000ab82  _u8g_initialze_time                   
1     0000ab80  _u8g_mode_change                      
1     0000aa00  _u8g_operationMode                    
1     0000ab3c  _u8g_over_current_fault               
1     0000ab3d  _u8g_over_volt_fault                  
1     0000aa84  _u8g_pwm_mode_start                   
1     0000aa04  _u8g_resetFault                       
1     0000ab98  _ucRXMsgData                          
1     0000aba0  _ucTXMsgData                          
0     00013681  _updateDuty_On_Off                    
0     000137bc  _updatePhase                          
abs   ffffffff  binit                                 
0     00000122  cinit                                 
0     00080000  code_start                            
0     00082000  copy_sections                         
0     0001528e  etext                                 
abs   ffffffff  pinit                                 


GLOBAL SYMBOLS: SORTED BY Symbol Address 

page  address   name                                  
----  -------   ----                                  
0     00000122  ___cinit__                            
0     00000122  _cinit_runstart                       
0     00000122  _pinit_loadstart                      
0     00000122  _pinit_runstart                       
0     00000122  _switch_loadstart                     
0     00000122  _switch_runstart                      
0     00000122  cinit                                 
0     00000ce0  _Cla1SoftIntRegs                      
0     0000a800  _PieVectTableInit                     
0     0000a800  _econst_runstart                      
0     00011000  .text                                 
0     00011000  _TIMER1_ISR                           
0     00011000  ___text__                             
0     00011000  _text_runstart                        
0     0001100d  _TIMER2_ISR                           
0     0001101a  _DATALOG_ISR                          
0     00011027  _RTOS_ISR                             
0     00011034  _EMU_ISR                              
0     0001103f  _NMI_ISR                              
0     0001104a  _ILLEGAL_ISR                          
0     00011055  _USER1_ISR                            
0     00011060  _USER2_ISR                            
0     0001106b  _USER3_ISR                            
0     00011076  _USER4_ISR                            
0     00011081  _USER5_ISR                            
0     0001108c  _USER6_ISR                            
0     00011097  _USER7_ISR                            
0     000110a2  _USER8_ISR                            
0     000110ad  _USER9_ISR                            
0     000110b8  _USER10_ISR                           
0     000110c3  _USER11_ISR                           
0     000110ce  _USER12_ISR                           
0     000110d9  _ADCA1_ISR                            
0     00011113  _ADCB1_ISR                            
0     0001114d  _ADCC1_ISR                            
0     00011187  _XINT1_ISR                            
0     000111b5  _XINT2_ISR                            
0     000111ef  _ADCD1_ISR                            
0     00011229  _TIMER0_ISR                           
0     00011263  _WAKE_ISR                             
0     0001129d  _IPC0_ISR                             
0     000112d7  _IPC1_ISR                             
0     00011311  _IPC2_ISR                             
0     0001134b  _IPC3_ISR                             
0     00011385  _EPWM1_TZ_ISR                         
0     000113bf  _EPWM2_TZ_ISR                         
0     000113f9  _EPWM3_TZ_ISR                         
0     00011433  _EPWM4_TZ_ISR                         
0     0001146d  _EPWM5_TZ_ISR                         
0     000114a7  _EPWM6_TZ_ISR                         
0     000114e1  _EPWM7_TZ_ISR                         
0     0001151b  _EPWM8_TZ_ISR                         
0     00011555  _EPWM9_TZ_ISR                         
0     0001158f  _EPWM10_TZ_ISR                        
0     000115c9  _EPWM11_TZ_ISR                        
0     00011603  _EPWM12_TZ_ISR                        
0     0001163d  _EPWM1_ISR                            
0     00011677  _EPWM2_ISR                            
0     000116b1  _EPWM3_ISR                            
0     000116eb  _EPWM4_ISR                            
0     00011725  _EPWM5_ISR                            
0     0001175f  _EPWM6_ISR                            
0     00011799  _EPWM7_ISR                            
0     000117d3  _EPWM8_ISR                            
0     0001180d  _EPWM9_ISR                            
0     00011847  _EPWM10_ISR                           
0     00011881  _EPWM11_ISR                           
0     000118bb  _EPWM12_ISR                           
0     000118f5  _ECAP1_ISR                            
0     0001192f  _ECAP2_ISR                            
0     00011969  _ECAP3_ISR                            
0     000119a3  _ECAP4_ISR                            
0     000119dd  _ECAP5_ISR                            
0     00011a17  _ECAP6_ISR                            
0     00011a51  _EQEP1_ISR                            
0     00011a8b  _EQEP2_ISR                            
0     00011ac5  _EQEP3_ISR                            
0     00011aff  _CLB1_ISR                             
0     00011b39  _CLB2_ISR                             
0     00011b73  _CLB3_ISR                             
0     00011bad  _CLB4_ISR                             
0     00011be7  _SD1_ISR                              
0     00011c21  _SD2_ISR                              
0     00011c5b  _SPIA_RX_ISR                          
0     00011c95  _SPIA_TX_ISR                          
0     00011ccf  _SPIB_RX_ISR                          
0     00011d09  _SPIB_TX_ISR                          
0     00011d43  _MCBSPA_RX_ISR                        
0     00011d7d  _MCBSPA_TX_ISR                        
0     00011db7  _MCBSPB_RX_ISR                        
0     00011df1  _MCBSPB_TX_ISR                        
0     00011e2b  _SPIC_RX_ISR                          
0     00011e65  _SPIC_TX_ISR                          
0     00011e9f  _DMA_CH1_ISR                          
0     00011ed9  _DMA_CH2_ISR                          
0     00011f13  _DMA_CH3_ISR                          
0     00011f4d  _DMA_CH4_ISR                          
0     00011f87  _DMA_CH5_ISR                          
0     00011fc1  _DMA_CH6_ISR                          
0     00011ffb  _I2CA_ISR                             
0     00012035  _I2CA_FIFO_ISR                        
0     0001206f  _I2CB_ISR                             
0     000120a9  _I2CB_FIFO_ISR                        
0     000120e3  _SCIC_RX_ISR                          
0     0001211d  _SCIC_TX_ISR                          
0     00012157  _SCID_RX_ISR                          
0     00012191  _SCID_TX_ISR                          
0     000121cb  _UPPA_ISR                             
0     00012205  _SCIA_RX_ISR                          
0     0001223f  _SCIA_TX_ISR                          
0     00012279  _SCIB_RX_ISR                          
0     000122b3  _SCIB_TX_ISR                          
0     000122ed  _CANA0_ISR                            
0     00012327  _CANA1_ISR                            
0     00012361  _CANB0_ISR                            
0     0001239b  _CANB1_ISR                            
0     000123d5  _USBA_ISR                             
0     0001240f  _ADCA_EVT_ISR                         
0     00012449  _ADCA2_ISR                            
0     00012483  _ADCA3_ISR                            
0     000124b1  _ADCA4_ISR                            
0     000124df  _ADCB_EVT_ISR                         
0     00012519  _ADCB2_ISR                            
0     00012553  _ADCB3_ISR                            
0     0001258d  _ADCB4_ISR                            
0     000125c7  _ADCC_EVT_ISR                         
0     00012601  _ADCC2_ISR                            
0     0001263b  _ADCC3_ISR                            
0     00012675  _ADCC4_ISR                            
0     000126af  _ADCD_EVT_ISR                         
0     000126e9  _ADCD2_ISR                            
0     00012723  _ADCD3_ISR                            
0     0001275d  _ADCD4_ISR                            
0     00012797  _CLA1_1_ISR                           
0     000127d1  _CLA1_2_ISR                           
0     0001280b  _CLA1_3_ISR                           
0     00012839  _CLA1_4_ISR                           
0     00012867  _CLA1_5_ISR                           
0     000128a1  _CLA1_6_ISR                           
0     000128db  _CLA1_7_ISR                           
0     00012915  _CLA1_8_ISR                           
0     0001294f  _XINT3_ISR                            
0     00012989  _XINT4_ISR                            
0     000129c3  _XINT5_ISR                            
0     000129fd  _VCU_ISR                              
0     00012a37  _FPU_OVERFLOW_ISR                     
0     00012a71  _FPU_UNDERFLOW_ISR                    
0     00012aab  _EMIF_ERROR_ISR                       
0     00012ae5  _RAM_CORRECTABLE_ERROR_ISR            
0     00012b1f  _FLASH_CORRECTABLE_ERROR_ISR          
0     00012b59  _RAM_ACCESS_VIOLATION_ISR             
0     00012b93  _SYS_PLL_SLIP_ISR                     
0     00012bcd  _AUX_PLL_SLIP_ISR                     
0     00012c07  _CLA_OVERFLOW_ISR                     
0     00012c41  _CLA_UNDERFLOW_ISR                    
0     00012c7b  _PIE_RESERVED_ISR                     
0     00012c85  _INT_NOTUSED_ISR                      
0     00012c8f  _rsvd_ISR                             
0     00012c99  _MODE_Init                            
0     00012d3e  _PWM_MODE                             
0     00013144  _get1stLPFcoef                        
0     00013184  _firstLPF                             
0     000134fd  _PWM_CLEAR                            
0     00013565  _Mode_Change                          
0     00013638  _PWM_Init                             
0     00013681  _updateDuty_On_Off                    
0     000137bc  _updatePhase                          
0     0001382e  _forceOFFPWM_A                        
0     0001385d  _forceOFFPWM_B                        
0     0001388c  _forceOFFPWM                          
0     000138dc  _All_Update_Freq                      
0     00013b0a  _ADC_Init                             
0     00013c04  _ADC_Update                           
0     0001404e  _CAN_Init                             
0     00014097  _CAN_Transmit                         
0     000144a3  _InitSysCtrl                          
0     000144d4  _InitPeripheralClocks                 
0     00014558  _DisablePeripheralClocks              
0     00014570  _InitFlash_Bank0                      
0     00014599  _InitFlash_Bank1                      
0     000145c2  _FlashOff_Bank0                       
0     000145d0  _FlashOff_Bank1                       
0     000145de  _SeizeFlashPump_Bank0                 
0     000145ed  _SeizeFlashPump_Bank1                 
0     000145fc  _ReleaseFlashPump                     
0     00014606  _ServiceDog                           
0     00014614  _DisableDog                           
0     00014622  _InitSysPll                           
0     000146e8  _InitAuxPll                           
0     000147b0  _CsmUnlock                            
0     000147d1  _SysIntOsc1Sel                        
0     000147db  _SysIntOsc2Sel                        
0     000147e5  _SysXtalOscSel                        
0     000147f1  _AuxIntOsc2Sel                        
0     000147fb  _AuxXtalOscSel                        
0     00014807  _AuxAuxClkSel                         
0     00014811  _IDLE                                 
0     0001481a  _STANDBY                              
0     00014825  _HALT                                 
0     00014836  _HIB                                  
0     0001484a  _InitGpio                             
0     0001488a  _GPIO_SetupPinMux                     
0     00014916  _GPIO_SetupPinOptions                 
0     000149aa  _GPIO_SetupLock                       
0     000149d3  _GPIO_SetupXINT1Gpio                  
0     000149dd  _GPIO_SetupXINT2Gpio                  
0     000149e7  _GPIO_SetupXINT3Gpio                  
0     000149f1  _GPIO_SetupXINT4Gpio                  
0     000149fb  _GPIO_SetupXINT5Gpio                  
0     00014a05  _GPIO_EnableUnbondedIOPullupsFor176Pin
0     00014a1e  _GPIO_EnableUnbondedIOPullupsFor100Pin
0     00014a43  _GPIO_EnableUnbondedIOPullups         
0     00014a59  _GPIO_ReadPin                         
0     00014a70  _GPIO_WritePin                        
0     00014a8e  _log                                  
0     00014a8e  _logf                                 
0     00014bb9  _InitEPwmGpio                         
0     00014bd2  _InitEPwm1Gpio                        
0     00014be4  _InitEPwm2Gpio                        
0     00014bf6  _InitEPwm3Gpio                        
0     00014c0a  _InitEPwm4Gpio                        
0     00014c1e  _InitEPwm5Gpio                        
0     00014c30  _InitEPwm6Gpio                        
0     00014c42  _InitEPwm7Gpio                        
0     00014c56  _InitEPwm8Gpio                        
0     00014c6a  _InitEPwm9Gpio                        
0     00014c84  _InitEPwm10Gpio                       
0     00014c9e  _InitEPwm11Gpio                       
0     00014cb2  _InitEPwm12Gpio                       
0     00014cc5  _adc_isr                              
0     00014dc3  _GPIO_Init                            
0     00014e6e  _GPIO_Interrupt_Set                   
0     00014ea9  FS$$DIV                               
0     00014f31  _InitCpuTimers                        
0     00014f72  _ConfigCpuTimer                       
0     00014fad  _main                                 
0     0001501f  _Over_Current_isr                     
0     0001503e  _Over_Volt_isr                        
0     0001505d  _Fualt_isr                            
0     0001507c  _c_int00                              
0     000150d2  _InitCAN                              
0     0001511e  _timer_isr                            
0     0001515d  _Fault_Check                          
0     00015181  _PWM_Update                           
0     0001518a  C$$EXIT                               
0     0001518a  _abort                                
0     0001518c  _exit                                 
0     000151b3  _InitPieCtrl                          
0     000151d2  _EnableInterrupts                     
0     000151db  _InitPieVectTable                     
0     00015201  _copy_in                              
0     00015225  _memcpy                               
0     00015242  __args_main                           
0     00015254  _local_WAKE_ISR                       
0     00015265  _Timer_Init                           
0     00015270  U$$DIV                                
0     00015275  U$$MOD                                
0     0001527b  __register_unlock                     
0     0001527f  __register_lock                       
0     00015283  __nop                                 
0     00015284  _F28x_usDelay                         
0     00015288  _SetDBGIER                            
0     0001528b  __system_pre_init                     
0     0001528d  __system_post_cinit                   
0     0001528e  ___etext__                            
0     0001528e  etext                                 
0     00080000  code_start                            
0     00080002  _cinit_loadstart                      
0     00080058  _econst_loadstart                     
0     00082000  copy_sections                         
0     00088000  _text_loadstart                       
1     00000b00  _AdcaResultRegs                       
1     00000b20  _AdcbResultRegs                       
1     00000b40  _AdccResultRegs                       
1     00000b60  _AdcdResultRegs                       
1     00000c00  _CpuTimer0Regs                        
1     00000c08  _CpuTimer1Regs                        
1     00000c10  _CpuTimer2Regs                        
1     00000ce0  _PieCtrlRegs                          
1     00000d00  _EmuKey                               
1     00000d00  _PieVectTable                         
1     00000d01  _EmuBMode                             
1     00001000  _DmaRegs                              
1     00001400  _Cla1Regs                             
1     00004000  _EPwm1Regs                            
1     00004100  _EPwm2Regs                            
1     00004200  _EPwm3Regs                            
1     00004300  _EPwm4Regs                            
1     00004400  _EPwm5Regs                            
1     00004500  _EPwm6Regs                            
1     00004600  _EPwm7Regs                            
1     00004700  _EPwm8Regs                            
1     00004800  _EPwm9Regs                            
1     00004900  _EPwm10Regs                           
1     00004a00  _EPwm11Regs                           
1     00004b00  _EPwm12Regs                           
1     00005000  _ECap1Regs                            
1     00005020  _ECap2Regs                            
1     00005040  _ECap3Regs                            
1     00005060  _ECap4Regs                            
1     00005080  _ECap5Regs                            
1     000050a0  _ECap6Regs                            
1     00005100  _EQep1Regs                            
1     00005140  _EQep2Regs                            
1     00005180  _EQep3Regs                            
1     00005c00  _DacaRegs                             
1     00005c10  _DacbRegs                             
1     00005c20  _DaccRegs                             
1     00005c80  _Cmpss1Regs                           
1     00005ca0  _Cmpss2Regs                           
1     00005cc0  _Cmpss3Regs                           
1     00005ce0  _Cmpss4Regs                           
1     00005d00  _Cmpss5Regs                           
1     00005d20  _Cmpss6Regs                           
1     00005d40  _Cmpss7Regs                           
1     00005d60  _Cmpss8Regs                           
1     00005e00  _Sdfm1Regs                            
1     00005e80  _Sdfm2Regs                            
1     00006000  _McbspaRegs                           
1     00006040  _McbspbRegs                           
1     00006100  _SpiaRegs                             
1     00006110  _SpibRegs                             
1     00006120  _SpicRegs                             
1     00006200  _UppRegs                              
1     00007000  _WdRegs                               
1     00007060  _NmiIntruptRegs                       
1     00007070  _XintRegs                             
1     00007200  _SciaRegs                             
1     00007210  _ScibRegs                             
1     00007220  _ScicRegs                             
1     00007230  _ScidRegs                             
1     00007300  _I2caRegs                             
1     00007340  _I2cbRegs                             
1     00007400  _AdcaRegs                             
1     00007480  _AdcbRegs                             
1     00007500  _AdccRegs                             
1     00007580  _AdcdRegs                             
1     00007900  _InputXbarRegs                        
1     00007920  _XbarRegs                             
1     00007940  _SyncSocRegs                          
1     00007980  _DmaClaSrcSelRegs                     
1     00007a00  _EPwmXbarRegs                         
1     00007a80  _OutputXbarRegs                       
1     00007c00  _GpioCtrlRegs                         
1     00007f00  _GpioDataRegs                         
1     0000a9fa  _b_CANgetData                         
1     0000a9fb  _u8_previous_sw_state                 
1     0000a9fc  _u8_previous_mode                     
1     0000a9fe  _messageSize                          
1     0000aa00  _u8g_operationMode                    
1     0000aa01  _u8g_Close_Loop                       
1     0000aa02  _u8g_IG_ON                            
1     0000aa03  _u8g_bb_mode                          
1     0000aa04  _u8g_resetFault                       
1     0000aa05  _u8_Phase_Upate                       
1     0000aa06  _u8_Buck_Boost_Delay                  
1     0000aa07  _u8g_Phase_Selection_timer            
1     0000aa0e  _f_Target_V                           
1     0000aa10  _f_Power_Limit                        
1     0000aa12  _f_open_loop_duty                     
1     0000aa14  _st_phases                            
1     0000aa16  _f_Dff                                
1     0000aa26  _st_pwm_duty                          
1     0000aa32  _st_kVH                               
1     0000aa40  _st_kI                                
1     0000aa48  _st_eVH                               
1     0000aa50  _ePWM_Regs                            
1     0000aa6a  _st_eI                                
1     0000aa7a  ___TI_enable_exit_profile_output      
1     0000aa7c  ___TI_cleanup_ptr                     
1     0000aa7e  ___TI_dtors_ptr                       
1     0000aa80  _checkFault_I                         
1     0000aa81  _checkFault_T                         
1     0000aa82  _checkFault_V                         
1     0000aa83  _checkFault_Gate                      
1     0000aa84  _u8g_pwm_mode_start                   
1     0000aa88  _fg_Vin1                              
1     0000aa8a  _fg_Vin2                              
1     0000aa8c  _fg_Vout1                             
1     0000aa8e  _fg_Vout2                             
1     0000aa90  _fg_Buck_V                            
1     0000aa92  _fg_Boost_V                           
1     0000aa94  _fg_Total_Current_LPF                 
1     0000aa96  _fg_Total_Power                       
1     0000aaa8  _st_Current_LPF                       
1     0000aaac  _st_Temperature                       
1     0000aac8  _ISRTrace                             
1     0000aafa  _f_Iref                               
1     0000aafe  _ISRTraceIndex                        
1     0000aaff  _i                                    
1     0000ab00  _CpuTimer0                            
1     0000ab08  _CpuTimer1                            
1     0000ab10  _CpuTimer2                            
1     0000ab3c  _u8g_over_current_fault               
1     0000ab3d  _u8g_over_volt_fault                  
1     0000ab3e  _u8g_driver_fault                     
1     0000ab3f  _u8_sleep_ON                          
1     0000ab7b  _errno                                
1     0000ab7c  __lock                                
1     0000ab7e  __unlock                              
1     0000ab80  _u8g_mode_change                      
1     0000ab81  _u8g_CAN_transmit                     
1     0000ab82  _u8g_initialze_time                   
1     0000ab83  _u16_Timer1IsrCnt2                    
1     0000ab84  _u16_Timer1IsrCnt1                    
1     0000ab85  _u16_Timer1IsrCnt3                    
1     0000ab86  _u8_one_second_mode                   
1     0000ab87  _u8_CAN_timer                         
1     0000ab98  _ucRXMsgData                          
1     0000aba0  _ucTXMsgData                          
1     0000b800  __stack                               
1     0000bc00  __STACK_END                           
1     00047000  _Emif1Regs                            
1     00047800  _Emif2Regs                            
1     00048000  _CanaRegs                             
1     0004a000  _CanbRegs                             
1     00050024  _FlashPumpSemaphoreRegs               
1     0005d000  _DevCfgRegs                           
1     0005d180  _AnalogSubsysRegs                     
1     0005d200  _ClkCfgRegs                           
1     0005d300  _CpuSysRegs                           
1     0005e608  _RomPrefetchRegs                      
1     0005f000  _DcsmZ1Regs                           
1     0005f040  _DcsmZ2Regs                           
1     0005f070  _DcsmCommonRegs                       
1     0005f400  _MemCfgRegs                           
1     0005f480  _Emif1ConfigRegs                      
1     0005f4a0  _Emif2ConfigRegs                      
1     0005f4c0  _AccessProtectionRegs                 
1     0005f500  _MemoryErrorRegs                      
1     0005f540  _RomWaitStateRegs                     
1     0005f800  _Flash0CtrlRegs                       
1     0005fb00  _Flash0EccRegs                        
1     0005fc00  _Flash1CtrlRegs                       
1     0005ff00  _Flash1EccRegs                        
1     00078000  _DcsmZ1Otp                            
1     00078200  _DcsmZ2Otp                            
abs   00000000  _pinit_size                           
abs   00000000  _switch_size                          
abs   00000056  _cinit_size                           
abs   000001d9  _econst_size                          
abs   00000400  __STACK_SIZE                          
abs   0000428e  _text_size                            
abs   ffffffff  ___TI_pprof_out_hndl                  
abs   ffffffff  ___TI_prof_data_size                  
abs   ffffffff  ___TI_prof_data_start                 
abs   ffffffff  ___binit__                            
abs   ffffffff  ___c_args__                           
abs   ffffffff  ___pinit__                            
abs   ffffffff  binit                                 
abs   ffffffff  pinit                                 

[451 symbols]
