******************************************************************************
             TMS320C2000 Linker PC v18.1.8                     
******************************************************************************
>> Linked Mon Dec 21 09:06:20 2020

OUTPUT FILE NAME:   <YHTEC_LLC_100kW.out>
ENTRY POINT SYMBOL: "_c_int00"  address: 00015032


MEMORY CONFIGURATION

         name            origin    length      used     unused   attr    fill
----------------------  --------  ---------  --------  --------  ----  --------
PAGE 0:
  RAMM0                 00000122   000002de  00000157  00000187  RWIX
  RAMLS01234            00008000   00003000  00000000  00003000  RWIX
  RAMD0                 0000b000   00000800  00000000  00000800  RWIX
  BEGIN                 00080000   00000002  00000002  00000000  RWIX
  FLASHA                00080002   00001ffe  00000330  00001cce  RWIX
  FLASHB                00082000   00002000  0000003b  00001fc5  RWIX
  FLASHC                00084000   00002000  00000000  00002000  RWIX
  FLASHD                00086000   00002000  00000000  00002000  RWIX
  FLASHE                00088000   00030000  000041d8  0002be28  RWIX
  FLASHK                000b8000   00002000  00000000  00002000  RWIX
  FLASHL                000ba000   00002000  00000000  00002000  RWIX
  FLASHM                000bc000   00002000  00000000  00002000  RWIX
  FLASHN                000be000   00002000  00000000  00002000  RWIX
  FLASHO                000c0000   00002000  00000000  00002000  RWIX
  FLASHP                000c2000   00002000  00000000  00002000  RWIX
  FLASHQ                000c4000   00002000  00000000  00002000  RWIX
  FLASHR                000c6000   00002000  00000000  00002000  RWIX
  FLASHS                000c8000   00008000  00000000  00008000  RWIX
  FLASHT                000d0000   00008000  00000000  00008000  RWIX
  FLASHU                000d8000   00008000  00000000  00008000  RWIX
  FLASHV                000e0000   00008000  00000000  00008000  RWIX
  FLASHW                000e8000   00008000  00000000  00008000  RWIX
  FLASHX                000f0000   00008000  00000000  00008000  RWIX
  FLASHY                000f8000   00002000  00000000  00002000  RWIX
  FLASHZ                000fa000   00002000  00000000  00002000  RWIX
  FLASHAA               000fc000   00002000  00000000  00002000  RWIX
  FLASHAB               000fe000   00002000  00000000  00002000  RWIX
  RESET                 003fffc0   00000002  00000000  00000002  RWIX

PAGE 1:
  BOOT_RSVD             00000002   00000120  00000000  00000120  RWIX
  RAMM1                 00000400   00000400  00000000  00000400  RWIX
  ADCA_RESULT           00000b00   00000020  00000018  00000008  RWIX
  ADCB_RESULT           00000b20   00000020  00000018  00000008  RWIX
  ADCC_RESULT           00000b40   00000020  00000018  00000008  RWIX
  ADCD_RESULT           00000b60   00000020  00000018  00000008  RWIX
  CPU_TIMER0            00000c00   00000008  00000008  00000000  RWIX
  CPU_TIMER1            00000c08   00000008  00000008  00000000  RWIX
  CPU_TIMER2            00000c10   00000008  00000008  00000000  RWIX
  PIE_CTRL              00000ce0   00000020  0000001a  00000006  RWIX
  PIE_VECT              00000d00   00000200  000001c0  00000040  RWIX
  DMA                   00001000   00000200  000000e0  00000120  RWIX
  CLA1                  00001400   00000040  0000003e  00000002  RWIX
  EPWM1                 00004000   00000100  00000100  00000000  RWIX
  EPWM2                 00004100   00000100  00000100  00000000  RWIX
  EPWM3                 00004200   00000100  00000100  00000000  RWIX
  EPWM4                 00004300   00000100  00000100  00000000  RWIX
  EPWM5                 00004400   00000100  00000100  00000000  RWIX
  EPWM6                 00004500   00000100  00000100  00000000  RWIX
  EPWM7                 00004600   00000100  00000100  00000000  RWIX
  EPWM8                 00004700   00000100  00000100  00000000  RWIX
  EPWM9                 00004800   00000100  00000100  00000000  RWIX
  EPWM10                00004900   00000100  00000100  00000000  RWIX
  EPWM11                00004a00   00000100  00000100  00000000  RWIX
  EPWM12                00004b00   00000100  00000100  00000000  RWIX
  ECAP1                 00005000   00000020  00000020  00000000  RWIX
  ECAP2                 00005020   00000020  00000020  00000000  RWIX
  ECAP3                 00005040   00000020  00000020  00000000  RWIX
  ECAP4                 00005060   00000020  00000020  00000000  RWIX
  ECAP5                 00005080   00000020  00000020  00000000  RWIX
  ECAP6                 000050a0   00000020  00000020  00000000  RWIX
  EQEP1                 00005100   00000040  00000022  0000001e  RWIX
  EQEP2                 00005140   00000040  00000022  0000001e  RWIX
  EQEP3                 00005180   00000040  00000022  0000001e  RWIX
  DACA                  00005c00   00000010  00000008  00000008  RWIX
  DACB                  00005c10   00000010  00000008  00000008  RWIX
  DACC                  00005c20   00000010  00000008  00000008  RWIX
  CMPSS1                00005c80   00000020  00000020  00000000  RWIX
  CMPSS2                00005ca0   00000020  00000020  00000000  RWIX
  CMPSS3                00005cc0   00000020  00000020  00000000  RWIX
  CMPSS4                00005ce0   00000020  00000020  00000000  RWIX
  CMPSS5                00005d00   00000020  00000020  00000000  RWIX
  CMPSS6                00005d20   00000020  00000020  00000000  RWIX
  CMPSS7                00005d40   00000020  00000020  00000000  RWIX
  CMPSS8                00005d60   00000020  00000020  00000000  RWIX
  SDFM1                 00005e00   00000080  00000080  00000000  RWIX
  SDFM2                 00005e80   00000080  00000080  00000000  RWIX
  MCBSPA                00006000   00000040  00000024  0000001c  RWIX
  MCBSPB                00006040   00000040  00000024  0000001c  RWIX
  SPIA                  00006100   00000010  00000010  00000000  RWIX
  SPIB                  00006110   00000010  00000010  00000000  RWIX
  SPIC                  00006120   00000010  00000010  00000000  RWIX
  SPID                  00006130   00000010  00000000  00000010  RWIX
  UPP                   00006200   00000100  00000048  000000b8  RWIX
  WD                    00007000   00000040  0000002b  00000015  RWIX
  NMIINTRUPT            00007060   00000010  00000007  00000009  RWIX
  XINT                  00007070   00000010  0000000b  00000005  RWIX
  SCIA                  00007200   00000010  00000010  00000000  RWIX
  SCIB                  00007210   00000010  00000010  00000000  RWIX
  SCIC                  00007220   00000010  00000010  00000000  RWIX
  SCID                  00007230   00000010  00000010  00000000  RWIX
  I2CA                  00007300   00000040  00000022  0000001e  RWIX
  I2CB                  00007340   00000040  00000022  0000001e  RWIX
  ADCA                  00007400   00000080  00000080  00000000  RWIX
  ADCB                  00007480   00000080  00000080  00000000  RWIX
  ADCC                  00007500   00000080  00000080  00000000  RWIX
  ADCD                  00007580   00000080  00000080  00000000  RWIX
  INPUT_XBAR            00007900   00000020  00000020  00000000  RWIX
  XBAR                  00007920   00000020  00000020  00000000  RWIX
  SYNC_SOC              00007940   00000010  00000006  0000000a  RWIX
  DMACLASRCSEL          00007980   00000040  0000001a  00000026  RWIX
  EPWM_XBAR             00007a00   00000040  00000040  00000000  RWIX
  CLB_XBAR              00007a40   00000040  00000000  00000040  RWIX
  OUTPUT_XBAR           00007a80   00000040  00000040  00000000  RWIX
  GPIOCTRL              00007c00   00000180  00000180  00000000  RWIX
  GPIODAT               00007f00   00000030  00000030  00000000  RWIX
  RAMLS5                0000a800   00000800  0000044b  000003b5  RWIX
  RAMD1                 0000b800   00000800  00000400  00000400  RWIX
  RAMGS0                0000c000   00001000  00000000  00001000  RWIX
  RAMGS1                0000d000   00001000  00000000  00001000  RWIX
  RAMGS2                0000e000   00001000  00000000  00001000  RWIX
  RAMGS3                0000f000   00001000  00000000  00001000  RWIX
  RAMGS4                00010000   00001000  00000000  00001000  RWIX
  RAMGS_F               00011000   00007000  000041d8  00002e28  RWIX
  EMIF1                 00047000   00000800  00000070  00000790  RWIX
  EMIF2                 00047800   00000800  00000070  00000790  RWIX
  CANA                  00048000   00000800  00000164  0000069c  RWIX
  CANA_MSG_RAM          00049000   00000800  00000000  00000800  RWIX
  CANB                  0004a000   00000800  00000164  0000069c  RWIX
  CANB_MSG_RAM          0004b000   00000800  00000000  00000800  RWIX
  FLASHPUMPSEMAPHORE    00050024   00000002  00000002  00000000  RWIX
  DEV_CFG               0005d000   00000180  0000012e  00000052  RWIX
  ANALOG_SUBSYS         0005d180   00000080  00000048  00000038  RWIX
  CLK_CFG               0005d200   00000100  00000032  000000ce  RWIX
  CPU_SYS               0005d300   00000100  00000082  0000007e  RWIX
  ROMPREFETCH           0005e608   00000002  00000002  00000000  RWIX
  DCSM_Z1               0005f000   00000030  00000024  0000000c  RWIX
  DCSM_Z2               0005f040   00000030  00000024  0000000c  RWIX
  DCSM_COMMON           0005f070   00000010  00000008  00000008  RWIX
  MEMCFG                0005f400   00000080  00000080  00000000  RWIX
  EMIF1CONFIG           0005f480   00000020  00000020  00000000  RWIX
  EMIF2CONFIG           0005f4a0   00000020  00000020  00000000  RWIX
  ACCESSPROTECTION      0005f4c0   00000040  00000040  00000000  RWIX
  MEMORYERROR           0005f500   00000040  00000040  00000000  RWIX
  ROMWAITSTATE          0005f540   00000002  00000002  00000000  RWIX
  FLASH0_CTRL           0005f800   00000300  00000182  0000017e  RWIX
  FLASH0_ECC            0005fb00   00000040  00000028  00000018  RWIX
  FLASH1_CTRL           0005fc00   00000300  00000182  0000017e  RWIX
  FLASH1_ECC            0005ff00   00000040  00000028  00000018  RWIX
  DCSM_Z1_OTP           00078000   00000020  00000020  00000000  RWIX
  DCSM_Z2_OTP           00078200   00000020  00000020  00000000  RWIX


SECTION ALLOCATION MAP

 output                                  attributes/
section   page    origin      length       input sections
--------  ----  ----------  ----------   ----------------
.pinit     0    00000122    00000000     UNINITIALIZED

.switch    0    00000122    00000000     UNINITIALIZED

codestart 
*          0    00080000    00000002     
                  00080000    00000002     DSP28xxx_CodeStartBranch.obj (codestart)

.cinit     0    00080002    00000157     RUN ADDR = 00000122
                  00080002    000000af     BSW_Adc.obj (.cinit)
                  000800b1    0000003a     BSW_Can.obj (.cinit)
                  000800eb    00000022     BSW_Pwm.obj (.cinit)
                  0008010d    00000011     ASW_LLCState.obj (.cinit)
                  0008011e    0000000e     rts2800_fpu32.lib : exit.c.obj (.cinit)
                  0008012c    0000000c     BSW_Timer.obj (.cinit)
                  00080138    00000009     Rte_Interface.obj (.cinit)
                  00080141    00000008     ASW_LLCStateTrans.obj (.cinit)
                  00080149    00000005     rts2800_fpu32.lib : _lock.c.obj (.cinit:__lock)
                  0008014e    00000005                       : _lock.c.obj (.cinit:__unlock)
                  00080153    00000004                       : errno.c.obj (.cinit)
                  00080157    00000002     --HOLE-- [fill = 0]

.econst    0    0008015a    000001d9     RUN ADDR = 0000aa72
                  0008015a    000001c0     F2837xS_PieVect.obj (.econst:_PieVectTableInit)
                  0008031a    00000010     rts2800_fpu32.lib : e_logf.c.obj (.econst)
                  0008032a    00000009     BSW_Can.obj (.econst:_$P$T0$1)

copysections 
*          0    00082000    00000033     
                  00082000    00000033     DSP28xxx_SectionCopy_nonBIOS.obj (copysections)

wddisable 
*          0    00082033    00000008     
                  00082033    00000008     DSP28xxx_CodeStartBranch.obj (wddisable)

.text      0    00088000    000041d8     RUN ADDR = 00011000
                  00088000    00001c99     SWPrioritizedDefaultIsr.obj (.text:retain)
                  00089c99    00000557     BSW_Can.obj (.text)
                  0008a1f0    00000498     BSW_Adc.obj (.text)
                  0008a688    000003a7     F2837xS_SysCtrl.obj (.text)
                  0008aa2f    00000347     BSW_Pwm.obj (.text)
                  0008ad76    000002d5     ASW_Diag.obj (.text)
                  0008b04b    0000027e     ASW_Ctrl.obj (.text)
                  0008b2c9    00000244     F2837xS_Gpio.obj (.text)
                  0008b50d    000001aa     ASW_LLCStateTrans.obj (.text)
                  0008b6b7    00000196     BSW_Adc.obj (.text:retain)
                  0008b84d    0000012b     rts2800_fpu32.lib : e_logf.c.obj (.text)
                  0008b978    0000010c     F2837xS_EPwm.obj (.text)
                  0008ba84    00000102     BSW_Pwm.obj (.text:retain)
                  0008bb86    000000ed     ASW_LLCState.obj (.text)
                  0008bc73    000000cd     BSW_Gpio.obj (.text)
                  0008bd40    00000092     main.obj (.text)
                  0008bdd2    0000008a     Rte_Interface.obj (.text)
                  0008be5c    00000088     rts2800_fpu32.lib : fs_div28.asm.obj (.text)
                  0008bee4    0000007c     F2837xS_CpuTimers.obj (.text)
                  0008bf60    0000006f     Rte_ApiIn.obj (.text)
                  0008bfcf    00000063     BSW_Gpio.obj (.text:retain)
                  0008c032    00000056     rts2800_fpu32.lib : boot28.asm.obj (.text)
                  0008c088    0000004c     F2837xS_can.obj (.text)
                  0008c0d4    00000029     rts2800_fpu32.lib : exit.c.obj (.text)
                  0008c0fd    00000028     F2837xS_PieCtrl.obj (.text)
                  0008c125    00000026     F2837xS_PieVect.obj (.text)
                  0008c14b    00000024     rts2800_fpu32.lib : cpy_tbl.c.obj (.text)
                  0008c16f    0000001d                       : memcpy.c.obj (.text)
                  0008c18c    00000019                       : args_main.c.obj (.text)
                  0008c1a5    00000015     BSW_Timer.obj (.text:retain)
                  0008c1ba    0000000b     Rte_ApiOut.obj (.text)
                  0008c1c5    00000009     rts2800_fpu32.lib : _lock.c.obj (.text)
                  0008c1ce    00000004     F2837xS_usDelay.obj (.text)
                  0008c1d2    00000003     F2837xS_DBGIER.obj (.text)
                  0008c1d5    00000002     rts2800_fpu32.lib : pre_init.c.obj (.text)
                  0008c1d7    00000001                       : startup.c.obj (.text)

.reset     0    003fffc0    00000002     DSECT
                  003fffc0    00000002     rts2800_fpu32.lib : boot28.asm.obj (.reset)

AdcaResultFile 
*          1    00000b00    00000018     UNINITIALIZED
                  00000b00    00000018     F2837xS_GlobalVariableDefs.obj (AdcaResultFile)

AdcbResultFile 
*          1    00000b20    00000018     UNINITIALIZED
                  00000b20    00000018     F2837xS_GlobalVariableDefs.obj (AdcbResultFile)

AdccResultFile 
*          1    00000b40    00000018     UNINITIALIZED
                  00000b40    00000018     F2837xS_GlobalVariableDefs.obj (AdccResultFile)

AdcdResultFile 
*          1    00000b60    00000018     UNINITIALIZED
                  00000b60    00000018     F2837xS_GlobalVariableDefs.obj (AdcdResultFile)

Cla1RegsFile 
*          1    00001400    0000003e     UNINITIALIZED
                  00001400    0000003e     F2837xS_GlobalVariableDefs.obj (Cla1RegsFile)

.ebss      1    0000a800    00000272     UNINITIALIZED
                  0000a800    000000d8     BSW_Adc.obj (.ebss)
                  0000a8d8    0000001e     ASW_LLCState.obj (.ebss)
                  0000a8f6    0000000a     Rte_ApiOut.obj (.ebss)
                  0000a900    00000060     ASW_Diag.obj (.ebss)
                  0000a960    0000001c     BSW_Pwm.obj (.ebss)
                  0000a97c    00000004     Rte_Interface.obj (.ebss)
                  0000a980    00000034     SWPrioritizedDefaultIsr.obj (.ebss)
                  0000a9b4    00000006     rts2800_fpu32.lib : exit.c.obj (.ebss)
                  0000a9ba    00000003     BSW_Timer.obj (.ebss)
                  0000a9bd    00000002     ASW_LLCStateTrans.obj (.ebss)
                  0000a9bf    00000001     rts2800_fpu32.lib : errno.c.obj (.ebss)
                  0000a9c0    00000032     Rte_ApiIn.obj (.ebss)
                  0000a9f2    00000002     rts2800_fpu32.lib : _lock.c.obj (.ebss:__lock)
                  0000a9f4    00000002                       : _lock.c.obj (.ebss:__unlock)
                  0000a9f6    0000000a     --HOLE--
                  0000aa00    00000030     ASW_Ctrl.obj (.ebss)
                  0000aa30    00000010     --HOLE--
                  0000aa40    0000001a     BSW_Can.obj (.ebss)
                  0000aa5a    00000018     F2837xS_CpuTimers.obj (.ebss)

.stack     1    0000b800    00000400     UNINITIALIZED
                  0000b800    00000400     --HOLE--

CpuTimer0RegsFile 
*          1    00000c00    00000008     UNINITIALIZED
                  00000c00    00000008     F2837xS_GlobalVariableDefs.obj (CpuTimer0RegsFile)

CpuTimer1RegsFile 
*          1    00000c08    00000008     UNINITIALIZED
                  00000c08    00000008     F2837xS_GlobalVariableDefs.obj (CpuTimer1RegsFile)

CpuTimer2RegsFile 
*          1    00000c10    00000008     UNINITIALIZED
                  00000c10    00000008     F2837xS_GlobalVariableDefs.obj (CpuTimer2RegsFile)

PieCtrlRegsFile 
*          1    00000ce0    0000001a     UNINITIALIZED
                  00000ce0    0000001a     F2837xS_GlobalVariableDefs.obj (PieCtrlRegsFile)

PieVectTableFile 
*          1    00000d00    000001c0     UNINITIALIZED
                  00000d00    000001c0     F2837xS_GlobalVariableDefs.obj (PieVectTableFile)

EmuKeyVar 
*          1    00000d00    00000001     UNINITIALIZED
                  00000d00    00000001     F2837xS_GlobalVariableDefs.obj (EmuKeyVar)

EmuBModeVar 
*          1    00000d01    00000001     UNINITIALIZED
                  00000d01    00000001     F2837xS_GlobalVariableDefs.obj (EmuBModeVar)

FlashCallbackVar 
*          1    00000d02    00000000     UNINITIALIZED

FlashScalingVar 
*          1    00000d02    00000000     UNINITIALIZED

DmaRegsFile 
*          1    00001000    000000e0     UNINITIALIZED
                  00001000    000000e0     F2837xS_GlobalVariableDefs.obj (DmaRegsFile)

EPwm1RegsFile 
*          1    00004000    00000100     UNINITIALIZED
                  00004000    00000100     F2837xS_GlobalVariableDefs.obj (EPwm1RegsFile)

EPwm2RegsFile 
*          1    00004100    00000100     UNINITIALIZED
                  00004100    00000100     F2837xS_GlobalVariableDefs.obj (EPwm2RegsFile)

EPwm3RegsFile 
*          1    00004200    00000100     UNINITIALIZED
                  00004200    00000100     F2837xS_GlobalVariableDefs.obj (EPwm3RegsFile)

EPwm4RegsFile 
*          1    00004300    00000100     UNINITIALIZED
                  00004300    00000100     F2837xS_GlobalVariableDefs.obj (EPwm4RegsFile)

EPwm5RegsFile 
*          1    00004400    00000100     UNINITIALIZED
                  00004400    00000100     F2837xS_GlobalVariableDefs.obj (EPwm5RegsFile)

EPwm6RegsFile 
*          1    00004500    00000100     UNINITIALIZED
                  00004500    00000100     F2837xS_GlobalVariableDefs.obj (EPwm6RegsFile)

EPwm7RegsFile 
*          1    00004600    00000100     UNINITIALIZED
                  00004600    00000100     F2837xS_GlobalVariableDefs.obj (EPwm7RegsFile)

EPwm8RegsFile 
*          1    00004700    00000100     UNINITIALIZED
                  00004700    00000100     F2837xS_GlobalVariableDefs.obj (EPwm8RegsFile)

EPwm9RegsFile 
*          1    00004800    00000100     UNINITIALIZED
                  00004800    00000100     F2837xS_GlobalVariableDefs.obj (EPwm9RegsFile)

EPwm10RegsFile 
*          1    00004900    00000100     UNINITIALIZED
                  00004900    00000100     F2837xS_GlobalVariableDefs.obj (EPwm10RegsFile)

EPwm11RegsFile 
*          1    00004a00    00000100     UNINITIALIZED
                  00004a00    00000100     F2837xS_GlobalVariableDefs.obj (EPwm11RegsFile)

EPwm12RegsFile 
*          1    00004b00    00000100     UNINITIALIZED
                  00004b00    00000100     F2837xS_GlobalVariableDefs.obj (EPwm12RegsFile)

ECap1RegsFile 
*          1    00005000    00000020     UNINITIALIZED
                  00005000    00000020     F2837xS_GlobalVariableDefs.obj (ECap1RegsFile)

ECap2RegsFile 
*          1    00005020    00000020     UNINITIALIZED
                  00005020    00000020     F2837xS_GlobalVariableDefs.obj (ECap2RegsFile)

ECap3RegsFile 
*          1    00005040    00000020     UNINITIALIZED
                  00005040    00000020     F2837xS_GlobalVariableDefs.obj (ECap3RegsFile)

ECap4RegsFile 
*          1    00005060    00000020     UNINITIALIZED
                  00005060    00000020     F2837xS_GlobalVariableDefs.obj (ECap4RegsFile)

ECap5RegsFile 
*          1    00005080    00000020     UNINITIALIZED
                  00005080    00000020     F2837xS_GlobalVariableDefs.obj (ECap5RegsFile)

ECap6RegsFile 
*          1    000050a0    00000020     UNINITIALIZED
                  000050a0    00000020     F2837xS_GlobalVariableDefs.obj (ECap6RegsFile)

EQep1RegsFile 
*          1    00005100    00000022     UNINITIALIZED
                  00005100    00000022     F2837xS_GlobalVariableDefs.obj (EQep1RegsFile)

EQep2RegsFile 
*          1    00005140    00000022     UNINITIALIZED
                  00005140    00000022     F2837xS_GlobalVariableDefs.obj (EQep2RegsFile)

EQep3RegsFile 
*          1    00005180    00000022     UNINITIALIZED
                  00005180    00000022     F2837xS_GlobalVariableDefs.obj (EQep3RegsFile)

DacaRegsFile 
*          1    00005c00    00000008     UNINITIALIZED
                  00005c00    00000008     F2837xS_GlobalVariableDefs.obj (DacaRegsFile)

DacbRegsFile 
*          1    00005c10    00000008     UNINITIALIZED
                  00005c10    00000008     F2837xS_GlobalVariableDefs.obj (DacbRegsFile)

DaccRegsFile 
*          1    00005c20    00000008     UNINITIALIZED
                  00005c20    00000008     F2837xS_GlobalVariableDefs.obj (DaccRegsFile)

Sdfm1RegsFile 
*          1    00005e00    00000080     UNINITIALIZED
                  00005e00    00000080     F2837xS_GlobalVariableDefs.obj (Sdfm1RegsFile)

Sdfm2RegsFile 
*          1    00005e80    00000080     UNINITIALIZED
                  00005e80    00000080     F2837xS_GlobalVariableDefs.obj (Sdfm2RegsFile)

McbspaRegsFile 
*          1    00006000    00000024     UNINITIALIZED
                  00006000    00000024     F2837xS_GlobalVariableDefs.obj (McbspaRegsFile)

McbspbRegsFile 
*          1    00006040    00000024     UNINITIALIZED
                  00006040    00000024     F2837xS_GlobalVariableDefs.obj (McbspbRegsFile)

SpiaRegsFile 
*          1    00006100    00000010     UNINITIALIZED
                  00006100    00000010     F2837xS_GlobalVariableDefs.obj (SpiaRegsFile)

SpibRegsFile 
*          1    00006110    00000010     UNINITIALIZED
                  00006110    00000010     F2837xS_GlobalVariableDefs.obj (SpibRegsFile)

SpicRegsFile 
*          1    00006120    00000010     UNINITIALIZED
                  00006120    00000010     F2837xS_GlobalVariableDefs.obj (SpicRegsFile)

UppRegsFile 
*          1    00006200    00000048     UNINITIALIZED
                  00006200    00000048     F2837xS_GlobalVariableDefs.obj (UppRegsFile)

WdRegsFile 
*          1    00007000    0000002b     UNINITIALIZED
                  00007000    0000002b     F2837xS_GlobalVariableDefs.obj (WdRegsFile)

NmiIntruptRegsFile 
*          1    00007060    00000007     UNINITIALIZED
                  00007060    00000007     F2837xS_GlobalVariableDefs.obj (NmiIntruptRegsFile)

XintRegsFile 
*          1    00007070    0000000b     UNINITIALIZED
                  00007070    0000000b     F2837xS_GlobalVariableDefs.obj (XintRegsFile)

SciaRegsFile 
*          1    00007200    00000010     UNINITIALIZED
                  00007200    00000010     F2837xS_GlobalVariableDefs.obj (SciaRegsFile)

ScibRegsFile 
*          1    00007210    00000010     UNINITIALIZED
                  00007210    00000010     F2837xS_GlobalVariableDefs.obj (ScibRegsFile)

ScicRegsFile 
*          1    00007220    00000010     UNINITIALIZED
                  00007220    00000010     F2837xS_GlobalVariableDefs.obj (ScicRegsFile)

ScidRegsFile 
*          1    00007230    00000010     UNINITIALIZED
                  00007230    00000010     F2837xS_GlobalVariableDefs.obj (ScidRegsFile)

I2caRegsFile 
*          1    00007300    00000022     UNINITIALIZED
                  00007300    00000022     F2837xS_GlobalVariableDefs.obj (I2caRegsFile)

I2cbRegsFile 
*          1    00007340    00000022     UNINITIALIZED
                  00007340    00000022     F2837xS_GlobalVariableDefs.obj (I2cbRegsFile)

AdcaRegsFile 
*          1    00007400    00000080     UNINITIALIZED
                  00007400    00000080     F2837xS_GlobalVariableDefs.obj (AdcaRegsFile)

AdcbRegsFile 
*          1    00007480    00000080     UNINITIALIZED
                  00007480    00000080     F2837xS_GlobalVariableDefs.obj (AdcbRegsFile)

AdccRegsFile 
*          1    00007500    00000080     UNINITIALIZED
                  00007500    00000080     F2837xS_GlobalVariableDefs.obj (AdccRegsFile)

AdcdRegsFile 
*          1    00007580    00000080     UNINITIALIZED
                  00007580    00000080     F2837xS_GlobalVariableDefs.obj (AdcdRegsFile)

CanaRegsFile 
*          1    00048000    00000164     UNINITIALIZED
                  00048000    00000164     F2837xS_GlobalVariableDefs.obj (CanaRegsFile)

CanbRegsFile 
*          1    0004a000    00000164     UNINITIALIZED
                  0004a000    00000164     F2837xS_GlobalVariableDefs.obj (CanbRegsFile)

AnalogSubsysRegsFile 
*          1    0005d180    00000048     UNINITIALIZED
                  0005d180    00000048     F2837xS_GlobalVariableDefs.obj (AnalogSubsysRegsFile)

Cla1SoftIntRegsFile 
*          1    00000ce0    00000004     DSECT
                  00000ce0    00000004     F2837xS_GlobalVariableDefs.obj (Cla1SoftIntRegsFile)

Cmpss1RegsFile 
*          1    00005c80    00000020     UNINITIALIZED
                  00005c80    00000020     F2837xS_GlobalVariableDefs.obj (Cmpss1RegsFile)

Cmpss2RegsFile 
*          1    00005ca0    00000020     UNINITIALIZED
                  00005ca0    00000020     F2837xS_GlobalVariableDefs.obj (Cmpss2RegsFile)

Cmpss3RegsFile 
*          1    00005cc0    00000020     UNINITIALIZED
                  00005cc0    00000020     F2837xS_GlobalVariableDefs.obj (Cmpss3RegsFile)

Cmpss4RegsFile 
*          1    00005ce0    00000020     UNINITIALIZED
                  00005ce0    00000020     F2837xS_GlobalVariableDefs.obj (Cmpss4RegsFile)

Cmpss5RegsFile 
*          1    00005d00    00000020     UNINITIALIZED
                  00005d00    00000020     F2837xS_GlobalVariableDefs.obj (Cmpss5RegsFile)

Cmpss6RegsFile 
*          1    00005d20    00000020     UNINITIALIZED
                  00005d20    00000020     F2837xS_GlobalVariableDefs.obj (Cmpss6RegsFile)

Cmpss7RegsFile 
*          1    00005d40    00000020     UNINITIALIZED
                  00005d40    00000020     F2837xS_GlobalVariableDefs.obj (Cmpss7RegsFile)

Cmpss8RegsFile 
*          1    00005d60    00000020     UNINITIALIZED
                  00005d60    00000020     F2837xS_GlobalVariableDefs.obj (Cmpss8RegsFile)

InputXbarRegsFile 
*          1    00007900    00000020     UNINITIALIZED
                  00007900    00000020     F2837xS_GlobalVariableDefs.obj (InputXbarRegsFile)

XbarRegsFile 
*          1    00007920    00000020     UNINITIALIZED
                  00007920    00000020     F2837xS_GlobalVariableDefs.obj (XbarRegsFile)

SyncSocRegsFile 
*          1    00007940    00000006     UNINITIALIZED
                  00007940    00000006     F2837xS_GlobalVariableDefs.obj (SyncSocRegsFile)

DmaClaSrcSelRegsFile 
*          1    00007980    0000001a     UNINITIALIZED
                  00007980    0000001a     F2837xS_GlobalVariableDefs.obj (DmaClaSrcSelRegsFile)

EPwmXbarRegsFile 
*          1    00007a00    00000040     UNINITIALIZED
                  00007a00    00000040     F2837xS_GlobalVariableDefs.obj (EPwmXbarRegsFile)

OutputXbarRegsFile 
*          1    00007a80    00000040     UNINITIALIZED
                  00007a80    00000040     F2837xS_GlobalVariableDefs.obj (OutputXbarRegsFile)

GpioCtrlRegsFile 
*          1    00007c00    00000180     UNINITIALIZED
                  00007c00    00000180     F2837xS_GlobalVariableDefs.obj (GpioCtrlRegsFile)

GpioDataRegsFile 
*          1    00007f00    00000030     UNINITIALIZED
                  00007f00    00000030     F2837xS_GlobalVariableDefs.obj (GpioDataRegsFile)

Emif1RegsFile 
*          1    00047000    00000070     UNINITIALIZED
                  00047000    00000070     F2837xS_GlobalVariableDefs.obj (Emif1RegsFile)

Emif2RegsFile 
*          1    00047800    00000070     UNINITIALIZED
                  00047800    00000070     F2837xS_GlobalVariableDefs.obj (Emif2RegsFile)

FlashPumpSemaphoreRegsFile 
*          1    00050024    00000002     UNINITIALIZED
                  00050024    00000002     F2837xS_GlobalVariableDefs.obj (FlashPumpSemaphoreRegsFile)

RomPrefetchRegsFile 
*          1    0005e608    00000002     UNINITIALIZED
                  0005e608    00000002     F2837xS_GlobalVariableDefs.obj (RomPrefetchRegsFile)

DcsmZ1RegsFile 
*          1    0005f000    00000024     UNINITIALIZED
                  0005f000    00000024     F2837xS_GlobalVariableDefs.obj (DcsmZ1RegsFile)

DcsmZ2RegsFile 
*          1    0005f040    00000024     UNINITIALIZED
                  0005f040    00000024     F2837xS_GlobalVariableDefs.obj (DcsmZ2RegsFile)

DcsmCommonRegsFile 
*          1    0005f070    00000008     UNINITIALIZED
                  0005f070    00000008     F2837xS_GlobalVariableDefs.obj (DcsmCommonRegsFile)

MemCfgRegsFile 
*          1    0005f400    00000080     UNINITIALIZED
                  0005f400    00000080     F2837xS_GlobalVariableDefs.obj (MemCfgRegsFile)

Emif1ConfigRegsFile 
*          1    0005f480    00000020     UNINITIALIZED
                  0005f480    00000020     F2837xS_GlobalVariableDefs.obj (Emif1ConfigRegsFile)

Emif2ConfigRegsFile 
*          1    0005f4a0    00000020     UNINITIALIZED
                  0005f4a0    00000020     F2837xS_GlobalVariableDefs.obj (Emif2ConfigRegsFile)

AccessProtectionRegsFile 
*          1    0005f4c0    00000040     UNINITIALIZED
                  0005f4c0    00000040     F2837xS_GlobalVariableDefs.obj (AccessProtectionRegsFile)

MemoryErrorRegsFile 
*          1    0005f500    00000040     UNINITIALIZED
                  0005f500    00000040     F2837xS_GlobalVariableDefs.obj (MemoryErrorRegsFile)

RomWaitStateRegsFile 
*          1    0005f540    00000002     UNINITIALIZED
                  0005f540    00000002     F2837xS_GlobalVariableDefs.obj (RomWaitStateRegsFile)

Flash0CtrlRegsFile 
*          1    0005f800    00000182     UNINITIALIZED
                  0005f800    00000182     F2837xS_GlobalVariableDefs.obj (Flash0CtrlRegsFile)

Flash0EccRegsFile 
*          1    0005fb00    00000028     UNINITIALIZED
                  0005fb00    00000028     F2837xS_GlobalVariableDefs.obj (Flash0EccRegsFile)

Flash1CtrlRegsFile 
*          1    0005fc00    00000182     UNINITIALIZED
                  0005fc00    00000182     F2837xS_GlobalVariableDefs.obj (Flash1CtrlRegsFile)

Flash1EccRegsFile 
*          1    0005ff00    00000028     UNINITIALIZED
                  0005ff00    00000028     F2837xS_GlobalVariableDefs.obj (Flash1EccRegsFile)

DcsmZ1OtpFile 
*          1    00078000    00000020     NOLOAD SECTION
                  00078000    00000020     F2837xS_GlobalVariableDefs.obj (DcsmZ1OtpFile)

DcsmZ2OtpFile 
*          1    00078200    00000020     NOLOAD SECTION
                  00078200    00000020     F2837xS_GlobalVariableDefs.obj (DcsmZ2OtpFile)

DevCfgRegsFile 
*          1    0005d000    0000012e     UNINITIALIZED
                  0005d000    0000012e     F2837xS_GlobalVariableDefs.obj (DevCfgRegsFile)

ClkCfgRegsFile 
*          1    0005d200    00000032     UNINITIALIZED
                  0005d200    00000032     F2837xS_GlobalVariableDefs.obj (ClkCfgRegsFile)

CpuSysRegsFile 
*          1    0005d300    00000082     UNINITIALIZED
                  0005d300    00000082     F2837xS_GlobalVariableDefs.obj (CpuSysRegsFile)

MODULE SUMMARY

       Module                             code    initialized data   uninitialized data
       ------                             ----    ----------------   ------------------
    .\MCU_Resource_Files\Source\F2837xS_v210\
       SWPrioritizedDefaultIsr.obj        14642   0                  52                
       F2837xS_GlobalVariableDefs.obj     0       0                  9149              
       F2837xS_SysCtrl.obj                1870    0                  0                 
       F2837xS_Gpio.obj                   1160    0                  0                 
       F2837xS_PieVect.obj                76      896                0                 
       F2837xS_EPwm.obj                   536     0                  0                 
       F2837xS_CpuTimers.obj              248     0                  24                
       F2837xS_can.obj                    152     0                  0                 
       F2837xS_PieCtrl.obj                80      0                  0                 
       DSP28xxx_SectionCopy_nonBIOS.obj   51      0                  0                 
       DSP28xxx_CodeStartBranch.obj       10      0                  0                 
       F2837xS_usDelay.obj                8       0                  0                 
       F2837xS_DBGIER.obj                 6       0                  0                 
    +--+----------------------------------+-------+------------------+--------------------+
       Total:                             18839   896                9225              
                                                                                       
    .\Source_Files\
       BSW_Adc.obj                        3164    350                216               
       BSW_Can.obj                        2734    134                26                
       BSW_Pwm.obj                        2194    68                 28                
       ASW_Diag.obj                       1450    0                  96                
       ASW_Ctrl.obj                       1276    0                  48                
       ASW_LLCStateTrans.obj              852     16                 2                 
       BSW_Gpio.obj                       608     0                  0                 
       ASW_LLCState.obj                   474     34                 30                
       Rte_Interface.obj                  276     18                 4                 
       main.obj                           292     0                  0                 
       Rte_ApiIn.obj                      222     0                  50                
       BSW_Timer.obj                      42      24                 3                 
       Rte_ApiOut.obj                     22      0                  10                
    +--+----------------------------------+-------+------------------+--------------------+
       Total:                             13606   644                513               
                                                                                       
    C:\ti\ccs1011\ccs\tools\compiler\ti-cgt-c2000_18.1.8.LTS\lib\rts2800_fpu32.lib
       e_logf.c.obj                       598     32                 0                 
       fs_div28.asm.obj                   272     0                  0                 
       boot28.asm.obj                     172     0                  0                 
       exit.c.obj                         82      28                 6                 
       cpy_tbl.c.obj                      72      0                  0                 
       memcpy.c.obj                       58      0                  0                 
       args_main.c.obj                    50      0                  0                 
       _lock.c.obj                        18      20                 4                 
       errno.c.obj                        0       8                  1                 
       pre_init.c.obj                     4       0                  0                 
       startup.c.obj                      2       0                  0                 
    +--+----------------------------------+-------+------------------+--------------------+
       Total:                             1328    88                 11                
                                                                                       
       Stack:                             0       0                  1024              
    +--+----------------------------------+-------+------------------+--------------------+
       Grand Total:                       33773   1628               10773             


GLOBAL DATA SYMBOLS: SORTED BY DATA PAGE

address     data page           name
--------    ----------------    ----
00000b00      2c (00000b00)     _AdcaResultRegs
00000b20      2c (00000b00)     _AdcbResultRegs

00000b40      2d (00000b40)     _AdccResultRegs
00000b60      2d (00000b40)     _AdcdResultRegs

00000c00      30 (00000c00)     _CpuTimer0Regs
00000c08      30 (00000c00)     _CpuTimer1Regs
00000c10      30 (00000c00)     _CpuTimer2Regs

00000ce0      33 (00000cc0)     _Cla1SoftIntRegs
00000ce0      33 (00000cc0)     _PieCtrlRegs

00000d00      34 (00000d00)     _EmuKey
00000d00      34 (00000d00)     _PieVectTable
00000d01      34 (00000d00)     _EmuBMode

00001000      40 (00001000)     _DmaRegs

00001400      50 (00001400)     _Cla1Regs

00004000     100 (00004000)     _EPwm1Regs

00004100     104 (00004100)     _EPwm2Regs

00004200     108 (00004200)     _EPwm3Regs

00004300     10c (00004300)     _EPwm4Regs

00004400     110 (00004400)     _EPwm5Regs

00004500     114 (00004500)     _EPwm6Regs

00004600     118 (00004600)     _EPwm7Regs

00004700     11c (00004700)     _EPwm8Regs

00004800     120 (00004800)     _EPwm9Regs

00004900     124 (00004900)     _EPwm10Regs

00004a00     128 (00004a00)     _EPwm11Regs

00004b00     12c (00004b00)     _EPwm12Regs

00005000     140 (00005000)     _ECap1Regs
00005020     140 (00005000)     _ECap2Regs

00005040     141 (00005040)     _ECap3Regs
00005060     141 (00005040)     _ECap4Regs

00005080     142 (00005080)     _ECap5Regs
000050a0     142 (00005080)     _ECap6Regs

00005100     144 (00005100)     _EQep1Regs

00005140     145 (00005140)     _EQep2Regs

00005180     146 (00005180)     _EQep3Regs

00005c00     170 (00005c00)     _DacaRegs
00005c10     170 (00005c00)     _DacbRegs
00005c20     170 (00005c00)     _DaccRegs

00005c80     172 (00005c80)     _Cmpss1Regs
00005ca0     172 (00005c80)     _Cmpss2Regs

00005cc0     173 (00005cc0)     _Cmpss3Regs
00005ce0     173 (00005cc0)     _Cmpss4Regs

00005d00     174 (00005d00)     _Cmpss5Regs
00005d20     174 (00005d00)     _Cmpss6Regs

00005d40     175 (00005d40)     _Cmpss7Regs
00005d60     175 (00005d40)     _Cmpss8Regs

00005e00     178 (00005e00)     _Sdfm1Regs

00005e80     17a (00005e80)     _Sdfm2Regs

00006000     180 (00006000)     _McbspaRegs

00006040     181 (00006040)     _McbspbRegs

00006100     184 (00006100)     _SpiaRegs
00006110     184 (00006100)     _SpibRegs
00006120     184 (00006100)     _SpicRegs

00006200     188 (00006200)     _UppRegs

00007000     1c0 (00007000)     _WdRegs

00007060     1c1 (00007040)     _NmiIntruptRegs
00007070     1c1 (00007040)     _XintRegs

00007200     1c8 (00007200)     _SciaRegs
00007210     1c8 (00007200)     _ScibRegs
00007220     1c8 (00007200)     _ScicRegs
00007230     1c8 (00007200)     _ScidRegs

00007300     1cc (00007300)     _I2caRegs

00007340     1cd (00007340)     _I2cbRegs

00007400     1d0 (00007400)     _AdcaRegs

00007480     1d2 (00007480)     _AdcbRegs

00007500     1d4 (00007500)     _AdccRegs

00007580     1d6 (00007580)     _AdcdRegs

00007900     1e4 (00007900)     _InputXbarRegs
00007920     1e4 (00007900)     _XbarRegs

00007940     1e5 (00007940)     _SyncSocRegs

00007980     1e6 (00007980)     _DmaClaSrcSelRegs

00007a00     1e8 (00007a00)     _EPwmXbarRegs

00007a80     1ea (00007a80)     _OutputXbarRegs

00007c00     1f0 (00007c00)     _GpioCtrlRegs

00007f00     1fc (00007f00)     _GpioDataRegs

0000a80c     2a0 (0000a800)     _f32g_LLC_Power
0000a80e     2a0 (0000a800)     _f32g_LLC_VLink_LPF
0000a82a     2a0 (0000a800)     _f32g_LLC_Iout_LPF
0000a82c     2a0 (0000a800)     _f32g_LLC_IoutA_LPF
0000a836     2a0 (0000a800)     _f32g_LLC_ILinkC_LPF
0000a838     2a0 (0000a800)     _f32g_LLC_ILinkB_LPF
0000a83a     2a0 (0000a800)     _f32g_LLC_Vout_LPF
0000a83c     2a0 (0000a800)     _f32g_LLC_IoutC_LPF
0000a83e     2a0 (0000a800)     _f32g_LLC_ILinkA_LPF

0000a840     2a1 (0000a840)     _f32g_LLC_IoutB_LPF

0000a8c0     2a3 (0000a8c0)     _f32g_LLC_TMP_LPF
0000a8d8     2a3 (0000a8c0)     _u8g_SoftStartEnd
0000a8da     2a3 (0000a8c0)     _f32g_cmdTargetCur_SS
0000a8dc     2a3 (0000a8c0)     _stg_AswLLCDiagFlag
0000a8f6     2a3 (0000a8c0)     _stg_rteLLCOut

0000a960     2a5 (0000a940)     _f32_duty
0000a962     2a5 (0000a940)     _ePWM_Regs
0000a97e     2a5 (0000a940)     _f32_openloop_fre

0000a980     2a6 (0000a980)     _ISRTraceIndex
0000a981     2a6 (0000a980)     _i
0000a982     2a6 (0000a980)     _ISRTrace
0000a9b4     2a6 (0000a980)     ___TI_enable_exit_profile_output
0000a9b6     2a6 (0000a980)     ___TI_cleanup_ptr
0000a9b8     2a6 (0000a980)     ___TI_dtors_ptr
0000a9ba     2a6 (0000a980)     _u16g_task_flag_1m
0000a9bb     2a6 (0000a980)     _u16g_task_flag_50m
0000a9bc     2a6 (0000a980)     _u8g_task_flag_100u
0000a9bf     2a6 (0000a980)     _errno

0000a9c0     2a7 (0000a9c0)     _stg_rteLLCIn
0000a9f2     2a7 (0000a9c0)     __lock
0000a9f4     2a7 (0000a9c0)     __unlock

0000aa40     2a9 (0000aa40)     _u8g_LLC_LayerA
0000aa41     2a9 (0000aa40)     _u8g_resetFault
0000aa42     2a9 (0000aa40)     _u8g_LLC_LayerB
0000aa43     2a9 (0000aa40)     _u8g_IG_ON
0000aa44     2a9 (0000aa40)     _u8g_operationMode
0000aa45     2a9 (0000aa40)     _u8g_Close_Loop
0000aa46     2a9 (0000aa40)     _u8g_CAN_transmit
0000aa48     2a9 (0000aa40)     _u8_previous_mode
0000aa49     2a9 (0000aa40)     _u8g_LLC_CanTimeout
0000aa4a     2a9 (0000aa40)     _u8g_LLC_LayerC
0000aa4c     2a9 (0000aa40)     _f16g_LLC_Deadtime
0000aa4e     2a9 (0000aa40)     _f32g_LLC_Target_V
0000aa50     2a9 (0000aa40)     _f16g_test_frequency
0000aa52     2a9 (0000aa40)     _ucRXMsgData
0000aa5a     2a9 (0000aa40)     _CpuTimer1
0000aa62     2a9 (0000aa40)     _CpuTimer2
0000aa6a     2a9 (0000aa40)     _CpuTimer0
0000aa72     2a9 (0000aa40)     _PieVectTableInit

0000b800     2e0 (0000b800)     __stack

00047000    11c0 (00047000)     _Emif1Regs

00047800    11e0 (00047800)     _Emif2Regs

00048000    1200 (00048000)     _CanaRegs

0004a000    1280 (0004a000)     _CanbRegs

00050024    1400 (00050000)     _FlashPumpSemaphoreRegs

0005d000    1740 (0005d000)     _DevCfgRegs

0005d180    1746 (0005d180)     _AnalogSubsysRegs

0005d200    1748 (0005d200)     _ClkCfgRegs

0005d300    174c (0005d300)     _CpuSysRegs

0005e608    1798 (0005e600)     _RomPrefetchRegs

0005f000    17c0 (0005f000)     _DcsmZ1Regs

0005f040    17c1 (0005f040)     _DcsmZ2Regs
0005f070    17c1 (0005f040)     _DcsmCommonRegs

0005f400    17d0 (0005f400)     _MemCfgRegs

0005f480    17d2 (0005f480)     _Emif1ConfigRegs
0005f4a0    17d2 (0005f480)     _Emif2ConfigRegs

0005f4c0    17d3 (0005f4c0)     _AccessProtectionRegs

0005f500    17d4 (0005f500)     _MemoryErrorRegs

0005f540    17d5 (0005f540)     _RomWaitStateRegs

0005f800    17e0 (0005f800)     _Flash0CtrlRegs

0005fb00    17ec (0005fb00)     _Flash0EccRegs

0005fc00    17f0 (0005fc00)     _Flash1CtrlRegs

0005ff00    17fc (0005ff00)     _Flash1EccRegs

00078000    1e00 (00078000)     _DcsmZ1Otp

00078200    1e08 (00078200)     _DcsmZ2Otp


GLOBAL SYMBOLS: SORTED ALPHABETICALLY BY Name 

page  address   name                                  
----  -------   ----                                  
0     00011000  .text                                 
0     000150d4  C$$EXIT                               
0     00014e5c  FS$$DIV                               
0     000110d9  _ADCA1_ISR                            
0     00012449  _ADCA2_ISR                            
0     00012483  _ADCA3_ISR                            
0     000124b1  _ADCA4_ISR                            
0     0001240f  _ADCA_EVT_ISR                         
0     00011113  _ADCB1_ISR                            
0     00012519  _ADCB2_ISR                            
0     00012553  _ADCB3_ISR                            
0     0001258d  _ADCB4_ISR                            
0     000124df  _ADCB_EVT_ISR                         
0     0001114d  _ADCC1_ISR                            
0     00012601  _ADCC2_ISR                            
0     0001263b  _ADCC3_ISR                            
0     00012675  _ADCC4_ISR                            
0     000125c7  _ADCC_EVT_ISR                         
0     000111ef  _ADCD1_ISR                            
0     000126e9  _ADCD2_ISR                            
0     00012723  _ADCD3_ISR                            
0     0001275d  _ADCD4_ISR                            
0     000126af  _ADCD_EVT_ISR                         
0     00012bcd  _AUX_PLL_SLIP_ISR                     
1     0005f4c0  _AccessProtectionRegs                 
1     00007400  _AdcaRegs                             
1     00000b00  _AdcaResultRegs                       
1     00007480  _AdcbRegs                             
1     00000b20  _AdcbResultRegs                       
1     00007500  _AdccRegs                             
1     00000b40  _AdccResultRegs                       
1     00007580  _AdcdRegs                             
1     00000b60  _AdcdResultRegs                       
1     0005d180  _AnalogSubsysRegs                     
0     00013f2d  _Asw_Adc_NormalMode                   
0     00013fc0  _Asw_Adc_OverMode                     
0     00013f7c  _Asw_Adc_UnderMode                    
0     0001422f  _Asw_FirstLPF                         
0     0001457e  _Asw_GET_LLC_Mode                     
0     00014be4  _Asw_GET_LLC_PwmCtrl                  
0     000141e5  _Asw_Get1stLPFcoef                    
0     00013d76  _Asw_LLC_AdcInit                      
0     00013ddd  _Asw_LLC_DiagAdcValues                
0     00014004  _Asw_LLC_DiagCanState                 
0     00014b86  _Asw_LLC_Init                         
0     00014ba1  _Asw_LLC_Mode                         
0     0001450d  _Asw_LLC_ModeUpdate                   
0     0001404b  _Asw_LLC_PiCofficient                 
0     00014095  _Asw_LLC_PiCtrl                       
0     00014084  _Asw_LLC_PiInit                       
0     0001419e  _Asw_SoftStart                        
0     000139ec  _AuxAuxClkSel                         
0     000139d6  _AuxIntOsc2Sel                        
0     000139e0  _AuxXtalOscSel                        
0     000131f0  _BSW_Adc_Init                         
0     00013242  _BSW_Adc_Update                       
0     00012c99  _BSW_Can_Init                         
0     00012cec  _BSW_Can_TxRx                         
0     00014c73  _BSW_Gpio_Init                        
0     00013a48  _BSW_Pwm                              
0     00013a80  _BSW_Pwm_Freq_Update                  
0     00013a2f  _BSW_Pwm_Init                         
0     00013d14  _BSW_SET_Duty                         
0     00013d55  _BSW_SET_Freq                         
0     00012d0c  _Bsw_GET_LLC_CanTimeout               
0     000122ed  _CANA0_ISR                            
0     00012327  _CANA1_ISR                            
0     00012361  _CANB0_ISR                            
0     0001239b  _CANB1_ISR                            
0     00012797  _CLA1_1_ISR                           
0     000127d1  _CLA1_2_ISR                           
0     0001280b  _CLA1_3_ISR                           
0     00012839  _CLA1_4_ISR                           
0     00012867  _CLA1_5_ISR                           
0     000128a1  _CLA1_6_ISR                           
0     000128db  _CLA1_7_ISR                           
0     00012915  _CLA1_8_ISR                           
0     00012c07  _CLA_OVERFLOW_ISR                     
0     00012c41  _CLA_UNDERFLOW_ISR                    
0     00011aff  _CLB1_ISR                             
0     00011b39  _CLB2_ISR                             
0     00011b73  _CLB3_ISR                             
0     00011bad  _CLB4_ISR                             
1     00048000  _CanaRegs                             
1     0004a000  _CanbRegs                             
1     00001400  _Cla1Regs                             
0     00000ce0  _Cla1SoftIntRegs                      
1     0005d200  _ClkCfgRegs                           
1     00005c80  _Cmpss1Regs                           
1     00005ca0  _Cmpss2Regs                           
1     00005cc0  _Cmpss3Regs                           
1     00005ce0  _Cmpss4Regs                           
1     00005d00  _Cmpss5Regs                           
1     00005d20  _Cmpss6Regs                           
1     00005d40  _Cmpss7Regs                           
1     00005d60  _Cmpss8Regs                           
0     00014f25  _ConfigCpuTimer                       
1     0005d300  _CpuSysRegs                           
1     0000aa6a  _CpuTimer0                            
1     00000c00  _CpuTimer0Regs                        
1     0000aa5a  _CpuTimer1                            
1     00000c08  _CpuTimer1Regs                        
1     0000aa62  _CpuTimer2                            
1     00000c10  _CpuTimer2Regs                        
0     00013995  _CsmUnlock                            
0     0001101a  _DATALOG_ISR                          
0     00011e9f  _DMA_CH1_ISR                          
0     00011ed9  _DMA_CH2_ISR                          
0     00011f13  _DMA_CH3_ISR                          
0     00011f4d  _DMA_CH4_ISR                          
0     00011f87  _DMA_CH5_ISR                          
0     00011fc1  _DMA_CH6_ISR                          
1     00005c00  _DacaRegs                             
1     00005c10  _DacbRegs                             
1     00005c20  _DaccRegs                             
1     0005f070  _DcsmCommonRegs                       
1     00078000  _DcsmZ1Otp                            
1     0005f000  _DcsmZ1Regs                           
1     00078200  _DcsmZ2Otp                            
1     0005f040  _DcsmZ2Regs                           
1     0005d000  _DevCfgRegs                           
0     000137f9  _DisableDog                           
0     0001373d  _DisablePeripheralClocks              
1     00007980  _DmaClaSrcSelRegs                     
1     00001000  _DmaRegs                              
0     000118f5  _ECAP1_ISR                            
0     0001192f  _ECAP2_ISR                            
0     00011969  _ECAP3_ISR                            
0     000119a3  _ECAP4_ISR                            
0     000119dd  _ECAP5_ISR                            
0     00011a17  _ECAP6_ISR                            
1     00005000  _ECap1Regs                            
1     00005020  _ECap2Regs                            
1     00005040  _ECap3Regs                            
1     00005060  _ECap4Regs                            
1     00005080  _ECap5Regs                            
1     000050a0  _ECap6Regs                            
0     00012aab  _EMIF_ERROR_ISR                       
0     00011034  _EMU_ISR                              
0     00011847  _EPWM10_ISR                           
0     0001158f  _EPWM10_TZ_ISR                        
0     00011881  _EPWM11_ISR                           
0     000115c9  _EPWM11_TZ_ISR                        
0     000118bb  _EPWM12_ISR                           
0     00011603  _EPWM12_TZ_ISR                        
0     0001163d  _EPWM1_ISR                            
0     00011385  _EPWM1_TZ_ISR                         
0     00011677  _EPWM2_ISR                            
0     000113bf  _EPWM2_TZ_ISR                         
0     000116b1  _EPWM3_ISR                            
0     000113f9  _EPWM3_TZ_ISR                         
0     000116eb  _EPWM4_ISR                            
0     00011433  _EPWM4_TZ_ISR                         
0     00011725  _EPWM5_ISR                            
0     0001146d  _EPWM5_TZ_ISR                         
0     0001175f  _EPWM6_ISR                            
0     000114a7  _EPWM6_TZ_ISR                         
0     00011799  _EPWM7_ISR                            
0     000114e1  _EPWM7_TZ_ISR                         
0     000117d3  _EPWM8_ISR                            
0     0001151b  _EPWM8_TZ_ISR                         
0     0001180d  _EPWM9_ISR                            
0     00011555  _EPWM9_TZ_ISR                         
1     00004900  _EPwm10Regs                           
1     00004a00  _EPwm11Regs                           
1     00004b00  _EPwm12Regs                           
1     00004000  _EPwm1Regs                            
1     00004100  _EPwm2Regs                            
1     00004200  _EPwm3Regs                            
1     00004300  _EPwm4Regs                            
1     00004400  _EPwm5Regs                            
1     00004500  _EPwm6Regs                            
1     00004600  _EPwm7Regs                            
1     00004700  _EPwm8Regs                            
1     00004800  _EPwm9Regs                            
1     00007a00  _EPwmXbarRegs                         
0     00011a51  _EQEP1_ISR                            
0     00011a8b  _EQEP2_ISR                            
0     00011ac5  _EQEP3_ISR                            
1     00005100  _EQep1Regs                            
1     00005140  _EQep2Regs                            
1     00005180  _EQep3Regs                            
1     0005f480  _Emif1ConfigRegs                      
1     00047000  _Emif1Regs                            
1     0005f4a0  _Emif2ConfigRegs                      
1     00047800  _Emif2Regs                            
1     00000d01  _EmuBMode                             
1     00000d00  _EmuKey                               
0     0001511c  _EnableInterrupts                     
0     000151ce  _F28x_usDelay                         
0     00012b1f  _FLASH_CORRECTABLE_ERROR_ISR          
0     00012a37  _FPU_OVERFLOW_ISR                     
0     00012a71  _FPU_UNDERFLOW_ISR                    
1     0005f800  _Flash0CtrlRegs                       
1     0005fb00  _Flash0EccRegs                        
1     0005fc00  _Flash1CtrlRegs                       
1     0005ff00  _Flash1EccRegs                        
0     000137a7  _FlashOff_Bank0                       
0     000137b5  _FlashOff_Bank1                       
1     00050024  _FlashPumpSemaphoreRegs               
0     00015011  _Fualt_isr                            
0     000144c2  _GPIO_EnableUnbondedIOPullups         
0     0001449d  _GPIO_EnableUnbondedIOPullupsFor100Pin
0     00014484  _GPIO_EnableUnbondedIOPullupsFor176Pin
0     00014d05  _GPIO_Interrupt_Set                   
0     000144d8  _GPIO_ReadPin                         
0     00014429  _GPIO_SetupLock                       
0     00014309  _GPIO_SetupPinMux                     
0     00014395  _GPIO_SetupPinOptions                 
0     00014452  _GPIO_SetupXINT1Gpio                  
0     0001445c  _GPIO_SetupXINT2Gpio                  
0     00014466  _GPIO_SetupXINT3Gpio                  
0     00014470  _GPIO_SetupXINT4Gpio                  
0     0001447a  _GPIO_SetupXINT5Gpio                  
0     000144ef  _GPIO_WritePin                        
1     00007c00  _GpioCtrlRegs                         
1     00007f00  _GpioDataRegs                         
0     00013a0a  _HALT                                 
0     00013a1b  _HIB                                  
0     00012035  _I2CA_FIFO_ISR                        
0     00011ffb  _I2CA_ISR                             
0     000120a9  _I2CB_FIFO_ISR                        
0     0001206f  _I2CB_ISR                             
1     00007300  _I2caRegs                             
1     00007340  _I2cbRegs                             
0     000139f6  _IDLE                                 
0     0001104a  _ILLEGAL_ISR                          
0     00012c85  _INT_NOTUSED_ISR                      
0     0001129d  _IPC0_ISR                             
0     000112d7  _IPC1_ISR                             
0     00011311  _IPC2_ISR                             
0     0001134b  _IPC3_ISR                             
1     0000a982  _ISRTrace                             
1     0000a980  _ISRTraceIndex                        
0     000138cd  _InitAuxPll                           
0     00015088  _InitCAN                              
0     00014ee4  _InitCpuTimers                        
0     00014a43  _InitEPwm10Gpio                       
0     00014a5d  _InitEPwm11Gpio                       
0     00014a71  _InitEPwm12Gpio                       
0     00014991  _InitEPwm1Gpio                        
0     000149a3  _InitEPwm2Gpio                        
0     000149b5  _InitEPwm3Gpio                        
0     000149c9  _InitEPwm4Gpio                        
0     000149dd  _InitEPwm5Gpio                        
0     000149ef  _InitEPwm6Gpio                        
0     00014a01  _InitEPwm7Gpio                        
0     00014a15  _InitEPwm8Gpio                        
0     00014a29  _InitEPwm9Gpio                        
0     00014978  _InitEPwmGpio                         
0     00013755  _InitFlash_Bank0                      
0     0001377e  _InitFlash_Bank1                      
0     000142c9  _InitGpio                             
0     000136b9  _InitPeripheralClocks                 
0     000150fd  _InitPieCtrl                          
0     00015125  _InitPieVectTable                     
0     00013688  _InitSysCtrl                          
0     00013807  _InitSysPll                           
1     00007900  _InputXbarRegs                        
0     00011d43  _MCBSPA_RX_ISR                        
0     00011d7d  _MCBSPA_TX_ISR                        
0     00011db7  _MCBSPB_RX_ISR                        
0     00011df1  _MCBSPB_TX_ISR                        
1     00006000  _McbspaRegs                           
1     00006040  _McbspbRegs                           
1     0005f400  _MemCfgRegs                           
1     0005f500  _MemoryErrorRegs                      
0     0001103f  _NMI_ISR                              
1     00007060  _NmiIntruptRegs                       
1     00007a80  _OutputXbarRegs                       
0     00014fcf  _Over_Current_isr                     
0     00014ff0  _Over_Volt_isr                        
0     00012c7b  _PIE_RESERVED_ISR                     
1     00000ce0  _PieCtrlRegs                          
1     00000d00  _PieVectTable                         
0     0000aa72  _PieVectTableInit                     
0     00012b59  _RAM_ACCESS_VIOLATION_ISR             
0     00012ae5  _RAM_CORRECTABLE_ERROR_ISR            
0     00014dd2  _RTE_BSW_Init                         
0     00014f60  _RTE_LLC_IN                           
0     000151ba  _RTE_LLC_OUT                          
0     00014ddb  _RTE_Task_Run                         
0     00011027  _RTOS_ISR                             
0     000137e1  _ReleaseFlashPump                     
1     0005e608  _RomPrefetchRegs                      
1     0005f540  _RomWaitStateRegs                     
0     00012205  _SCIA_RX_ISR                          
0     0001223f  _SCIA_TX_ISR                          
0     00012279  _SCIB_RX_ISR                          
0     000122b3  _SCIB_TX_ISR                          
0     000120e3  _SCIC_RX_ISR                          
0     0001211d  _SCIC_TX_ISR                          
0     00012157  _SCID_RX_ISR                          
0     00012191  _SCID_TX_ISR                          
0     00011be7  _SD1_ISR                              
0     00011c21  _SD2_ISR                              
0     00011c5b  _SPIA_RX_ISR                          
0     00011c95  _SPIA_TX_ISR                          
0     00011ccf  _SPIB_RX_ISR                          
0     00011d09  _SPIB_TX_ISR                          
0     00011e2b  _SPIC_RX_ISR                          
0     00011e65  _SPIC_TX_ISR                          
0     000139ff  _STANDBY                              
0     00012b93  _SYS_PLL_SLIP_ISR                     
1     00007200  _SciaRegs                             
1     00007210  _ScibRegs                             
1     00007220  _ScicRegs                             
1     00007230  _ScidRegs                             
1     00005e00  _Sdfm1Regs                            
1     00005e80  _Sdfm2Regs                            
0     000137c3  _SeizeFlashPump_Bank0                 
0     000137d2  _SeizeFlashPump_Bank1                 
0     000137eb  _ServiceDog                           
0     000151d2  _SetDBGIER                            
1     00006100  _SpiaRegs                             
1     00006110  _SpibRegs                             
1     00006120  _SpicRegs                             
1     00007940  _SyncSocRegs                          
0     000139b6  _SysIntOsc1Sel                        
0     000139c0  _SysIntOsc2Sel                        
0     000139ca  _SysXtalOscSel                        
0     00011229  _TIMER0_ISR                           
0     00011000  _TIMER1_ISR                           
0     0001100d  _TIMER2_ISR                           
0     000121cb  _UPPA_ISR                             
0     000123d5  _USBA_ISR                             
0     000110b8  _USER10_ISR                           
0     000110c3  _USER11_ISR                           
0     000110ce  _USER12_ISR                           
0     00011055  _USER1_ISR                            
0     00011060  _USER2_ISR                            
0     0001106b  _USER3_ISR                            
0     00011076  _USER4_ISR                            
0     00011081  _USER5_ISR                            
0     0001108c  _USER6_ISR                            
0     00011097  _USER7_ISR                            
0     000110a2  _USER8_ISR                            
0     000110ad  _USER9_ISR                            
1     00006200  _UppRegs                              
0     000129fd  _VCU_ISR                              
0     00011263  _WAKE_ISR                             
1     00007000  _WdRegs                               
0     00011187  _XINT1_ISR                            
0     000111b5  _XINT2_ISR                            
0     0001294f  _XINT3_ISR                            
0     00012989  _XINT4_ISR                            
0     000129c3  _XINT5_ISR                            
1     00007920  _XbarRegs                             
1     00007070  _XintRegs                             
1     0000bc00  __STACK_END                           
abs   00000400  __STACK_SIZE                          
1     0000a9b6  ___TI_cleanup_ptr                     
1     0000a9b8  ___TI_dtors_ptr                       
1     0000a9b4  ___TI_enable_exit_profile_output      
abs   ffffffff  ___TI_pprof_out_hndl                  
abs   ffffffff  ___TI_prof_data_size                  
abs   ffffffff  ___TI_prof_data_start                 
abs   ffffffff  ___binit__                            
abs   ffffffff  ___c_args__                           
0     00000122  ___cinit__                            
0     000151d8  ___etext__                            
abs   ffffffff  ___pinit__                            
0     00011000  ___text__                             
0     0001518c  __args_main                           
1     0000a9f2  __lock                                
0     000151cd  __nop                                 
0     000151c9  __register_lock                       
0     000151c5  __register_unlock                     
1     0000b800  __stack                               
0     000151d7  __system_post_cinit                   
0     000151d5  __system_pre_init                     
1     0000a9f4  __unlock                              
0     000150d4  _abort                                
0     000146b7  _adca_isr                             
0     0001473c  _adcb_isr                             
0     000147b8  _adcc_isr                             
0     00015032  _c_int00                              
0     00080002  _cinit_loadstart                      
0     00000122  _cinit_runstart                       
abs   00000157  _cinit_size                           
0     0001514b  _copy_in                              
0     000151a5  _cpu_timer1_isr                       
1     0000a962  _ePWM_Regs                            
0     0008015a  _econst_loadstart                     
0     0000aa72  _econst_runstart                      
abs   000001d9  _econst_size                          
0     00014a84  _epwm1_isr                            
0     00014b05  _epwm4_isr                            
1     0000a9bf  _errno                                
0     000150d6  _exit                                 
1     0000aa4c  _f16g_LLC_Deadtime                    
1     0000aa50  _f16g_test_frequency                  
1     0000a960  _f32_duty                             
1     0000a97e  _f32_openloop_fre                     
1     0000a83e  _f32g_LLC_ILinkA_LPF                  
1     0000a838  _f32g_LLC_ILinkB_LPF                  
1     0000a836  _f32g_LLC_ILinkC_LPF                  
1     0000a82c  _f32g_LLC_IoutA_LPF                   
1     0000a840  _f32g_LLC_IoutB_LPF                   
1     0000a83c  _f32g_LLC_IoutC_LPF                   
1     0000a82a  _f32g_LLC_Iout_LPF                    
1     0000a80c  _f32g_LLC_Power                       
1     0000a8c0  _f32g_LLC_TMP_LPF                     
1     0000aa4e  _f32g_LLC_Target_V                    
1     0000a80e  _f32g_LLC_VLink_LPF                   
1     0000a83a  _f32g_LLC_Vout_LPF                    
1     0000a8da  _f32g_cmdTargetCur_SS                 
1     0000a981  _i                                    
0     0001484d  _log                                  
0     0001484d  _logf                                 
0     00014d40  _main                                 
0     0001516f  _memcpy                               
0     00000122  _pinit_loadstart                      
0     00000122  _pinit_runstart                       
abs   00000000  _pinit_size                           
0     00012c8f  _rsvd_ISR                             
1     0000a8dc  _stg_AswLLCDiagFlag                   
1     0000a9c0  _stg_rteLLCIn                         
1     0000a8f6  _stg_rteLLCOut                        
0     00000122  _switch_loadstart                     
0     00000122  _switch_runstart                      
abs   00000000  _switch_size                          
0     00088000  _text_loadstart                       
0     00011000  _text_runstart                        
abs   000041d8  _text_size                            
1     0000a9ba  _u16g_task_flag_1m                    
1     0000a9bb  _u16g_task_flag_50m                   
1     0000aa48  _u8_previous_mode                     
1     0000aa46  _u8g_CAN_transmit                     
1     0000aa45  _u8g_Close_Loop                       
1     0000aa43  _u8g_IG_ON                            
1     0000aa49  _u8g_LLC_CanTimeout                   
1     0000aa40  _u8g_LLC_LayerA                       
1     0000aa42  _u8g_LLC_LayerB                       
1     0000aa4a  _u8g_LLC_LayerC                       
1     0000a8d8  _u8g_SoftStartEnd                     
1     0000aa44  _u8g_operationMode                    
1     0000aa41  _u8g_resetFault                       
1     0000a9bc  _u8g_task_flag_100u                   
1     0000aa52  _ucRXMsgData                          
abs   ffffffff  binit                                 
0     00000122  cinit                                 
0     00080000  code_start                            
0     00082000  copy_sections                         
0     000151d8  etext                                 
abs   ffffffff  pinit                                 


GLOBAL SYMBOLS: SORTED BY Symbol Address 

page  address   name                                  
----  -------   ----                                  
0     00000122  ___cinit__                            
0     00000122  _cinit_runstart                       
0     00000122  _pinit_loadstart                      
0     00000122  _pinit_runstart                       
0     00000122  _switch_loadstart                     
0     00000122  _switch_runstart                      
0     00000122  cinit                                 
0     00000ce0  _Cla1SoftIntRegs                      
0     0000aa72  _PieVectTableInit                     
0     0000aa72  _econst_runstart                      
0     00011000  .text                                 
0     00011000  _TIMER1_ISR                           
0     00011000  ___text__                             
0     00011000  _text_runstart                        
0     0001100d  _TIMER2_ISR                           
0     0001101a  _DATALOG_ISR                          
0     00011027  _RTOS_ISR                             
0     00011034  _EMU_ISR                              
0     0001103f  _NMI_ISR                              
0     0001104a  _ILLEGAL_ISR                          
0     00011055  _USER1_ISR                            
0     00011060  _USER2_ISR                            
0     0001106b  _USER3_ISR                            
0     00011076  _USER4_ISR                            
0     00011081  _USER5_ISR                            
0     0001108c  _USER6_ISR                            
0     00011097  _USER7_ISR                            
0     000110a2  _USER8_ISR                            
0     000110ad  _USER9_ISR                            
0     000110b8  _USER10_ISR                           
0     000110c3  _USER11_ISR                           
0     000110ce  _USER12_ISR                           
0     000110d9  _ADCA1_ISR                            
0     00011113  _ADCB1_ISR                            
0     0001114d  _ADCC1_ISR                            
0     00011187  _XINT1_ISR                            
0     000111b5  _XINT2_ISR                            
0     000111ef  _ADCD1_ISR                            
0     00011229  _TIMER0_ISR                           
0     00011263  _WAKE_ISR                             
0     0001129d  _IPC0_ISR                             
0     000112d7  _IPC1_ISR                             
0     00011311  _IPC2_ISR                             
0     0001134b  _IPC3_ISR                             
0     00011385  _EPWM1_TZ_ISR                         
0     000113bf  _EPWM2_TZ_ISR                         
0     000113f9  _EPWM3_TZ_ISR                         
0     00011433  _EPWM4_TZ_ISR                         
0     0001146d  _EPWM5_TZ_ISR                         
0     000114a7  _EPWM6_TZ_ISR                         
0     000114e1  _EPWM7_TZ_ISR                         
0     0001151b  _EPWM8_TZ_ISR                         
0     00011555  _EPWM9_TZ_ISR                         
0     0001158f  _EPWM10_TZ_ISR                        
0     000115c9  _EPWM11_TZ_ISR                        
0     00011603  _EPWM12_TZ_ISR                        
0     0001163d  _EPWM1_ISR                            
0     00011677  _EPWM2_ISR                            
0     000116b1  _EPWM3_ISR                            
0     000116eb  _EPWM4_ISR                            
0     00011725  _EPWM5_ISR                            
0     0001175f  _EPWM6_ISR                            
0     00011799  _EPWM7_ISR                            
0     000117d3  _EPWM8_ISR                            
0     0001180d  _EPWM9_ISR                            
0     00011847  _EPWM10_ISR                           
0     00011881  _EPWM11_ISR                           
0     000118bb  _EPWM12_ISR                           
0     000118f5  _ECAP1_ISR                            
0     0001192f  _ECAP2_ISR                            
0     00011969  _ECAP3_ISR                            
0     000119a3  _ECAP4_ISR                            
0     000119dd  _ECAP5_ISR                            
0     00011a17  _ECAP6_ISR                            
0     00011a51  _EQEP1_ISR                            
0     00011a8b  _EQEP2_ISR                            
0     00011ac5  _EQEP3_ISR                            
0     00011aff  _CLB1_ISR                             
0     00011b39  _CLB2_ISR                             
0     00011b73  _CLB3_ISR                             
0     00011bad  _CLB4_ISR                             
0     00011be7  _SD1_ISR                              
0     00011c21  _SD2_ISR                              
0     00011c5b  _SPIA_RX_ISR                          
0     00011c95  _SPIA_TX_ISR                          
0     00011ccf  _SPIB_RX_ISR                          
0     00011d09  _SPIB_TX_ISR                          
0     00011d43  _MCBSPA_RX_ISR                        
0     00011d7d  _MCBSPA_TX_ISR                        
0     00011db7  _MCBSPB_RX_ISR                        
0     00011df1  _MCBSPB_TX_ISR                        
0     00011e2b  _SPIC_RX_ISR                          
0     00011e65  _SPIC_TX_ISR                          
0     00011e9f  _DMA_CH1_ISR                          
0     00011ed9  _DMA_CH2_ISR                          
0     00011f13  _DMA_CH3_ISR                          
0     00011f4d  _DMA_CH4_ISR                          
0     00011f87  _DMA_CH5_ISR                          
0     00011fc1  _DMA_CH6_ISR                          
0     00011ffb  _I2CA_ISR                             
0     00012035  _I2CA_FIFO_ISR                        
0     0001206f  _I2CB_ISR                             
0     000120a9  _I2CB_FIFO_ISR                        
0     000120e3  _SCIC_RX_ISR                          
0     0001211d  _SCIC_TX_ISR                          
0     00012157  _SCID_RX_ISR                          
0     00012191  _SCID_TX_ISR                          
0     000121cb  _UPPA_ISR                             
0     00012205  _SCIA_RX_ISR                          
0     0001223f  _SCIA_TX_ISR                          
0     00012279  _SCIB_RX_ISR                          
0     000122b3  _SCIB_TX_ISR                          
0     000122ed  _CANA0_ISR                            
0     00012327  _CANA1_ISR                            
0     00012361  _CANB0_ISR                            
0     0001239b  _CANB1_ISR                            
0     000123d5  _USBA_ISR                             
0     0001240f  _ADCA_EVT_ISR                         
0     00012449  _ADCA2_ISR                            
0     00012483  _ADCA3_ISR                            
0     000124b1  _ADCA4_ISR                            
0     000124df  _ADCB_EVT_ISR                         
0     00012519  _ADCB2_ISR                            
0     00012553  _ADCB3_ISR                            
0     0001258d  _ADCB4_ISR                            
0     000125c7  _ADCC_EVT_ISR                         
0     00012601  _ADCC2_ISR                            
0     0001263b  _ADCC3_ISR                            
0     00012675  _ADCC4_ISR                            
0     000126af  _ADCD_EVT_ISR                         
0     000126e9  _ADCD2_ISR                            
0     00012723  _ADCD3_ISR                            
0     0001275d  _ADCD4_ISR                            
0     00012797  _CLA1_1_ISR                           
0     000127d1  _CLA1_2_ISR                           
0     0001280b  _CLA1_3_ISR                           
0     00012839  _CLA1_4_ISR                           
0     00012867  _CLA1_5_ISR                           
0     000128a1  _CLA1_6_ISR                           
0     000128db  _CLA1_7_ISR                           
0     00012915  _CLA1_8_ISR                           
0     0001294f  _XINT3_ISR                            
0     00012989  _XINT4_ISR                            
0     000129c3  _XINT5_ISR                            
0     000129fd  _VCU_ISR                              
0     00012a37  _FPU_OVERFLOW_ISR                     
0     00012a71  _FPU_UNDERFLOW_ISR                    
0     00012aab  _EMIF_ERROR_ISR                       
0     00012ae5  _RAM_CORRECTABLE_ERROR_ISR            
0     00012b1f  _FLASH_CORRECTABLE_ERROR_ISR          
0     00012b59  _RAM_ACCESS_VIOLATION_ISR             
0     00012b93  _SYS_PLL_SLIP_ISR                     
0     00012bcd  _AUX_PLL_SLIP_ISR                     
0     00012c07  _CLA_OVERFLOW_ISR                     
0     00012c41  _CLA_UNDERFLOW_ISR                    
0     00012c7b  _PIE_RESERVED_ISR                     
0     00012c85  _INT_NOTUSED_ISR                      
0     00012c8f  _rsvd_ISR                             
0     00012c99  _BSW_Can_Init                         
0     00012cec  _BSW_Can_TxRx                         
0     00012d0c  _Bsw_GET_LLC_CanTimeout               
0     000131f0  _BSW_Adc_Init                         
0     00013242  _BSW_Adc_Update                       
0     00013688  _InitSysCtrl                          
0     000136b9  _InitPeripheralClocks                 
0     0001373d  _DisablePeripheralClocks              
0     00013755  _InitFlash_Bank0                      
0     0001377e  _InitFlash_Bank1                      
0     000137a7  _FlashOff_Bank0                       
0     000137b5  _FlashOff_Bank1                       
0     000137c3  _SeizeFlashPump_Bank0                 
0     000137d2  _SeizeFlashPump_Bank1                 
0     000137e1  _ReleaseFlashPump                     
0     000137eb  _ServiceDog                           
0     000137f9  _DisableDog                           
0     00013807  _InitSysPll                           
0     000138cd  _InitAuxPll                           
0     00013995  _CsmUnlock                            
0     000139b6  _SysIntOsc1Sel                        
0     000139c0  _SysIntOsc2Sel                        
0     000139ca  _SysXtalOscSel                        
0     000139d6  _AuxIntOsc2Sel                        
0     000139e0  _AuxXtalOscSel                        
0     000139ec  _AuxAuxClkSel                         
0     000139f6  _IDLE                                 
0     000139ff  _STANDBY                              
0     00013a0a  _HALT                                 
0     00013a1b  _HIB                                  
0     00013a2f  _BSW_Pwm_Init                         
0     00013a48  _BSW_Pwm                              
0     00013a80  _BSW_Pwm_Freq_Update                  
0     00013d14  _BSW_SET_Duty                         
0     00013d55  _BSW_SET_Freq                         
0     00013d76  _Asw_LLC_AdcInit                      
0     00013ddd  _Asw_LLC_DiagAdcValues                
0     00013f2d  _Asw_Adc_NormalMode                   
0     00013f7c  _Asw_Adc_UnderMode                    
0     00013fc0  _Asw_Adc_OverMode                     
0     00014004  _Asw_LLC_DiagCanState                 
0     0001404b  _Asw_LLC_PiCofficient                 
0     00014084  _Asw_LLC_PiInit                       
0     00014095  _Asw_LLC_PiCtrl                       
0     0001419e  _Asw_SoftStart                        
0     000141e5  _Asw_Get1stLPFcoef                    
0     0001422f  _Asw_FirstLPF                         
0     000142c9  _InitGpio                             
0     00014309  _GPIO_SetupPinMux                     
0     00014395  _GPIO_SetupPinOptions                 
0     00014429  _GPIO_SetupLock                       
0     00014452  _GPIO_SetupXINT1Gpio                  
0     0001445c  _GPIO_SetupXINT2Gpio                  
0     00014466  _GPIO_SetupXINT3Gpio                  
0     00014470  _GPIO_SetupXINT4Gpio                  
0     0001447a  _GPIO_SetupXINT5Gpio                  
0     00014484  _GPIO_EnableUnbondedIOPullupsFor176Pin
0     0001449d  _GPIO_EnableUnbondedIOPullupsFor100Pin
0     000144c2  _GPIO_EnableUnbondedIOPullups         
0     000144d8  _GPIO_ReadPin                         
0     000144ef  _GPIO_WritePin                        
0     0001450d  _Asw_LLC_ModeUpdate                   
0     0001457e  _Asw_GET_LLC_Mode                     
0     000146b7  _adca_isr                             
0     0001473c  _adcb_isr                             
0     000147b8  _adcc_isr                             
0     0001484d  _log                                  
0     0001484d  _logf                                 
0     00014978  _InitEPwmGpio                         
0     00014991  _InitEPwm1Gpio                        
0     000149a3  _InitEPwm2Gpio                        
0     000149b5  _InitEPwm3Gpio                        
0     000149c9  _InitEPwm4Gpio                        
0     000149dd  _InitEPwm5Gpio                        
0     000149ef  _InitEPwm6Gpio                        
0     00014a01  _InitEPwm7Gpio                        
0     00014a15  _InitEPwm8Gpio                        
0     00014a29  _InitEPwm9Gpio                        
0     00014a43  _InitEPwm10Gpio                       
0     00014a5d  _InitEPwm11Gpio                       
0     00014a71  _InitEPwm12Gpio                       
0     00014a84  _epwm1_isr                            
0     00014b05  _epwm4_isr                            
0     00014b86  _Asw_LLC_Init                         
0     00014ba1  _Asw_LLC_Mode                         
0     00014be4  _Asw_GET_LLC_PwmCtrl                  
0     00014c73  _BSW_Gpio_Init                        
0     00014d05  _GPIO_Interrupt_Set                   
0     00014d40  _main                                 
0     00014dd2  _RTE_BSW_Init                         
0     00014ddb  _RTE_Task_Run                         
0     00014e5c  FS$$DIV                               
0     00014ee4  _InitCpuTimers                        
0     00014f25  _ConfigCpuTimer                       
0     00014f60  _RTE_LLC_IN                           
0     00014fcf  _Over_Current_isr                     
0     00014ff0  _Over_Volt_isr                        
0     00015011  _Fualt_isr                            
0     00015032  _c_int00                              
0     00015088  _InitCAN                              
0     000150d4  C$$EXIT                               
0     000150d4  _abort                                
0     000150d6  _exit                                 
0     000150fd  _InitPieCtrl                          
0     0001511c  _EnableInterrupts                     
0     00015125  _InitPieVectTable                     
0     0001514b  _copy_in                              
0     0001516f  _memcpy                               
0     0001518c  __args_main                           
0     000151a5  _cpu_timer1_isr                       
0     000151ba  _RTE_LLC_OUT                          
0     000151c5  __register_unlock                     
0     000151c9  __register_lock                       
0     000151cd  __nop                                 
0     000151ce  _F28x_usDelay                         
0     000151d2  _SetDBGIER                            
0     000151d5  __system_pre_init                     
0     000151d7  __system_post_cinit                   
0     000151d8  ___etext__                            
0     000151d8  etext                                 
0     00080000  code_start                            
0     00080002  _cinit_loadstart                      
0     0008015a  _econst_loadstart                     
0     00082000  copy_sections                         
0     00088000  _text_loadstart                       
1     00000b00  _AdcaResultRegs                       
1     00000b20  _AdcbResultRegs                       
1     00000b40  _AdccResultRegs                       
1     00000b60  _AdcdResultRegs                       
1     00000c00  _CpuTimer0Regs                        
1     00000c08  _CpuTimer1Regs                        
1     00000c10  _CpuTimer2Regs                        
1     00000ce0  _PieCtrlRegs                          
1     00000d00  _EmuKey                               
1     00000d00  _PieVectTable                         
1     00000d01  _EmuBMode                             
1     00001000  _DmaRegs                              
1     00001400  _Cla1Regs                             
1     00004000  _EPwm1Regs                            
1     00004100  _EPwm2Regs                            
1     00004200  _EPwm3Regs                            
1     00004300  _EPwm4Regs                            
1     00004400  _EPwm5Regs                            
1     00004500  _EPwm6Regs                            
1     00004600  _EPwm7Regs                            
1     00004700  _EPwm8Regs                            
1     00004800  _EPwm9Regs                            
1     00004900  _EPwm10Regs                           
1     00004a00  _EPwm11Regs                           
1     00004b00  _EPwm12Regs                           
1     00005000  _ECap1Regs                            
1     00005020  _ECap2Regs                            
1     00005040  _ECap3Regs                            
1     00005060  _ECap4Regs                            
1     00005080  _ECap5Regs                            
1     000050a0  _ECap6Regs                            
1     00005100  _EQep1Regs                            
1     00005140  _EQep2Regs                            
1     00005180  _EQep3Regs                            
1     00005c00  _DacaRegs                             
1     00005c10  _DacbRegs                             
1     00005c20  _DaccRegs                             
1     00005c80  _Cmpss1Regs                           
1     00005ca0  _Cmpss2Regs                           
1     00005cc0  _Cmpss3Regs                           
1     00005ce0  _Cmpss4Regs                           
1     00005d00  _Cmpss5Regs                           
1     00005d20  _Cmpss6Regs                           
1     00005d40  _Cmpss7Regs                           
1     00005d60  _Cmpss8Regs                           
1     00005e00  _Sdfm1Regs                            
1     00005e80  _Sdfm2Regs                            
1     00006000  _McbspaRegs                           
1     00006040  _McbspbRegs                           
1     00006100  _SpiaRegs                             
1     00006110  _SpibRegs                             
1     00006120  _SpicRegs                             
1     00006200  _UppRegs                              
1     00007000  _WdRegs                               
1     00007060  _NmiIntruptRegs                       
1     00007070  _XintRegs                             
1     00007200  _SciaRegs                             
1     00007210  _ScibRegs                             
1     00007220  _ScicRegs                             
1     00007230  _ScidRegs                             
1     00007300  _I2caRegs                             
1     00007340  _I2cbRegs                             
1     00007400  _AdcaRegs                             
1     00007480  _AdcbRegs                             
1     00007500  _AdccRegs                             
1     00007580  _AdcdRegs                             
1     00007900  _InputXbarRegs                        
1     00007920  _XbarRegs                             
1     00007940  _SyncSocRegs                          
1     00007980  _DmaClaSrcSelRegs                     
1     00007a00  _EPwmXbarRegs                         
1     00007a80  _OutputXbarRegs                       
1     00007c00  _GpioCtrlRegs                         
1     00007f00  _GpioDataRegs                         
1     0000a80c  _f32g_LLC_Power                       
1     0000a80e  _f32g_LLC_VLink_LPF                   
1     0000a82a  _f32g_LLC_Iout_LPF                    
1     0000a82c  _f32g_LLC_IoutA_LPF                   
1     0000a836  _f32g_LLC_ILinkC_LPF                  
1     0000a838  _f32g_LLC_ILinkB_LPF                  
1     0000a83a  _f32g_LLC_Vout_LPF                    
1     0000a83c  _f32g_LLC_IoutC_LPF                   
1     0000a83e  _f32g_LLC_ILinkA_LPF                  
1     0000a840  _f32g_LLC_IoutB_LPF                   
1     0000a8c0  _f32g_LLC_TMP_LPF                     
1     0000a8d8  _u8g_SoftStartEnd                     
1     0000a8da  _f32g_cmdTargetCur_SS                 
1     0000a8dc  _stg_AswLLCDiagFlag                   
1     0000a8f6  _stg_rteLLCOut                        
1     0000a960  _f32_duty                             
1     0000a962  _ePWM_Regs                            
1     0000a97e  _f32_openloop_fre                     
1     0000a980  _ISRTraceIndex                        
1     0000a981  _i                                    
1     0000a982  _ISRTrace                             
1     0000a9b4  ___TI_enable_exit_profile_output      
1     0000a9b6  ___TI_cleanup_ptr                     
1     0000a9b8  ___TI_dtors_ptr                       
1     0000a9ba  _u16g_task_flag_1m                    
1     0000a9bb  _u16g_task_flag_50m                   
1     0000a9bc  _u8g_task_flag_100u                   
1     0000a9bf  _errno                                
1     0000a9c0  _stg_rteLLCIn                         
1     0000a9f2  __lock                                
1     0000a9f4  __unlock                              
1     0000aa40  _u8g_LLC_LayerA                       
1     0000aa41  _u8g_resetFault                       
1     0000aa42  _u8g_LLC_LayerB                       
1     0000aa43  _u8g_IG_ON                            
1     0000aa44  _u8g_operationMode                    
1     0000aa45  _u8g_Close_Loop                       
1     0000aa46  _u8g_CAN_transmit                     
1     0000aa48  _u8_previous_mode                     
1     0000aa49  _u8g_LLC_CanTimeout                   
1     0000aa4a  _u8g_LLC_LayerC                       
1     0000aa4c  _f16g_LLC_Deadtime                    
1     0000aa4e  _f32g_LLC_Target_V                    
1     0000aa50  _f16g_test_frequency                  
1     0000aa52  _ucRXMsgData                          
1     0000aa5a  _CpuTimer1                            
1     0000aa62  _CpuTimer2                            
1     0000aa6a  _CpuTimer0                            
1     0000b800  __stack                               
1     0000bc00  __STACK_END                           
1     00047000  _Emif1Regs                            
1     00047800  _Emif2Regs                            
1     00048000  _CanaRegs                             
1     0004a000  _CanbRegs                             
1     00050024  _FlashPumpSemaphoreRegs               
1     0005d000  _DevCfgRegs                           
1     0005d180  _AnalogSubsysRegs                     
1     0005d200  _ClkCfgRegs                           
1     0005d300  _CpuSysRegs                           
1     0005e608  _RomPrefetchRegs                      
1     0005f000  _DcsmZ1Regs                           
1     0005f040  _DcsmZ2Regs                           
1     0005f070  _DcsmCommonRegs                       
1     0005f400  _MemCfgRegs                           
1     0005f480  _Emif1ConfigRegs                      
1     0005f4a0  _Emif2ConfigRegs                      
1     0005f4c0  _AccessProtectionRegs                 
1     0005f500  _MemoryErrorRegs                      
1     0005f540  _RomWaitStateRegs                     
1     0005f800  _Flash0CtrlRegs                       
1     0005fb00  _Flash0EccRegs                        
1     0005fc00  _Flash1CtrlRegs                       
1     0005ff00  _Flash1EccRegs                        
1     00078000  _DcsmZ1Otp                            
1     00078200  _DcsmZ2Otp                            
abs   00000000  _pinit_size                           
abs   00000000  _switch_size                          
abs   00000157  _cinit_size                           
abs   000001d9  _econst_size                          
abs   00000400  __STACK_SIZE                          
abs   000041d8  _text_size                            
abs   ffffffff  ___TI_pprof_out_hndl                  
abs   ffffffff  ___TI_prof_data_size                  
abs   ffffffff  ___TI_prof_data_start                 
abs   ffffffff  ___binit__                            
abs   ffffffff  ___c_args__                           
abs   ffffffff  ___pinit__                            
abs   ffffffff  binit                                 
abs   ffffffff  pinit                                 

[446 symbols]
