<?xml version="1.0" encoding="ISO-8859-1" ?>
<link_info>
   <banner>TMS320C2000 Linker PC v18.1.1.LTS</banner>
   <copyright>Copyright (c) 1996-2017 Texas Instruments Incorporated</copyright>
   <link_time>0x5dd1f694</link_time>
   <link_errors>0x1</link_errors>
   <output_file>Katech_BHDC_100kW.out</output_file>
   <entry_point>
      <name>_c_int00</name>
      <address>0x3cac</address>
   </entry_point>
   <input_file_list>
      <input_file id="fl-2">
         <path>.\Source\</path>
         <kind>object</kind>
         <file>Config.obj</file>
         <name>Config.obj</name>
      </input_file>
      <input_file id="fl-3">
         <path>.\Source\</path>
         <kind>object</kind>
         <file>Config_ADC.obj</file>
         <name>Config_ADC.obj</name>
      </input_file>
      <input_file id="fl-4">
         <path>.\Source\</path>
         <kind>object</kind>
         <file>Config_GPIO.obj</file>
         <name>Config_GPIO.obj</name>
      </input_file>
      <input_file id="fl-5">
         <path>.\Source\</path>
         <kind>object</kind>
         <file>Config_ePWM.obj</file>
         <name>Config_ePWM.obj</name>
      </input_file>
      <input_file id="fl-6">
         <path>.\Source\</path>
         <kind>object</kind>
         <file>Func.obj</file>
         <name>Func.obj</name>
      </input_file>
      <input_file id="fl-7">
         <path>.\Source\</path>
         <kind>object</kind>
         <file>main.obj</file>
         <name>main.obj</name>
      </input_file>
      <input_file id="fl-8">
         <path>.\Source\F2837xS_v210\</path>
         <kind>object</kind>
         <file>F2837xS_Adc.obj</file>
         <name>F2837xS_Adc.obj</name>
      </input_file>
      <input_file id="fl-9">
         <path>.\Source\F2837xS_v210\</path>
         <kind>object</kind>
         <file>F2837xS_CodeStartBranch.obj</file>
         <name>F2837xS_CodeStartBranch.obj</name>
      </input_file>
      <input_file id="fl-a">
         <path>.\Source\F2837xS_v210\</path>
         <kind>object</kind>
         <file>F2837xS_CpuTimers.obj</file>
         <name>F2837xS_CpuTimers.obj</name>
      </input_file>
      <input_file id="fl-b">
         <path>.\Source\F2837xS_v210\</path>
         <kind>object</kind>
         <file>F2837xS_DBGIER.obj</file>
         <name>F2837xS_DBGIER.obj</name>
      </input_file>
      <input_file id="fl-c">
         <path>.\Source\F2837xS_v210\</path>
         <kind>object</kind>
         <file>F2837xS_EPwm.obj</file>
         <name>F2837xS_EPwm.obj</name>
      </input_file>
      <input_file id="fl-d">
         <path>.\Source\F2837xS_v210\</path>
         <kind>object</kind>
         <file>F2837xS_GlobalVariableDefs.obj</file>
         <name>F2837xS_GlobalVariableDefs.obj</name>
      </input_file>
      <input_file id="fl-e">
         <path>.\Source\F2837xS_v210\</path>
         <kind>object</kind>
         <file>F2837xS_Gpio.obj</file>
         <name>F2837xS_Gpio.obj</name>
      </input_file>
      <input_file id="fl-f">
         <path>.\Source\F2837xS_v210\</path>
         <kind>object</kind>
         <file>F2837xS_PieCtrl.obj</file>
         <name>F2837xS_PieCtrl.obj</name>
      </input_file>
      <input_file id="fl-10">
         <path>.\Source\F2837xS_v210\</path>
         <kind>object</kind>
         <file>F2837xS_PieVect.obj</file>
         <name>F2837xS_PieVect.obj</name>
      </input_file>
      <input_file id="fl-11">
         <path>.\Source\F2837xS_v210\</path>
         <kind>object</kind>
         <file>F2837xS_SysCtrl.obj</file>
         <name>F2837xS_SysCtrl.obj</name>
      </input_file>
      <input_file id="fl-12">
         <path>.\Source\F2837xS_v210\</path>
         <kind>object</kind>
         <file>F2837xS_can.obj</file>
         <name>F2837xS_can.obj</name>
      </input_file>
      <input_file id="fl-13">
         <path>.\Source\F2837xS_v210\</path>
         <kind>object</kind>
         <file>F2837xS_usDelay.obj</file>
         <name>F2837xS_usDelay.obj</name>
      </input_file>
      <input_file id="fl-14">
         <path>.\Source\F2837xS_v210\</path>
         <kind>object</kind>
         <file>SWPrioritizedDefaultIsr.obj</file>
         <name>SWPrioritizedDefaultIsr.obj</name>
      </input_file>
      <input_file id="fl-19">
         <kind>object</kind>
         <file>&lt;internal&gt;</file>
         <name>&lt;internal&gt;</name>
      </input_file>
      <input_file id="fl-25">
         <path>C:\ti\ccsv8\tools\compiler\ti-cgt-c2000_18.1.1.LTS\lib\</path>
         <kind>archive</kind>
         <file>rts2800_fpu32.lib</file>
         <name>boot28.asm.obj</name>
      </input_file>
      <input_file id="fl-26">
         <path>C:\ti\ccsv8\tools\compiler\ti-cgt-c2000_18.1.1.LTS\lib\</path>
         <kind>archive</kind>
         <file>rts2800_fpu32.lib</file>
         <name>fs_div28.asm.obj</name>
      </input_file>
      <input_file id="fl-27">
         <path>C:\ti\ccsv8\tools\compiler\ti-cgt-c2000_18.1.1.LTS\lib\</path>
         <kind>archive</kind>
         <file>rts2800_fpu32.lib</file>
         <name>cpy_tbl.c.obj</name>
      </input_file>
      <input_file id="fl-28">
         <path>C:\ti\ccsv8\tools\compiler\ti-cgt-c2000_18.1.1.LTS\lib\</path>
         <kind>archive</kind>
         <file>rts2800_fpu32.lib</file>
         <name>memcpy.c.obj</name>
      </input_file>
      <input_file id="fl-29">
         <path>C:\ti\ccsv8\tools\compiler\ti-cgt-c2000_18.1.1.LTS\lib\</path>
         <kind>archive</kind>
         <file>rts2800_fpu32.lib</file>
         <name>pre_init.c.obj</name>
      </input_file>
      <input_file id="fl-2a">
         <path>C:\ti\ccsv8\tools\compiler\ti-cgt-c2000_18.1.1.LTS\lib\</path>
         <kind>archive</kind>
         <file>rts2800_fpu32.lib</file>
         <name>startup.c.obj</name>
      </input_file>
      <input_file id="fl-2b">
         <path>C:\ti\ccsv8\tools\compiler\ti-cgt-c2000_18.1.1.LTS\lib\</path>
         <kind>archive</kind>
         <file>rts2800_fpu32.lib</file>
         <name>exit.c.obj</name>
      </input_file>
      <input_file id="fl-2c">
         <path>C:\ti\ccsv8\tools\compiler\ti-cgt-c2000_18.1.1.LTS\lib\</path>
         <kind>archive</kind>
         <file>rts2800_fpu32.lib</file>
         <name>_lock.c.obj</name>
      </input_file>
      <input_file id="fl-2d">
         <path>C:\ti\ccsv8\tools\compiler\ti-cgt-c2000_18.1.1.LTS\lib\</path>
         <kind>archive</kind>
         <file>rts2800_fpu32.lib</file>
         <name>args_main.c.obj</name>
      </input_file>
   </input_file_list>
   <object_component_list>
      <object_component id="oc-a9">
         <name>codestart</name>
         <load_address>0x0</load_address>
         <run_address>0x0</run_address>
         <size>0x2</size>
         <input_file_ref idref="fl-9"/>
      </object_component>
      <object_component id="oc-187">
         <name>.text</name>
         <load_address>0x3a1a</load_address>
         <run_address>0x3a1a</run_address>
         <size>0xce</size>
         <input_file_ref idref="fl-2"/>
      </object_component>
      <object_component id="oc-18e">
         <name>.text</name>
         <load_address>0x3106</load_address>
         <run_address>0x3106</run_address>
         <size>0x292</size>
         <input_file_ref idref="fl-3"/>
      </object_component>
      <object_component id="oc-18f">
         <name>.text</name>
         <load_address>0x3ae8</load_address>
         <run_address>0x3ae8</run_address>
         <size>0xc0</size>
         <input_file_ref idref="fl-4"/>
      </object_component>
      <object_component id="oc-17f">
         <name>.text</name>
         <load_address>0x28c1</load_address>
         <run_address>0x28c1</run_address>
         <size>0x50c</size>
         <input_file_ref idref="fl-5"/>
      </object_component>
      <object_component id="oc-17e">
         <name>.text</name>
         <load_address>0x35dc</load_address>
         <run_address>0x35dc</run_address>
         <size>0x22c</size>
         <input_file_ref idref="fl-6"/>
      </object_component>
      <object_component id="oc-180">
         <name>.text</name>
         <load_address>0x3914</load_address>
         <run_address>0x3914</run_address>
         <size>0x106</size>
         <input_file_ref idref="fl-7"/>
      </object_component>
      <object_component id="oc-9f">
         <name>.text:retain</name>
         <load_address>0x1c99</load_address>
         <run_address>0x1c99</run_address>
         <size>0xc28</size>
         <input_file_ref idref="fl-7"/>
      </object_component>
      <object_component id="oc-18c">
         <name>.text</name>
         <load_address>0x3c30</load_address>
         <run_address>0x3c30</run_address>
         <size>0x7c</size>
         <input_file_ref idref="fl-a"/>
      </object_component>
      <object_component id="oc-b4">
         <name>.text</name>
         <load_address>0x3ddd</load_address>
         <run_address>0x3ddd</run_address>
         <size>0x3</size>
         <input_file_ref idref="fl-b"/>
      </object_component>
      <object_component id="oc-18d">
         <name>.text</name>
         <load_address>0x3808</load_address>
         <run_address>0x3808</run_address>
         <size>0x10c</size>
         <input_file_ref idref="fl-c"/>
      </object_component>
      <object_component id="oc-18a">
         <name>.text</name>
         <load_address>0x3398</load_address>
         <run_address>0x3398</run_address>
         <size>0x244</size>
         <input_file_ref idref="fl-e"/>
      </object_component>
      <object_component id="oc-185">
         <name>.text</name>
         <load_address>0x3d2b</load_address>
         <run_address>0x3d2b</run_address>
         <size>0x28</size>
         <input_file_ref idref="fl-f"/>
      </object_component>
      <object_component id="oc-186">
         <name>.text</name>
         <load_address>0x3d53</load_address>
         <run_address>0x3d53</run_address>
         <size>0x26</size>
         <input_file_ref idref="fl-10"/>
      </object_component>
      <object_component id="oc-184">
         <name>.text</name>
         <load_address>0x2dcd</load_address>
         <run_address>0x2dcd</run_address>
         <size>0x339</size>
         <input_file_ref idref="fl-11"/>
      </object_component>
      <object_component id="oc-144">
         <name>.text:retain</name>
         <load_address>0x0</load_address>
         <run_address>0x0</run_address>
         <size>0x1c99</size>
         <input_file_ref idref="fl-14"/>
      </object_component>
      <object_component id="oc-80">
         <name>.text</name>
         <load_address>0x3cac</load_address>
         <run_address>0x3cac</run_address>
         <size>0x56</size>
         <input_file_ref idref="fl-25"/>
      </object_component>
      <object_component id="oc-14f">
         <name>.text</name>
         <load_address>0x3ba8</load_address>
         <run_address>0x3ba8</run_address>
         <size>0x88</size>
         <input_file_ref idref="fl-26"/>
      </object_component>
      <object_component id="oc-17a">
         <name>.text</name>
         <load_address>0x3d79</load_address>
         <run_address>0x3d79</run_address>
         <size>0x24</size>
         <input_file_ref idref="fl-27"/>
      </object_component>
      <object_component id="oc-181">
         <name>.text</name>
         <load_address>0x3d9d</load_address>
         <run_address>0x3d9d</run_address>
         <size>0x1e</size>
         <input_file_ref idref="fl-28"/>
      </object_component>
      <object_component id="oc-179">
         <name>.text</name>
         <load_address>0x3de0</load_address>
         <run_address>0x3de0</run_address>
         <size>0x2</size>
         <input_file_ref idref="fl-29"/>
      </object_component>
      <object_component id="oc-17b">
         <name>.text</name>
         <load_address>0x3de2</load_address>
         <run_address>0x3de2</run_address>
         <size>0x1</size>
         <input_file_ref idref="fl-2a"/>
      </object_component>
      <object_component id="oc-17d">
         <name>.text</name>
         <load_address>0x3d02</load_address>
         <run_address>0x3d02</run_address>
         <size>0x29</size>
         <input_file_ref idref="fl-2b"/>
      </object_component>
      <object_component id="oc-188">
         <name>.text</name>
         <load_address>0x3dd4</load_address>
         <run_address>0x3dd4</run_address>
         <size>0x9</size>
         <input_file_ref idref="fl-2c"/>
      </object_component>
      <object_component id="oc-17c">
         <name>.text</name>
         <load_address>0x3dbb</load_address>
         <run_address>0x3dbb</run_address>
         <size>0x19</size>
         <input_file_ref idref="fl-2d"/>
      </object_component>
      <object_component id="oc-9d">
         <name>.cinit</name>
         <load_address>0x801c2</load_address>
         <run_address>0x801c2</run_address>
         <size>0xaa</size>
         <input_file_ref idref="fl-7"/>
      </object_component>
      <object_component id="oc-91">
         <name>.cinit</name>
         <load_address>0x8026c</load_address>
         <run_address>0x8026c</run_address>
         <size>0x21</size>
         <input_file_ref idref="fl-5"/>
      </object_component>
      <object_component id="oc-169">
         <name>.cinit</name>
         <load_address>0x8028d</load_address>
         <run_address>0x8028d</run_address>
         <size>0xe</size>
         <input_file_ref idref="fl-2b"/>
      </object_component>
      <object_component id="oc-183">
         <name>.cinit:__lock</name>
         <load_address>0x8029b</load_address>
         <run_address>0x8029b</run_address>
         <size>0x5</size>
         <input_file_ref idref="fl-2c"/>
      </object_component>
      <object_component id="oc-189">
         <name>.cinit:__unlock</name>
         <load_address>0x802a0</load_address>
         <run_address>0x802a0</run_address>
         <size>0x5</size>
         <input_file_ref idref="fl-2c"/>
      </object_component>
      <object_component id="oc-14a">
         <name>.reset</name>
         <load_address>0x3fffc0</load_address>
         <run_address>0x3fffc0</run_address>
         <size>0x2</size>
         <input_file_ref idref="fl-25"/>
      </object_component>
      <object_component id="oc-149">
         <name>.stack</name>
         <uninitialized>true</uninitialized>
         <run_address>0x400</run_address>
         <size>0x0</size>
         <input_file_ref idref="fl-25"/>
      </object_component>
      <object_component id="oc-218">
         <name>.stack</name>
         <uninitialized>true</uninitialized>
         <run_address>0x400</run_address>
         <size>0x0</size>
      </object_component>
      <object_component id="oc-92">
         <name>.ebss</name>
         <uninitialized>true</uninitialized>
         <run_address>0xac50</run_address>
         <size>0x1c</size>
         <input_file_ref idref="fl-5"/>
      </object_component>
      <object_component id="oc-9e">
         <name>.ebss</name>
         <uninitialized>true</uninitialized>
         <run_address>0xa800</run_address>
         <size>0x450</size>
         <input_file_ref idref="fl-7"/>
      </object_component>
      <object_component id="oc-af">
         <name>.ebss</name>
         <uninitialized>true</uninitialized>
         <run_address>0xacc0</run_address>
         <size>0x18</size>
         <input_file_ref idref="fl-a"/>
      </object_component>
      <object_component id="oc-143">
         <name>.ebss</name>
         <uninitialized>true</uninitialized>
         <run_address>0xac80</run_address>
         <size>0x34</size>
         <input_file_ref idref="fl-14"/>
      </object_component>
      <object_component id="oc-16a">
         <name>.ebss</name>
         <uninitialized>true</uninitialized>
         <run_address>0xac6c</run_address>
         <size>0x6</size>
         <input_file_ref idref="fl-2b"/>
      </object_component>
      <object_component id="oc-190">
         <name>.ebss:__unlock</name>
         <uninitialized>true</uninitialized>
         <run_address>0xac74</run_address>
         <size>0x2</size>
         <input_file_ref idref="fl-2c"/>
      </object_component>
      <object_component id="oc-182">
         <name>.ebss:__lock</name>
         <uninitialized>true</uninitialized>
         <run_address>0xac72</run_address>
         <size>0x2</size>
         <input_file_ref idref="fl-2c"/>
      </object_component>
      <object_component id="oc-18b">
         <name>.econst:_PieVectTableInit</name>
         <load_address>0x80002</load_address>
         <run_address>0x80002</run_address>
         <size>0x1c0</size>
         <input_file_ref idref="fl-10"/>
      </object_component>
      <object_component id="oc-13d">
         <name>.TI.ramfunc</name>
         <load_address>0x122</load_address>
         <run_address>0x122</run_address>
         <size>0x4</size>
         <input_file_ref idref="fl-13"/>
      </object_component>
      <object_component id="oc-122">
         <name>PieVectTableFile</name>
         <uninitialized>true</uninitialized>
         <run_address>0xd00</run_address>
         <size>0x1c0</size>
         <input_file_ref idref="fl-d"/>
      </object_component>
      <object_component id="oc-bf">
         <name>EmuKeyVar</name>
         <uninitialized>true</uninitialized>
         <run_address>0xd00</run_address>
         <size>0x1</size>
         <input_file_ref idref="fl-d"/>
      </object_component>
      <object_component id="oc-c0">
         <name>EmuBModeVar</name>
         <uninitialized>true</uninitialized>
         <run_address>0xd01</run_address>
         <size>0x1</size>
         <input_file_ref idref="fl-d"/>
      </object_component>
      <object_component id="oc-d7">
         <name>AdcaResultFile</name>
         <uninitialized>true</uninitialized>
         <run_address>0xb00</run_address>
         <size>0x18</size>
         <input_file_ref idref="fl-d"/>
      </object_component>
      <object_component id="oc-d8">
         <name>AdcbResultFile</name>
         <uninitialized>true</uninitialized>
         <run_address>0xb20</run_address>
         <size>0x18</size>
         <input_file_ref idref="fl-d"/>
      </object_component>
      <object_component id="oc-d6">
         <name>AdccResultFile</name>
         <uninitialized>true</uninitialized>
         <run_address>0xb40</run_address>
         <size>0x18</size>
         <input_file_ref idref="fl-d"/>
      </object_component>
      <object_component id="oc-d9">
         <name>AdcdResultFile</name>
         <uninitialized>true</uninitialized>
         <run_address>0xb60</run_address>
         <size>0x18</size>
         <input_file_ref idref="fl-d"/>
      </object_component>
      <object_component id="oc-108">
         <name>AdcaRegsFile</name>
         <uninitialized>true</uninitialized>
         <run_address>0x7400</run_address>
         <size>0x80</size>
         <input_file_ref idref="fl-d"/>
      </object_component>
      <object_component id="oc-109">
         <name>AdcbRegsFile</name>
         <uninitialized>true</uninitialized>
         <run_address>0x7480</run_address>
         <size>0x80</size>
         <input_file_ref idref="fl-d"/>
      </object_component>
      <object_component id="oc-107">
         <name>AdccRegsFile</name>
         <uninitialized>true</uninitialized>
         <run_address>0x7500</run_address>
         <size>0x80</size>
         <input_file_ref idref="fl-d"/>
      </object_component>
      <object_component id="oc-10d">
         <name>AdcdRegsFile</name>
         <uninitialized>true</uninitialized>
         <run_address>0x7580</run_address>
         <size>0x80</size>
         <input_file_ref idref="fl-d"/>
      </object_component>
      <object_component id="oc-103">
         <name>AnalogSubsysRegsFile</name>
         <uninitialized>true</uninitialized>
         <run_address>0x5d180</run_address>
         <size>0x48</size>
         <input_file_ref idref="fl-d"/>
      </object_component>
      <object_component id="oc-11d">
         <name>CanaRegsFile</name>
         <uninitialized>true</uninitialized>
         <run_address>0x48000</run_address>
         <size>0x164</size>
         <input_file_ref idref="fl-d"/>
      </object_component>
      <object_component id="oc-11e">
         <name>CanbRegsFile</name>
         <uninitialized>true</uninitialized>
         <run_address>0x4a000</run_address>
         <size>0x164</size>
         <input_file_ref idref="fl-d"/>
      </object_component>
      <object_component id="oc-fe">
         <name>Cla1RegsFile</name>
         <uninitialized>true</uninitialized>
         <run_address>0x1400</run_address>
         <size>0x3e</size>
         <input_file_ref idref="fl-d"/>
      </object_component>
      <object_component id="oc-c4">
         <name>Cla1SoftIntRegsFile</name>
         <uninitialized>true</uninitialized>
         <run_address>0xce0</run_address>
         <size>0x4</size>
         <input_file_ref idref="fl-d"/>
      </object_component>
      <object_component id="oc-ea">
         <name>Cmpss1RegsFile</name>
         <uninitialized>true</uninitialized>
         <run_address>0x5c80</run_address>
         <size>0x20</size>
         <input_file_ref idref="fl-d"/>
      </object_component>
      <object_component id="oc-e9">
         <name>Cmpss2RegsFile</name>
         <uninitialized>true</uninitialized>
         <run_address>0x5ca0</run_address>
         <size>0x20</size>
         <input_file_ref idref="fl-d"/>
      </object_component>
      <object_component id="oc-ec">
         <name>Cmpss3RegsFile</name>
         <uninitialized>true</uninitialized>
         <run_address>0x5cc0</run_address>
         <size>0x20</size>
         <input_file_ref idref="fl-d"/>
      </object_component>
      <object_component id="oc-eb">
         <name>Cmpss4RegsFile</name>
         <uninitialized>true</uninitialized>
         <run_address>0x5ce0</run_address>
         <size>0x20</size>
         <input_file_ref idref="fl-d"/>
      </object_component>
      <object_component id="oc-e6">
         <name>Cmpss5RegsFile</name>
         <uninitialized>true</uninitialized>
         <run_address>0x5d00</run_address>
         <size>0x20</size>
         <input_file_ref idref="fl-d"/>
      </object_component>
      <object_component id="oc-e5">
         <name>Cmpss6RegsFile</name>
         <uninitialized>true</uninitialized>
         <run_address>0x5d20</run_address>
         <size>0x20</size>
         <input_file_ref idref="fl-d"/>
      </object_component>
      <object_component id="oc-e8">
         <name>Cmpss7RegsFile</name>
         <uninitialized>true</uninitialized>
         <run_address>0x5d40</run_address>
         <size>0x20</size>
         <input_file_ref idref="fl-d"/>
      </object_component>
      <object_component id="oc-e7">
         <name>Cmpss8RegsFile</name>
         <uninitialized>true</uninitialized>
         <run_address>0x5d60</run_address>
         <size>0x20</size>
         <input_file_ref idref="fl-d"/>
      </object_component>
      <object_component id="oc-cc">
         <name>CpuTimer0RegsFile</name>
         <uninitialized>true</uninitialized>
         <run_address>0xc00</run_address>
         <size>0x8</size>
         <input_file_ref idref="fl-d"/>
      </object_component>
      <object_component id="oc-cd">
         <name>CpuTimer1RegsFile</name>
         <uninitialized>true</uninitialized>
         <run_address>0xc08</run_address>
         <size>0x8</size>
         <input_file_ref idref="fl-d"/>
      </object_component>
      <object_component id="oc-ca">
         <name>CpuTimer2RegsFile</name>
         <uninitialized>true</uninitialized>
         <run_address>0xc10</run_address>
         <size>0x8</size>
         <input_file_ref idref="fl-d"/>
      </object_component>
      <object_component id="oc-c9">
         <name>DacaRegsFile</name>
         <uninitialized>true</uninitialized>
         <run_address>0x5c00</run_address>
         <size>0x8</size>
         <input_file_ref idref="fl-d"/>
      </object_component>
      <object_component id="oc-c7">
         <name>DacbRegsFile</name>
         <uninitialized>true</uninitialized>
         <run_address>0x5c10</run_address>
         <size>0x8</size>
         <input_file_ref idref="fl-d"/>
      </object_component>
      <object_component id="oc-c8">
         <name>DaccRegsFile</name>
         <uninitialized>true</uninitialized>
         <run_address>0x5c20</run_address>
         <size>0x8</size>
         <input_file_ref idref="fl-d"/>
      </object_component>
      <object_component id="oc-f8">
         <name>DcsmZ1RegsFile</name>
         <uninitialized>true</uninitialized>
         <run_address>0x5f000</run_address>
         <size>0x24</size>
         <input_file_ref idref="fl-d"/>
      </object_component>
      <object_component id="oc-f6">
         <name>DcsmZ2RegsFile</name>
         <uninitialized>true</uninitialized>
         <run_address>0x5f040</run_address>
         <size>0x24</size>
         <input_file_ref idref="fl-d"/>
      </object_component>
      <object_component id="oc-cb">
         <name>DcsmCommonRegsFile</name>
         <uninitialized>true</uninitialized>
         <run_address>0x5f070</run_address>
         <size>0x8</size>
         <input_file_ref idref="fl-d"/>
      </object_component>
      <object_component id="oc-ef">
         <name>DcsmZ1OtpFile</name>
         <uninitialized>true</uninitialized>
         <run_address>0x78000</run_address>
         <size>0x20</size>
         <input_file_ref idref="fl-d"/>
      </object_component>
      <object_component id="oc-ed">
         <name>DcsmZ2OtpFile</name>
         <uninitialized>true</uninitialized>
         <run_address>0x78200</run_address>
         <size>0x20</size>
         <input_file_ref idref="fl-d"/>
      </object_component>
      <object_component id="oc-10f">
         <name>DmaRegsFile</name>
         <uninitialized>true</uninitialized>
         <run_address>0x1000</run_address>
         <size>0xe0</size>
         <input_file_ref idref="fl-d"/>
      </object_component>
      <object_component id="oc-db">
         <name>DmaClaSrcSelRegsFile</name>
         <uninitialized>true</uninitialized>
         <run_address>0x7980</run_address>
         <size>0x1a</size>
         <input_file_ref idref="fl-d"/>
      </object_component>
      <object_component id="oc-ee">
         <name>ECap1RegsFile</name>
         <uninitialized>true</uninitialized>
         <run_address>0x5000</run_address>
         <size>0x20</size>
         <input_file_ref idref="fl-d"/>
      </object_component>
      <object_component id="oc-de">
         <name>ECap2RegsFile</name>
         <uninitialized>true</uninitialized>
         <run_address>0x5020</run_address>
         <size>0x20</size>
         <input_file_ref idref="fl-d"/>
      </object_component>
      <object_component id="oc-dd">
         <name>ECap3RegsFile</name>
         <uninitialized>true</uninitialized>
         <run_address>0x5040</run_address>
         <size>0x20</size>
         <input_file_ref idref="fl-d"/>
      </object_component>
      <object_component id="oc-dc">
         <name>ECap4RegsFile</name>
         <uninitialized>true</uninitialized>
         <run_address>0x5060</run_address>
         <size>0x20</size>
         <input_file_ref idref="fl-d"/>
      </object_component>
      <object_component id="oc-e4">
         <name>ECap5RegsFile</name>
         <uninitialized>true</uninitialized>
         <run_address>0x5080</run_address>
         <size>0x20</size>
         <input_file_ref idref="fl-d"/>
      </object_component>
      <object_component id="oc-e2">
         <name>ECap6RegsFile</name>
         <uninitialized>true</uninitialized>
         <run_address>0x50a0</run_address>
         <size>0x20</size>
         <input_file_ref idref="fl-d"/>
      </object_component>
      <object_component id="oc-105">
         <name>Emif1RegsFile</name>
         <uninitialized>true</uninitialized>
         <run_address>0x47000</run_address>
         <size>0x70</size>
         <input_file_ref idref="fl-d"/>
      </object_component>
      <object_component id="oc-106">
         <name>Emif2RegsFile</name>
         <uninitialized>true</uninitialized>
         <run_address>0x47800</run_address>
         <size>0x70</size>
         <input_file_ref idref="fl-d"/>
      </object_component>
      <object_component id="oc-114">
         <name>EPwm1RegsFile</name>
         <uninitialized>true</uninitialized>
         <run_address>0x4000</run_address>
         <size>0x100</size>
         <input_file_ref idref="fl-d"/>
      </object_component>
      <object_component id="oc-113">
         <name>EPwm2RegsFile</name>
         <uninitialized>true</uninitialized>
         <run_address>0x4100</run_address>
         <size>0x100</size>
         <input_file_ref idref="fl-d"/>
      </object_component>
      <object_component id="oc-116">
         <name>EPwm3RegsFile</name>
         <uninitialized>true</uninitialized>
         <run_address>0x4200</run_address>
         <size>0x100</size>
         <input_file_ref idref="fl-d"/>
      </object_component>
      <object_component id="oc-111">
         <name>EPwm4RegsFile</name>
         <uninitialized>true</uninitialized>
         <run_address>0x4300</run_address>
         <size>0x100</size>
         <input_file_ref idref="fl-d"/>
      </object_component>
      <object_component id="oc-110">
         <name>EPwm5RegsFile</name>
         <uninitialized>true</uninitialized>
         <run_address>0x4400</run_address>
         <size>0x100</size>
         <input_file_ref idref="fl-d"/>
      </object_component>
      <object_component id="oc-115">
         <name>EPwm6RegsFile</name>
         <uninitialized>true</uninitialized>
         <run_address>0x4500</run_address>
         <size>0x100</size>
         <input_file_ref idref="fl-d"/>
      </object_component>
      <object_component id="oc-112">
         <name>EPwm7RegsFile</name>
         <uninitialized>true</uninitialized>
         <run_address>0x4600</run_address>
         <size>0x100</size>
         <input_file_ref idref="fl-d"/>
      </object_component>
      <object_component id="oc-11b">
         <name>EPwm8RegsFile</name>
         <uninitialized>true</uninitialized>
         <run_address>0x4700</run_address>
         <size>0x100</size>
         <input_file_ref idref="fl-d"/>
      </object_component>
      <object_component id="oc-119">
         <name>EPwm9RegsFile</name>
         <uninitialized>true</uninitialized>
         <run_address>0x4800</run_address>
         <size>0x100</size>
         <input_file_ref idref="fl-d"/>
      </object_component>
      <object_component id="oc-11a">
         <name>EPwm10RegsFile</name>
         <uninitialized>true</uninitialized>
         <run_address>0x4900</run_address>
         <size>0x100</size>
         <input_file_ref idref="fl-d"/>
      </object_component>
      <object_component id="oc-117">
         <name>EPwm11RegsFile</name>
         <uninitialized>true</uninitialized>
         <run_address>0x4a00</run_address>
         <size>0x100</size>
         <input_file_ref idref="fl-d"/>
      </object_component>
      <object_component id="oc-118">
         <name>EPwm12RegsFile</name>
         <uninitialized>true</uninitialized>
         <run_address>0x4b00</run_address>
         <size>0x100</size>
         <input_file_ref idref="fl-d"/>
      </object_component>
      <object_component id="oc-101">
         <name>EPwmXbarRegsFile</name>
         <uninitialized>true</uninitialized>
         <run_address>0x7a00</run_address>
         <size>0x40</size>
         <input_file_ref idref="fl-d"/>
      </object_component>
      <object_component id="oc-f0">
         <name>EQep1RegsFile</name>
         <uninitialized>true</uninitialized>
         <run_address>0x5100</run_address>
         <size>0x22</size>
         <input_file_ref idref="fl-d"/>
      </object_component>
      <object_component id="oc-f1">
         <name>EQep2RegsFile</name>
         <uninitialized>true</uninitialized>
         <run_address>0x5140</run_address>
         <size>0x22</size>
         <input_file_ref idref="fl-d"/>
      </object_component>
      <object_component id="oc-f2">
         <name>EQep3RegsFile</name>
         <uninitialized>true</uninitialized>
         <run_address>0x5180</run_address>
         <size>0x22</size>
         <input_file_ref idref="fl-d"/>
      </object_component>
      <object_component id="oc-121">
         <name>Flash0CtrlRegsFile</name>
         <uninitialized>true</uninitialized>
         <run_address>0x5f800</run_address>
         <size>0x182</size>
         <input_file_ref idref="fl-d"/>
      </object_component>
      <object_component id="oc-fa">
         <name>Flash0EccRegsFile</name>
         <uninitialized>true</uninitialized>
         <run_address>0x5fb00</run_address>
         <size>0x28</size>
         <input_file_ref idref="fl-d"/>
      </object_component>
      <object_component id="oc-120">
         <name>Flash1CtrlRegsFile</name>
         <uninitialized>true</uninitialized>
         <run_address>0x5fc00</run_address>
         <size>0x182</size>
         <input_file_ref idref="fl-d"/>
      </object_component>
      <object_component id="oc-f9">
         <name>Flash1EccRegsFile</name>
         <uninitialized>true</uninitialized>
         <run_address>0x5ff00</run_address>
         <size>0x28</size>
         <input_file_ref idref="fl-d"/>
      </object_component>
      <object_component id="oc-11f">
         <name>GpioCtrlRegsFile</name>
         <uninitialized>true</uninitialized>
         <run_address>0x7c00</run_address>
         <size>0x180</size>
         <input_file_ref idref="fl-d"/>
      </object_component>
      <object_component id="oc-fc">
         <name>GpioDataRegsFile</name>
         <uninitialized>true</uninitialized>
         <run_address>0x7f00</run_address>
         <size>0x30</size>
         <input_file_ref idref="fl-d"/>
      </object_component>
      <object_component id="oc-102">
         <name>OutputXbarRegsFile</name>
         <uninitialized>true</uninitialized>
         <run_address>0x7a80</run_address>
         <size>0x40</size>
         <input_file_ref idref="fl-d"/>
      </object_component>
      <object_component id="oc-f3">
         <name>I2caRegsFile</name>
         <uninitialized>true</uninitialized>
         <run_address>0x7300</run_address>
         <size>0x22</size>
         <input_file_ref idref="fl-d"/>
      </object_component>
      <object_component id="oc-f4">
         <name>I2cbRegsFile</name>
         <uninitialized>true</uninitialized>
         <run_address>0x7340</run_address>
         <size>0x22</size>
         <input_file_ref idref="fl-d"/>
      </object_component>
      <object_component id="oc-df">
         <name>InputXbarRegsFile</name>
         <uninitialized>true</uninitialized>
         <run_address>0x7900</run_address>
         <size>0x20</size>
         <input_file_ref idref="fl-d"/>
      </object_component>
      <object_component id="oc-e3">
         <name>XbarRegsFile</name>
         <uninitialized>true</uninitialized>
         <run_address>0x7920</run_address>
         <size>0x20</size>
         <input_file_ref idref="fl-d"/>
      </object_component>
      <object_component id="oc-c2">
         <name>FlashPumpSemaphoreRegsFile</name>
         <uninitialized>true</uninitialized>
         <run_address>0x50024</run_address>
         <size>0x2</size>
         <input_file_ref idref="fl-d"/>
      </object_component>
      <object_component id="oc-c3">
         <name>RomPrefetchRegsFile</name>
         <uninitialized>true</uninitialized>
         <run_address>0x5e608</run_address>
         <size>0x2</size>
         <input_file_ref idref="fl-d"/>
      </object_component>
      <object_component id="oc-10c">
         <name>MemCfgRegsFile</name>
         <uninitialized>true</uninitialized>
         <run_address>0x5f400</run_address>
         <size>0x80</size>
         <input_file_ref idref="fl-d"/>
      </object_component>
      <object_component id="oc-e0">
         <name>Emif1ConfigRegsFile</name>
         <uninitialized>true</uninitialized>
         <run_address>0x5f480</run_address>
         <size>0x20</size>
         <input_file_ref idref="fl-d"/>
      </object_component>
      <object_component id="oc-e1">
         <name>Emif2ConfigRegsFile</name>
         <uninitialized>true</uninitialized>
         <run_address>0x5f4a0</run_address>
         <size>0x20</size>
         <input_file_ref idref="fl-d"/>
      </object_component>
      <object_component id="oc-100">
         <name>AccessProtectionRegsFile</name>
         <uninitialized>true</uninitialized>
         <run_address>0x5f4c0</run_address>
         <size>0x40</size>
         <input_file_ref idref="fl-d"/>
      </object_component>
      <object_component id="oc-ff">
         <name>MemoryErrorRegsFile</name>
         <uninitialized>true</uninitialized>
         <run_address>0x5f500</run_address>
         <size>0x40</size>
         <input_file_ref idref="fl-d"/>
      </object_component>
      <object_component id="oc-c1">
         <name>RomWaitStateRegsFile</name>
         <uninitialized>true</uninitialized>
         <run_address>0x5f540</run_address>
         <size>0x2</size>
         <input_file_ref idref="fl-d"/>
      </object_component>
      <object_component id="oc-f5">
         <name>McbspaRegsFile</name>
         <uninitialized>true</uninitialized>
         <run_address>0x6000</run_address>
         <size>0x24</size>
         <input_file_ref idref="fl-d"/>
      </object_component>
      <object_component id="oc-f7">
         <name>McbspbRegsFile</name>
         <uninitialized>true</uninitialized>
         <run_address>0x6040</run_address>
         <size>0x24</size>
         <input_file_ref idref="fl-d"/>
      </object_component>
      <object_component id="oc-104">
         <name>UppRegsFile</name>
         <uninitialized>true</uninitialized>
         <run_address>0x6200</run_address>
         <size>0x48</size>
         <input_file_ref idref="fl-d"/>
      </object_component>
      <object_component id="oc-c6">
         <name>NmiIntruptRegsFile</name>
         <uninitialized>true</uninitialized>
         <run_address>0x7060</run_address>
         <size>0x7</size>
         <input_file_ref idref="fl-d"/>
      </object_component>
      <object_component id="oc-da">
         <name>PieCtrlRegsFile</name>
         <uninitialized>true</uninitialized>
         <run_address>0xce0</run_address>
         <size>0x1a</size>
         <input_file_ref idref="fl-d"/>
      </object_component>
      <object_component id="oc-cf">
         <name>SciaRegsFile</name>
         <uninitialized>true</uninitialized>
         <run_address>0x7200</run_address>
         <size>0x10</size>
         <input_file_ref idref="fl-d"/>
      </object_component>
      <object_component id="oc-d1">
         <name>ScibRegsFile</name>
         <uninitialized>true</uninitialized>
         <run_address>0x7210</run_address>
         <size>0x10</size>
         <input_file_ref idref="fl-d"/>
      </object_component>
      <object_component id="oc-d3">
         <name>ScicRegsFile</name>
         <uninitialized>true</uninitialized>
         <run_address>0x7220</run_address>
         <size>0x10</size>
         <input_file_ref idref="fl-d"/>
      </object_component>
      <object_component id="oc-d2">
         <name>ScidRegsFile</name>
         <uninitialized>true</uninitialized>
         <run_address>0x7230</run_address>
         <size>0x10</size>
         <input_file_ref idref="fl-d"/>
      </object_component>
      <object_component id="oc-10b">
         <name>Sdfm1RegsFile</name>
         <uninitialized>true</uninitialized>
         <run_address>0x5e00</run_address>
         <size>0x80</size>
         <input_file_ref idref="fl-d"/>
      </object_component>
      <object_component id="oc-10a">
         <name>Sdfm2RegsFile</name>
         <uninitialized>true</uninitialized>
         <run_address>0x5e80</run_address>
         <size>0x80</size>
         <input_file_ref idref="fl-d"/>
      </object_component>
      <object_component id="oc-d4">
         <name>SpiaRegsFile</name>
         <uninitialized>true</uninitialized>
         <run_address>0x6100</run_address>
         <size>0x10</size>
         <input_file_ref idref="fl-d"/>
      </object_component>
      <object_component id="oc-d5">
         <name>SpibRegsFile</name>
         <uninitialized>true</uninitialized>
         <run_address>0x6110</run_address>
         <size>0x10</size>
         <input_file_ref idref="fl-d"/>
      </object_component>
      <object_component id="oc-d0">
         <name>SpicRegsFile</name>
         <uninitialized>true</uninitialized>
         <run_address>0x6120</run_address>
         <size>0x10</size>
         <input_file_ref idref="fl-d"/>
      </object_component>
      <object_component id="oc-11c">
         <name>DevCfgRegsFile</name>
         <uninitialized>true</uninitialized>
         <run_address>0x5d000</run_address>
         <size>0x12e</size>
         <input_file_ref idref="fl-d"/>
      </object_component>
      <object_component id="oc-fd">
         <name>ClkCfgRegsFile</name>
         <uninitialized>true</uninitialized>
         <run_address>0x5d200</run_address>
         <size>0x32</size>
         <input_file_ref idref="fl-d"/>
      </object_component>
      <object_component id="oc-10e">
         <name>CpuSysRegsFile</name>
         <uninitialized>true</uninitialized>
         <run_address>0x5d300</run_address>
         <size>0x82</size>
         <input_file_ref idref="fl-d"/>
      </object_component>
      <object_component id="oc-c5">
         <name>SyncSocRegsFile</name>
         <uninitialized>true</uninitialized>
         <run_address>0x7940</run_address>
         <size>0x6</size>
         <input_file_ref idref="fl-d"/>
      </object_component>
      <object_component id="oc-fb">
         <name>WdRegsFile</name>
         <uninitialized>true</uninitialized>
         <run_address>0x7000</run_address>
         <size>0x2b</size>
         <input_file_ref idref="fl-d"/>
      </object_component>
      <object_component id="oc-ce">
         <name>XintRegsFile</name>
         <uninitialized>true</uninitialized>
         <run_address>0x7070</run_address>
         <size>0xb</size>
         <input_file_ref idref="fl-d"/>
      </object_component>
      <object_component id="oc-81">
         <name>.debug_info</name>
         <load_address>0x0</load_address>
         <run_address>0x0</run_address>
         <size>0x138c</size>
         <input_file_ref idref="fl-2"/>
      </object_component>
      <object_component id="oc-86">
         <name>.debug_info</name>
         <load_address>0x138c</load_address>
         <run_address>0x138c</run_address>
         <size>0x4948</size>
         <input_file_ref idref="fl-3"/>
      </object_component>
      <object_component id="oc-8b">
         <name>.debug_info</name>
         <load_address>0x5cd4</load_address>
         <run_address>0x5cd4</run_address>
         <size>0x14db9</size>
         <input_file_ref idref="fl-4"/>
      </object_component>
      <object_component id="oc-90">
         <name>.debug_info</name>
         <load_address>0x1aa8d</load_address>
         <run_address>0x1aa8d</run_address>
         <size>0x150ee</size>
         <input_file_ref idref="fl-5"/>
      </object_component>
      <object_component id="oc-97">
         <name>.debug_info</name>
         <load_address>0x2fb7b</load_address>
         <run_address>0x2fb7b</run_address>
         <size>0x10b9</size>
         <input_file_ref idref="fl-6"/>
      </object_component>
      <object_component id="oc-9c">
         <name>.debug_info</name>
         <load_address>0x30c34</load_address>
         <run_address>0x30c34</run_address>
         <size>0x19bc7</size>
         <input_file_ref idref="fl-7"/>
      </object_component>
      <object_component id="oc-a4">
         <name>.debug_info</name>
         <load_address>0x4a7fb</load_address>
         <run_address>0x4a7fb</run_address>
         <size>0x464a</size>
         <input_file_ref idref="fl-8"/>
      </object_component>
      <object_component id="oc-aa">
         <name>.debug_info</name>
         <load_address>0x4ee45</load_address>
         <run_address>0x4ee45</run_address>
         <size>0x118</size>
         <input_file_ref idref="fl-9"/>
      </object_component>
      <object_component id="oc-ae">
         <name>.debug_info</name>
         <load_address>0x4ef5d</load_address>
         <run_address>0x4ef5d</run_address>
         <size>0xa03</size>
         <input_file_ref idref="fl-a"/>
      </object_component>
      <object_component id="oc-b5">
         <name>.debug_info</name>
         <load_address>0x4f960</load_address>
         <run_address>0x4f960</run_address>
         <size>0x111</size>
         <input_file_ref idref="fl-b"/>
      </object_component>
      <object_component id="oc-b9">
         <name>.debug_info</name>
         <load_address>0x4fa71</load_address>
         <run_address>0x4fa71</run_address>
         <size>0xfbbb</size>
         <input_file_ref idref="fl-c"/>
      </object_component>
      <object_component id="oc-be">
         <name>.debug_info</name>
         <load_address>0x5f62c</load_address>
         <run_address>0x5f62c</run_address>
         <size>0x4d848</size>
         <input_file_ref idref="fl-d"/>
      </object_component>
      <object_component id="oc-124">
         <name>.debug_info</name>
         <load_address>0xace74</load_address>
         <run_address>0xace74</run_address>
         <size>0x18af3</size>
         <input_file_ref idref="fl-e"/>
      </object_component>
      <object_component id="oc-129">
         <name>.debug_info</name>
         <load_address>0xc5967</load_address>
         <run_address>0xc5967</run_address>
         <size>0x35d1</size>
         <input_file_ref idref="fl-f"/>
      </object_component>
      <object_component id="oc-12e">
         <name>.debug_info</name>
         <load_address>0xc8f38</load_address>
         <run_address>0xc8f38</run_address>
         <size>0x676f</size>
         <input_file_ref idref="fl-10"/>
      </object_component>
      <object_component id="oc-133">
         <name>.debug_info</name>
         <load_address>0xcf6a7</load_address>
         <run_address>0xcf6a7</run_address>
         <size>0xb71e</size>
         <input_file_ref idref="fl-11"/>
      </object_component>
      <object_component id="oc-138">
         <name>.debug_info</name>
         <load_address>0xdadc5</load_address>
         <run_address>0xdadc5</run_address>
         <size>0x2adc</size>
         <input_file_ref idref="fl-12"/>
      </object_component>
      <object_component id="oc-13e">
         <name>.debug_info</name>
         <load_address>0xdd8a1</load_address>
         <run_address>0xdd8a1</run_address>
         <size>0x113</size>
         <input_file_ref idref="fl-13"/>
      </object_component>
      <object_component id="oc-142">
         <name>.debug_info</name>
         <load_address>0xdd9b4</load_address>
         <run_address>0xdd9b4</run_address>
         <size>0x98a0</size>
         <input_file_ref idref="fl-14"/>
      </object_component>
      <object_component id="oc-14b">
         <name>.debug_info</name>
         <load_address>0xe7254</load_address>
         <run_address>0xe7254</run_address>
         <size>0x16b</size>
         <input_file_ref idref="fl-25"/>
      </object_component>
      <object_component id="oc-150">
         <name>.debug_info</name>
         <load_address>0xe73bf</load_address>
         <run_address>0xe73bf</run_address>
         <size>0x10c</size>
         <input_file_ref idref="fl-26"/>
      </object_component>
      <object_component id="oc-154">
         <name>.debug_info</name>
         <load_address>0xe74cb</load_address>
         <run_address>0xe74cb</run_address>
         <size>0x574</size>
         <input_file_ref idref="fl-27"/>
      </object_component>
      <object_component id="oc-159">
         <name>.debug_info</name>
         <load_address>0xe7a3f</load_address>
         <run_address>0xe7a3f</run_address>
         <size>0x46f</size>
         <input_file_ref idref="fl-28"/>
      </object_component>
      <object_component id="oc-15e">
         <name>.debug_info</name>
         <load_address>0xe7eae</load_address>
         <run_address>0xe7eae</run_address>
         <size>0x3e2</size>
         <input_file_ref idref="fl-29"/>
      </object_component>
      <object_component id="oc-163">
         <name>.debug_info</name>
         <load_address>0xe8290</load_address>
         <run_address>0xe8290</run_address>
         <size>0x3df</size>
         <input_file_ref idref="fl-2a"/>
      </object_component>
      <object_component id="oc-168">
         <name>.debug_info</name>
         <load_address>0xe866f</load_address>
         <run_address>0xe866f</run_address>
         <size>0x579</size>
         <input_file_ref idref="fl-2b"/>
      </object_component>
      <object_component id="oc-16f">
         <name>.debug_info</name>
         <load_address>0xe8be8</load_address>
         <run_address>0xe8be8</run_address>
         <size>0x501</size>
         <input_file_ref idref="fl-2c"/>
      </object_component>
      <object_component id="oc-174">
         <name>.debug_info</name>
         <load_address>0xe90e9</load_address>
         <run_address>0xe90e9</run_address>
         <size>0x49c</size>
         <input_file_ref idref="fl-2d"/>
      </object_component>
      <object_component id="oc-219">
         <name>.debug_info</name>
         <load_address>0xe9585</load_address>
         <run_address>0xe9585</run_address>
         <size>0xa6</size>
      </object_component>
      <object_component id="oc-82">
         <name>.debug_frame</name>
         <load_address>0x0</load_address>
         <run_address>0x0</run_address>
         <size>0x48</size>
         <input_file_ref idref="fl-2"/>
      </object_component>
      <object_component id="oc-87">
         <name>.debug_frame</name>
         <load_address>0x48</load_address>
         <run_address>0x48</run_address>
         <size>0xa0</size>
         <input_file_ref idref="fl-3"/>
      </object_component>
      <object_component id="oc-8c">
         <name>.debug_frame</name>
         <load_address>0xe8</load_address>
         <run_address>0xe8</run_address>
         <size>0x48</size>
         <input_file_ref idref="fl-4"/>
      </object_component>
      <object_component id="oc-93">
         <name>.debug_frame</name>
         <load_address>0x130</load_address>
         <run_address>0x130</run_address>
         <size>0x1a0</size>
         <input_file_ref idref="fl-5"/>
      </object_component>
      <object_component id="oc-98">
         <name>.debug_frame</name>
         <load_address>0x2d0</load_address>
         <run_address>0x2d0</run_address>
         <size>0x188</size>
         <input_file_ref idref="fl-6"/>
      </object_component>
      <object_component id="oc-a0">
         <name>.debug_frame</name>
         <load_address>0x458</load_address>
         <run_address>0x458</run_address>
         <size>0x140</size>
         <input_file_ref idref="fl-7"/>
      </object_component>
      <object_component id="oc-a5">
         <name>.debug_frame</name>
         <load_address>0x598</load_address>
         <run_address>0x598</run_address>
         <size>0x30</size>
         <input_file_ref idref="fl-8"/>
      </object_component>
      <object_component id="oc-b0">
         <name>.debug_frame</name>
         <load_address>0x5c8</load_address>
         <run_address>0x5c8</run_address>
         <size>0x64</size>
         <input_file_ref idref="fl-a"/>
      </object_component>
      <object_component id="oc-ba">
         <name>.debug_frame</name>
         <load_address>0x62c</load_address>
         <run_address>0x62c</run_address>
         <size>0x168</size>
         <input_file_ref idref="fl-c"/>
      </object_component>
      <object_component id="oc-125">
         <name>.debug_frame</name>
         <load_address>0x794</load_address>
         <run_address>0x794</run_address>
         <size>0x1b0</size>
         <input_file_ref idref="fl-e"/>
      </object_component>
      <object_component id="oc-12a">
         <name>.debug_frame</name>
         <load_address>0x944</load_address>
         <run_address>0x944</run_address>
         <size>0x60</size>
         <input_file_ref idref="fl-f"/>
      </object_component>
      <object_component id="oc-12f">
         <name>.debug_frame</name>
         <load_address>0x9a4</load_address>
         <run_address>0x9a4</run_address>
         <size>0x4c</size>
         <input_file_ref idref="fl-10"/>
      </object_component>
      <object_component id="oc-134">
         <name>.debug_frame</name>
         <load_address>0x9f0</load_address>
         <run_address>0x9f0</run_address>
         <size>0x234</size>
         <input_file_ref idref="fl-11"/>
      </object_component>
      <object_component id="oc-139">
         <name>.debug_frame</name>
         <load_address>0xc24</load_address>
         <run_address>0xc24</run_address>
         <size>0x30</size>
         <input_file_ref idref="fl-12"/>
      </object_component>
      <object_component id="oc-145">
         <name>.debug_frame</name>
         <load_address>0xc54</load_address>
         <run_address>0xc54</run_address>
         <size>0x2638</size>
         <input_file_ref idref="fl-14"/>
      </object_component>
      <object_component id="oc-155">
         <name>.debug_frame</name>
         <load_address>0x328c</load_address>
         <run_address>0x328c</run_address>
         <size>0x68</size>
         <input_file_ref idref="fl-27"/>
      </object_component>
      <object_component id="oc-15a">
         <name>.debug_frame</name>
         <load_address>0x32f4</load_address>
         <run_address>0x32f4</run_address>
         <size>0x48</size>
         <input_file_ref idref="fl-28"/>
      </object_component>
      <object_component id="oc-15f">
         <name>.debug_frame</name>
         <load_address>0x333c</load_address>
         <run_address>0x333c</run_address>
         <size>0x48</size>
         <input_file_ref idref="fl-29"/>
      </object_component>
      <object_component id="oc-164">
         <name>.debug_frame</name>
         <load_address>0x3384</load_address>
         <run_address>0x3384</run_address>
         <size>0x48</size>
         <input_file_ref idref="fl-2a"/>
      </object_component>
      <object_component id="oc-16b">
         <name>.debug_frame</name>
         <load_address>0x33cc</load_address>
         <run_address>0x33cc</run_address>
         <size>0x68</size>
         <input_file_ref idref="fl-2b"/>
      </object_component>
      <object_component id="oc-170">
         <name>.debug_frame</name>
         <load_address>0x3434</load_address>
         <run_address>0x3434</run_address>
         <size>0x78</size>
         <input_file_ref idref="fl-2c"/>
      </object_component>
      <object_component id="oc-175">
         <name>.debug_frame</name>
         <load_address>0x34ac</load_address>
         <run_address>0x34ac</run_address>
         <size>0x48</size>
         <input_file_ref idref="fl-2d"/>
      </object_component>
      <object_component id="oc-83">
         <name>.debug_line</name>
         <load_address>0x0</load_address>
         <run_address>0x0</run_address>
         <size>0x72</size>
         <input_file_ref idref="fl-2"/>
      </object_component>
      <object_component id="oc-88">
         <name>.debug_line</name>
         <load_address>0x72</load_address>
         <run_address>0x72</run_address>
         <size>0x134</size>
         <input_file_ref idref="fl-3"/>
      </object_component>
      <object_component id="oc-8d">
         <name>.debug_line</name>
         <load_address>0x1a6</load_address>
         <run_address>0x1a6</run_address>
         <size>0x88</size>
         <input_file_ref idref="fl-4"/>
      </object_component>
      <object_component id="oc-94">
         <name>.debug_line</name>
         <load_address>0x22e</load_address>
         <run_address>0x22e</run_address>
         <size>0x235</size>
         <input_file_ref idref="fl-5"/>
      </object_component>
      <object_component id="oc-99">
         <name>.debug_line</name>
         <load_address>0x463</load_address>
         <run_address>0x463</run_address>
         <size>0x180</size>
         <input_file_ref idref="fl-6"/>
      </object_component>
      <object_component id="oc-a1">
         <name>.debug_line</name>
         <load_address>0x5e3</load_address>
         <run_address>0x5e3</run_address>
         <size>0x430</size>
         <input_file_ref idref="fl-7"/>
      </object_component>
      <object_component id="oc-a6">
         <name>.debug_line</name>
         <load_address>0xa13</load_address>
         <run_address>0xa13</run_address>
         <size>0x45</size>
         <input_file_ref idref="fl-8"/>
      </object_component>
      <object_component id="oc-ab">
         <name>.debug_line</name>
         <load_address>0xa58</load_address>
         <run_address>0xa58</run_address>
         <size>0x61</size>
         <input_file_ref idref="fl-9"/>
      </object_component>
      <object_component id="oc-b1">
         <name>.debug_line</name>
         <load_address>0xab9</load_address>
         <run_address>0xab9</run_address>
         <size>0x9b</size>
         <input_file_ref idref="fl-a"/>
      </object_component>
      <object_component id="oc-b6">
         <name>.debug_line</name>
         <load_address>0xb54</load_address>
         <run_address>0xb54</run_address>
         <size>0x5a</size>
         <input_file_ref idref="fl-b"/>
      </object_component>
      <object_component id="oc-bb">
         <name>.debug_line</name>
         <load_address>0xbae</load_address>
         <run_address>0xbae</run_address>
         <size>0x1d2</size>
         <input_file_ref idref="fl-c"/>
      </object_component>
      <object_component id="oc-126">
         <name>.debug_line</name>
         <load_address>0xd80</load_address>
         <run_address>0xd80</run_address>
         <size>0x280</size>
         <input_file_ref idref="fl-e"/>
      </object_component>
      <object_component id="oc-12b">
         <name>.debug_line</name>
         <load_address>0x1000</load_address>
         <run_address>0x1000</run_address>
         <size>0x99</size>
         <input_file_ref idref="fl-f"/>
      </object_component>
      <object_component id="oc-130">
         <name>.debug_line</name>
         <load_address>0x1099</load_address>
         <run_address>0x1099</run_address>
         <size>0x7d</size>
         <input_file_ref idref="fl-10"/>
      </object_component>
      <object_component id="oc-135">
         <name>.debug_line</name>
         <load_address>0x1116</load_address>
         <run_address>0x1116</run_address>
         <size>0x476</size>
         <input_file_ref idref="fl-11"/>
      </object_component>
      <object_component id="oc-13a">
         <name>.debug_line</name>
         <load_address>0x158c</load_address>
         <run_address>0x158c</run_address>
         <size>0x45</size>
         <input_file_ref idref="fl-12"/>
      </object_component>
      <object_component id="oc-13f">
         <name>.debug_line</name>
         <load_address>0x15d1</load_address>
         <run_address>0x15d1</run_address>
         <size>0x5b</size>
         <input_file_ref idref="fl-13"/>
      </object_component>
      <object_component id="oc-146">
         <name>.debug_line</name>
         <load_address>0x162c</load_address>
         <run_address>0x162c</run_address>
         <size>0x1b06</size>
         <input_file_ref idref="fl-14"/>
      </object_component>
      <object_component id="oc-14c">
         <name>.debug_line</name>
         <load_address>0x3132</load_address>
         <run_address>0x3132</run_address>
         <size>0x7e</size>
         <input_file_ref idref="fl-25"/>
      </object_component>
      <object_component id="oc-151">
         <name>.debug_line</name>
         <load_address>0x31b0</load_address>
         <run_address>0x31b0</run_address>
         <size>0xad</size>
         <input_file_ref idref="fl-26"/>
      </object_component>
      <object_component id="oc-156">
         <name>.debug_line</name>
         <load_address>0x325d</load_address>
         <run_address>0x325d</run_address>
         <size>0x50</size>
         <input_file_ref idref="fl-27"/>
      </object_component>
      <object_component id="oc-15b">
         <name>.debug_line</name>
         <load_address>0x32ad</load_address>
         <run_address>0x32ad</run_address>
         <size>0x62</size>
         <input_file_ref idref="fl-28"/>
      </object_component>
      <object_component id="oc-160">
         <name>.debug_line</name>
         <load_address>0x330f</load_address>
         <run_address>0x330f</run_address>
         <size>0x3e</size>
         <input_file_ref idref="fl-29"/>
      </object_component>
      <object_component id="oc-165">
         <name>.debug_line</name>
         <load_address>0x334d</load_address>
         <run_address>0x334d</run_address>
         <size>0x3a</size>
         <input_file_ref idref="fl-2a"/>
      </object_component>
      <object_component id="oc-16c">
         <name>.debug_line</name>
         <load_address>0x3387</load_address>
         <run_address>0x3387</run_address>
         <size>0x65</size>
         <input_file_ref idref="fl-2b"/>
      </object_component>
      <object_component id="oc-171">
         <name>.debug_line</name>
         <load_address>0x33ec</load_address>
         <run_address>0x33ec</run_address>
         <size>0x5e</size>
         <input_file_ref idref="fl-2c"/>
      </object_component>
      <object_component id="oc-176">
         <name>.debug_line</name>
         <load_address>0x344a</load_address>
         <run_address>0x344a</run_address>
         <size>0x55</size>
         <input_file_ref idref="fl-2d"/>
      </object_component>
      <object_component id="oc-84">
         <name>.debug_abbrev</name>
         <load_address>0x0</load_address>
         <run_address>0x0</run_address>
         <size>0x118</size>
         <input_file_ref idref="fl-2"/>
      </object_component>
      <object_component id="oc-89">
         <name>.debug_abbrev</name>
         <load_address>0x118</load_address>
         <run_address>0x118</run_address>
         <size>0x11d</size>
         <input_file_ref idref="fl-3"/>
      </object_component>
      <object_component id="oc-8e">
         <name>.debug_abbrev</name>
         <load_address>0x235</load_address>
         <run_address>0x235</run_address>
         <size>0xe7</size>
         <input_file_ref idref="fl-4"/>
      </object_component>
      <object_component id="oc-95">
         <name>.debug_abbrev</name>
         <load_address>0x31c</load_address>
         <run_address>0x31c</run_address>
         <size>0x151</size>
         <input_file_ref idref="fl-5"/>
      </object_component>
      <object_component id="oc-9a">
         <name>.debug_abbrev</name>
         <load_address>0x46d</load_address>
         <run_address>0x46d</run_address>
         <size>0xe5</size>
         <input_file_ref idref="fl-6"/>
      </object_component>
      <object_component id="oc-a2">
         <name>.debug_abbrev</name>
         <load_address>0x552</load_address>
         <run_address>0x552</run_address>
         <size>0x1ee</size>
         <input_file_ref idref="fl-7"/>
      </object_component>
      <object_component id="oc-a7">
         <name>.debug_abbrev</name>
         <load_address>0x740</load_address>
         <run_address>0x740</run_address>
         <size>0x115</size>
         <input_file_ref idref="fl-8"/>
      </object_component>
      <object_component id="oc-ac">
         <name>.debug_abbrev</name>
         <load_address>0x855</load_address>
         <run_address>0x855</run_address>
         <size>0x21</size>
         <input_file_ref idref="fl-9"/>
      </object_component>
      <object_component id="oc-b2">
         <name>.debug_abbrev</name>
         <load_address>0x876</load_address>
         <run_address>0x876</run_address>
         <size>0xfd</size>
         <input_file_ref idref="fl-a"/>
      </object_component>
      <object_component id="oc-b7">
         <name>.debug_abbrev</name>
         <load_address>0x973</load_address>
         <run_address>0x973</run_address>
         <size>0x2f</size>
         <input_file_ref idref="fl-b"/>
      </object_component>
      <object_component id="oc-bc">
         <name>.debug_abbrev</name>
         <load_address>0x9a2</load_address>
         <run_address>0x9a2</run_address>
         <size>0x143</size>
         <input_file_ref idref="fl-c"/>
      </object_component>
      <object_component id="oc-123">
         <name>.debug_abbrev</name>
         <load_address>0xae5</load_address>
         <run_address>0xae5</run_address>
         <size>0xcb</size>
         <input_file_ref idref="fl-d"/>
      </object_component>
      <object_component id="oc-127">
         <name>.debug_abbrev</name>
         <load_address>0xbb0</load_address>
         <run_address>0xbb0</run_address>
         <size>0x191</size>
         <input_file_ref idref="fl-e"/>
      </object_component>
      <object_component id="oc-12c">
         <name>.debug_abbrev</name>
         <load_address>0xd41</load_address>
         <run_address>0xd41</run_address>
         <size>0xc8</size>
         <input_file_ref idref="fl-f"/>
      </object_component>
      <object_component id="oc-131">
         <name>.debug_abbrev</name>
         <load_address>0xe09</load_address>
         <run_address>0xe09</run_address>
         <size>0x116</size>
         <input_file_ref idref="fl-10"/>
      </object_component>
      <object_component id="oc-136">
         <name>.debug_abbrev</name>
         <load_address>0xf1f</load_address>
         <run_address>0xf1f</run_address>
         <size>0x1b5</size>
         <input_file_ref idref="fl-11"/>
      </object_component>
      <object_component id="oc-13b">
         <name>.debug_abbrev</name>
         <load_address>0x10d4</load_address>
         <run_address>0x10d4</run_address>
         <size>0xf5</size>
         <input_file_ref idref="fl-12"/>
      </object_component>
      <object_component id="oc-140">
         <name>.debug_abbrev</name>
         <load_address>0x11c9</load_address>
         <run_address>0x11c9</run_address>
         <size>0x2f</size>
         <input_file_ref idref="fl-13"/>
      </object_component>
      <object_component id="oc-147">
         <name>.debug_abbrev</name>
         <load_address>0x11f8</load_address>
         <run_address>0x11f8</run_address>
         <size>0x175</size>
         <input_file_ref idref="fl-14"/>
      </object_component>
      <object_component id="oc-14d">
         <name>.debug_abbrev</name>
         <load_address>0x136d</load_address>
         <run_address>0x136d</run_address>
         <size>0x46</size>
         <input_file_ref idref="fl-25"/>
      </object_component>
      <object_component id="oc-152">
         <name>.debug_abbrev</name>
         <load_address>0x13b3</load_address>
         <run_address>0x13b3</run_address>
         <size>0x38</size>
         <input_file_ref idref="fl-26"/>
      </object_component>
      <object_component id="oc-157">
         <name>.debug_abbrev</name>
         <load_address>0x13eb</load_address>
         <run_address>0x13eb</run_address>
         <size>0xe3</size>
         <input_file_ref idref="fl-27"/>
      </object_component>
      <object_component id="oc-15c">
         <name>.debug_abbrev</name>
         <load_address>0x14ce</load_address>
         <run_address>0x14ce</run_address>
         <size>0xa8</size>
         <input_file_ref idref="fl-28"/>
      </object_component>
      <object_component id="oc-161">
         <name>.debug_abbrev</name>
         <load_address>0x1576</load_address>
         <run_address>0x1576</run_address>
         <size>0x68</size>
         <input_file_ref idref="fl-29"/>
      </object_component>
      <object_component id="oc-166">
         <name>.debug_abbrev</name>
         <load_address>0x15de</load_address>
         <run_address>0x15de</run_address>
         <size>0x66</size>
         <input_file_ref idref="fl-2a"/>
      </object_component>
      <object_component id="oc-16d">
         <name>.debug_abbrev</name>
         <load_address>0x1644</load_address>
         <run_address>0x1644</run_address>
         <size>0x130</size>
         <input_file_ref idref="fl-2b"/>
      </object_component>
      <object_component id="oc-172">
         <name>.debug_abbrev</name>
         <load_address>0x1774</load_address>
         <run_address>0x1774</run_address>
         <size>0xb2</size>
         <input_file_ref idref="fl-2c"/>
      </object_component>
      <object_component id="oc-177">
         <name>.debug_abbrev</name>
         <load_address>0x1826</load_address>
         <run_address>0x1826</run_address>
         <size>0xee</size>
         <input_file_ref idref="fl-2d"/>
      </object_component>
      <object_component id="oc-21a">
         <name>.debug_abbrev</name>
         <load_address>0x1914</load_address>
         <run_address>0x1914</run_address>
         <size>0xf</size>
      </object_component>
      <object_component id="oc-85">
         <name>.debug_aranges</name>
         <load_address>0x0</load_address>
         <run_address>0x0</run_address>
         <size>0x20</size>
         <input_file_ref idref="fl-2"/>
      </object_component>
      <object_component id="oc-8a">
         <name>.debug_aranges</name>
         <load_address>0x20</load_address>
         <run_address>0x20</run_address>
         <size>0x38</size>
         <input_file_ref idref="fl-3"/>
      </object_component>
      <object_component id="oc-8f">
         <name>.debug_aranges</name>
         <load_address>0x58</load_address>
         <run_address>0x58</run_address>
         <size>0x20</size>
         <input_file_ref idref="fl-4"/>
      </object_component>
      <object_component id="oc-96">
         <name>.debug_aranges</name>
         <load_address>0x78</load_address>
         <run_address>0x78</run_address>
         <size>0x80</size>
         <input_file_ref idref="fl-5"/>
      </object_component>
      <object_component id="oc-9b">
         <name>.debug_aranges</name>
         <load_address>0xf8</load_address>
         <run_address>0xf8</run_address>
         <size>0x78</size>
         <input_file_ref idref="fl-6"/>
      </object_component>
      <object_component id="oc-a3">
         <name>.debug_aranges</name>
         <load_address>0x170</load_address>
         <run_address>0x170</run_address>
         <size>0x38</size>
         <input_file_ref idref="fl-7"/>
      </object_component>
      <object_component id="oc-a8">
         <name>.debug_aranges</name>
         <load_address>0x1a8</load_address>
         <run_address>0x1a8</run_address>
         <size>0x18</size>
         <input_file_ref idref="fl-8"/>
      </object_component>
      <object_component id="oc-ad">
         <name>.debug_aranges</name>
         <load_address>0x1c0</load_address>
         <run_address>0x1c0</run_address>
         <size>0x20</size>
         <input_file_ref idref="fl-9"/>
      </object_component>
      <object_component id="oc-b3">
         <name>.debug_aranges</name>
         <load_address>0x1e0</load_address>
         <run_address>0x1e0</run_address>
         <size>0x28</size>
         <input_file_ref idref="fl-a"/>
      </object_component>
      <object_component id="oc-b8">
         <name>.debug_aranges</name>
         <load_address>0x208</load_address>
         <run_address>0x208</run_address>
         <size>0x20</size>
         <input_file_ref idref="fl-b"/>
      </object_component>
      <object_component id="oc-bd">
         <name>.debug_aranges</name>
         <load_address>0x228</load_address>
         <run_address>0x228</run_address>
         <size>0x80</size>
         <input_file_ref idref="fl-c"/>
      </object_component>
      <object_component id="oc-128">
         <name>.debug_aranges</name>
         <load_address>0x2a8</load_address>
         <run_address>0x2a8</run_address>
         <size>0x88</size>
         <input_file_ref idref="fl-e"/>
      </object_component>
      <object_component id="oc-12d">
         <name>.debug_aranges</name>
         <load_address>0x330</load_address>
         <run_address>0x330</run_address>
         <size>0x28</size>
         <input_file_ref idref="fl-f"/>
      </object_component>
      <object_component id="oc-132">
         <name>.debug_aranges</name>
         <load_address>0x358</load_address>
         <run_address>0x358</run_address>
         <size>0x20</size>
         <input_file_ref idref="fl-10"/>
      </object_component>
      <object_component id="oc-137">
         <name>.debug_aranges</name>
         <load_address>0x378</load_address>
         <run_address>0x378</run_address>
         <size>0xc0</size>
         <input_file_ref idref="fl-11"/>
      </object_component>
      <object_component id="oc-13c">
         <name>.debug_aranges</name>
         <load_address>0x438</load_address>
         <run_address>0x438</run_address>
         <size>0x18</size>
         <input_file_ref idref="fl-12"/>
      </object_component>
      <object_component id="oc-141">
         <name>.debug_aranges</name>
         <load_address>0x450</load_address>
         <run_address>0x450</run_address>
         <size>0x20</size>
         <input_file_ref idref="fl-13"/>
      </object_component>
      <object_component id="oc-148">
         <name>.debug_aranges</name>
         <load_address>0x470</load_address>
         <run_address>0x470</run_address>
         <size>0x4a0</size>
         <input_file_ref idref="fl-14"/>
      </object_component>
      <object_component id="oc-14e">
         <name>.debug_aranges</name>
         <load_address>0x910</load_address>
         <run_address>0x910</run_address>
         <size>0x20</size>
         <input_file_ref idref="fl-25"/>
      </object_component>
      <object_component id="oc-153">
         <name>.debug_aranges</name>
         <load_address>0x930</load_address>
         <run_address>0x930</run_address>
         <size>0x20</size>
         <input_file_ref idref="fl-26"/>
      </object_component>
      <object_component id="oc-158">
         <name>.debug_aranges</name>
         <load_address>0x950</load_address>
         <run_address>0x950</run_address>
         <size>0x20</size>
         <input_file_ref idref="fl-27"/>
      </object_component>
      <object_component id="oc-15d">
         <name>.debug_aranges</name>
         <load_address>0x970</load_address>
         <run_address>0x970</run_address>
         <size>0x20</size>
         <input_file_ref idref="fl-28"/>
      </object_component>
      <object_component id="oc-162">
         <name>.debug_aranges</name>
         <load_address>0x990</load_address>
         <run_address>0x990</run_address>
         <size>0x20</size>
         <input_file_ref idref="fl-29"/>
      </object_component>
      <object_component id="oc-167">
         <name>.debug_aranges</name>
         <load_address>0x9b0</load_address>
         <run_address>0x9b0</run_address>
         <size>0x20</size>
         <input_file_ref idref="fl-2a"/>
      </object_component>
      <object_component id="oc-16e">
         <name>.debug_aranges</name>
         <load_address>0x9d0</load_address>
         <run_address>0x9d0</run_address>
         <size>0x28</size>
         <input_file_ref idref="fl-2b"/>
      </object_component>
      <object_component id="oc-173">
         <name>.debug_aranges</name>
         <load_address>0x9f8</load_address>
         <run_address>0x9f8</run_address>
         <size>0x30</size>
         <input_file_ref idref="fl-2c"/>
      </object_component>
      <object_component id="oc-178">
         <name>.debug_aranges</name>
         <load_address>0xa28</load_address>
         <run_address>0xa28</run_address>
         <size>0x20</size>
         <input_file_ref idref="fl-2d"/>
      </object_component>
   </object_component_list>
   <logical_group_list>
      <logical_group id="lg-2" display="no" color="cyan">
         <name>codestart</name>
         <load_address>0x0</load_address>
         <run_address>0x0</run_address>
         <size>0x2</size>
         <contents>
            <object_component_ref idref="oc-a9"/>
         </contents>
      </logical_group>
      <logical_group id="lg-3" display="yes" color="red">
         <name>.text</name>
         <load_address>0x0</load_address>
         <run_address>0x0</run_address>
         <size>0x3de3</size>
         <contents>
            <object_component_ref idref="oc-187"/>
            <object_component_ref idref="oc-18e"/>
            <object_component_ref idref="oc-18f"/>
            <object_component_ref idref="oc-17f"/>
            <object_component_ref idref="oc-17e"/>
            <object_component_ref idref="oc-180"/>
            <object_component_ref idref="oc-9f"/>
            <object_component_ref idref="oc-18c"/>
            <object_component_ref idref="oc-b4"/>
            <object_component_ref idref="oc-18d"/>
            <object_component_ref idref="oc-18a"/>
            <object_component_ref idref="oc-185"/>
            <object_component_ref idref="oc-186"/>
            <object_component_ref idref="oc-184"/>
            <object_component_ref idref="oc-144"/>
            <object_component_ref idref="oc-80"/>
            <object_component_ref idref="oc-14f"/>
            <object_component_ref idref="oc-17a"/>
            <object_component_ref idref="oc-181"/>
            <object_component_ref idref="oc-179"/>
            <object_component_ref idref="oc-17b"/>
            <object_component_ref idref="oc-17d"/>
            <object_component_ref idref="oc-188"/>
            <object_component_ref idref="oc-17c"/>
         </contents>
      </logical_group>
      <logical_group id="lg-4" display="no" color="cyan">
         <name>.cinit</name>
         <load_address>0x801c2</load_address>
         <run_address>0x801c2</run_address>
         <size>0xe5</size>
         <contents>
            <object_component_ref idref="oc-9d"/>
            <object_component_ref idref="oc-91"/>
            <object_component_ref idref="oc-169"/>
            <object_component_ref idref="oc-183"/>
            <object_component_ref idref="oc-189"/>
         </contents>
      </logical_group>
      <logical_group id="lg-5" display="no" color="cyan">
         <name>.pinit</name>
         <run_address>0x0</run_address>
         <size>0x0</size>
         <contents>
         </contents>
      </logical_group>
      <logical_group id="lg-6" display="no" color="cyan">
         <name>.switch</name>
         <run_address>0x0</run_address>
         <size>0x0</size>
         <contents>
         </contents>
      </logical_group>
      <logical_group id="lg-7" display="no" color="cyan">
         <name>.reset</name>
         <load_address>0x3fffc0</load_address>
         <run_address>0x3fffc0</run_address>
         <size>0x2</size>
         <contents>
            <object_component_ref idref="oc-14a"/>
         </contents>
      </logical_group>
      <logical_group id="lg-8" display="no" color="cyan">
         <name>.stack</name>
         <run_address>0x400</run_address>
         <size>0x400</size>
         <contents>
            <object_component_ref idref="oc-149"/>
            <object_component_ref idref="oc-218"/>
         </contents>
      </logical_group>
      <logical_group id="lg-9" display="no" color="cyan">
         <name>.ebss</name>
         <run_address>0xa800</run_address>
         <size>0x4d8</size>
         <contents>
            <object_component_ref idref="oc-92"/>
            <object_component_ref idref="oc-9e"/>
            <object_component_ref idref="oc-af"/>
[...]
         <value>0x75f</value>
         <object_component_ref idref="oc-144"/>
      </symbol>
      <symbol id="sm-598">
         <name>_MCBSPA_RX_ISR</name>
         <value>0xd43</value>
         <object_component_ref idref="oc-144"/>
      </symbol>
      <symbol id="sm-599">
         <name>_MCBSPA_TX_ISR</name>
         <value>0xd7d</value>
         <object_component_ref idref="oc-144"/>
      </symbol>
      <symbol id="sm-59a">
         <name>_USER11_ISR</name>
         <value>0xc3</value>
         <object_component_ref idref="oc-144"/>
      </symbol>
      <symbol id="sm-59b">
         <name>_IPC0_ISR</name>
         <value>0x29d</value>
         <object_component_ref idref="oc-144"/>
      </symbol>
      <symbol id="sm-59c">
         <name>_FPU_OVERFLOW_ISR</name>
         <value>0x1a37</value>
         <object_component_ref idref="oc-144"/>
      </symbol>
      <symbol id="sm-59d">
         <name>_USER4_ISR</name>
         <value>0x76</value>
         <object_component_ref idref="oc-144"/>
      </symbol>
      <symbol id="sm-59e">
         <name>_EQEP3_ISR</name>
         <value>0xac5</value>
         <object_component_ref idref="oc-144"/>
      </symbol>
      <symbol id="sm-59f">
         <name>_EPWM7_TZ_ISR</name>
         <value>0x4e1</value>
         <object_component_ref idref="oc-144"/>
      </symbol>
      <symbol id="sm-5a0">
         <name>_CLA1_3_ISR</name>
         <value>0x180b</value>
         <object_component_ref idref="oc-144"/>
      </symbol>
      <symbol id="sm-5a1">
         <name>_EPWM2_TZ_ISR</name>
         <value>0x3bf</value>
         <object_component_ref idref="oc-144"/>
      </symbol>
      <symbol id="sm-5a2">
         <name>_EPWM9_TZ_ISR</name>
         <value>0x555</value>
         <object_component_ref idref="oc-144"/>
      </symbol>
      <symbol id="sm-5a3">
         <name>_DMA_CH5_ISR</name>
         <value>0xf87</value>
         <object_component_ref idref="oc-144"/>
      </symbol>
      <symbol id="sm-5a4">
         <name>_ECAP1_ISR</name>
         <value>0x8f5</value>
         <object_component_ref idref="oc-144"/>
      </symbol>
      <symbol id="sm-5a5">
         <name>_TIMER2_ISR</name>
         <value>0xd</value>
         <object_component_ref idref="oc-144"/>
      </symbol>
      <symbol id="sm-5a6">
         <name>_ADCA4_ISR</name>
         <value>0x14b1</value>
         <object_component_ref idref="oc-144"/>
      </symbol>
      <symbol id="sm-5a7">
         <name>_ADCB4_ISR</name>
         <value>0x158d</value>
         <object_component_ref idref="oc-144"/>
      </symbol>
      <symbol id="sm-5a8">
         <name>_ADCC4_ISR</name>
         <value>0x1675</value>
         <object_component_ref idref="oc-144"/>
      </symbol>
      <symbol id="sm-5a9">
         <name>_ADCD4_ISR</name>
         <value>0x175d</value>
         <object_component_ref idref="oc-144"/>
      </symbol>
      <symbol id="sm-5aa">
         <name>_EPWM7_ISR</name>
         <value>0x799</value>
         <object_component_ref idref="oc-144"/>
      </symbol>
      <symbol id="sm-5ab">
         <name>_USER10_ISR</name>
         <value>0xb8</value>
         <object_component_ref idref="oc-144"/>
      </symbol>
      <symbol id="sm-5ac">
         <name>_IPC3_ISR</name>
         <value>0x34b</value>
         <object_component_ref idref="oc-144"/>
      </symbol>
      <symbol id="sm-5ad">
         <name>_USER7_ISR</name>
         <value>0x97</value>
         <object_component_ref idref="oc-144"/>
      </symbol>
      <symbol id="sm-5ae">
         <name>_XINT1_ISR</name>
         <value>0x187</value>
         <object_component_ref idref="oc-144"/>
      </symbol>
      <symbol id="sm-5af">
         <name>_DMA_CH6_ISR</name>
         <value>0xfc1</value>
         <object_component_ref idref="oc-144"/>
      </symbol>
      <symbol id="sm-5b0">
         <name>_CLB4_ISR</name>
         <value>0xbad</value>
         <object_component_ref idref="oc-144"/>
      </symbol>
      <symbol id="sm-5b1">
         <name>_ECAP2_ISR</name>
         <value>0x92f</value>
         <object_component_ref idref="oc-144"/>
      </symbol>
      <symbol id="sm-5b2">
         <name>_I2CB_ISR</name>
         <value>0x106f</value>
         <object_component_ref idref="oc-144"/>
      </symbol>
      <symbol id="sm-5b3">
         <name>_IPC2_ISR</name>
         <value>0x311</value>
         <object_component_ref idref="oc-144"/>
      </symbol>
      <symbol id="sm-5b4">
         <name>_USER6_ISR</name>
         <value>0x8c</value>
         <object_component_ref idref="oc-144"/>
      </symbol>
      <symbol id="sm-5b5">
         <name>_EPWM4_TZ_ISR</name>
         <value>0x433</value>
         <object_component_ref idref="oc-144"/>
      </symbol>
      <symbol id="sm-5b6">
         <name>_EPWM3_TZ_ISR</name>
         <value>0x3f9</value>
         <object_component_ref idref="oc-144"/>
      </symbol>
      <symbol id="sm-5b7">
         <name>_I2CA_FIFO_ISR</name>
         <value>0x1035</value>
         <object_component_ref idref="oc-144"/>
      </symbol>
      <symbol id="sm-5b8">
         <name>_ECAP3_ISR</name>
         <value>0x969</value>
         <object_component_ref idref="oc-144"/>
      </symbol>
      <symbol id="sm-5b9">
         <name>_RTOS_ISR</name>
         <value>0x27</value>
         <object_component_ref idref="oc-144"/>
      </symbol>
      <symbol id="sm-5ba">
         <name>_SPIC_RX_ISR</name>
         <value>0xe2b</value>
         <object_component_ref idref="oc-144"/>
      </symbol>
      <symbol id="sm-5bb">
         <name>_SPIC_TX_ISR</name>
         <value>0xe65</value>
         <object_component_ref idref="oc-144"/>
      </symbol>
      <symbol id="sm-5bc">
         <name>_EPWM1_ISR</name>
         <value>0x63d</value>
         <object_component_ref idref="oc-144"/>
      </symbol>
      <symbol id="sm-5bd">
         <name>_USER12_ISR</name>
         <value>0xce</value>
         <object_component_ref idref="oc-144"/>
      </symbol>
      <symbol id="sm-5be">
         <name>_AUX_PLL_SLIP_ISR</name>
         <value>0x1bcd</value>
         <object_component_ref idref="oc-144"/>
      </symbol>
      <symbol id="sm-5bf">
         <name>_CLA1_4_ISR</name>
         <value>0x1839</value>
         <object_component_ref idref="oc-144"/>
      </symbol>
      <symbol id="sm-5c0">
         <name>_USER1_ISR</name>
         <value>0x55</value>
         <object_component_ref idref="oc-144"/>
      </symbol>
      <symbol id="sm-5c1">
         <name>_CLA_UNDERFLOW_ISR</name>
         <value>0x1c41</value>
         <object_component_ref idref="oc-144"/>
      </symbol>
      <symbol id="sm-5c2">
         <name>_ADCC_EVT_ISR</name>
         <value>0x15c7</value>
         <object_component_ref idref="oc-144"/>
      </symbol>
      <symbol id="sm-5c3">
         <name>_SYS_PLL_SLIP_ISR</name>
         <value>0x1b93</value>
         <object_component_ref idref="oc-144"/>
      </symbol>
      <symbol id="sm-5c4">
         <name>_XINT3_ISR</name>
         <value>0x194f</value>
         <object_component_ref idref="oc-144"/>
      </symbol>
      <symbol id="sm-5c5">
         <name>_NMI_ISR</name>
         <value>0x3f</value>
         <object_component_ref idref="oc-144"/>
      </symbol>
      <symbol id="sm-5c6">
         <name>_CANA0_ISR</name>
         <value>0x12ed</value>
         <object_component_ref idref="oc-144"/>
      </symbol>
      <symbol id="sm-5c7">
         <name>_CANB0_ISR</name>
         <value>0x1361</value>
         <object_component_ref idref="oc-144"/>
      </symbol>
      <symbol id="sm-5c8">
         <name>_EMIF_ERROR_ISR</name>
         <value>0x1aab</value>
         <object_component_ref idref="oc-144"/>
      </symbol>
      <symbol id="sm-5c9">
         <name>_ISRTrace</name>
         <value>0xac82</value>
         <object_component_ref idref="oc-143"/>
      </symbol>
      <symbol id="sm-5ca">
         <name>_EPWM8_ISR</name>
         <value>0x7d3</value>
         <object_component_ref idref="oc-144"/>
      </symbol>
      <symbol id="sm-5cb">
         <name>_MCBSPB_RX_ISR</name>
         <value>0xdb7</value>
         <object_component_ref idref="oc-144"/>
      </symbol>
      <symbol id="sm-5cc">
         <name>_EPWM2_ISR</name>
         <value>0x677</value>
         <object_component_ref idref="oc-144"/>
      </symbol>
      <symbol id="sm-5cd">
         <name>_MCBSPB_TX_ISR</name>
         <value>0xdf1</value>
         <object_component_ref idref="oc-144"/>
      </symbol>
      <symbol id="sm-5ce">
         <name>_CLA1_5_ISR</name>
         <value>0x1867</value>
         <object_component_ref idref="oc-144"/>
      </symbol>
      <symbol id="sm-5cf">
         <name>_EPWM5_TZ_ISR</name>
         <value>0x46d</value>
         <object_component_ref idref="oc-144"/>
      </symbol>
      <symbol id="sm-5d0">
         <name>_I2CB_FIFO_ISR</name>
         <value>0x10a9</value>
         <object_component_ref idref="oc-144"/>
      </symbol>
      <symbol id="sm-5d1">
         <name>_WAKE_ISR</name>
         <value>0x263</value>
         <object_component_ref idref="oc-144"/>
      </symbol>
      <symbol id="sm-5d2">
         <name>_XINT2_ISR</name>
         <value>0x1b5</value>
         <object_component_ref idref="oc-144"/>
      </symbol>
      <symbol id="sm-5d3">
         <name>_EPWM12_TZ_ISR</name>
         <value>0x603</value>
         <object_component_ref idref="oc-144"/>
      </symbol>
      <symbol id="sm-5d4">
         <name>_DMA_CH1_ISR</name>
         <value>0xe9f</value>
         <object_component_ref idref="oc-144"/>
      </symbol>
      <symbol id="sm-5d5">
         <name>_CANA1_ISR</name>
         <value>0x1327</value>
         <object_component_ref idref="oc-144"/>
      </symbol>
      <symbol id="sm-5d6">
         <name>_CANB1_ISR</name>
         <value>0x139b</value>
         <object_component_ref idref="oc-144"/>
      </symbol>
      <symbol id="sm-5d7">
         <name>_ADCA_EVT_ISR</name>
         <value>0x140f</value>
         <object_component_ref idref="oc-144"/>
      </symbol>
      <symbol id="sm-5d8">
         <name>_CLB1_ISR</name>
         <value>0xaff</value>
         <object_component_ref idref="oc-144"/>
      </symbol>
      <symbol id="sm-5d9">
         <name>_EPWM11_ISR</name>
         <value>0x881</value>
         <object_component_ref idref="oc-144"/>
      </symbol>
      <symbol id="sm-5da">
         <name>_SCIC_RX_ISR</name>
         <value>0x10e3</value>
         <object_component_ref idref="oc-144"/>
      </symbol>
      <symbol id="sm-5db">
         <name>_SCIC_TX_ISR</name>
         <value>0x111d</value>
         <object_component_ref idref="oc-144"/>
      </symbol>
      <symbol id="sm-5dc">
         <name>_EPWM9_ISR</name>
         <value>0x80d</value>
         <object_component_ref idref="oc-144"/>
      </symbol>
      <symbol id="sm-5dd">
         <name>_SPIB_RX_ISR</name>
         <value>0xccf</value>
         <object_component_ref idref="oc-144"/>
      </symbol>
      <symbol id="sm-5de">
         <name>_SPIB_TX_ISR</name>
         <value>0xd09</value>
         <object_component_ref idref="oc-144"/>
      </symbol>
      <symbol id="sm-5df">
         <name>_EPWM3_ISR</name>
         <value>0x6b1</value>
         <object_component_ref idref="oc-144"/>
      </symbol>
      <symbol id="sm-5e0">
         <name>_USER9_ISR</name>
         <value>0xad</value>
         <object_component_ref idref="oc-144"/>
      </symbol>
      <symbol id="sm-5e1">
         <name>_CLA1_6_ISR</name>
         <value>0x18a1</value>
         <object_component_ref idref="oc-144"/>
      </symbol>
      <symbol id="sm-5e2">
         <name>_USER3_ISR</name>
         <value>0x6b</value>
         <object_component_ref idref="oc-144"/>
      </symbol>
      <symbol id="sm-5e3">
         <name>_RAM_ACCESS_VIOLATION_ISR</name>
         <value>0x1b59</value>
         <object_component_ref idref="oc-144"/>
      </symbol>
      <symbol id="sm-5e4">
         <name>_DMA_CH2_ISR</name>
         <value>0xed9</value>
         <object_component_ref idref="oc-144"/>
      </symbol>
      <symbol id="sm-5e5">
         <name>_ECAP4_ISR</name>
         <value>0x9a3</value>
         <object_component_ref idref="oc-144"/>
      </symbol>
      <symbol id="sm-5e6">
         <name>_VCU_ISR</name>
         <value>0x19fd</value>
         <object_component_ref idref="oc-144"/>
      </symbol>
      <symbol id="sm-5e7">
         <name>_EPWM10_ISR</name>
         <value>0x847</value>
         <object_component_ref idref="oc-144"/>
      </symbol>
      <symbol id="sm-5e8">
         <name>_ADCA1_ISR</name>
         <value>0xd9</value>
         <object_component_ref idref="oc-144"/>
      </symbol>
      <symbol id="sm-5e9">
         <name>_FPU_UNDERFLOW_ISR</name>
         <value>0x1a71</value>
         <object_component_ref idref="oc-144"/>
      </symbol>
      <symbol id="sm-5ea">
         <name>_ADCB1_ISR</name>
         <value>0x113</value>
         <object_component_ref idref="oc-144"/>
      </symbol>
      <symbol id="sm-5eb">
         <name>_ADCC1_ISR</name>
         <value>0x14d</value>
         <object_component_ref idref="oc-144"/>
      </symbol>
      <symbol id="sm-5ec">
         <name>_ADCD1_ISR</name>
         <value>0x1ef</value>
         <object_component_ref idref="oc-144"/>
      </symbol>
      <symbol id="sm-5ed">
         <name>_USER8_ISR</name>
         <value>0xa2</value>
         <object_component_ref idref="oc-144"/>
      </symbol>
      <symbol id="sm-5ee">
         <name>_ADCD_EVT_ISR</name>
         <value>0x16af</value>
         <object_component_ref idref="oc-144"/>
      </symbol>
      <symbol id="sm-5ef">
         <name>_CLA1_7_ISR</name>
         <value>0x18db</value>
         <object_component_ref idref="oc-144"/>
      </symbol>
      <symbol id="sm-5f0">
         <name>_USER2_ISR</name>
         <value>0x60</value>
         <object_component_ref idref="oc-144"/>
      </symbol>
      <symbol id="sm-5f1">
         <name>_EPWM1_TZ_ISR</name>
         <value>0x385</value>
         <object_component_ref idref="oc-144"/>
      </symbol>
      <symbol id="sm-5f2">
         <name>_EPWM11_TZ_ISR</name>
         <value>0x5c9</value>
         <object_component_ref idref="oc-144"/>
      </symbol>
      <symbol id="sm-5f3">
         <name>_i</name>
         <value>0xac81</value>
         <object_component_ref idref="oc-143"/>
      </symbol>
      <symbol id="sm-5f4">
         <name>_DMA_CH3_ISR</name>
         <value>0xf13</value>
         <object_component_ref idref="oc-144"/>
      </symbol>
      <symbol id="sm-5f5">
         <name>_ECAP5_ISR</name>
         <value>0x9dd</value>
         <object_component_ref idref="oc-144"/>
      </symbol>
      <symbol id="sm-5f6">
         <name>_CLB3_ISR</name>
         <value>0xb73</value>
         <object_component_ref idref="oc-144"/>
      </symbol>
      <symbol id="sm-5f7">
         <name>_ADCA2_ISR</name>
         <value>0x1449</value>
         <object_component_ref idref="oc-144"/>
      </symbol>
      <symbol id="sm-5f8">
         <name>_ADCB2_ISR</name>
         <value>0x1519</value>
         <object_component_ref idref="oc-144"/>
      </symbol>
      <symbol id="sm-5f9">
         <name>_ADCC2_ISR</name>
         <value>0x1601</value>
         <object_component_ref idref="oc-144"/>
      </symbol>
      <symbol id="sm-5fa">
         <name>_SCIB_RX_ISR</name>
         <value>0x1279</value>
         <object_component_ref idref="oc-144"/>
      </symbol>
      <symbol id="sm-5fb">
         <name>_rsvd_ISR</name>
         <value>0x1c8f</value>
         <object_component_ref idref="oc-144"/>
      </symbol>
      <symbol id="sm-5fc">
         <name>_ADCD2_ISR</name>
         <value>0x16e9</value>
         <object_component_ref idref="oc-144"/>
      </symbol>
      <symbol id="sm-5fd">
         <name>_EMU_ISR</name>
         <value>0x34</value>
         <object_component_ref idref="oc-144"/>
      </symbol>
      <symbol id="sm-5fe">
         <name>_SCIB_TX_ISR</name>
         <value>0x12b3</value>
         <object_component_ref idref="oc-144"/>
      </symbol>
      <symbol id="sm-5ff">
         <name>_SPIA_RX_ISR</name>
         <value>0xc5b</value>
         <object_component_ref idref="oc-144"/>
      </symbol>
      <symbol id="sm-600">
         <name>_SPIA_TX_ISR</name>
         <value>0xc95</value>
         <object_component_ref idref="oc-144"/>
      </symbol>
      <symbol id="sm-601">
         <name>_XINT5_ISR</name>
         <value>0x19c3</value>
         <object_component_ref idref="oc-144"/>
      </symbol>
      <symbol id="sm-602">
         <name>_UPPA_ISR</name>
         <value>0x11cb</value>
         <object_component_ref idref="oc-144"/>
      </symbol>
      <symbol id="sm-603">
         <name>_CLA_OVERFLOW_ISR</name>
         <value>0x1c07</value>
         <object_component_ref idref="oc-144"/>
      </symbol>
      <symbol id="sm-61e">
         <name>_c_int00</name>
         <value>0x3cac</value>
         <object_component_ref idref="oc-80"/>
      </symbol>
      <symbol id="sm-61f">
         <name>__stack</name>
         <value>0x400</value>
         <object_component_ref idref="oc-149"/>
      </symbol>
      <symbol id="sm-630">
         <name>FS$$DIV</name>
         <value>0x3ba8</value>
         <object_component_ref idref="oc-14f"/>
      </symbol>
      <symbol id="sm-63f">
         <name>_copy_in</name>
         <value>0x3d79</value>
         <object_component_ref idref="oc-17a"/>
      </symbol>
      <symbol id="sm-650">
         <name>_memcpy</name>
         <value>0x3d9d</value>
         <object_component_ref idref="oc-181"/>
      </symbol>
      <symbol id="sm-65c">
         <name>__system_pre_init</name>
         <value>0x3de0</value>
         <object_component_ref idref="oc-179"/>
      </symbol>
      <symbol id="sm-669">
         <name>__system_post_cinit</name>
         <value>0x3de2</value>
         <object_component_ref idref="oc-17b"/>
      </symbol>
      <symbol id="sm-67d">
         <name>C$$EXIT</name>
         <value>0x3d02</value>
         <object_component_ref idref="oc-17d"/>
      </symbol>
      <symbol id="sm-67e">
         <name>_exit</name>
         <value>0x3d04</value>
         <object_component_ref idref="oc-17d"/>
      </symbol>
      <symbol id="sm-67f">
         <name>___TI_cleanup_ptr</name>
         <value>0xac6e</value>
         <object_component_ref idref="oc-16a"/>
      </symbol>
      <symbol id="sm-680">
         <name>___TI_enable_exit_profile_output</name>
         <value>0xac6c</value>
         <object_component_ref idref="oc-16a"/>
      </symbol>
      <symbol id="sm-681">
         <name>_abort</name>
         <value>0x3d02</value>
         <object_component_ref idref="oc-17d"/>
      </symbol>
      <symbol id="sm-682">
         <name>___TI_dtors_ptr</name>
         <value>0xac70</value>
         <object_component_ref idref="oc-16a"/>
      </symbol>
      <symbol id="sm-696">
         <name>__unlock</name>
         <value>0xac74</value>
         <object_component_ref idref="oc-190"/>
      </symbol>
      <symbol id="sm-697">
         <name>__lock</name>
         <value>0xac72</value>
         <object_component_ref idref="oc-182"/>
      </symbol>
      <symbol id="sm-698">
         <name>__register_lock</name>
         <value>0x3dd8</value>
         <object_component_ref idref="oc-188"/>
      </symbol>
      <symbol id="sm-699">
         <name>__nop</name>
         <value>0x3ddc</value>
         <object_component_ref idref="oc-188"/>
      </symbol>
      <symbol id="sm-69a">
         <name>__register_unlock</name>
         <value>0x3dd4</value>
         <object_component_ref idref="oc-188"/>
      </symbol>
      <symbol id="sm-6a9">
         <name>__args_main</name>
         <value>0x3dbb</value>
         <object_component_ref idref="oc-17c"/>
      </symbol>
   </symbol_table>
   <title>Link errors: red sections failed placement,available memory ranges in purple</title>
</link_info>
