******************************************************************************
             TMS320C2000 Linker PC v18.1.1                     
******************************************************************************
>> Linked Mon Nov 18 10:40:36 2019

OUTPUT FILE NAME:   <Katech_BHDC_100kW.out>
ENTRY POINT SYMBOL: "_c_int00"  address: 00003cac


MEMORY CONFIGURATION

         name            origin    length      used     unused   attr    fill
----------------------  --------  ---------  --------  --------  ----  --------
PAGE 0:
  BEGIN                 00000000   00000002  00000002  00000000  RWIX
  RAMM0                 00000122   000002de  00000004  000002da  RWIX
  RAMLS0                00008000   00000800  00000000  00000800  RWIX
  RAMLS1                00008800   00000800  00000000  00000800  RWIX
  RAMLS2                00009000   00000800  00000000  00000800  RWIX
  RAMLS3                00009800   00000800  00000000  00000800  RWIX
  RAMLS4                0000a000   00000800  00000000  00000800  RWIX
  RAMD0                 0000b000   00000800  00000000  00000800  RWIX
  FLASHA                00080002   00001ffe  000002a5  00001d59  RWIX
  FLASHB                00082000   00002000  00000000  00002000  RWIX
  FLASHC                00084000   00002000  00000000  00002000  RWIX
  FLASHD                00086000   00002000  00000000  00002000  RWIX
  FLASHE                00088000   00008000  00000000  00008000  RWIX
  FLASHF                00090000   00008000  00000000  00008000  RWIX
  FLASHG                00098000   00008000  00000000  00008000  RWIX
  FLASHH                000a0000   00008000  00000000  00008000  RWIX
  FLASHI                000a8000   00008000  00000000  00008000  RWIX
  FLASHJ                000b0000   00008000  00000000  00008000  RWIX
  FLASHK                000b8000   00002000  00000000  00002000  RWIX
  FLASHL                000ba000   00002000  00000000  00002000  RWIX
  FLASHM                000bc000   00002000  00000000  00002000  RWIX
  FLASHN                000be000   00002000  00000000  00002000  RWIX
  FLASHO                000c0000   00002000  00000000  00002000  RWIX
  FLASHP                000c2000   00002000  00000000  00002000  RWIX
  FLASHQ                000c4000   00002000  00000000  00002000  RWIX
  FLASHR                000c6000   00002000  00000000  00002000  RWIX
  FLASHS                000c8000   00008000  00000000  00008000  RWIX
  FLASHT                000d0000   00008000  00000000  00008000  RWIX
  FLASHU                000d8000   00008000  00000000  00008000  RWIX
  FLASHV                000e0000   00008000  00000000  00008000  RWIX
  FLASHW                000e8000   00008000  00000000  00008000  RWIX
  FLASHX                000f0000   00008000  00000000  00008000  RWIX
  FLASHY                000f8000   00002000  00000000  00002000  RWIX
  FLASHZ                000fa000   00002000  00000000  00002000  RWIX
  FLASHAA               000fc000   00002000  00000000  00002000  RWIX
  FLASHAB               000fe000   00002000  00000000  00002000  RWIX
  RESET                 003fffc0   00000002  00000000  00000002  RWIX

PAGE 1:
  BOOT_RSVD             00000002   00000120  00000000  00000120  RWIX
  RAMM1                 00000400   00000400  00000400  00000000  RWIX
  ADCA_RESULT           00000b00   00000020  00000018  00000008  RWIX
  ADCB_RESULT           00000b20   00000020  00000018  00000008  RWIX
  ADCC_RESULT           00000b40   00000020  00000018  00000008  RWIX
  ADCD_RESULT           00000b60   00000020  00000018  00000008  RWIX
  CPU_TIMER0            00000c00   00000008  00000008  00000000  RWIX
  CPU_TIMER1            00000c08   00000008  00000008  00000000  RWIX
  CPU_TIMER2            00000c10   00000008  00000008  00000000  RWIX
  PIE_CTRL              00000ce0   00000020  0000001a  00000006  RWIX
  PIE_VECT              00000d00   00000200  000001c0  00000040  RWIX
  DMA                   00001000   00000200  000000e0  00000120  RWIX
  CLA1                  00001400   00000040  0000003e  00000002  RWIX
  EPWM1                 00004000   00000100  00000100  00000000  RWIX
  EPWM2                 00004100   00000100  00000100  00000000  RWIX
  EPWM3                 00004200   00000100  00000100  00000000  RWIX
  EPWM4                 00004300   00000100  00000100  00000000  RWIX
  EPWM5                 00004400   00000100  00000100  00000000  RWIX
  EPWM6                 00004500   00000100  00000100  00000000  RWIX
  EPWM7                 00004600   00000100  00000100  00000000  RWIX
  EPWM8                 00004700   00000100  00000100  00000000  RWIX
  EPWM9                 00004800   00000100  00000100  00000000  RWIX
  EPWM10                00004900   00000100  00000100  00000000  RWIX
  EPWM11                00004a00   00000100  00000100  00000000  RWIX
  EPWM12                00004b00   00000100  00000100  00000000  RWIX
  ECAP1                 00005000   00000020  00000020  00000000  RWIX
  ECAP2                 00005020   00000020  00000020  00000000  RWIX
  ECAP3                 00005040   00000020  00000020  00000000  RWIX
  ECAP4                 00005060   00000020  00000020  00000000  RWIX
  ECAP5                 00005080   00000020  00000020  00000000  RWIX
  ECAP6                 000050a0   00000020  00000020  00000000  RWIX
  EQEP1                 00005100   00000040  00000022  0000001e  RWIX
  EQEP2                 00005140   00000040  00000022  0000001e  RWIX
  EQEP3                 00005180   00000040  00000022  0000001e  RWIX
  DACA                  00005c00   00000010  00000008  00000008  RWIX
  DACB                  00005c10   00000010  00000008  00000008  RWIX
  DACC                  00005c20   00000010  00000008  00000008  RWIX
  CMPSS1                00005c80   00000020  00000020  00000000  RWIX
  CMPSS2                00005ca0   00000020  00000020  00000000  RWIX
  CMPSS3                00005cc0   00000020  00000020  00000000  RWIX
  CMPSS4                00005ce0   00000020  00000020  00000000  RWIX
  CMPSS5                00005d00   00000020  00000020  00000000  RWIX
  CMPSS6                00005d20   00000020  00000020  00000000  RWIX
  CMPSS7                00005d40   00000020  00000020  00000000  RWIX
  CMPSS8                00005d60   00000020  00000020  00000000  RWIX
  SDFM1                 00005e00   00000080  00000080  00000000  RWIX
  SDFM2                 00005e80   00000080  00000080  00000000  RWIX
  MCBSPA                00006000   00000040  00000024  0000001c  RWIX
  MCBSPB                00006040   00000040  00000024  0000001c  RWIX
  SPIA                  00006100   00000010  00000010  00000000  RWIX
  SPIB                  00006110   00000010  00000010  00000000  RWIX
  SPIC                  00006120   00000010  00000010  00000000  RWIX
  SPID                  00006130   00000010  00000000  00000010  RWIX
  UPP                   00006200   00000100  00000048  000000b8  RWIX
  WD                    00007000   00000040  0000002b  00000015  RWIX
  NMIINTRUPT            00007060   00000010  00000007  00000009  RWIX
  XINT                  00007070   00000010  0000000b  00000005  RWIX
  SCIA                  00007200   00000010  00000010  00000000  RWIX
  SCIB                  00007210   00000010  00000010  00000000  RWIX
  SCIC                  00007220   00000010  00000010  00000000  RWIX
  SCID                  00007230   00000010  00000010  00000000  RWIX
  I2CA                  00007300   00000040  00000022  0000001e  RWIX
  I2CB                  00007340   00000040  00000022  0000001e  RWIX
  ADCA                  00007400   00000080  00000080  00000000  RWIX
  ADCB                  00007480   00000080  00000080  00000000  RWIX
  ADCC                  00007500   00000080  00000080  00000000  RWIX
  ADCD                  00007580   00000080  00000080  00000000  RWIX
  INPUT_XBAR            00007900   00000020  00000020  00000000  RWIX
  XBAR                  00007920   00000020  00000020  00000000  RWIX
  SYNC_SOC              00007940   00000010  00000006  0000000a  RWIX
  DMACLASRCSEL          00007980   00000040  0000001a  00000026  RWIX
  EPWM_XBAR             00007a00   00000040  00000040  00000000  RWIX
  CLB_XBAR              00007a40   00000040  00000000  00000040  RWIX
  OUTPUT_XBAR           00007a80   00000040  00000040  00000000  RWIX
  GPIOCTRL              00007c00   00000180  00000180  00000000  RWIX
  GPIODAT               00007f00   00000030  00000030  00000000  RWIX
  RAMLS5                0000a800   00000800  000004d8  00000328  RWIX
  RAMD1                 0000b800   00000800  00000000  00000800  RWIX
  RAMGS0                0000c000   00001000  00000000  00001000  RWIX
  RAMGS1                0000d000   00001000  00000000  00001000  RWIX
  RAMGS2                0000e000   00001000  00000000  00001000  RWIX
  RAMGS3                0000f000   00001000  00000000  00001000  RWIX
  RAMGS4                00010000   00001000  00000000  00001000  RWIX
  RAMGS5                00011000   00001000  00000000  00001000  RWIX
  RAMGS6                00012000   00001000  00000000  00001000  RWIX
  RAMGS7                00013000   00001000  00000000  00001000  RWIX
  RAMGS8_11             00014000   00004000  00000000  00004000  RWIX
  EMIF1                 00047000   00000800  00000070  00000790  RWIX
  EMIF2                 00047800   00000800  00000070  00000790  RWIX
  CANA                  00048000   00000800  00000164  0000069c  RWIX
  CANA_MSG_RAM          00049000   00000800  00000000  00000800  RWIX
  CANB                  0004a000   00000800  00000164  0000069c  RWIX
  CANB_MSG_RAM          0004b000   00000800  00000000  00000800  RWIX
  FLASHPUMPSEMAPHORE    00050024   00000002  00000002  00000000  RWIX
  DEV_CFG               0005d000   00000180  0000012e  00000052  RWIX
  ANALOG_SUBSYS         0005d180   00000080  00000048  00000038  RWIX
  CLK_CFG               0005d200   00000100  00000032  000000ce  RWIX
  CPU_SYS               0005d300   00000100  00000082  0000007e  RWIX
  ROMPREFETCH           0005e608   00000002  00000002  00000000  RWIX
  DCSM_Z1               0005f000   00000030  00000024  0000000c  RWIX
  DCSM_Z2               0005f040   00000030  00000024  0000000c  RWIX
  DCSM_COMMON           0005f070   00000010  00000008  00000008  RWIX
  MEMCFG                0005f400   00000080  00000080  00000000  RWIX
  EMIF1CONFIG           0005f480   00000020  00000020  00000000  RWIX
  EMIF2CONFIG           0005f4a0   00000020  00000020  00000000  RWIX
  ACCESSPROTECTION      0005f4c0   00000040  00000040  00000000  RWIX
  MEMORYERROR           0005f500   00000040  00000040  00000000  RWIX
  ROMWAITSTATE          0005f540   00000002  00000002  00000000  RWIX
  FLASH0_CTRL           0005f800   00000300  00000182  0000017e  RWIX
  FLASH0_ECC            0005fb00   00000040  00000028  00000018  RWIX
  FLASH1_CTRL           0005fc00   00000300  00000182  0000017e  RWIX
  FLASH1_ECC            0005ff00   00000040  00000028  00000018  RWIX
  DCSM_Z1_OTP           00078000   00000020  00000020  00000000  RWIX
  DCSM_Z2_OTP           00078200   00000020  00000020  00000000  RWIX


SECTION ALLOCATION MAP

 output                                  attributes/
section   page    origin      length       input sections
--------  ----  ----------  ----------   ----------------
codestart 
*          0    00000000    00000002     
                  00000000    00000002     F2837xS_CodeStartBranch.obj (codestart)

.text      0    00000000    00003de3     FAILED TO ALLOCATE
.cinit     0    000801c2    000000e5     
                  000801c2    000000aa     main.obj (.cinit)
                  0008026c    00000021     Config_ePWM.obj (.cinit)
                  0008028d    0000000e     rts2800_fpu32.lib : exit.c.obj (.cinit)
                  0008029b    00000005                       : _lock.c.obj (.cinit:__lock)
                  000802a0    00000005                       : _lock.c.obj (.cinit:__unlock)
                  000802a5    00000002     --HOLE-- [fill = 0]

.pinit     0    00080002    00000000     UNINITIALIZED

.reset     0    003fffc0    00000002     DSECT
                  003fffc0    00000002     rts2800_fpu32.lib : boot28.asm.obj (.reset)

.econst    0    00080002    000001c0     
                  00080002    000001c0     F2837xS_PieVect.obj (.econst:_PieVectTableInit)

.stack     1    00000400    00000400     UNINITIALIZED
                  00000400    00000400     --HOLE--

.ebss      1    0000a800    000004d8     UNINITIALIZED
                  0000a800    00000450     main.obj (.ebss)
                  0000ac50    0000001c     Config_ePWM.obj (.ebss)
                  0000ac6c    00000006     rts2800_fpu32.lib : exit.c.obj (.ebss)
                  0000ac72    00000002                       : _lock.c.obj (.ebss:__lock)
                  0000ac74    00000002                       : _lock.c.obj (.ebss:__unlock)
                  0000ac76    0000000a     --HOLE--
                  0000ac80    00000034     SWPrioritizedDefaultIsr.obj (.ebss)
                  0000acb4    0000000c     --HOLE--
                  0000acc0    00000018     F2837xS_CpuTimers.obj (.ebss)

.TI.ramfunc 
*          0    00000122    00000004     
                  00000122    00000004     F2837xS_usDelay.obj (.TI.ramfunc)

AdcaResultFile 
*          1    00000b00    00000018     UNINITIALIZED
                  00000b00    00000018     F2837xS_GlobalVariableDefs.obj (AdcaResultFile)

AdcbResultFile 
*          1    00000b20    00000018     UNINITIALIZED
                  00000b20    00000018     F2837xS_GlobalVariableDefs.obj (AdcbResultFile)

AdccResultFile 
*          1    00000b40    00000018     UNINITIALIZED
                  00000b40    00000018     F2837xS_GlobalVariableDefs.obj (AdccResultFile)

AdcdResultFile 
*          1    00000b60    00000018     UNINITIALIZED
                  00000b60    00000018     F2837xS_GlobalVariableDefs.obj (AdcdResultFile)

CpuTimer0RegsFile 
*          1    00000c00    00000008     UNINITIALIZED
                  00000c00    00000008     F2837xS_GlobalVariableDefs.obj (CpuTimer0RegsFile)

CpuTimer1RegsFile 
*          1    00000c08    00000008     UNINITIALIZED
                  00000c08    00000008     F2837xS_GlobalVariableDefs.obj (CpuTimer1RegsFile)

CpuTimer2RegsFile 
*          1    00000c10    00000008     UNINITIALIZED
                  00000c10    00000008     F2837xS_GlobalVariableDefs.obj (CpuTimer2RegsFile)

PieCtrlRegsFile 
*          1    00000ce0    0000001a     UNINITIALIZED
                  00000ce0    0000001a     F2837xS_GlobalVariableDefs.obj (PieCtrlRegsFile)

PieVectTableFile 
*          1    00000d00    000001c0     UNINITIALIZED
                  00000d00    000001c0     F2837xS_GlobalVariableDefs.obj (PieVectTableFile)

EmuKeyVar 
*          1    00000d00    00000001     UNINITIALIZED
                  00000d00    00000001     F2837xS_GlobalVariableDefs.obj (EmuKeyVar)

EmuBModeVar 
*          1    00000d01    00000001     UNINITIALIZED
                  00000d01    00000001     F2837xS_GlobalVariableDefs.obj (EmuBModeVar)

FlashCallbackVar 
*          1    00000d02    00000000     UNINITIALIZED

FlashScalingVar 
*          1    00000d02    00000000     UNINITIALIZED

DmaRegsFile 
*          1    00001000    000000e0     UNINITIALIZED
                  00001000    000000e0     F2837xS_GlobalVariableDefs.obj (DmaRegsFile)

Cla1RegsFile 
*          1    00001400    0000003e     UNINITIALIZED
                  00001400    0000003e     F2837xS_GlobalVariableDefs.obj (Cla1RegsFile)

EPwm1RegsFile 
*          1    00004000    00000100     UNINITIALIZED
                  00004000    00000100     F2837xS_GlobalVariableDefs.obj (EPwm1RegsFile)

EPwm2RegsFile 
*          1    00004100    00000100     UNINITIALIZED
                  00004100    00000100     F2837xS_GlobalVariableDefs.obj (EPwm2RegsFile)

EPwm3RegsFile 
*          1    00004200    00000100     UNINITIALIZED
                  00004200    00000100     F2837xS_GlobalVariableDefs.obj (EPwm3RegsFile)

EPwm4RegsFile 
*          1    00004300    00000100     UNINITIALIZED
                  00004300    00000100     F2837xS_GlobalVariableDefs.obj (EPwm4RegsFile)

EPwm5RegsFile 
*          1    00004400    00000100     UNINITIALIZED
                  00004400    00000100     F2837xS_GlobalVariableDefs.obj (EPwm5RegsFile)

EPwm6RegsFile 
*          1    00004500    00000100     UNINITIALIZED
                  00004500    00000100     F2837xS_GlobalVariableDefs.obj (EPwm6RegsFile)

EPwm7RegsFile 
*          1    00004600    00000100     UNINITIALIZED
                  00004600    00000100     F2837xS_GlobalVariableDefs.obj (EPwm7RegsFile)

EPwm8RegsFile 
*          1    00004700    00000100     UNINITIALIZED
                  00004700    00000100     F2837xS_GlobalVariableDefs.obj (EPwm8RegsFile)

EPwm9RegsFile 
*          1    00004800    00000100     UNINITIALIZED
                  00004800    00000100     F2837xS_GlobalVariableDefs.obj (EPwm9RegsFile)

EPwm10RegsFile 
*          1    00004900    00000100     UNINITIALIZED
                  00004900    00000100     F2837xS_GlobalVariableDefs.obj (EPwm10RegsFile)

EPwm11RegsFile 
*          1    00004a00    00000100     UNINITIALIZED
                  00004a00    00000100     F2837xS_GlobalVariableDefs.obj (EPwm11RegsFile)

EPwm12RegsFile 
*          1    00004b00    00000100     UNINITIALIZED
                  00004b00    00000100     F2837xS_GlobalVariableDefs.obj (EPwm12RegsFile)

ECap1RegsFile 
*          1    00005000    00000020     UNINITIALIZED
                  00005000    00000020     F2837xS_GlobalVariableDefs.obj (ECap1RegsFile)

ECap2RegsFile 
*          1    00005020    00000020     UNINITIALIZED
                  00005020    00000020     F2837xS_GlobalVariableDefs.obj (ECap2RegsFile)

ECap3RegsFile 
*          1    00005040    00000020     UNINITIALIZED
                  00005040    00000020     F2837xS_GlobalVariableDefs.obj (ECap3RegsFile)

ECap4RegsFile 
*          1    00005060    00000020     UNINITIALIZED
                  00005060    00000020     F2837xS_GlobalVariableDefs.obj (ECap4RegsFile)

ECap5RegsFile 
*          1    00005080    00000020     UNINITIALIZED
                  00005080    00000020     F2837xS_GlobalVariableDefs.obj (ECap5RegsFile)

ECap6RegsFile 
*          1    000050a0    00000020     UNINITIALIZED
                  000050a0    00000020     F2837xS_GlobalVariableDefs.obj (ECap6RegsFile)

EQep1RegsFile 
*          1    00005100    00000022     UNINITIALIZED
                  00005100    00000022     F2837xS_GlobalVariableDefs.obj (EQep1RegsFile)

EQep2RegsFile 
*          1    00005140    00000022     UNINITIALIZED
                  00005140    00000022     F2837xS_GlobalVariableDefs.obj (EQep2RegsFile)

EQep3RegsFile 
*          1    00005180    00000022     UNINITIALIZED
                  00005180    00000022     F2837xS_GlobalVariableDefs.obj (EQep3RegsFile)

DacaRegsFile 
*          1    00005c00    00000008     UNINITIALIZED
                  00005c00    00000008     F2837xS_GlobalVariableDefs.obj (DacaRegsFile)

DacbRegsFile 
*          1    00005c10    00000008     UNINITIALIZED
                  00005c10    00000008     F2837xS_GlobalVariableDefs.obj (DacbRegsFile)

DaccRegsFile 
*          1    00005c20    00000008     UNINITIALIZED
                  00005c20    00000008     F2837xS_GlobalVariableDefs.obj (DaccRegsFile)

Sdfm1RegsFile 
*          1    00005e00    00000080     UNINITIALIZED
                  00005e00    00000080     F2837xS_GlobalVariableDefs.obj (Sdfm1RegsFile)

Sdfm2RegsFile 
*          1    00005e80    00000080     UNINITIALIZED
                  00005e80    00000080     F2837xS_GlobalVariableDefs.obj (Sdfm2RegsFile)

McbspaRegsFile 
*          1    00006000    00000024     UNINITIALIZED
                  00006000    00000024     F2837xS_GlobalVariableDefs.obj (McbspaRegsFile)

McbspbRegsFile 
*          1    00006040    00000024     UNINITIALIZED
                  00006040    00000024     F2837xS_GlobalVariableDefs.obj (McbspbRegsFile)

SpiaRegsFile 
*          1    00006100    00000010     UNINITIALIZED
                  00006100    00000010     F2837xS_GlobalVariableDefs.obj (SpiaRegsFile)

SpibRegsFile 
*          1    00006110    00000010     UNINITIALIZED
                  00006110    00000010     F2837xS_GlobalVariableDefs.obj (SpibRegsFile)

SpicRegsFile 
*          1    00006120    00000010     UNINITIALIZED
                  00006120    00000010     F2837xS_GlobalVariableDefs.obj (SpicRegsFile)

UppRegsFile 
*          1    00006200    00000048     UNINITIALIZED
                  00006200    00000048     F2837xS_GlobalVariableDefs.obj (UppRegsFile)

WdRegsFile 
*          1    00007000    0000002b     UNINITIALIZED
                  00007000    0000002b     F2837xS_GlobalVariableDefs.obj (WdRegsFile)

NmiIntruptRegsFile 
*          1    00007060    00000007     UNINITIALIZED
                  00007060    00000007     F2837xS_GlobalVariableDefs.obj (NmiIntruptRegsFile)

XintRegsFile 
*          1    00007070    0000000b     UNINITIALIZED
                  00007070    0000000b     F2837xS_GlobalVariableDefs.obj (XintRegsFile)

SciaRegsFile 
*          1    00007200    00000010     UNINITIALIZED
                  00007200    00000010     F2837xS_GlobalVariableDefs.obj (SciaRegsFile)

ScibRegsFile 
*          1    00007210    00000010     UNINITIALIZED
                  00007210    00000010     F2837xS_GlobalVariableDefs.obj (ScibRegsFile)

ScicRegsFile 
*          1    00007220    00000010     UNINITIALIZED
                  00007220    00000010     F2837xS_GlobalVariableDefs.obj (ScicRegsFile)

ScidRegsFile 
*          1    00007230    00000010     UNINITIALIZED
                  00007230    00000010     F2837xS_GlobalVariableDefs.obj (ScidRegsFile)

I2caRegsFile 
*          1    00007300    00000022     UNINITIALIZED
                  00007300    00000022     F2837xS_GlobalVariableDefs.obj (I2caRegsFile)

I2cbRegsFile 
*          1    00007340    00000022     UNINITIALIZED
                  00007340    00000022     F2837xS_GlobalVariableDefs.obj (I2cbRegsFile)

AdcaRegsFile 
*          1    00007400    00000080     UNINITIALIZED
                  00007400    00000080     F2837xS_GlobalVariableDefs.obj (AdcaRegsFile)

AdcbRegsFile 
*          1    00007480    00000080     UNINITIALIZED
                  00007480    00000080     F2837xS_GlobalVariableDefs.obj (AdcbRegsFile)

AdccRegsFile 
*          1    00007500    00000080     UNINITIALIZED
                  00007500    00000080     F2837xS_GlobalVariableDefs.obj (AdccRegsFile)

AdcdRegsFile 
*          1    00007580    00000080     UNINITIALIZED
                  00007580    00000080     F2837xS_GlobalVariableDefs.obj (AdcdRegsFile)

InputXbarRegsFile 
*          1    00007900    00000020     UNINITIALIZED
                  00007900    00000020     F2837xS_GlobalVariableDefs.obj (InputXbarRegsFile)

XbarRegsFile 
*          1    00007920    00000020     UNINITIALIZED
                  00007920    00000020     F2837xS_GlobalVariableDefs.obj (XbarRegsFile)

SyncSocRegsFile 
*          1    00007940    00000006     UNINITIALIZED
                  00007940    00000006     F2837xS_GlobalVariableDefs.obj (SyncSocRegsFile)

DmaClaSrcSelRegsFile 
*          1    00007980    0000001a     UNINITIALIZED
                  00007980    0000001a     F2837xS_GlobalVariableDefs.obj (DmaClaSrcSelRegsFile)

EPwmXbarRegsFile 
*          1    00007a00    00000040     UNINITIALIZED
                  00007a00    00000040     F2837xS_GlobalVariableDefs.obj (EPwmXbarRegsFile)

OutputXbarRegsFile 
*          1    00007a80    00000040     UNINITIALIZED
                  00007a80    00000040     F2837xS_GlobalVariableDefs.obj (OutputXbarRegsFile)

GpioCtrlRegsFile 
*          1    00007c00    00000180     UNINITIALIZED
                  00007c00    00000180     F2837xS_GlobalVariableDefs.obj (GpioCtrlRegsFile)

GpioDataRegsFile 
*          1    00007f00    00000030     UNINITIALIZED
                  00007f00    00000030     F2837xS_GlobalVariableDefs.obj (GpioDataRegsFile)

Emif1RegsFile 
*          1    00047000    00000070     UNINITIALIZED
                  00047000    00000070     F2837xS_GlobalVariableDefs.obj (Emif1RegsFile)

Emif2RegsFile 
*          1    00047800    00000070     UNINITIALIZED
                  00047800    00000070     F2837xS_GlobalVariableDefs.obj (Emif2RegsFile)

CanaRegsFile 
*          1    00048000    00000164     UNINITIALIZED
                  00048000    00000164     F2837xS_GlobalVariableDefs.obj (CanaRegsFile)

CanbRegsFile 
*          1    0004a000    00000164     UNINITIALIZED
                  0004a000    00000164     F2837xS_GlobalVariableDefs.obj (CanbRegsFile)

FlashPumpSemaphoreRegsFile 
*          1    00050024    00000002     UNINITIALIZED
                  00050024    00000002     F2837xS_GlobalVariableDefs.obj (FlashPumpSemaphoreRegsFile)

AnalogSubsysRegsFile 
*          1    0005d180    00000048     UNINITIALIZED
                  0005d180    00000048     F2837xS_GlobalVariableDefs.obj (AnalogSubsysRegsFile)

Cla1SoftIntRegsFile 
*          1    00000ce0    00000004     DSECT
                  00000ce0    00000004     F2837xS_GlobalVariableDefs.obj (Cla1SoftIntRegsFile)

Cmpss1RegsFile 
*          1    00005c80    00000020     UNINITIALIZED
                  00005c80    00000020     F2837xS_GlobalVariableDefs.obj (Cmpss1RegsFile)

Cmpss2RegsFile 
*          1    00005ca0    00000020     UNINITIALIZED
                  00005ca0    00000020     F2837xS_GlobalVariableDefs.obj (Cmpss2RegsFile)

Cmpss3RegsFile 
*          1    00005cc0    00000020     UNINITIALIZED
                  00005cc0    00000020     F2837xS_GlobalVariableDefs.obj (Cmpss3RegsFile)

Cmpss4RegsFile 
*          1    00005ce0    00000020     UNINITIALIZED
                  00005ce0    00000020     F2837xS_GlobalVariableDefs.obj (Cmpss4RegsFile)

Cmpss5RegsFile 
*          1    00005d00    00000020     UNINITIALIZED
                  00005d00    00000020     F2837xS_GlobalVariableDefs.obj (Cmpss5RegsFile)

Cmpss6RegsFile 
*          1    00005d20    00000020     UNINITIALIZED
                  00005d20    00000020     F2837xS_GlobalVariableDefs.obj (Cmpss6RegsFile)

Cmpss7RegsFile 
*          1    00005d40    00000020     UNINITIALIZED
                  00005d40    00000020     F2837xS_GlobalVariableDefs.obj (Cmpss7RegsFile)

Cmpss8RegsFile 
*          1    00005d60    00000020     UNINITIALIZED
                  00005d60    00000020     F2837xS_GlobalVariableDefs.obj (Cmpss8RegsFile)

RomPrefetchRegsFile 
*          1    0005e608    00000002     UNINITIALIZED
                  0005e608    00000002     F2837xS_GlobalVariableDefs.obj (RomPrefetchRegsFile)

DcsmZ1RegsFile 
*          1    0005f000    00000024     UNINITIALIZED
                  0005f000    00000024     F2837xS_GlobalVariableDefs.obj (DcsmZ1RegsFile)

DcsmZ2RegsFile 
*          1    0005f040    00000024     UNINITIALIZED
                  0005f040    00000024     F2837xS_GlobalVariableDefs.obj (DcsmZ2RegsFile)

DcsmCommonRegsFile 
*          1    0005f070    00000008     UNINITIALIZED
                  0005f070    00000008     F2837xS_GlobalVariableDefs.obj (DcsmCommonRegsFile)

MemCfgRegsFile 
*          1    0005f400    00000080     UNINITIALIZED
                  0005f400    00000080     F2837xS_GlobalVariableDefs.obj (MemCfgRegsFile)

Emif1ConfigRegsFile 
*          1    0005f480    00000020     UNINITIALIZED
                  0005f480    00000020     F2837xS_GlobalVariableDefs.obj (Emif1ConfigRegsFile)

Emif2ConfigRegsFile 
*          1    0005f4a0    00000020     UNINITIALIZED
                  0005f4a0    00000020     F2837xS_GlobalVariableDefs.obj (Emif2ConfigRegsFile)

AccessProtectionRegsFile 
*          1    0005f4c0    00000040     UNINITIALIZED
                  0005f4c0    00000040     F2837xS_GlobalVariableDefs.obj (AccessProtectionRegsFile)

MemoryErrorRegsFile 
*          1    0005f500    00000040     UNINITIALIZED
                  0005f500    00000040     F2837xS_GlobalVariableDefs.obj (MemoryErrorRegsFile)

RomWaitStateRegsFile 
*          1    0005f540    00000002     UNINITIALIZED
                  0005f540    00000002     F2837xS_GlobalVariableDefs.obj (RomWaitStateRegsFile)

Flash0CtrlRegsFile 
*          1    0005f800    00000182     UNINITIALIZED
                  0005f800    00000182     F2837xS_GlobalVariableDefs.obj (Flash0CtrlRegsFile)

Flash0EccRegsFile 
*          1    0005fb00    00000028     UNINITIALIZED
                  0005fb00    00000028     F2837xS_GlobalVariableDefs.obj (Flash0EccRegsFile)

Flash1CtrlRegsFile 
*          1    0005fc00    00000182     UNINITIALIZED
                  0005fc00    00000182     F2837xS_GlobalVariableDefs.obj (Flash1CtrlRegsFile)

Flash1EccRegsFile 
*          1    0005ff00    00000028     UNINITIALIZED
                  0005ff00    00000028     F2837xS_GlobalVariableDefs.obj (Flash1EccRegsFile)

DcsmZ1OtpFile 
*          1    00078000    00000020     NOLOAD SECTION
                  00078000    00000020     F2837xS_GlobalVariableDefs.obj (DcsmZ1OtpFile)

DcsmZ2OtpFile 
*          1    00078200    00000020     NOLOAD SECTION
                  00078200    00000020     F2837xS_GlobalVariableDefs.obj (DcsmZ2OtpFile)

DevCfgRegsFile 
*          1    0005d000    0000012e     UNINITIALIZED
                  0005d000    0000012e     F2837xS_GlobalVariableDefs.obj (DevCfgRegsFile)

ClkCfgRegsFile 
*          1    0005d200    00000032     UNINITIALIZED
                  0005d200    00000032     F2837xS_GlobalVariableDefs.obj (ClkCfgRegsFile)

CpuSysRegsFile 
*          1    0005d300    00000082     UNINITIALIZED
                  0005d300    00000082     F2837xS_GlobalVariableDefs.obj (CpuSysRegsFile)

MODULE SUMMARY

       Module                           code   initialized data   uninitialized data
       ------                           ----   ----------------   ------------------
    .\Source\
       main.obj                         0      170                1104              
       Config_ePWM.obj                  0      33                 28                
    +--+--------------------------------+------+------------------+--------------------+
       Total:                           0      203                1132              
                                                                                    
    .\Source\F2837xS_v210\
       F2837xS_GlobalVariableDefs.obj   0      0                  9149              
       F2837xS_PieVect.obj              0      448                0                 
       SWPrioritizedDefaultIsr.obj      0      0                  52                
       F2837xS_CpuTimers.obj            0      0                  24                
       F2837xS_usDelay.obj              4      0                  0                 
       F2837xS_CodeStartBranch.obj      2      0                  0                 
    +--+--------------------------------+------+------------------+--------------------+
       Total:                           6      448                9225              
                                                                                    
    C:\ti\ccsv8\tools\compiler\ti-cgt-c2000_18.1.1.LTS\lib\rts2800_fpu32.lib
       exit.c.obj                       0      14                 6                 
       _lock.c.obj                      0      10                 4                 
    +--+--------------------------------+------+------------------+--------------------+
       Total:                           0      24                 10                
                                                                                    
       Stack:                           0      0                  1024              
    +--+--------------------------------+------+------------------+--------------------+
       Grand Total:                     6      675                11391             


GLOBAL DATA SYMBOLS: SORTED BY DATA PAGE

address     data page           name
--------    ----------------    ----
00000400      10 (00000400)     __stack

00000b00      2c (00000b00)     _AdcaResultRegs
00000b20      2c (00000b00)     _AdcbResultRegs

00000b40      2d (00000b40)     _AdccResultRegs
00000b60      2d (00000b40)     _AdcdResultRegs

00000c00      30 (00000c00)     _CpuTimer0Regs
00000c08      30 (00000c00)     _CpuTimer1Regs
00000c10      30 (00000c00)     _CpuTimer2Regs

00000ce0      33 (00000cc0)     _Cla1SoftIntRegs
00000ce0      33 (00000cc0)     _PieCtrlRegs

00000d00      34 (00000d00)     _EmuKey
00000d00      34 (00000d00)     _PieVectTable
00000d01      34 (00000d00)     _EmuBMode

00001000      40 (00001000)     _DmaRegs

00001400      50 (00001400)     _Cla1Regs

00004000     100 (00004000)     _EPwm1Regs

00004100     104 (00004100)     _EPwm2Regs

00004200     108 (00004200)     _EPwm3Regs

00004300     10c (00004300)     _EPwm4Regs

00004400     110 (00004400)     _EPwm5Regs

00004500     114 (00004500)     _EPwm6Regs

00004600     118 (00004600)     _EPwm7Regs

00004700     11c (00004700)     _EPwm8Regs

00004800     120 (00004800)     _EPwm9Regs

00004900     124 (00004900)     _EPwm10Regs

00004a00     128 (00004a00)     _EPwm11Regs

00004b00     12c (00004b00)     _EPwm12Regs

00005000     140 (00005000)     _ECap1Regs
00005020     140 (00005000)     _ECap2Regs

00005040     141 (00005040)     _ECap3Regs
00005060     141 (00005040)     _ECap4Regs

00005080     142 (00005080)     _ECap5Regs
000050a0     142 (00005080)     _ECap6Regs

00005100     144 (00005100)     _EQep1Regs

00005140     145 (00005140)     _EQep2Regs

00005180     146 (00005180)     _EQep3Regs

00005c00     170 (00005c00)     _DacaRegs
00005c10     170 (00005c00)     _DacbRegs
00005c20     170 (00005c00)     _DaccRegs

00005c80     172 (00005c80)     _Cmpss1Regs
00005ca0     172 (00005c80)     _Cmpss2Regs

00005cc0     173 (00005cc0)     _Cmpss3Regs
00005ce0     173 (00005cc0)     _Cmpss4Regs

00005d00     174 (00005d00)     _Cmpss5Regs
00005d20     174 (00005d00)     _Cmpss6Regs

00005d40     175 (00005d40)     _Cmpss7Regs
00005d60     175 (00005d40)     _Cmpss8Regs

00005e00     178 (00005e00)     _Sdfm1Regs

00005e80     17a (00005e80)     _Sdfm2Regs

00006000     180 (00006000)     _McbspaRegs

00006040     181 (00006040)     _McbspbRegs

00006100     184 (00006100)     _SpiaRegs
00006110     184 (00006100)     _SpibRegs
00006120     184 (00006100)     _SpicRegs

00006200     188 (00006200)     _UppRegs

00007000     1c0 (00007000)     _WdRegs

00007060     1c1 (00007040)     _NmiIntruptRegs
00007070     1c1 (00007040)     _XintRegs

00007200     1c8 (00007200)     _SciaRegs
00007210     1c8 (00007200)     _ScibRegs
00007220     1c8 (00007200)     _ScicRegs
00007230     1c8 (00007200)     _ScidRegs

00007300     1cc (00007300)     _I2caRegs

00007340     1cd (00007340)     _I2cbRegs

00007400     1d0 (00007400)     _AdcaRegs

00007480     1d2 (00007480)     _AdcbRegs

00007500     1d4 (00007500)     _AdccRegs

00007580     1d6 (00007580)     _AdcdRegs

00007900     1e4 (00007900)     _InputXbarRegs
00007920     1e4 (00007900)     _XbarRegs

00007940     1e5 (00007940)     _SyncSocRegs

00007980     1e6 (00007980)     _DmaClaSrcSelRegs

00007a00     1e8 (00007a00)     _EPwmXbarRegs

00007a80     1ea (00007a80)     _OutputXbarRegs

00007c00     1f0 (00007c00)     _GpioCtrlRegs

00007f00     1fc (00007f00)     _GpioDataRegs

0000a800     2a0 (0000a800)     _operationMode
0000a801     2a0 (0000a800)     _adcWaitingCNT_B
0000a802     2a0 (0000a800)     _adcWaitingCNT_C
0000a803     2a0 (0000a800)     _gp_sel
0000a804     2a0 (0000a800)     _gpindex
0000a805     2a0 (0000a800)     _SensingPointIL78
0000a806     2a0 (0000a800)     _adc_cal_step
0000a807     2a0 (0000a800)     _SensingPointIL34
0000a808     2a0 (0000a800)     _SensingPointIL56
0000a809     2a0 (0000a800)     _SensingPointIL12
0000a80a     2a0 (0000a800)     _goRUN
0000a80b     2a0 (0000a800)     _PWM_off
0000a80c     2a0 (0000a800)     _cntReset
0000a80d     2a0 (0000a800)     _resetFault
0000a80e     2a0 (0000a800)     _adc_cal_index
0000a80f     2a0 (0000a800)     _adcWaitingCNT_D
0000a810     2a0 (0000a800)     _cntTrip
0000a812     2a0 (0000a800)     _openDuty
0000a814     2a0 (0000a800)     _Dff
0000a816     2a0 (0000a800)     _OVP
0000a818     2a0 (0000a800)     _OCP
0000a81a     2a0 (0000a800)     _IL1_sen
0000a81c     2a0 (0000a800)     _Vin1_sen
0000a81e     2a0 (0000a800)     _IL8_sen
0000a820     2a0 (0000a800)     _Vout1_sen
0000a822     2a0 (0000a800)     _Vout2_sen
0000a824     2a0 (0000a800)     _Vin2_sen
0000a826     2a0 (0000a800)     _Delta_Duty
0000a828     2a0 (0000a800)     _IL3_sen
0000a82a     2a0 (0000a800)     _IL2_sen
0000a82c     2a0 (0000a800)     _IL4_sen
0000a82e     2a0 (0000a800)     _IL6_sen
0000a830     2a0 (0000a800)     _IL5_sen
0000a832     2a0 (0000a800)     _IL7_sen
0000a834     2a0 (0000a800)     _tempAdcCnt
0000a836     2a0 (0000a800)     _Vin
0000a838     2a0 (0000a800)     _checkFault
0000a83a     2a0 (0000a800)     _adcIsrCnt
0000a83c     2a0 (0000a800)     _TempCoeff4
0000a83e     2a0 (0000a800)     _IL_MAX

0000a840     2a1 (0000a840)     _TempCoeff2
0000a842     2a1 (0000a840)     _TempCoeff3
0000a844     2a1 (0000a840)     _TempCoeff1
0000a846     2a1 (0000a840)     _Duty_Startup
0000a848     2a1 (0000a840)     _TempCoeff0
0000a84a     2a1 (0000a840)     _Vout
0000a84c     2a1 (0000a840)     _scaleVout
0000a84e     2a1 (0000a840)     _scaleVin
0000a850     2a1 (0000a840)     _scaleI
0000a852     2a1 (0000a840)     _loopCnt
0000a854     2a1 (0000a840)     _CmdVout
0000a856     2a1 (0000a840)     _Vref
0000a858     2a1 (0000a840)     _Delta_Vref
0000a85a     2a1 (0000a840)     _PIconout
0000a85c     2a1 (0000a840)     _VinAdc
0000a860     2a1 (0000a840)     _VoutAdc
0000a864     2a1 (0000a840)     _ADC_B
0000a868     2a1 (0000a840)     _zDff
0000a86c     2a1 (0000a840)     _ADC_C
0000a870     2a1 (0000a840)     _Iref
0000a874     2a1 (0000a840)     _ADC_D
0000a879     2a1 (0000a840)     _ADC_A

0000a880     2a2 (0000a880)     _coefLPF_Isen
0000a888     2a2 (0000a880)     _kI
0000a890     2a2 (0000a880)     _kV
0000a898     2a2 (0000a880)     _adc_offset
0000a8a0     2a2 (0000a880)     _coefLPF_Vsen
0000a8a8     2a2 (0000a880)     _eV
0000a8b0     2a2 (0000a880)     _coefLPF_Dff

0000a8c0     2a3 (0000a8c0)     _openDutyIndividual
0000a8d0     2a3 (0000a8c0)     _Duty
0000a8e0     2a3 (0000a8c0)     _zVsen
0000a8f0     2a3 (0000a8c0)     _IL

0000a900     2a4 (0000a900)     _Temp_SW
0000a910     2a4 (0000a900)     _adc_sum
0000a920     2a4 (0000a900)     _Dhat

0000a940     2a5 (0000a940)     _ADC
0000a954     2a5 (0000a940)     _zIL

0000a980     2a6 (0000a980)     _eI

0000a9c0     2a7 (0000a9c0)     _graph_uint

0000aac0     2ab (0000aac0)     _graph

0000ac50     2b1 (0000ac40)     _storeTZINTch
0000ac52     2b1 (0000ac40)     _ePWM_Regs
0000ac6c     2b1 (0000ac40)     ___TI_enable_exit_profile_output
0000ac6e     2b1 (0000ac40)     ___TI_cleanup_ptr
0000ac70     2b1 (0000ac40)     ___TI_dtors_ptr
0000ac72     2b1 (0000ac40)     __lock
0000ac74     2b1 (0000ac40)     __unlock

0000ac80     2b2 (0000ac80)     _ISRTraceIndex
0000ac81     2b2 (0000ac80)     _i
0000ac82     2b2 (0000ac80)     _ISRTrace

0000acc0     2b3 (0000acc0)     _CpuTimer1
0000acc8     2b3 (0000acc0)     _CpuTimer2
0000acd0     2b3 (0000acc0)     _CpuTimer0

00047000    11c0 (00047000)     _Emif1Regs

00047800    11e0 (00047800)     _Emif2Regs

00048000    1200 (00048000)     _CanaRegs

0004a000    1280 (0004a000)     _CanbRegs

00050024    1400 (00050000)     _FlashPumpSemaphoreRegs

0005d000    1740 (0005d000)     _DevCfgRegs

0005d180    1746 (0005d180)     _AnalogSubsysRegs

0005d200    1748 (0005d200)     _ClkCfgRegs

0005d300    174c (0005d300)     _CpuSysRegs

0005e608    1798 (0005e600)     _RomPrefetchRegs

0005f000    17c0 (0005f000)     _DcsmZ1Regs

0005f040    17c1 (0005f040)     _DcsmZ2Regs
0005f070    17c1 (0005f040)     _DcsmCommonRegs

0005f400    17d0 (0005f400)     _MemCfgRegs

0005f480    17d2 (0005f480)     _Emif1ConfigRegs
0005f4a0    17d2 (0005f480)     _Emif2ConfigRegs

0005f4c0    17d3 (0005f4c0)     _AccessProtectionRegs

0005f500    17d4 (0005f500)     _MemoryErrorRegs

0005f540    17d5 (0005f540)     _RomWaitStateRegs

0005f800    17e0 (0005f800)     _Flash0CtrlRegs

0005fb00    17ec (0005fb00)     _Flash0EccRegs

0005fc00    17f0 (0005fc00)     _Flash1CtrlRegs

0005ff00    17fc (0005ff00)     _Flash1EccRegs

00078000    1e00 (00078000)     _DcsmZ1Otp

00078200    1e08 (00078200)     _DcsmZ2Otp

00080002    2000 (00080000)     _PieVectTableInit


GLOBAL SYMBOLS: SORTED ALPHABETICALLY BY Name 

page  address   name                                  
----  -------   ----                                  
0     00000000  .text                                 
0     00003d02  C$$EXIT                               
0     00003ba8  FS$$DIV                               
1     0000a940  _ADC                                  
0     000000d9  _ADCA1_ISR                            
0     00001449  _ADCA2_ISR                            
0     00001483  _ADCA3_ISR                            
0     000014b1  _ADCA4_ISR                            
0     0000140f  _ADCA_EVT_ISR                         
0     00000113  _ADCB1_ISR                            
0     00001519  _ADCB2_ISR                            
0     00001553  _ADCB3_ISR                            
0     0000158d  _ADCB4_ISR                            
0     000014df  _ADCB_EVT_ISR                         
0     0000014d  _ADCC1_ISR                            
0     00001601  _ADCC2_ISR                            
0     0000163b  _ADCC3_ISR                            
0     00001675  _ADCC4_ISR                            
0     000015c7  _ADCC_EVT_ISR                         
0     000001ef  _ADCD1_ISR                            
0     000016e9  _ADCD2_ISR                            
0     00001723  _ADCD3_ISR                            
0     0000175d  _ADCD4_ISR                            
0     000016af  _ADCD_EVT_ISR                         
1     0000a879  _ADC_A                                
1     0000a864  _ADC_B                                
1     0000a86c  _ADC_C                                
1     0000a874  _ADC_D                                
0     00001bcd  _AUX_PLL_SLIP_ISR                     
1     0005f4c0  _AccessProtectionRegs                 
1     00007400  _AdcaRegs                             
1     00000b00  _AdcaResultRegs                       
1     00007480  _AdcbRegs                             
1     00000b20  _AdcbResultRegs                       
1     00007500  _AdccRegs                             
1     00000b40  _AdccResultRegs                       
1     00007580  _AdcdRegs                             
1     00000b60  _AdcdResultRegs                       
1     0005d180  _AnalogSubsysRegs                     
0     000030c3  _AuxAuxClkSel                         
0     000030ad  _AuxIntOsc2Sel                        
0     000030b7  _AuxXtalOscSel                        
0     000012ed  _CANA0_ISR                            
0     00001327  _CANA1_ISR                            
0     00001361  _CANB0_ISR                            
0     0000139b  _CANB1_ISR                            
0     00001797  _CLA1_1_ISR                           
0     000017d1  _CLA1_2_ISR                           
0     0000180b  _CLA1_3_ISR                           
0     00001839  _CLA1_4_ISR                           
0     00001867  _CLA1_5_ISR                           
0     000018a1  _CLA1_6_ISR                           
0     000018db  _CLA1_7_ISR                           
0     00001915  _CLA1_8_ISR                           
0     00001c07  _CLA_OVERFLOW_ISR                     
0     00001c41  _CLA_UNDERFLOW_ISR                    
0     00000aff  _CLB1_ISR                             
0     00000b39  _CLB2_ISR                             
0     00000b73  _CLB3_ISR                             
0     00000bad  _CLB4_ISR                             
1     00048000  _CanaRegs                             
1     0004a000  _CanbRegs                             
1     00001400  _Cla1Regs                             
0     00000ce0  _Cla1SoftIntRegs                      
1     0005d200  _ClkCfgRegs                           
1     0000a854  _CmdVout                              
1     00005c80  _Cmpss1Regs                           
1     00005ca0  _Cmpss2Regs                           
1     00005cc0  _Cmpss3Regs                           
1     00005ce0  _Cmpss4Regs                           
1     00005d00  _Cmpss5Regs                           
1     00005d20  _Cmpss6Regs                           
1     00005d40  _Cmpss7Regs                           
1     00005d60  _Cmpss8Regs                           
0     00003c71  _ConfigCpuTimer                       
1     0005d300  _CpuSysRegs                           
1     0000acd0  _CpuTimer0                            
1     00000c00  _CpuTimer0Regs                        
1     0000acc0  _CpuTimer1                            
1     00000c08  _CpuTimer1Regs                        
1     0000acc8  _CpuTimer2                            
1     00000c10  _CpuTimer2Regs                        
0     0000306c  _CsmUnlock                            
0     0000001a  _DATALOG_ISR                          
0     00000e9f  _DMA_CH1_ISR                          
0     00000ed9  _DMA_CH2_ISR                          
0     00000f13  _DMA_CH3_ISR                          
0     00000f4d  _DMA_CH4_ISR                          
0     00000f87  _DMA_CH5_ISR                          
0     00000fc1  _DMA_CH6_ISR                          
1     00005c00  _DacaRegs                             
1     00005c10  _DacbRegs                             
1     00005c20  _DaccRegs                             
1     0005f070  _DcsmCommonRegs                       
1     00078000  _DcsmZ1Otp                            
1     0005f000  _DcsmZ1Regs                           
1     00078200  _DcsmZ2Otp                            
1     0005f040  _DcsmZ2Regs                           
1     0000a826  _Delta_Duty                           
1     0000a858  _Delta_Vref                           
1     0005d000  _DevCfgRegs                           
1     0000a814  _Dff                                  
1     0000a920  _Dhat                                 
0     00002ed0  _DisableDog                           
0     00002e82  _DisablePeripheralClocks              
1     00007980  _DmaClaSrcSelRegs                     
1     00001000  _DmaRegs                              
1     0000a8d0  _Duty                                 
1     0000a846  _Duty_Startup                         
0     000008f5  _ECAP1_ISR                            
0     0000092f  _ECAP2_ISR                            
0     00000969  _ECAP3_ISR                            
0     000009a3  _ECAP4_ISR                            
0     000009dd  _ECAP5_ISR                            
0     00000a17  _ECAP6_ISR                            
1     00005000  _ECap1Regs                            
1     00005020  _ECap2Regs                            
1     00005040  _ECap3Regs                            
1     00005060  _ECap4Regs                            
1     00005080  _ECap5Regs                            
1     000050a0  _ECap6Regs                            
0     00001aab  _EMIF_ERROR_ISR                       
0     00000034  _EMU_ISR                              
0     00000847  _EPWM10_ISR                           
0     0000058f  _EPWM10_TZ_ISR                        
0     00000881  _EPWM11_ISR                           
0     000005c9  _EPWM11_TZ_ISR                        
0     000008bb  _EPWM12_ISR                           
0     00000603  _EPWM12_TZ_ISR                        
0     0000063d  _EPWM1_ISR                            
0     00000385  _EPWM1_TZ_ISR                         
0     00000677  _EPWM2_ISR                            
0     000003bf  _EPWM2_TZ_ISR                         
0     000006b1  _EPWM3_ISR                            
0     000003f9  _EPWM3_TZ_ISR                         
0     000006eb  _EPWM4_ISR                            
0     00000433  _EPWM4_TZ_ISR                         
0     00000725  _EPWM5_ISR                            
0     0000046d  _EPWM5_TZ_ISR                         
0     0000075f  _EPWM6_ISR                            
0     000004a7  _EPWM6_TZ_ISR                         
0     00000799  _EPWM7_ISR                            
0     000004e1  _EPWM7_TZ_ISR                         
0     000007d3  _EPWM8_ISR                            
0     0000051b  _EPWM8_TZ_ISR                         
0     0000080d  _EPWM9_ISR                            
0     00000555  _EPWM9_TZ_ISR                         
1     00004900  _EPwm10Regs                           
1     00004a00  _EPwm11Regs                           
1     00004b00  _EPwm12Regs                           
1     00004000  _EPwm1Regs                            
1     00004100  _EPwm2Regs                            
1     00004200  _EPwm3Regs                            
1     00004300  _EPwm4Regs                            
1     00004400  _EPwm5Regs                            
1     00004500  _EPwm6Regs                            
1     00004600  _EPwm7Regs                            
1     00004700  _EPwm8Regs                            
1     00004800  _EPwm9Regs                            
1     00007a00  _EPwmXbarRegs                         
0     00000a51  _EQEP1_ISR                            
0     00000a8b  _EQEP2_ISR                            
0     00000ac5  _EQEP3_ISR                            
1     00005100  _EQep1Regs                            
1     00005140  _EQep2Regs                            
1     00005180  _EQep3Regs                            
1     0005f480  _Emif1ConfigRegs                      
1     00047000  _Emif1Regs                            
1     0005f4a0  _Emif2ConfigRegs                      
1     00047800  _Emif2Regs                            
1     00000d01  _EmuBMode                             
1     00000d00  _EmuKey                               
0     00003d4a  _EnableInterrupts                     
0     00000122  _F28x_usDelay                         
0     00001b1f  _FLASH_CORRECTABLE_ERROR_ISR          
0     00001a37  _FPU_OVERFLOW_ISR                     
0     00001a71  _FPU_UNDERFLOW_ISR                    
1     0005f800  _Flash0CtrlRegs                       
1     0005fb00  _Flash0EccRegs                        
1     0005fc00  _Flash1CtrlRegs                       
1     0005ff00  _Flash1EccRegs                        
1     00050024  _FlashPumpSemaphoreRegs               
0     00003591  _GPIO_EnableUnbondedIOPullups         
0     0000356c  _GPIO_EnableUnbondedIOPullupsFor100Pin
0     00003553  _GPIO_EnableUnbondedIOPullupsFor176Pin
0     000035a7  _GPIO_ReadPin                         
0     000034f8  _GPIO_SetupLock                       
0     000033d8  _GPIO_SetupPinMux                     
0     00003464  _GPIO_SetupPinOptions                 
0     00003521  _GPIO_SetupXINT1Gpio                  
0     0000352b  _GPIO_SetupXINT2Gpio                  
0     00003535  _GPIO_SetupXINT3Gpio                  
0     0000353f  _GPIO_SetupXINT4Gpio                  
0     00003549  _GPIO_SetupXINT5Gpio                  
0     000035be  _GPIO_WritePin                        
1     00007c00  _GpioCtrlRegs                         
1     00007f00  _GpioDataRegs                         
0     000030e1  _HALT                                 
0     000030f2  _HIB                                  
0     00001035  _I2CA_FIFO_ISR                        
0     00000ffb  _I2CA_ISR                             
0     000010a9  _I2CB_FIFO_ISR                        
0     0000106f  _I2CB_ISR                             
1     00007300  _I2caRegs                             
1     00007340  _I2cbRegs                             
0     000030cd  _IDLE                                 
1     0000a8f0  _IL                                   
1     0000a81a  _IL1_sen                              
1     0000a82a  _IL2_sen                              
1     0000a828  _IL3_sen                              
1     0000a82c  _IL4_sen                              
1     0000a830  _IL5_sen                              
1     0000a82e  _IL6_sen                              
1     0000a832  _IL7_sen                              
1     0000a81e  _IL8_sen                              
0     0000004a  _ILLEGAL_ISR                          
1     0000a83e  _IL_MAX                               
0     00001c85  _INT_NOTUSED_ISR                      
0     0000029d  _IPC0_ISR                             
0     000002d7  _IPC1_ISR                             
0     00000311  _IPC2_ISR                             
0     0000034b  _IPC3_ISR                             
1     0000ac82  _ISRTrace                             
1     0000ac80  _ISRTraceIndex                        
0     00002fa4  _InitAuxPll                           
0     00003c30  _InitCpuTimers                        
0     000038d3  _InitEPwm10Gpio                       
0     000038ed  _InitEPwm11Gpio                       
0     00003901  _InitEPwm12Gpio                       
0     00003821  _InitEPwm1Gpio                        
0     00003833  _InitEPwm2Gpio                        
0     00003845  _InitEPwm3Gpio                        
0     00003859  _InitEPwm4Gpio                        
0     0000386d  _InitEPwm5Gpio                        
0     0000387f  _InitEPwm6Gpio                        
0     00003891  _InitEPwm7Gpio                        
0     000038a5  _InitEPwm8Gpio                        
0     000038b9  _InitEPwm9Gpio                        
0     00003808  _InitEPwmGpio                         
0     00003398  _InitGpio                             
0     00002dfe  _InitPeripheralClocks                 
0     00003d2b  _InitPieCtrl                          
0     00003d53  _InitPieVectTable                     
0     00002dcd  _InitSysCtrl                          
0     00002ede  _InitSysPll                           
1     00007900  _InputXbarRegs                        
1     0000a870  _Iref                                 
0     00003691  _Limiter                              
0     00000d43  _MCBSPA_RX_ISR                        
0     00000d7d  _MCBSPA_TX_ISR                        
0     00000db7  _MCBSPB_RX_ISR                        
0     00000df1  _MCBSPB_TX_ISR                        
1     00006000  _McbspaRegs                           
1     00006040  _McbspbRegs                           
1     0005f400  _MemCfgRegs                           
1     0005f500  _MemoryErrorRegs                      
0     0000003f  _NMI_ISR                              
1     00007060  _NmiIntruptRegs                       
1     0000a818  _OCP                                  
1     0000a816  _OVP                                  
1     00007a80  _OutputXbarRegs                       
0     0000361a  _PIDcon                               
0     00001c7b  _PIE_RESERVED_ISR                     
0     000035dc  _PIcon                                
1     0000a85a  _PIconout                             
1     0000a80b  _PWM_off                              
1     00000ce0  _PieCtrlRegs                          
1     00000d00  _PieVectTable                         
0     00080002  _PieVectTableInit                     
0     00001b59  _RAM_ACCESS_VIOLATION_ISR             
0     00001ae5  _RAM_CORRECTABLE_ERROR_ISR            
0     00000027  _RTOS_ISR                             
0     00002eb8  _ReleaseFlashPump                     
1     0005e608  _RomPrefetchRegs                      
1     0005f540  _RomWaitStateRegs                     
0     00001205  _SCIA_RX_ISR                          
0     0000123f  _SCIA_TX_ISR                          
0     00001279  _SCIB_RX_ISR                          
0     000012b3  _SCIB_TX_ISR                          
0     000010e3  _SCIC_RX_ISR                          
0     0000111d  _SCIC_TX_ISR                          
0     00001157  _SCID_RX_ISR                          
0     00001191  _SCID_TX_ISR                          
0     00000be7  _SD1_ISR                              
0     00000c21  _SD2_ISR                              
0     00000c5b  _SPIA_RX_ISR                          
0     00000c95  _SPIA_TX_ISR                          
0     00000ccf  _SPIB_RX_ISR                          
0     00000d09  _SPIB_TX_ISR                          
0     00000e2b  _SPIC_RX_ISR                          
0     00000e65  _SPIC_TX_ISR                          
0     000030d6  _STANDBY                              
0     00001b93  _SYS_PLL_SLIP_ISR                     
1     00007200  _SciaRegs                             
1     00007210  _ScibRegs                             
1     00007220  _ScicRegs                             
1     00007230  _ScidRegs                             
1     00005e00  _Sdfm1Regs                            
1     00005e80  _Sdfm2Regs                            
0     00002e9a  _SeizeFlashPump_Bank0                 
0     00002ea9  _SeizeFlashPump_Bank1                 
1     0000a809  _SensingPointIL12                     
1     0000a807  _SensingPointIL34                     
1     0000a808  _SensingPointIL56                     
1     0000a805  _SensingPointIL78                     
0     00002ec2  _ServiceDog                           
0     00003ddd  _SetDBGIER                            
1     00006100  _SpiaRegs                             
1     00006110  _SpibRegs                             
1     00006120  _SpicRegs                             
1     00007940  _SyncSocRegs                          
0     0000308d  _SysIntOsc1Sel                        
0     00003097  _SysIntOsc2Sel                        
0     000030a1  _SysXtalOscSel                        
0     00000229  _TIMER0_ISR                           
0     00000000  _TIMER1_ISR                           
0     0000000d  _TIMER2_ISR                           
1     0000a848  _TempCoeff0                           
1     0000a844  _TempCoeff1                           
1     0000a840  _TempCoeff2                           
1     0000a842  _TempCoeff3                           
1     0000a83c  _TempCoeff4                           
1     0000a900  _Temp_SW                              
0     000011cb  _UPPA_ISR                             
0     000013d5  _USBA_ISR                             
0     000000b8  _USER10_ISR                           
0     000000c3  _USER11_ISR                           
0     000000ce  _USER12_ISR                           
0     00000055  _USER1_ISR                            
0     00000060  _USER2_ISR                            
0     0000006b  _USER3_ISR                            
0     00000076  _USER4_ISR                            
0     00000081  _USER5_ISR                            
0     0000008c  _USER6_ISR                            
0     00000097  _USER7_ISR                            
0     000000a2  _USER8_ISR                            
0     000000ad  _USER9_ISR                            
1     00006200  _UppRegs                              
0     000019fd  _VCU_ISR                              
1     0000a836  _Vin                                  
1     0000a81c  _Vin1_sen                             
1     0000a824  _Vin2_sen                             
1     0000a85c  _VinAdc                               
1     0000a84a  _Vout                                 
1     0000a820  _Vout1_sen                            
1     0000a822  _Vout2_sen                            
1     0000a860  _VoutAdc                              
1     0000a856  _Vref                                 
0     00000263  _WAKE_ISR                             
1     00007000  _WdRegs                               
0     00000187  _XINT1_ISR                            
0     000001b5  _XINT2_ISR                            
0     0000194f  _XINT3_ISR                            
0     00001989  _XINT4_ISR                            
0     000019c3  _XINT5_ISR                            
1     00007920  _XbarRegs                             
1     00007070  _XintRegs                             
1     00000800  __STACK_END                           
abs   00000400  __STACK_SIZE                          
1     0000ac6e  ___TI_cleanup_ptr                     
1     0000ac70  ___TI_dtors_ptr                       
1     0000ac6c  ___TI_enable_exit_profile_output      
abs   ffffffff  ___TI_pprof_out_hndl                  
abs   ffffffff  ___TI_prof_data_size                  
abs   ffffffff  ___TI_prof_data_start                 
abs   ffffffff  ___binit__                            
abs   ffffffff  ___c_args__                           
0     000801c2  ___cinit__                            
0     00003de3  ___etext__                            
abs   ffffffff  ___pinit__                            
0     00000000  ___text__                             
0     00003dbb  __args_main                           
1     0000ac72  __lock                                
0     00003ddc  __nop                                 
0     00003dd8  __register_lock                       
0     00003dd4  __register_unlock                     
1     00000400  __stack                               
0     00003de2  __system_post_cinit                   
0     00003de0  __system_pre_init                     
1     0000ac74  __unlock                              
0     000037c1  _abc2dq                               
0     00003d02  _abort                                
1     0000a83a  _adcIsrCnt                            
1     0000a801  _adcWaitingCNT_B                      
1     0000a802  _adcWaitingCNT_C                      
1     0000a80f  _adcWaitingCNT_D                      
1     0000a80e  _adc_cal_index                        
1     0000a806  _adc_cal_step                         
1     0000a898  _adc_offset                           
1     0000a910  _adc_sum                              
0     00001c99  _adca1_isr                            
0     00003670  _antiwindup                           
0     00003cac  _c_int00                              
1     0000a838  _checkFault                           
0     00002d3a  _clear_trip                           
1     0000a80c  _cntReset                             
1     0000a810  _cntTrip                              
1     0000a8b0  _coefLPF_Dff                          
1     0000a880  _coefLPF_Isen                         
1     0000a8a0  _coefLPF_Vsen                         
0     00003106  _conf_ADC_A                           
0     000031d9  _conf_ADC_B                           
0     00003265  _conf_ADC_C                           
0     000032f3  _conf_ADC_D                           
0     00003ae8  _conf_GPIO                            
0     00002cc6  _conf_Trip                            
0     00002d67  _conf_Tz_Qualification                
0     000028c1  _conf_ePWM_common                     
0     00003a1a  _config_regs                          
0     00003d79  _copy_in                              
0     00003762  _dq2abc                               
1     0000a980  _eI                                   
0     00002c19  _ePWM_MasterSync_SOCASEL              
1     0000ac52  _ePWM_Regs                            
0     00002c74  _ePWM_SlaveSync_SOCASEL               
1     0000a8a8  _eV                                   
0     00003d04  _exit                                 
0     00003724  _firstLPF                             
0     00002bc9  _forceOFFPWM                          
0     000036e5  _get1stLPFcoef                        
0     000036bb  _getScaleGain                         
0     000036d1  _getScaleGain3p0Volt                  
1     0000a80a  _goRUN                                
1     0000a803  _gp_sel                               
1     0000a804  _gpindex                              
1     0000aac0  _graph                                
1     0000a9c0  _graph_uint                           
1     0000ac81  _i                                    
0     000039b4  _init_var                             
1     0000a888  _kI                                   
1     0000a890  _kV                                   
1     0000a852  _loopCnt                              
0     00003914  _main                                 
0     00003d9d  _memcpy                               
1     0000a812  _openDuty                             
1     0000a8c0  _openDutyIndividual                   
1     0000a800  _operationMode                        
0     00003752  _resetError                           
1     0000a80d  _resetFault                           
0     00001c8f  _rsvd_ISR                             
0     000036aa  _scaleADC                             
1     0000a850  _scaleI                               
1     0000a84e  _scaleVin                             
1     0000a84c  _scaleVout                            
1     0000ac50  _storeTZINTch                         
1     0000a834  _tempAdcCnt                           
0     00002851  _trip_isr                             
0     00002b7a  _updateDeadtime                       
0     000029f3  _updateDuty_A                         
0     00002a1c  _updateDuty_B                         
0     00002abb  _updateFreq                           
0     00002add  _updateFreq_wide                      
0     00002a45  _updatePhase                          
1     0000a868  _zDff                                 
1     0000a954  _zIL                                  
1     0000a8e0  _zVsen                                
abs   ffffffff  binit                                 
0     000801c2  cinit                                 
0     00000000  code_start                            
0     00003de3  etext                                 
abs   ffffffff  pinit                                 


GLOBAL SYMBOLS: SORTED BY Symbol Address 

page  address   name                                  
----  -------   ----                                  
0     00000000  .text                                 
0     00000000  _TIMER1_ISR                           
0     00000000  ___text__                             
0     00000000  code_start                            
0     0000000d  _TIMER2_ISR                           
0     0000001a  _DATALOG_ISR                          
0     00000027  _RTOS_ISR                             
0     00000034  _EMU_ISR                              
0     0000003f  _NMI_ISR                              
0     0000004a  _ILLEGAL_ISR                          
0     00000055  _USER1_ISR                            
0     00000060  _USER2_ISR                            
0     0000006b  _USER3_ISR                            
0     00000076  _USER4_ISR                            
0     00000081  _USER5_ISR                            
0     0000008c  _USER6_ISR                            
0     00000097  _USER7_ISR                            
0     000000a2  _USER8_ISR                            
0     000000ad  _USER9_ISR                            
0     000000b8  _USER10_ISR                           
0     000000c3  _USER11_ISR                           
0     000000ce  _USER12_ISR                           
0     000000d9  _ADCA1_ISR                            
0     00000113  _ADCB1_ISR                            
0     00000122  _F28x_usDelay                         
0     0000014d  _ADCC1_ISR                            
0     00000187  _XINT1_ISR                            
0     000001b5  _XINT2_ISR                            
0     000001ef  _ADCD1_ISR                            
0     00000229  _TIMER0_ISR                           
0     00000263  _WAKE_ISR                             
0     0000029d  _IPC0_ISR                             
0     000002d7  _IPC1_ISR                             
0     00000311  _IPC2_ISR                             
0     0000034b  _IPC3_ISR                             
0     00000385  _EPWM1_TZ_ISR                         
0     000003bf  _EPWM2_TZ_ISR                         
0     000003f9  _EPWM3_TZ_ISR                         
0     00000433  _EPWM4_TZ_ISR                         
0     0000046d  _EPWM5_TZ_ISR                         
0     000004a7  _EPWM6_TZ_ISR                         
0     000004e1  _EPWM7_TZ_ISR                         
0     0000051b  _EPWM8_TZ_ISR                         
0     00000555  _EPWM9_TZ_ISR                         
0     0000058f  _EPWM10_TZ_ISR                        
0     000005c9  _EPWM11_TZ_ISR                        
0     00000603  _EPWM12_TZ_ISR                        
0     0000063d  _EPWM1_ISR                            
0     00000677  _EPWM2_ISR                            
0     000006b1  _EPWM3_ISR                            
0     000006eb  _EPWM4_ISR                            
0     00000725  _EPWM5_ISR                            
0     0000075f  _EPWM6_ISR                            
0     00000799  _EPWM7_ISR                            
0     000007d3  _EPWM8_ISR                            
0     0000080d  _EPWM9_ISR                            
0     00000847  _EPWM10_ISR                           
0     00000881  _EPWM11_ISR                           
0     000008bb  _EPWM12_ISR                           
0     000008f5  _ECAP1_ISR                            
0     0000092f  _ECAP2_ISR                            
0     00000969  _ECAP3_ISR                            
0     000009a3  _ECAP4_ISR                            
0     000009dd  _ECAP5_ISR                            
0     00000a17  _ECAP6_ISR                            
0     00000a51  _EQEP1_ISR                            
0     00000a8b  _EQEP2_ISR                            
0     00000ac5  _EQEP3_ISR                            
0     00000aff  _CLB1_ISR                             
0     00000b39  _CLB2_ISR                             
0     00000b73  _CLB3_ISR                             
0     00000bad  _CLB4_ISR                             
0     00000be7  _SD1_ISR                              
0     00000c21  _SD2_ISR                              
0     00000c5b  _SPIA_RX_ISR                          
0     00000c95  _SPIA_TX_ISR                          
0     00000ccf  _SPIB_RX_ISR                          
0     00000ce0  _Cla1SoftIntRegs                      
0     00000d09  _SPIB_TX_ISR                          
0     00000d43  _MCBSPA_RX_ISR                        
0     00000d7d  _MCBSPA_TX_ISR                        
0     00000db7  _MCBSPB_RX_ISR                        
0     00000df1  _MCBSPB_TX_ISR                        
0     00000e2b  _SPIC_RX_ISR                          
0     00000e65  _SPIC_TX_ISR                          
0     00000e9f  _DMA_CH1_ISR                          
0     00000ed9  _DMA_CH2_ISR                          
0     00000f13  _DMA_CH3_ISR                          
0     00000f4d  _DMA_CH4_ISR                          
0     00000f87  _DMA_CH5_ISR                          
0     00000fc1  _DMA_CH6_ISR                          
0     00000ffb  _I2CA_ISR                             
0     00001035  _I2CA_FIFO_ISR                        
0     0000106f  _I2CB_ISR                             
0     000010a9  _I2CB_FIFO_ISR                        
0     000010e3  _SCIC_RX_ISR                          
0     0000111d  _SCIC_TX_ISR                          
0     00001157  _SCID_RX_ISR                          
0     00001191  _SCID_TX_ISR                          
0     000011cb  _UPPA_ISR                             
0     00001205  _SCIA_RX_ISR                          
0     0000123f  _SCIA_TX_ISR                          
0     00001279  _SCIB_RX_ISR                          
0     000012b3  _SCIB_TX_ISR                          
0     000012ed  _CANA0_ISR                            
0     00001327  _CANA1_ISR                            
0     00001361  _CANB0_ISR                            
0     0000139b  _CANB1_ISR                            
0     000013d5  _USBA_ISR                             
0     0000140f  _ADCA_EVT_ISR                         
0     00001449  _ADCA2_ISR                            
0     00001483  _ADCA3_ISR                            
0     000014b1  _ADCA4_ISR                            
0     000014df  _ADCB_EVT_ISR                         
0     00001519  _ADCB2_ISR                            
0     00001553  _ADCB3_ISR                            
0     0000158d  _ADCB4_ISR                            
0     000015c7  _ADCC_EVT_ISR                         
0     00001601  _ADCC2_ISR                            
0     0000163b  _ADCC3_ISR                            
0     00001675  _ADCC4_ISR                            
0     000016af  _ADCD_EVT_ISR                         
0     000016e9  _ADCD2_ISR                            
0     00001723  _ADCD3_ISR                            
0     0000175d  _ADCD4_ISR                            
0     00001797  _CLA1_1_ISR                           
0     000017d1  _CLA1_2_ISR                           
0     0000180b  _CLA1_3_ISR                           
0     00001839  _CLA1_4_ISR                           
0     00001867  _CLA1_5_ISR                           
0     000018a1  _CLA1_6_ISR                           
0     000018db  _CLA1_7_ISR                           
0     00001915  _CLA1_8_ISR                           
0     0000194f  _XINT3_ISR                            
0     00001989  _XINT4_ISR                            
0     000019c3  _XINT5_ISR                            
0     000019fd  _VCU_ISR                              
0     00001a37  _FPU_OVERFLOW_ISR                     
0     00001a71  _FPU_UNDERFLOW_ISR                    
0     00001aab  _EMIF_ERROR_ISR                       
0     00001ae5  _RAM_CORRECTABLE_ERROR_ISR            
0     00001b1f  _FLASH_CORRECTABLE_ERROR_ISR          
0     00001b59  _RAM_ACCESS_VIOLATION_ISR             
0     00001b93  _SYS_PLL_SLIP_ISR                     
0     00001bcd  _AUX_PLL_SLIP_ISR                     
0     00001c07  _CLA_OVERFLOW_ISR                     
0     00001c41  _CLA_UNDERFLOW_ISR                    
0     00001c7b  _PIE_RESERVED_ISR                     
0     00001c85  _INT_NOTUSED_ISR                      
0     00001c8f  _rsvd_ISR                             
0     00001c99  _adca1_isr                            
0     00002851  _trip_isr                             
0     000028c1  _conf_ePWM_common                     
0     000029f3  _updateDuty_A                         
0     00002a1c  _updateDuty_B                         
0     00002a45  _updatePhase                          
0     00002abb  _updateFreq                           
0     00002add  _updateFreq_wide                      
0     00002b7a  _updateDeadtime                       
0     00002bc9  _forceOFFPWM                          
0     00002c19  _ePWM_MasterSync_SOCASEL              
0     00002c74  _ePWM_SlaveSync_SOCASEL               
0     00002cc6  _conf_Trip                            
0     00002d3a  _clear_trip                           
0     00002d67  _conf_Tz_Qualification                
0     00002dcd  _InitSysCtrl                          
0     00002dfe  _InitPeripheralClocks                 
0     00002e82  _DisablePeripheralClocks              
0     00002e9a  _SeizeFlashPump_Bank0                 
0     00002ea9  _SeizeFlashPump_Bank1                 
0     00002eb8  _ReleaseFlashPump                     
0     00002ec2  _ServiceDog                           
0     00002ed0  _DisableDog                           
0     00002ede  _InitSysPll                           
0     00002fa4  _InitAuxPll                           
0     0000306c  _CsmUnlock                            
0     0000308d  _SysIntOsc1Sel                        
0     00003097  _SysIntOsc2Sel                        
0     000030a1  _SysXtalOscSel                        
0     000030ad  _AuxIntOsc2Sel                        
0     000030b7  _AuxXtalOscSel                        
0     000030c3  _AuxAuxClkSel                         
0     000030cd  _IDLE                                 
0     000030d6  _STANDBY                              
0     000030e1  _HALT                                 
0     000030f2  _HIB                                  
0     00003106  _conf_ADC_A                           
0     000031d9  _conf_ADC_B                           
0     00003265  _conf_ADC_C                           
0     000032f3  _conf_ADC_D                           
0     00003398  _InitGpio                             
0     000033d8  _GPIO_SetupPinMux                     
0     00003464  _GPIO_SetupPinOptions                 
0     000034f8  _GPIO_SetupLock                       
0     00003521  _GPIO_SetupXINT1Gpio                  
0     0000352b  _GPIO_SetupXINT2Gpio                  
0     00003535  _GPIO_SetupXINT3Gpio                  
0     0000353f  _GPIO_SetupXINT4Gpio                  
0     00003549  _GPIO_SetupXINT5Gpio                  
0     00003553  _GPIO_EnableUnbondedIOPullupsFor176Pin
0     0000356c  _GPIO_EnableUnbondedIOPullupsFor100Pin
0     00003591  _GPIO_EnableUnbondedIOPullups         
0     000035a7  _GPIO_ReadPin                         
0     000035be  _GPIO_WritePin                        
0     000035dc  _PIcon                                
0     0000361a  _PIDcon                               
0     00003670  _antiwindup                           
0     00003691  _Limiter                              
0     000036aa  _scaleADC                             
0     000036bb  _getScaleGain                         
0     000036d1  _getScaleGain3p0Volt                  
0     000036e5  _get1stLPFcoef                        
0     00003724  _firstLPF                             
0     00003752  _resetError                           
0     00003762  _dq2abc                               
0     000037c1  _abc2dq                               
0     00003808  _InitEPwmGpio                         
0     00003821  _InitEPwm1Gpio                        
0     00003833  _InitEPwm2Gpio                        
0     00003845  _InitEPwm3Gpio                        
0     00003859  _InitEPwm4Gpio                        
0     0000386d  _InitEPwm5Gpio                        
0     0000387f  _InitEPwm6Gpio                        
0     00003891  _InitEPwm7Gpio                        
0     000038a5  _InitEPwm8Gpio                        
0     000038b9  _InitEPwm9Gpio                        
0     000038d3  _InitEPwm10Gpio                       
0     000038ed  _InitEPwm11Gpio                       
0     00003901  _InitEPwm12Gpio                       
0     00003914  _main                                 
0     000039b4  _init_var                             
0     00003a1a  _config_regs                          
0     00003ae8  _conf_GPIO                            
0     00003ba8  FS$$DIV                               
0     00003c30  _InitCpuTimers                        
0     00003c71  _ConfigCpuTimer                       
0     00003cac  _c_int00                              
0     00003d02  C$$EXIT                               
0     00003d02  _abort                                
0     00003d04  _exit                                 
0     00003d2b  _InitPieCtrl                          
0     00003d4a  _EnableInterrupts                     
0     00003d53  _InitPieVectTable                     
0     00003d79  _copy_in                              
0     00003d9d  _memcpy                               
0     00003dbb  __args_main                           
0     00003dd4  __register_unlock                     
0     00003dd8  __register_lock                       
0     00003ddc  __nop                                 
0     00003ddd  _SetDBGIER                            
0     00003de0  __system_pre_init                     
0     00003de2  __system_post_cinit                   
0     00003de3  ___etext__                            
0     00003de3  etext                                 
0     00080002  _PieVectTableInit                     
0     000801c2  ___cinit__                            
0     000801c2  cinit                                 
1     00000400  __stack                               
1     00000800  __STACK_END                           
1     00000b00  _AdcaResultRegs                       
1     00000b20  _AdcbResultRegs                       
1     00000b40  _AdccResultRegs                       
1     00000b60  _AdcdResultRegs                       
1     00000c00  _CpuTimer0Regs                        
1     00000c08  _CpuTimer1Regs                        
1     00000c10  _CpuTimer2Regs                        
1     00000ce0  _PieCtrlRegs                          
1     00000d00  _EmuKey                               
1     00000d00  _PieVectTable                         
1     00000d01  _EmuBMode                             
1     00001000  _DmaRegs                              
1     00001400  _Cla1Regs                             
1     00004000  _EPwm1Regs                            
1     00004100  _EPwm2Regs                            
1     00004200  _EPwm3Regs                            
1     00004300  _EPwm4Regs                            
1     00004400  _EPwm5Regs                            
1     00004500  _EPwm6Regs                            
1     00004600  _EPwm7Regs                            
1     00004700  _EPwm8Regs                            
1     00004800  _EPwm9Regs                            
1     00004900  _EPwm10Regs                           
1     00004a00  _EPwm11Regs                           
1     00004b00  _EPwm12Regs                           
1     00005000  _ECap1Regs                            
1     00005020  _ECap2Regs                            
1     00005040  _ECap3Regs                            
1     00005060  _ECap4Regs                            
1     00005080  _ECap5Regs                            
1     000050a0  _ECap6Regs                            
1     00005100  _EQep1Regs                            
1     00005140  _EQep2Regs                            
1     00005180  _EQep3Regs                            
1     00005c00  _DacaRegs                             
1     00005c10  _DacbRegs                             
1     00005c20  _DaccRegs                             
1     00005c80  _Cmpss1Regs                           
1     00005ca0  _Cmpss2Regs                           
1     00005cc0  _Cmpss3Regs                           
1     00005ce0  _Cmpss4Regs                           
1     00005d00  _Cmpss5Regs                           
1     00005d20  _Cmpss6Regs                           
1     00005d40  _Cmpss7Regs                           
1     00005d60  _Cmpss8Regs                           
1     00005e00  _Sdfm1Regs                            
1     00005e80  _Sdfm2Regs                            
1     00006000  _McbspaRegs                           
1     00006040  _McbspbRegs                           
1     00006100  _SpiaRegs                             
1     00006110  _SpibRegs                             
1     00006120  _SpicRegs                             
1     00006200  _UppRegs                              
1     00007000  _WdRegs                               
1     00007060  _NmiIntruptRegs                       
1     00007070  _XintRegs                             
1     00007200  _SciaRegs                             
1     00007210  _ScibRegs                             
1     00007220  _ScicRegs                             
1     00007230  _ScidRegs                             
1     00007300  _I2caRegs                             
1     00007340  _I2cbRegs                             
1     00007400  _AdcaRegs                             
1     00007480  _AdcbRegs                             
1     00007500  _AdccRegs                             
1     00007580  _AdcdRegs                             
1     00007900  _InputXbarRegs                        
1     00007920  _XbarRegs                             
1     00007940  _SyncSocRegs                          
1     00007980  _DmaClaSrcSelRegs                     
1     00007a00  _EPwmXbarRegs                         
1     00007a80  _OutputXbarRegs                       
1     00007c00  _GpioCtrlRegs                         
1     00007f00  _GpioDataRegs                         
1     0000a800  _operationMode                        
1     0000a801  _adcWaitingCNT_B                      
1     0000a802  _adcWaitingCNT_C                      
1     0000a803  _gp_sel                               
1     0000a804  _gpindex                              
1     0000a805  _SensingPointIL78                     
1     0000a806  _adc_cal_step                         
1     0000a807  _SensingPointIL34                     
1     0000a808  _SensingPointIL56                     
1     0000a809  _SensingPointIL12                     
1     0000a80a  _goRUN                                
1     0000a80b  _PWM_off                              
1     0000a80c  _cntReset                             
1     0000a80d  _resetFault                           
1     0000a80e  _adc_cal_index                        
1     0000a80f  _adcWaitingCNT_D                      
1     0000a810  _cntTrip                              
1     0000a812  _openDuty                             
1     0000a814  _Dff                                  
1     0000a816  _OVP                                  
1     0000a818  _OCP                                  
1     0000a81a  _IL1_sen                              
1     0000a81c  _Vin1_sen                             
1     0000a81e  _IL8_sen                              
1     0000a820  _Vout1_sen                            
1     0000a822  _Vout2_sen                            
1     0000a824  _Vin2_sen                             
1     0000a826  _Delta_Duty                           
1     0000a828  _IL3_sen                              
1     0000a82a  _IL2_sen                              
1     0000a82c  _IL4_sen                              
1     0000a82e  _IL6_sen                              
1     0000a830  _IL5_sen                              
1     0000a832  _IL7_sen                              
1     0000a834  _tempAdcCnt                           
1     0000a836  _Vin                                  
1     0000a838  _checkFault                           
1     0000a83a  _adcIsrCnt                            
1     0000a83c  _TempCoeff4                           
1     0000a83e  _IL_MAX                               
1     0000a840  _TempCoeff2                           
1     0000a842  _TempCoeff3                           
1     0000a844  _TempCoeff1                           
1     0000a846  _Duty_Startup                         
1     0000a848  _TempCoeff0                           
1     0000a84a  _Vout                                 
1     0000a84c  _scaleVout                            
1     0000a84e  _scaleVin                             
1     0000a850  _scaleI                               
1     0000a852  _loopCnt                              
1     0000a854  _CmdVout                              
1     0000a856  _Vref                                 
1     0000a858  _Delta_Vref                           
1     0000a85a  _PIconout                             
1     0000a85c  _VinAdc                               
1     0000a860  _VoutAdc                              
1     0000a864  _ADC_B                                
1     0000a868  _zDff                                 
1     0000a86c  _ADC_C                                
1     0000a870  _Iref                                 
1     0000a874  _ADC_D                                
1     0000a879  _ADC_A                                
1     0000a880  _coefLPF_Isen                         
1     0000a888  _kI                                   
1     0000a890  _kV                                   
1     0000a898  _adc_offset                           
1     0000a8a0  _coefLPF_Vsen                         
1     0000a8a8  _eV                                   
1     0000a8b0  _coefLPF_Dff                          
1     0000a8c0  _openDutyIndividual                   
1     0000a8d0  _Duty                                 
1     0000a8e0  _zVsen                                
1     0000a8f0  _IL                                   
1     0000a900  _Temp_SW                              
1     0000a910  _adc_sum                              
1     0000a920  _Dhat                                 
1     0000a940  _ADC                                  
1     0000a954  _zIL                                  
1     0000a980  _eI                                   
1     0000a9c0  _graph_uint                           
1     0000aac0  _graph                                
1     0000ac50  _storeTZINTch                         
1     0000ac52  _ePWM_Regs                            
1     0000ac6c  ___TI_enable_exit_profile_output      
1     0000ac6e  ___TI_cleanup_ptr                     
1     0000ac70  ___TI_dtors_ptr                       
1     0000ac72  __lock                                
1     0000ac74  __unlock                              
1     0000ac80  _ISRTraceIndex                        
1     0000ac81  _i                                    
1     0000ac82  _ISRTrace                             
1     0000acc0  _CpuTimer1                            
1     0000acc8  _CpuTimer2                            
1     0000acd0  _CpuTimer0                            
1     00047000  _Emif1Regs                            
1     00047800  _Emif2Regs                            
1     00048000  _CanaRegs                             
1     0004a000  _CanbRegs                             
1     00050024  _FlashPumpSemaphoreRegs               
1     0005d000  _DevCfgRegs                           
1     0005d180  _AnalogSubsysRegs                     
1     0005d200  _ClkCfgRegs                           
1     0005d300  _CpuSysRegs                           
1     0005e608  _RomPrefetchRegs                      
1     0005f000  _DcsmZ1Regs                           
1     0005f040  _DcsmZ2Regs                           
1     0005f070  _DcsmCommonRegs                       
1     0005f400  _MemCfgRegs                           
1     0005f480  _Emif1ConfigRegs                      
1     0005f4a0  _Emif2ConfigRegs                      
1     0005f4c0  _AccessProtectionRegs                 
1     0005f500  _MemoryErrorRegs                      
1     0005f540  _RomWaitStateRegs                     
1     0005f800  _Flash0CtrlRegs                       
1     0005fb00  _Flash0EccRegs                        
1     0005fc00  _Flash1CtrlRegs                       
1     0005ff00  _Flash1EccRegs                        
1     00078000  _DcsmZ1Otp                            
1     00078200  _DcsmZ2Otp                            
abs   00000400  __STACK_SIZE                          
abs   ffffffff  ___TI_pprof_out_hndl                  
abs   ffffffff  ___TI_prof_data_size                  
abs   ffffffff  ___TI_prof_data_start                 
abs   ffffffff  ___binit__                            
abs   ffffffff  ___c_args__                           
abs   ffffffff  ___pinit__                            
abs   ffffffff  binit                                 
abs   ffffffff  pinit                                 

[461 symbols]
