******************************************************************************
             TMS320C2000 Linker PC v18.1.1                     
******************************************************************************
>> Linked Thu Nov 21 11:53:13 2019

OUTPUT FILE NAME:   <YHTEC_BHDC_FLASH.out>
ENTRY POINT SYMBOL: "_c_int00"  address: 00017c4d


MEMORY CONFIGURATION

         name            origin    length      used     unused   attr    fill
----------------------  --------  ---------  --------  --------  ----  --------
PAGE 0:
  RAMM0                 00000122   000002de  0000005a  00000284  RWIX
  RAMLS01234            00008000   00003000  00000000  00003000  RWIX
  RAMD0                 0000b000   00000800  00000000  00000800  RWIX
  BEGIN                 00080000   00000002  00000002  00000000  RWIX
  FLASHA                00080002   00001ffe  00000295  00001d69  RWIX
  FLASHB                00082000   00002000  0000003b  00001fc5  RWIX
  FLASHC                00084000   00002000  00000000  00002000  RWIX
  FLASHD                00086000   00002000  00000000  00002000  RWIX
  FLASHE                00088000   00008000  00004e6c  00003194  RWIX
  FLASHF                00090000   00008000  00000000  00008000  RWIX
  FLASHG                00098000   00008000  00000000  00008000  RWIX
  FLASHH                000a0000   00008000  00000000  00008000  RWIX
  FLASHI                000a8000   00008000  00000000  00008000  RWIX
  FLASHJ                000b0000   00008000  00000000  00008000  RWIX
  FLASHK                000b8000   00002000  00000000  00002000  RWIX
  FLASHL                000ba000   00002000  00000000  00002000  RWIX
  FLASHM                000bc000   00002000  00000000  00002000  RWIX
  FLASHN                000be000   00002000  00000000  00002000  RWIX
  FLASHO                000c0000   00002000  00000000  00002000  RWIX
  FLASHP                000c2000   00002000  00000000  00002000  RWIX
  FLASHQ                000c4000   00002000  00000000  00002000  RWIX
  FLASHR                000c6000   00002000  00000000  00002000  RWIX
  FLASHS                000c8000   00008000  00000000  00008000  RWIX
  FLASHT                000d0000   00008000  00000000  00008000  RWIX
  FLASHU                000d8000   00008000  00000000  00008000  RWIX
  FLASHV                000e0000   00008000  00000000  00008000  RWIX
  FLASHW                000e8000   00008000  00000000  00008000  RWIX
  FLASHX                000f0000   00008000  00000000  00008000  RWIX
  FLASHY                000f8000   00002000  00000000  00002000  RWIX
  FLASHZ                000fa000   00002000  00000000  00002000  RWIX
  FLASHAA               000fc000   00002000  00000000  00002000  RWIX
  FLASHAB               000fe000   00002000  00000000  00002000  RWIX
  RESET                 003fffc0   00000002  00000000  00000002  RWIX

PAGE 1:
  BOOT_RSVD             00000002   00000120  00000000  00000120  RWIX
  RAMM1                 00000400   00000400  00000400  00000000  RWIX
  ADCA_RESULT           00000b00   00000020  00000018  00000008  RWIX
  ADCB_RESULT           00000b20   00000020  00000018  00000008  RWIX
  ADCC_RESULT           00000b40   00000020  00000018  00000008  RWIX
  ADCD_RESULT           00000b60   00000020  00000018  00000008  RWIX
  CPU_TIMER0            00000c00   00000008  00000008  00000000  RWIX
  CPU_TIMER1            00000c08   00000008  00000008  00000000  RWIX
  CPU_TIMER2            00000c10   00000008  00000008  00000000  RWIX
  PIE_CTRL              00000ce0   00000020  0000001a  00000006  RWIX
  PIE_VECT              00000d00   00000200  000001c0  00000040  RWIX
  DMA                   00001000   00000200  000000e0  00000120  RWIX
  CLA1                  00001400   00000040  0000003e  00000002  RWIX
  EPWM1                 00004000   00000100  00000100  00000000  RWIX
  EPWM2                 00004100   00000100  00000100  00000000  RWIX
  EPWM3                 00004200   00000100  00000100  00000000  RWIX
  EPWM4                 00004300   00000100  00000100  00000000  RWIX
  EPWM5                 00004400   00000100  00000100  00000000  RWIX
  EPWM6                 00004500   00000100  00000100  00000000  RWIX
  EPWM7                 00004600   00000100  00000100  00000000  RWIX
  EPWM8                 00004700   00000100  00000100  00000000  RWIX
  EPWM9                 00004800   00000100  00000100  00000000  RWIX
  EPWM10                00004900   00000100  00000100  00000000  RWIX
  EPWM11                00004a00   00000100  00000100  00000000  RWIX
  EPWM12                00004b00   00000100  00000100  00000000  RWIX
  ECAP1                 00005000   00000020  00000020  00000000  RWIX
  ECAP2                 00005020   00000020  00000020  00000000  RWIX
  ECAP3                 00005040   00000020  00000020  00000000  RWIX
  ECAP4                 00005060   00000020  00000020  00000000  RWIX
  ECAP5                 00005080   00000020  00000020  00000000  RWIX
  ECAP6                 000050a0   00000020  00000020  00000000  RWIX
  EQEP1                 00005100   00000040  00000022  0000001e  RWIX
  EQEP2                 00005140   00000040  00000022  0000001e  RWIX
  EQEP3                 00005180   00000040  00000022  0000001e  RWIX
  DACA                  00005c00   00000010  00000008  00000008  RWIX
  DACB                  00005c10   00000010  00000008  00000008  RWIX
  DACC                  00005c20   00000010  00000008  00000008  RWIX
  CMPSS1                00005c80   00000020  00000020  00000000  RWIX
  CMPSS2                00005ca0   00000020  00000020  00000000  RWIX
  CMPSS3                00005cc0   00000020  00000020  00000000  RWIX
  CMPSS4                00005ce0   00000020  00000020  00000000  RWIX
  CMPSS5                00005d00   00000020  00000020  00000000  RWIX
  CMPSS6                00005d20   00000020  00000020  00000000  RWIX
  CMPSS7                00005d40   00000020  00000020  00000000  RWIX
  CMPSS8                00005d60   00000020  00000020  00000000  RWIX
  SDFM1                 00005e00   00000080  00000080  00000000  RWIX
  SDFM2                 00005e80   00000080  00000080  00000000  RWIX
  MCBSPA                00006000   00000040  00000024  0000001c  RWIX
  MCBSPB                00006040   00000040  00000024  0000001c  RWIX
  SPIA                  00006100   00000010  00000010  00000000  RWIX
  SPIB                  00006110   00000010  00000010  00000000  RWIX
  SPIC                  00006120   00000010  00000010  00000000  RWIX
  SPID                  00006130   00000010  00000000  00000010  RWIX
  UPP                   00006200   00000100  00000048  000000b8  RWIX
  WD                    00007000   00000040  0000002b  00000015  RWIX
  NMIINTRUPT            00007060   00000010  00000007  00000009  RWIX
  XINT                  00007070   00000010  0000000b  00000005  RWIX
  SCIA                  00007200   00000010  00000010  00000000  RWIX
  SCIB                  00007210   00000010  00000010  00000000  RWIX
  SCIC                  00007220   00000010  00000010  00000000  RWIX
  SCID                  00007230   00000010  00000010  00000000  RWIX
  I2CA                  00007300   00000040  00000022  0000001e  RWIX
  I2CB                  00007340   00000040  00000022  0000001e  RWIX
  ADCA                  00007400   00000080  00000080  00000000  RWIX
  ADCB                  00007480   00000080  00000080  00000000  RWIX
  ADCC                  00007500   00000080  00000080  00000000  RWIX
  ADCD                  00007580   00000080  00000080  00000000  RWIX
  INPUT_XBAR            00007900   00000020  00000020  00000000  RWIX
  XBAR                  00007920   00000020  00000020  00000000  RWIX
  SYNC_SOC              00007940   00000010  00000006  0000000a  RWIX
  DMACLASRCSEL          00007980   00000040  0000001a  00000026  RWIX
  EPWM_XBAR             00007a00   00000040  00000040  00000000  RWIX
  CLB_XBAR              00007a40   00000040  00000000  00000040  RWIX
  OUTPUT_XBAR           00007a80   00000040  00000040  00000000  RWIX
  GPIOCTRL              00007c00   00000180  00000180  00000000  RWIX
  GPIODAT               00007f00   00000030  00000030  00000000  RWIX
  RAMLS5                0000a800   00000800  000005eb  00000215  RWIX
  RAMD1                 0000b800   00000800  00000000  00000800  RWIX
  RAMGS0                0000c000   00001000  00000000  00001000  RWIX
  RAMGS1                0000d000   00001000  00000000  00001000  RWIX
  RAMGS2                0000e000   00001000  00000000  00001000  RWIX
  RAMGS3                0000f000   00001000  00000000  00001000  RWIX
  RAMGS4                00010000   00001000  00000000  00001000  RWIX
  RAMGS5                00011000   00001000  00000000  00001000  RWIX
  RAMGS6                00012000   00001000  00000000  00001000  RWIX
  RAMGS7_11             00013000   00005000  00004e6c  00000194  RWIX
  EMIF1                 00047000   00000800  00000070  00000790  RWIX
  EMIF2                 00047800   00000800  00000070  00000790  RWIX
  CANA                  00048000   00000800  00000164  0000069c  RWIX
  CANA_MSG_RAM          00049000   00000800  00000000  00000800  RWIX
  CANB                  0004a000   00000800  00000164  0000069c  RWIX
  CANB_MSG_RAM          0004b000   00000800  00000000  00000800  RWIX
  FLASHPUMPSEMAPHORE    00050024   00000002  00000002  00000000  RWIX
  DEV_CFG               0005d000   00000180  0000012e  00000052  RWIX
  ANALOG_SUBSYS         0005d180   00000080  00000048  00000038  RWIX
  CLK_CFG               0005d200   00000100  00000032  000000ce  RWIX
  CPU_SYS               0005d300   00000100  00000082  0000007e  RWIX
  ROMPREFETCH           0005e608   00000002  00000002  00000000  RWIX
  DCSM_Z1               0005f000   00000030  00000024  0000000c  RWIX
  DCSM_Z2               0005f040   00000030  00000024  0000000c  RWIX
  DCSM_COMMON           0005f070   00000010  00000008  00000008  RWIX
  MEMCFG                0005f400   00000080  00000080  00000000  RWIX
  EMIF1CONFIG           0005f480   00000020  00000020  00000000  RWIX
  EMIF2CONFIG           0005f4a0   00000020  00000020  00000000  RWIX
  ACCESSPROTECTION      0005f4c0   00000040  00000040  00000000  RWIX
  MEMORYERROR           0005f500   00000040  00000040  00000000  RWIX
  ROMWAITSTATE          0005f540   00000002  00000002  00000000  RWIX
  FLASH0_CTRL           0005f800   00000300  00000182  0000017e  RWIX
  FLASH0_ECC            0005fb00   00000040  00000028  00000018  RWIX
  FLASH1_CTRL           0005fc00   00000300  00000182  0000017e  RWIX
  FLASH1_ECC            0005ff00   00000040  00000028  00000018  RWIX
  DCSM_Z1_OTP           00078000   00000020  00000020  00000000  RWIX
  DCSM_Z2_OTP           00078200   00000020  00000020  00000000  RWIX


SECTION ALLOCATION MAP

 output                                  attributes/
section   page    origin      length       input sections
--------  ----  ----------  ----------   ----------------
.pinit     0    00000122    00000000     UNINITIALIZED

.switch    0    00000122    00000000     UNINITIALIZED

codestart 
*          0    00080000    00000002     
                  00080000    00000002     DSP28xxx_CodeStartBranch.obj (codestart)

.econst    0    00080002    0000023b     RUN ADDR = 0000abb0
                  00080002    000001c0     F2837xS_PieVect.obj (.econst:_PieVectTableInit)
                  000801c2    00000050     MODE.obj (.econst:_duty_phase$3)
                  00080212    00000010     rts2800_fpu32.lib : e_logf.c.obj (.econst)
                  00080222    0000000a     MODE.obj (.econst:.string:_duty_table$2)
                  0008022c    00000009     CAN.obj (.econst:_$P$T0$1)
                  00080235    00000008     MODE.obj (.econst:.string:_Current_table$1)

.cinit     0    0008023d    0000005a     RUN ADDR = 00000122
                  0008023d    0000001d     PWM.obj (.cinit)
                  0008025a    0000001b     CAN.obj (.cinit)
                  00080275    0000000e     rts2800_fpu32.lib : exit.c.obj (.cinit)
                  00080283    00000005                       : _lock.c.obj (.cinit:__lock)
                  00080288    00000005                       : _lock.c.obj (.cinit:__unlock)
                  0008028d    00000004     ADC.obj (.cinit)
                  00080291    00000004     rts2800_fpu32.lib : errno.c.obj (.cinit)
                  00080295    00000002     --HOLE-- [fill = 0]

copysections 
*          0    00082000    00000033     
                  00082000    00000033     DSP28xxx_SectionCopy_nonBIOS.obj (copysections)

wddisable 
*          0    00082033    00000008     
                  00082033    00000008     DSP28xxx_CodeStartBranch.obj (wddisable)

.text      0    00088000    00004e6c     RUN ADDR = 00013000
                  00088000    00001c25     SWPrioritizedDefaultIsr.obj (.text:retain)
                  00089c25    00000f12     MODE.obj (.text)
                  0008ab37    000008a2     ADC.obj (.text)
                  0008b3d9    0000067e     PWM.obj (.text)
                  0008ba57    0000055a     CAN.obj (.text)
                  0008bfb1    000003a7     F2837xS_SysCtrl.obj (.text)
                  0008c358    00000244     F2837xS_Gpio.obj (.text)
                  0008c59c    00000179     ASW.obj (.text)
                  0008c715    0000012b     rts2800_fpu32.lib : e_logf.c.obj (.text)
                  0008c840    0000010c     F2837xS_EPwm.obj (.text)
                  0008c94c    000000d3     ADC.obj (.text:retain)
                  0008ca1f    000000b6     GPIO.obj (.text)
                  0008cad5    00000088     rts2800_fpu32.lib : fs_div28.asm.obj (.text)
                  0008cb5d    0000007c     F2837xS_CpuTimers.obj (.text)
                  0008cbd9    00000074     main.obj (.text)
                  0008cc4d    00000056     rts2800_fpu32.lib : boot28.asm.obj (.text)
                  0008cca3    0000004c     F2837xS_can.obj (.text)
                  0008ccef    0000003f     GPIO.obj (.text:retain)
                  0008cd2e    00000033     TIMER.obj (.text:retain)
                  0008cd61    00000029     rts2800_fpu32.lib : exit.c.obj (.text)
                  0008cd8a    00000028     F2837xS_PieCtrl.obj (.text)
                  0008cdb2    00000026     F2837xS_PieVect.obj (.text)
                  0008cdd8    00000024     rts2800_fpu32.lib : cpy_tbl.c.obj (.text)
                  0008cdfc    0000001e                       : memcpy.c.obj (.text)
                  0008ce1a    00000019                       : args_main.c.obj (.text)
                  0008ce33    00000011     Sleep.obj (.text:retain)
                  0008ce44    0000000b     rts2800_fpu32.lib : u_div28.asm.obj (.text)
                  0008ce4f    0000000a     TIMER.obj (.text)
                  0008ce59    00000009     rts2800_fpu32.lib : _lock.c.obj (.text)
                  0008ce62    00000004     F2837xS_usDelay.obj (.text)
                  0008ce66    00000003     F2837xS_DBGIER.obj (.text)
                  0008ce69    00000002     rts2800_fpu32.lib : pre_init.c.obj (.text)
                  0008ce6b    00000001                       : startup.c.obj (.text)

.reset     0    003fffc0    00000002     DSECT
                  003fffc0    00000002     rts2800_fpu32.lib : boot28.asm.obj (.reset)

.stack     1    00000400    00000400     UNINITIALIZED
                  00000400    00000400     --HOLE--

.ebss      1    0000a800    000003b0     UNINITIALIZED
                  0000a800    000001e0     ADC.obj (.ebss)
                  0000a9e0    0000001a     PWM.obj (.ebss)
                  0000a9fa    00000006     rts2800_fpu32.lib : exit.c.obj (.ebss)
                  0000aa00    00000140     MODE.obj (.ebss)
                  0000ab40    00000034     SWPrioritizedDefaultIsr.obj (.ebss)
                  0000ab74    00000007     TIMER.obj (.ebss)
                  0000ab7b    00000003     GPIO.obj (.ebss)
                  0000ab7e    00000002     rts2800_fpu32.lib : _lock.c.obj (.ebss:__lock)
                  0000ab80    00000018     F2837xS_CpuTimers.obj (.ebss)
                  0000ab98    00000014     CAN.obj (.ebss)
                  0000abac    00000002     rts2800_fpu32.lib : _lock.c.obj (.ebss:__unlock)
                  0000abae    00000001     Sleep.obj (.ebss)
                  0000abaf    00000001     rts2800_fpu32.lib : errno.c.obj (.ebss)

AdcaResultFile 
*          1    00000b00    00000018     UNINITIALIZED
                  00000b00    00000018     F2837xS_GlobalVariableDefs.obj (AdcaResultFile)

AdcbResultFile 
*          1    00000b20    00000018     UNINITIALIZED
                  00000b20    00000018     F2837xS_GlobalVariableDefs.obj (AdcbResultFile)

AdccResultFile 
*          1    00000b40    00000018     UNINITIALIZED
                  00000b40    00000018     F2837xS_GlobalVariableDefs.obj (AdccResultFile)

AdcdResultFile 
*          1    00000b60    00000018     UNINITIALIZED
                  00000b60    00000018     F2837xS_GlobalVariableDefs.obj (AdcdResultFile)

CpuTimer0RegsFile 
*          1    00000c00    00000008     UNINITIALIZED
                  00000c00    00000008     F2837xS_GlobalVariableDefs.obj (CpuTimer0RegsFile)

CpuTimer1RegsFile 
*          1    00000c08    00000008     UNINITIALIZED
                  00000c08    00000008     F2837xS_GlobalVariableDefs.obj (CpuTimer1RegsFile)

CpuTimer2RegsFile 
*          1    00000c10    00000008     UNINITIALIZED
                  00000c10    00000008     F2837xS_GlobalVariableDefs.obj (CpuTimer2RegsFile)

PieVectTableFile 
*          1    00000d00    000001c0     UNINITIALIZED
                  00000d00    000001c0     F2837xS_GlobalVariableDefs.obj (PieVectTableFile)

EmuKeyVar 
*          1    00000d00    00000001     UNINITIALIZED
                  00000d00    00000001     F2837xS_GlobalVariableDefs.obj (EmuKeyVar)

EmuBModeVar 
*          1    00000d01    00000001     UNINITIALIZED
                  00000d01    00000001     F2837xS_GlobalVariableDefs.obj (EmuBModeVar)

FlashCallbackVar 
*          1    00000d02    00000000     UNINITIALIZED

FlashScalingVar 
*          1    00000d02    00000000     UNINITIALIZED

Cla1RegsFile 
*          1    00001400    0000003e     UNINITIALIZED
                  00001400    0000003e     F2837xS_GlobalVariableDefs.obj (Cla1RegsFile)

DacaRegsFile 
*          1    00005c00    00000008     UNINITIALIZED
                  00005c00    00000008     F2837xS_GlobalVariableDefs.obj (DacaRegsFile)

DacbRegsFile 
*          1    00005c10    00000008     UNINITIALIZED
                  00005c10    00000008     F2837xS_GlobalVariableDefs.obj (DacbRegsFile)

DaccRegsFile 
*          1    00005c20    00000008     UNINITIALIZED
                  00005c20    00000008     F2837xS_GlobalVariableDefs.obj (DaccRegsFile)

AdcaRegsFile 
*          1    00007400    00000080     UNINITIALIZED
                  00007400    00000080     F2837xS_GlobalVariableDefs.obj (AdcaRegsFile)

AdcbRegsFile 
*          1    00007480    00000080     UNINITIALIZED
                  00007480    00000080     F2837xS_GlobalVariableDefs.obj (AdcbRegsFile)

AdccRegsFile 
*          1    00007500    00000080     UNINITIALIZED
                  00007500    00000080     F2837xS_GlobalVariableDefs.obj (AdccRegsFile)

AdcdRegsFile 
*          1    00007580    00000080     UNINITIALIZED
                  00007580    00000080     F2837xS_GlobalVariableDefs.obj (AdcdRegsFile)

CanaRegsFile 
*          1    00048000    00000164     UNINITIALIZED
                  00048000    00000164     F2837xS_GlobalVariableDefs.obj (CanaRegsFile)

CanbRegsFile 
*          1    0004a000    00000164     UNINITIALIZED
                  0004a000    00000164     F2837xS_GlobalVariableDefs.obj (CanbRegsFile)

AnalogSubsysRegsFile 
*          1    0005d180    00000048     UNINITIALIZED
                  0005d180    00000048     F2837xS_GlobalVariableDefs.obj (AnalogSubsysRegsFile)

Cla1SoftIntRegsFile 
*          1    00000ce0    00000004     DSECT
                  00000ce0    00000004     F2837xS_GlobalVariableDefs.obj (Cla1SoftIntRegsFile)

PieCtrlRegsFile 
*          1    00000ce0    0000001a     UNINITIALIZED
                  00000ce0    0000001a     F2837xS_GlobalVariableDefs.obj (PieCtrlRegsFile)

DmaRegsFile 
*          1    00001000    000000e0     UNINITIALIZED
                  00001000    000000e0     F2837xS_GlobalVariableDefs.obj (DmaRegsFile)

EPwm1RegsFile 
*          1    00004000    00000100     UNINITIALIZED
                  00004000    00000100     F2837xS_GlobalVariableDefs.obj (EPwm1RegsFile)

EPwm2RegsFile 
*          1    00004100    00000100     UNINITIALIZED
                  00004100    00000100     F2837xS_GlobalVariableDefs.obj (EPwm2RegsFile)

EPwm3RegsFile 
*          1    00004200    00000100     UNINITIALIZED
                  00004200    00000100     F2837xS_GlobalVariableDefs.obj (EPwm3RegsFile)

EPwm4RegsFile 
*          1    00004300    00000100     UNINITIALIZED
                  00004300    00000100     F2837xS_GlobalVariableDefs.obj (EPwm4RegsFile)

EPwm5RegsFile 
*          1    00004400    00000100     UNINITIALIZED
                  00004400    00000100     F2837xS_GlobalVariableDefs.obj (EPwm5RegsFile)

EPwm6RegsFile 
*          1    00004500    00000100     UNINITIALIZED
                  00004500    00000100     F2837xS_GlobalVariableDefs.obj (EPwm6RegsFile)

EPwm7RegsFile 
*          1    00004600    00000100     UNINITIALIZED
                  00004600    00000100     F2837xS_GlobalVariableDefs.obj (EPwm7RegsFile)

EPwm8RegsFile 
*          1    00004700    00000100     UNINITIALIZED
                  00004700    00000100     F2837xS_GlobalVariableDefs.obj (EPwm8RegsFile)

EPwm9RegsFile 
*          1    00004800    00000100     UNINITIALIZED
                  00004800    00000100     F2837xS_GlobalVariableDefs.obj (EPwm9RegsFile)

EPwm10RegsFile 
*          1    00004900    00000100     UNINITIALIZED
                  00004900    00000100     F2837xS_GlobalVariableDefs.obj (EPwm10RegsFile)

EPwm11RegsFile 
*          1    00004a00    00000100     UNINITIALIZED
                  00004a00    00000100     F2837xS_GlobalVariableDefs.obj (EPwm11RegsFile)

EPwm12RegsFile 
*          1    00004b00    00000100     UNINITIALIZED
                  00004b00    00000100     F2837xS_GlobalVariableDefs.obj (EPwm12RegsFile)

ECap1RegsFile 
*          1    00005000    00000020     UNINITIALIZED
                  00005000    00000020     F2837xS_GlobalVariableDefs.obj (ECap1RegsFile)

ECap2RegsFile 
*          1    00005020    00000020     UNINITIALIZED
                  00005020    00000020     F2837xS_GlobalVariableDefs.obj (ECap2RegsFile)

ECap3RegsFile 
*          1    00005040    00000020     UNINITIALIZED
                  00005040    00000020     F2837xS_GlobalVariableDefs.obj (ECap3RegsFile)

ECap4RegsFile 
*          1    00005060    00000020     UNINITIALIZED
                  00005060    00000020     F2837xS_GlobalVariableDefs.obj (ECap4RegsFile)

ECap5RegsFile 
*          1    00005080    00000020     UNINITIALIZED
                  00005080    00000020     F2837xS_GlobalVariableDefs.obj (ECap5RegsFile)

ECap6RegsFile 
*          1    000050a0    00000020     UNINITIALIZED
                  000050a0    00000020     F2837xS_GlobalVariableDefs.obj (ECap6RegsFile)

EQep1RegsFile 
*          1    00005100    00000022     UNINITIALIZED
                  00005100    00000022     F2837xS_GlobalVariableDefs.obj (EQep1RegsFile)

EQep2RegsFile 
*          1    00005140    00000022     UNINITIALIZED
                  00005140    00000022     F2837xS_GlobalVariableDefs.obj (EQep2RegsFile)

EQep3RegsFile 
*          1    00005180    00000022     UNINITIALIZED
                  00005180    00000022     F2837xS_GlobalVariableDefs.obj (EQep3RegsFile)

Cmpss1RegsFile 
*          1    00005c80    00000020     UNINITIALIZED
                  00005c80    00000020     F2837xS_GlobalVariableDefs.obj (Cmpss1RegsFile)

Cmpss2RegsFile 
*          1    00005ca0    00000020     UNINITIALIZED
                  00005ca0    00000020     F2837xS_GlobalVariableDefs.obj (Cmpss2RegsFile)

Cmpss3RegsFile 
*          1    00005cc0    00000020     UNINITIALIZED
                  00005cc0    00000020     F2837xS_GlobalVariableDefs.obj (Cmpss3RegsFile)

Cmpss4RegsFile 
*          1    00005ce0    00000020     UNINITIALIZED
                  00005ce0    00000020     F2837xS_GlobalVariableDefs.obj (Cmpss4RegsFile)

Cmpss5RegsFile 
*          1    00005d00    00000020     UNINITIALIZED
                  00005d00    00000020     F2837xS_GlobalVariableDefs.obj (Cmpss5RegsFile)

Cmpss6RegsFile 
*          1    00005d20    00000020     UNINITIALIZED
                  00005d20    00000020     F2837xS_GlobalVariableDefs.obj (Cmpss6RegsFile)

Cmpss7RegsFile 
*          1    00005d40    00000020     UNINITIALIZED
                  00005d40    00000020     F2837xS_GlobalVariableDefs.obj (Cmpss7RegsFile)

Cmpss8RegsFile 
*          1    00005d60    00000020     UNINITIALIZED
                  00005d60    00000020     F2837xS_GlobalVariableDefs.obj (Cmpss8RegsFile)

Sdfm1RegsFile 
*          1    00005e00    00000080     UNINITIALIZED
                  00005e00    00000080     F2837xS_GlobalVariableDefs.obj (Sdfm1RegsFile)

Sdfm2RegsFile 
*          1    00005e80    00000080     UNINITIALIZED
                  00005e80    00000080     F2837xS_GlobalVariableDefs.obj (Sdfm2RegsFile)

McbspaRegsFile 
*          1    00006000    00000024     UNINITIALIZED
                  00006000    00000024     F2837xS_GlobalVariableDefs.obj (McbspaRegsFile)

McbspbRegsFile 
*          1    00006040    00000024     UNINITIALIZED
                  00006040    00000024     F2837xS_GlobalVariableDefs.obj (McbspbRegsFile)

SpiaRegsFile 
*          1    00006100    00000010     UNINITIALIZED
                  00006100    00000010     F2837xS_GlobalVariableDefs.obj (SpiaRegsFile)

SpibRegsFile 
*          1    00006110    00000010     UNINITIALIZED
                  00006110    00000010     F2837xS_GlobalVariableDefs.obj (SpibRegsFile)

SpicRegsFile 
*          1    00006120    00000010     UNINITIALIZED
                  00006120    00000010     F2837xS_GlobalVariableDefs.obj (SpicRegsFile)

UppRegsFile 
*          1    00006200    00000048     UNINITIALIZED
                  00006200    00000048     F2837xS_GlobalVariableDefs.obj (UppRegsFile)

WdRegsFile 
*          1    00007000    0000002b     UNINITIALIZED
                  00007000    0000002b     F2837xS_GlobalVariableDefs.obj (WdRegsFile)

NmiIntruptRegsFile 
*          1    00007060    00000007     UNINITIALIZED
                  00007060    00000007     F2837xS_GlobalVariableDefs.obj (NmiIntruptRegsFile)

XintRegsFile 
*          1    00007070    0000000b     UNINITIALIZED
                  00007070    0000000b     F2837xS_GlobalVariableDefs.obj (XintRegsFile)

SciaRegsFile 
*          1    00007200    00000010     UNINITIALIZED
                  00007200    00000010     F2837xS_GlobalVariableDefs.obj (SciaRegsFile)

ScibRegsFile 
*          1    00007210    00000010     UNINITIALIZED
                  00007210    00000010     F2837xS_GlobalVariableDefs.obj (ScibRegsFile)

ScicRegsFile 
*          1    00007220    00000010     UNINITIALIZED
                  00007220    00000010     F2837xS_GlobalVariableDefs.obj (ScicRegsFile)

ScidRegsFile 
*          1    00007230    00000010     UNINITIALIZED
                  00007230    00000010     F2837xS_GlobalVariableDefs.obj (ScidRegsFile)

I2caRegsFile 
*          1    00007300    00000022     UNINITIALIZED
                  00007300    00000022     F2837xS_GlobalVariableDefs.obj (I2caRegsFile)

I2cbRegsFile 
*          1    00007340    00000022     UNINITIALIZED
                  00007340    00000022     F2837xS_GlobalVariableDefs.obj (I2cbRegsFile)

InputXbarRegsFile 
*          1    00007900    00000020     UNINITIALIZED
                  00007900    00000020     F2837xS_GlobalVariableDefs.obj (InputXbarRegsFile)

XbarRegsFile 
*          1    00007920    00000020     UNINITIALIZED
                  00007920    00000020     F2837xS_GlobalVariableDefs.obj (XbarRegsFile)

SyncSocRegsFile 
*          1    00007940    00000006     UNINITIALIZED
                  00007940    00000006     F2837xS_GlobalVariableDefs.obj (SyncSocRegsFile)

DmaClaSrcSelRegsFile 
*          1    00007980    0000001a     UNINITIALIZED
                  00007980    0000001a     F2837xS_GlobalVariableDefs.obj (DmaClaSrcSelRegsFile)

EPwmXbarRegsFile 
*          1    00007a00    00000040     UNINITIALIZED
                  00007a00    00000040     F2837xS_GlobalVariableDefs.obj (EPwmXbarRegsFile)

OutputXbarRegsFile 
*          1    00007a80    00000040     UNINITIALIZED
                  00007a80    00000040     F2837xS_GlobalVariableDefs.obj (OutputXbarRegsFile)

GpioCtrlRegsFile 
*          1    00007c00    00000180     UNINITIALIZED
                  00007c00    00000180     F2837xS_GlobalVariableDefs.obj (GpioCtrlRegsFile)

GpioDataRegsFile 
*          1    00007f00    00000030     UNINITIALIZED
                  00007f00    00000030     F2837xS_GlobalVariableDefs.obj (GpioDataRegsFile)

Emif1RegsFile 
*          1    00047000    00000070     UNINITIALIZED
                  00047000    00000070     F2837xS_GlobalVariableDefs.obj (Emif1RegsFile)

Emif2RegsFile 
*          1    00047800    00000070     UNINITIALIZED
                  00047800    00000070     F2837xS_GlobalVariableDefs.obj (Emif2RegsFile)

FlashPumpSemaphoreRegsFile 
*          1    00050024    00000002     UNINITIALIZED
                  00050024    00000002     F2837xS_GlobalVariableDefs.obj (FlashPumpSemaphoreRegsFile)

RomPrefetchRegsFile 
*          1    0005e608    00000002     UNINITIALIZED
                  0005e608    00000002     F2837xS_GlobalVariableDefs.obj (RomPrefetchRegsFile)

DcsmZ1RegsFile 
*          1    0005f000    00000024     UNINITIALIZED
                  0005f000    00000024     F2837xS_GlobalVariableDefs.obj (DcsmZ1RegsFile)

DcsmZ2RegsFile 
*          1    0005f040    00000024     UNINITIALIZED
                  0005f040    00000024     F2837xS_GlobalVariableDefs.obj (DcsmZ2RegsFile)

DcsmCommonRegsFile 
*          1    0005f070    00000008     UNINITIALIZED
                  0005f070    00000008     F2837xS_GlobalVariableDefs.obj (DcsmCommonRegsFile)

MemCfgRegsFile 
*          1    0005f400    00000080     UNINITIALIZED
                  0005f400    00000080     F2837xS_GlobalVariableDefs.obj (MemCfgRegsFile)

Emif1ConfigRegsFile 
*          1    0005f480    00000020     UNINITIALIZED
                  0005f480    00000020     F2837xS_GlobalVariableDefs.obj (Emif1ConfigRegsFile)

Emif2ConfigRegsFile 
*          1    0005f4a0    00000020     UNINITIALIZED
                  0005f4a0    00000020     F2837xS_GlobalVariableDefs.obj (Emif2ConfigRegsFile)

AccessProtectionRegsFile 
*          1    0005f4c0    00000040     UNINITIALIZED
                  0005f4c0    00000040     F2837xS_GlobalVariableDefs.obj (AccessProtectionRegsFile)

MemoryErrorRegsFile 
*          1    0005f500    00000040     UNINITIALIZED
                  0005f500    00000040     F2837xS_GlobalVariableDefs.obj (MemoryErrorRegsFile)

RomWaitStateRegsFile 
*          1    0005f540    00000002     UNINITIALIZED
                  0005f540    00000002     F2837xS_GlobalVariableDefs.obj (RomWaitStateRegsFile)

Flash0CtrlRegsFile 
*          1    0005f800    00000182     UNINITIALIZED
                  0005f800    00000182     F2837xS_GlobalVariableDefs.obj (Flash0CtrlRegsFile)

Flash0EccRegsFile 
*          1    0005fb00    00000028     UNINITIALIZED
                  0005fb00    00000028     F2837xS_GlobalVariableDefs.obj (Flash0EccRegsFile)

Flash1CtrlRegsFile 
*          1    0005fc00    00000182     UNINITIALIZED
                  0005fc00    00000182     F2837xS_GlobalVariableDefs.obj (Flash1CtrlRegsFile)

Flash1EccRegsFile 
*          1    0005ff00    00000028     UNINITIALIZED
                  0005ff00    00000028     F2837xS_GlobalVariableDefs.obj (Flash1EccRegsFile)

DcsmZ1OtpFile 
*          1    00078000    00000020     NOLOAD SECTION
                  00078000    00000020     F2837xS_GlobalVariableDefs.obj (DcsmZ1OtpFile)

DcsmZ2OtpFile 
*          1    00078200    00000020     NOLOAD SECTION
                  00078200    00000020     F2837xS_GlobalVariableDefs.obj (DcsmZ2OtpFile)

DevCfgRegsFile 
*          1    0005d000    0000012e     UNINITIALIZED
                  0005d000    0000012e     F2837xS_GlobalVariableDefs.obj (DevCfgRegsFile)

ClkCfgRegsFile 
*          1    0005d200    00000032     UNINITIALIZED
                  0005d200    00000032     F2837xS_GlobalVariableDefs.obj (ClkCfgRegsFile)

CpuSysRegsFile 
*          1    0005d300    00000082     UNINITIALIZED
                  0005d300    00000082     F2837xS_GlobalVariableDefs.obj (CpuSysRegsFile)

MODULE SUMMARY

       Module                             code    initialized data   uninitialized data
       ------                             ----    ----------------   ------------------
    .\Source\
       MODE.obj                           7716    196                320               
       ADC.obj                            4842    8                  480               
       PWM.obj                            3324    58                 26                
       CAN.obj                            2740    72                 20                
       ASW.obj                            754     0                  0                 
       GPIO.obj                           490     0                  3                 
       main.obj                           232     0                  0                 
       TIMER.obj                          122     0                  7                 
       Sleep.obj                          34      0                  1                 
    +--+----------------------------------+-------+------------------+--------------------+
       Total:                             20254   334                857               
                                                                                       
    .\Source\F2837xS_v210\
       SWPrioritizedDefaultIsr.obj        14410   0                  52                
       F2837xS_GlobalVariableDefs.obj     0       0                  9149              
       F2837xS_SysCtrl.obj                1870    0                  0                 
       F2837xS_Gpio.obj                   1160    0                  0                 
       F2837xS_PieVect.obj                76      896                0                 
       F2837xS_EPwm.obj                   536     0                  0                 
       F2837xS_CpuTimers.obj              248     0                  24                
       F2837xS_can.obj                    152     0                  0                 
       F2837xS_PieCtrl.obj                80      0                  0                 
       DSP28xxx_SectionCopy_nonBIOS.obj   51      0                  0                 
       DSP28xxx_CodeStartBranch.obj       10      0                  0                 
       F2837xS_usDelay.obj                8       0                  0                 
       F2837xS_DBGIER.obj                 6       0                  0                 
    +--+----------------------------------+-------+------------------+--------------------+
       Total:                             18607   896                9225              
                                                                                       
    C:\ti\ccsv8\tools\compiler\ti-cgt-c2000_18.1.1.LTS\lib\rts2800_fpu32.lib
       e_logf.c.obj                       598     32                 0                 
       fs_div28.asm.obj                   272     0                  0                 
       boot28.asm.obj                     172     0                  0                 
       exit.c.obj                         82      28                 6                 
       cpy_tbl.c.obj                      72      0                  0                 
       memcpy.c.obj                       60      0                  0                 
       args_main.c.obj                    50      0                  0                 
       _lock.c.obj                        18      20                 4                 
       u_div28.asm.obj                    22      0                  0                 
       errno.c.obj                        0       8                  1                 
       pre_init.c.obj                     4       0                  0                 
       startup.c.obj                      2       0                  0                 
    +--+----------------------------------+-------+------------------+--------------------+
       Total:                             1352    88                 11                
                                                                                       
       Stack:                             0       0                  1024              
    +--+----------------------------------+-------+------------------+--------------------+
       Grand Total:                       40213   1318               11117             


GLOBAL DATA SYMBOLS: SORTED BY DATA PAGE

address     data page           name
--------    ----------------    ----
00000400      10 (00000400)     __stack

00000b00      2c (00000b00)     _AdcaResultRegs
00000b20      2c (00000b00)     _AdcbResultRegs

00000b40      2d (00000b40)     _AdccResultRegs
00000b60      2d (00000b40)     _AdcdResultRegs

00000c00      30 (00000c00)     _CpuTimer0Regs
00000c08      30 (00000c00)     _CpuTimer1Regs
00000c10      30 (00000c00)     _CpuTimer2Regs

00000ce0      33 (00000cc0)     _Cla1SoftIntRegs
00000ce0      33 (00000cc0)     _PieCtrlRegs

00000d00      34 (00000d00)     _EmuKey
00000d00      34 (00000d00)     _PieVectTable
00000d01      34 (00000d00)     _EmuBMode

00001000      40 (00001000)     _DmaRegs

00001400      50 (00001400)     _Cla1Regs

00004000     100 (00004000)     _EPwm1Regs

00004100     104 (00004100)     _EPwm2Regs

00004200     108 (00004200)     _EPwm3Regs

00004300     10c (00004300)     _EPwm4Regs

00004400     110 (00004400)     _EPwm5Regs

00004500     114 (00004500)     _EPwm6Regs

00004600     118 (00004600)     _EPwm7Regs

00004700     11c (00004700)     _EPwm8Regs

00004800     120 (00004800)     _EPwm9Regs

00004900     124 (00004900)     _EPwm10Regs

00004a00     128 (00004a00)     _EPwm11Regs

00004b00     12c (00004b00)     _EPwm12Regs

00005000     140 (00005000)     _ECap1Regs
00005020     140 (00005000)     _ECap2Regs

00005040     141 (00005040)     _ECap3Regs
00005060     141 (00005040)     _ECap4Regs

00005080     142 (00005080)     _ECap5Regs
000050a0     142 (00005080)     _ECap6Regs

00005100     144 (00005100)     _EQep1Regs

00005140     145 (00005140)     _EQep2Regs

00005180     146 (00005180)     _EQep3Regs

00005c00     170 (00005c00)     _DacaRegs
00005c10     170 (00005c00)     _DacbRegs
00005c20     170 (00005c00)     _DaccRegs

00005c80     172 (00005c80)     _Cmpss1Regs
00005ca0     172 (00005c80)     _Cmpss2Regs

00005cc0     173 (00005cc0)     _Cmpss3Regs
00005ce0     173 (00005cc0)     _Cmpss4Regs

00005d00     174 (00005d00)     _Cmpss5Regs
00005d20     174 (00005d00)     _Cmpss6Regs

00005d40     175 (00005d40)     _Cmpss7Regs
00005d60     175 (00005d40)     _Cmpss8Regs

00005e00     178 (00005e00)     _Sdfm1Regs

00005e80     17a (00005e80)     _Sdfm2Regs

00006000     180 (00006000)     _McbspaRegs

00006040     181 (00006040)     _McbspbRegs

00006100     184 (00006100)     _SpiaRegs
00006110     184 (00006100)     _SpibRegs
00006120     184 (00006100)     _SpicRegs

00006200     188 (00006200)     _UppRegs

00007000     1c0 (00007000)     _WdRegs

00007060     1c1 (00007040)     _NmiIntruptRegs
00007070     1c1 (00007040)     _XintRegs

00007200     1c8 (00007200)     _SciaRegs
00007210     1c8 (00007200)     _ScibRegs
00007220     1c8 (00007200)     _ScicRegs
00007230     1c8 (00007200)     _ScidRegs

00007300     1cc (00007300)     _I2caRegs

00007340     1cd (00007340)     _I2cbRegs

00007400     1d0 (00007400)     _AdcaRegs

00007480     1d2 (00007480)     _AdcbRegs

00007500     1d4 (00007500)     _AdccRegs

00007580     1d6 (00007580)     _AdcdRegs

00007900     1e4 (00007900)     _InputXbarRegs
00007920     1e4 (00007900)     _XbarRegs

00007940     1e5 (00007940)     _SyncSocRegs

00007980     1e6 (00007980)     _DmaClaSrcSelRegs

00007a00     1e8 (00007a00)     _EPwmXbarRegs

00007a80     1ea (00007a80)     _OutputXbarRegs

00007c00     1f0 (00007c00)     _GpioCtrlRegs

00007f00     1fc (00007f00)     _GpioDataRegs

0000a800     2a0 (0000a800)     _u8_adc_update_start
0000a801     2a0 (0000a800)     _u16_adcWaitingCNT_D
0000a802     2a0 (0000a800)     _u8_counter
0000a803     2a0 (0000a800)     _b8_Temp_fault
0000a804     2a0 (0000a800)     _checkFault
0000a805     2a0 (0000a800)     _u8g_pwm_mode_start
0000a806     2a0 (0000a800)     _u16_adcIsrCnt
0000a807     2a0 (0000a800)     _u16_adcWaitingCNT_A
0000a808     2a0 (0000a800)     _u16_avg_temp_value
0000a809     2a0 (0000a800)     _u16_adcWaitingCNT_B
0000a80a     2a0 (0000a800)     _u16_adcWaitingCNT_C
0000a80c     2a0 (0000a800)     _fg_Vin1
0000a80e     2a0 (0000a800)     _f_Vin_sen2
0000a810     2a0 (0000a800)     _f_Vin_sen1
0000a812     2a0 (0000a800)     _fg_Vout1
0000a814     2a0 (0000a800)     _fg_Vout2
0000a816     2a0 (0000a800)     _fg_Vin2
0000a818     2a0 (0000a800)     _f_scaleVout
0000a81a     2a0 (0000a800)     _f_Vout_sen2
0000a81c     2a0 (0000a800)     _f_Vout_sen1
0000a81e     2a0 (0000a800)     _f_scaleVin
0000a820     2a0 (0000a800)     _f_scaleI
0000a822     2a0 (0000a800)     _u16_ADC_C
0000a825     2a0 (0000a800)     _u16_ADC_B
0000a829     2a0 (0000a800)     _u16_ADC_D
0000a82e     2a0 (0000a800)     _st_coefLPF_Isen
0000a836     2a0 (0000a800)     _st_coefLPF_Vsen

0000a840     2a1 (0000a840)     _u16_ADC_A
0000a848     2a1 (0000a840)     _u16_IL_7
0000a852     2a1 (0000a840)     _u16_IL_8
0000a85c     2a1 (0000a840)     _u16_IL_5
0000a866     2a1 (0000a840)     _u16_IL_6
0000a870     2a1 (0000a840)     _u16_Out_V_1

0000a880     2a2 (0000a880)     _u16_Out_V_2
0000a88a     2a2 (0000a880)     _u16_In_V_1
0000a894     2a2 (0000a880)     _u16_Temp_5
0000a89e     2a2 (0000a880)     _u16_Temp_4
0000a8a8     2a2 (0000a880)     _u16_Temp_7
0000a8b2     2a2 (0000a880)     _u16_Temp_2

0000a8c0     2a3 (0000a8c0)     _u16_Temp_1
0000a8ca     2a3 (0000a8c0)     _u16_Temp_6
0000a8d4     2a3 (0000a8c0)     _u16_IL_3
0000a8de     2a3 (0000a8c0)     _u16_IL_2
0000a8e8     2a3 (0000a8c0)     _u16_In_V_2
0000a8f2     2a3 (0000a8c0)     _u16_Temp_8

0000a900     2a4 (0000a900)     _u16_Temp_3
0000a90a     2a4 (0000a900)     _u16_IL_4
0000a914     2a4 (0000a900)     _u16_IL_1
0000a91e     2a4 (0000a900)     _u16g_ADC
0000a92a     2a4 (0000a900)     _u16g_adcoffset

0000a940     2a5 (0000a940)     _st_Current_Sens
0000a950     2a5 (0000a940)     _st_zVsen
0000a960     2a5 (0000a940)     _st_Temp_Previous
0000a970     2a5 (0000a940)     _st_Temp_Delta

0000a980     2a6 (0000a980)     _st_Current_LPF
0000a990     2a6 (0000a980)     _st_Temperature
0000a9a0     2a6 (0000a980)     _st_zTsen

0000a9c0     2a7 (0000a9c0)     _st_zIL
0000a9e0     2a7 (0000a9c0)     _ePWM_Regs
0000a9fa     2a7 (0000a9c0)     ___TI_enable_exit_profile_output
0000a9fc     2a7 (0000a9c0)     ___TI_cleanup_ptr
0000a9fe     2a7 (0000a9c0)     ___TI_dtors_ptr

0000aa00     2a8 (0000aa00)     _u8_Mode_C_flag
0000aa01     2a8 (0000aa00)     _u8_Mode_B_flag
0000aa02     2a8 (0000aa00)     _u8_Mode_D_flag
0000aa03     2a8 (0000aa00)     _u8_goRUN
0000aa04     2a8 (0000aa00)     _u8_type_cyclic
0000aa05     2a8 (0000aa00)     _u8g_Phase_Selection_timer
0000aa06     2a8 (0000aa00)     _u8g_IG_ON
0000aa07     2a8 (0000aa00)     _u8_start_up_counter
0000aa08     2a8 (0000aa00)     _u8_Mode_A_flag
0000aa09     2a8 (0000aa00)     _u8_duty_cycles
0000aa0a     2a8 (0000aa00)     _u8_resetFault
0000aa0b     2a8 (0000aa00)     _u8_MODE_B_EVEN_flag
0000aa0c     2a8 (0000aa00)     _u8_MODE_B_ODD_flag
0000aa0d     2a8 (0000aa00)     _u8_Standby_flag
0000aa0e     2a8 (0000aa00)     _u16_counter_ODD
0000aa0f     2a8 (0000aa00)     _u16_counter_EVEN
0000aa10     2a8 (0000aa00)     _u8_j
0000aa11     2a8 (0000aa00)     _u8_cntReset
0000aa12     2a8 (0000aa00)     _u8_boost_mode
0000aa13     2a8 (0000aa00)     _u8_Update_freq
0000aa14     2a8 (0000aa00)     _u8_Duty_Apply
0000aa15     2a8 (0000aa00)     _u16_adc_cal_index
0000aa16     2a8 (0000aa00)     _u8g_operationMode
0000aa17     2a8 (0000aa00)     _u8g_Close_Loop
0000aa18     2a8 (0000aa00)     _u8_Phase_Upate
0000aa1a     2a8 (0000aa00)     _f_Dff
0000aa1c     2a8 (0000aa00)     _f_PIconout
0000aa1e     2a8 (0000aa00)     _f_VHref
0000aa20     2a8 (0000aa00)     _f_open_loop_duty
0000aa22     2a8 (0000aa00)     _f_duty_startup
0000aa24     2a8 (0000aa00)     _f_power
0000aa26     2a8 (0000aa00)     _f_fed_set
0000aa28     2a8 (0000aa00)     _f_Freq
0000aa2a     2a8 (0000aa00)     _f_fed_startup
0000aa2c     2a8 (0000aa00)     _f_Target_V
0000aa2e     2a8 (0000aa00)     _st_zDff
0000aa32     2a8 (0000aa00)     _f_Iref
0000aa36     2a8 (0000aa00)     _st_eVH

0000aa40     2a9 (0000aa40)     _st_kVL
0000aa48     2a9 (0000aa40)     _st_eVL
0000aa50     2a9 (0000aa40)     _st_phases
0000aa58     2a9 (0000aa40)     _st_kVH
0000aa60     2a9 (0000aa40)     _st_kI
0000aa68     2a9 (0000aa40)     _st_coefLPF_Dff
0000aa70     2a9 (0000aa40)     _u8_phase_list

0000aa80     2aa (0000aa80)     _st_pwm_DFED
0000aa90     2aa (0000aa80)     _st_pwm_duty
0000aaa0     2aa (0000aa80)     _st_pwm_Dhat

0000aac0     2ab (0000aac0)     _u32_adc_sum

0000ab00     2ac (0000ab00)     _st_eI

0000ab40     2ad (0000ab40)     _ISRTraceIndex
0000ab41     2ad (0000ab40)     _i
0000ab42     2ad (0000ab40)     _ISRTrace
0000ab74     2ad (0000ab40)     _u16g_time_milliseconds
0000ab75     2ad (0000ab40)     _u8g_Test_Time
0000ab76     2ad (0000ab40)     _u16_TimerMicroSecCnt
0000ab77     2ad (0000ab40)     _u16_Timer1IsrCnt
0000ab78     2ad (0000ab40)     _u8_one_second_mode
0000ab79     2ad (0000ab40)     _u8g_mode_change
0000ab7a     2ad (0000ab40)     _u8g_CAN_transmit
0000ab7b     2ad (0000ab40)     _u8g_over_current_fault
0000ab7c     2ad (0000ab40)     _u8g_driver_fault
0000ab7d     2ad (0000ab40)     _u8g_over_volt_fault
0000ab7e     2ad (0000ab40)     __lock

0000ab80     2ae (0000ab80)     _CpuTimer1
0000ab88     2ae (0000ab80)     _CpuTimer2
0000ab90     2ae (0000ab80)     _CpuTimer0
0000ab98     2ae (0000ab80)     _b_CANgetData
0000ab99     2ae (0000ab80)     _u8_previous_sw_state
0000ab9a     2ae (0000ab80)     _messageSize
0000ab9c     2ae (0000ab80)     _ucTXMsgData
0000aba4     2ae (0000ab80)     _ucRXMsgData
0000abac     2ae (0000ab80)     __unlock
0000abae     2ae (0000ab80)     _u8_sleep_ON
0000abaf     2ae (0000ab80)     _errno
0000abb0     2ae (0000ab80)     _PieVectTableInit

00047000    11c0 (00047000)     _Emif1Regs

00047800    11e0 (00047800)     _Emif2Regs

00048000    1200 (00048000)     _CanaRegs

0004a000    1280 (0004a000)     _CanbRegs

00050024    1400 (00050000)     _FlashPumpSemaphoreRegs

0005d000    1740 (0005d000)     _DevCfgRegs

0005d180    1746 (0005d180)     _AnalogSubsysRegs

0005d200    1748 (0005d200)     _ClkCfgRegs

0005d300    174c (0005d300)     _CpuSysRegs

0005e608    1798 (0005e600)     _RomPrefetchRegs

0005f000    17c0 (0005f000)     _DcsmZ1Regs

0005f040    17c1 (0005f040)     _DcsmZ2Regs
0005f070    17c1 (0005f040)     _DcsmCommonRegs

0005f400    17d0 (0005f400)     _MemCfgRegs

0005f480    17d2 (0005f480)     _Emif1ConfigRegs
0005f4a0    17d2 (0005f480)     _Emif2ConfigRegs

0005f4c0    17d3 (0005f4c0)     _AccessProtectionRegs

0005f500    17d4 (0005f500)     _MemoryErrorRegs

0005f540    17d5 (0005f540)     _RomWaitStateRegs

0005f800    17e0 (0005f800)     _Flash0CtrlRegs

0005fb00    17ec (0005fb00)     _Flash0EccRegs

0005fc00    17f0 (0005fc00)     _Flash1CtrlRegs

0005ff00    17fc (0005ff00)     _Flash1EccRegs

00078000    1e00 (00078000)     _DcsmZ1Otp

00078200    1e08 (00078200)     _DcsmZ2Otp


GLOBAL SYMBOLS: SORTED ALPHABETICALLY BY Name 

page  address   name                                  
----  -------   ----                                  
0     00013000  .text                                 
0     00017d61  C$$EXIT                               
0     00017ad5  FS$$DIV                               
0     00017e44  U$$DIV                                
0     00017e49  U$$MOD                                
0     000130d9  _ADCA1_ISR                            
0     000143d5  _ADCA2_ISR                            
0     0001440f  _ADCA3_ISR                            
0     0001443d  _ADCA4_ISR                            
0     0001439b  _ADCA_EVT_ISR                         
0     00013113  _ADCB1_ISR                            
0     000144a5  _ADCB2_ISR                            
0     000144df  _ADCB3_ISR                            
0     00014519  _ADCB4_ISR                            
0     0001446b  _ADCB_EVT_ISR                         
0     0001314d  _ADCC1_ISR                            
0     0001458d  _ADCC2_ISR                            
0     000145c7  _ADCC3_ISR                            
0     00014601  _ADCC4_ISR                            
0     00014553  _ADCC_EVT_ISR                         
0     000131ef  _ADCD1_ISR                            
0     00014675  _ADCD2_ISR                            
0     000146af  _ADCD3_ISR                            
0     000146e9  _ADCD4_ISR                            
0     0001463b  _ADCD_EVT_ISR                         
0     00015b37  _ADC_Init                             
0     00015c8d  _ADC_Update                           
0     00014b59  _AUX_PLL_SLIP_ISR                     
1     0005f4c0  _AccessProtectionRegs                 
1     00007400  _AdcaRegs                             
1     00000b00  _AdcaResultRegs                       
1     00007480  _AdcbRegs                             
1     00000b20  _AdcbResultRegs                       
1     00007500  _AdccRegs                             
1     00000b40  _AdccResultRegs                       
1     00007580  _AdcdRegs                             
1     00000b60  _AdcdResultRegs                       
0     00015848  _All_DFED_Update                      
0     00015856  _All_Mode_Change                      
0     0001582f  _All_PWM_CLEAR                        
0     00016a2c  _All_Update_Freq                      
1     0005d180  _AnalogSubsysRegs                     
0     00017315  _AuxAuxClkSel                         
0     000172ff  _AuxIntOsc2Sel                        
0     00017309  _AuxXtalOscSel                        
0     000142b3  _CANA0_ISR                            
0     000142ed  _CANA1_ISR                            
0     00014327  _CANB0_ISR                            
0     00014361  _CANB1_ISR                            
0     00016a57  _CAN_Init                             
0     00016aa4  _CAN_Transmit                         
0     00014723  _CLA1_1_ISR                           
0     0001475d  _CLA1_2_ISR                           
0     00014797  _CLA1_3_ISR                           
0     000147c5  _CLA1_4_ISR                           
0     000147f3  _CLA1_5_ISR                           
0     0001482d  _CLA1_6_ISR                           
0     00014867  _CLA1_7_ISR                           
0     000148a1  _CLA1_8_ISR                           
0     00014b93  _CLA_OVERFLOW_ISR                     
0     00014bcd  _CLA_UNDERFLOW_ISR                    
0     00013aff  _CLB1_ISR                             
0     00013b39  _CLB2_ISR                             
0     00013b73  _CLB3_ISR                             
0     00013bad  _CLB4_ISR                             
1     00048000  _CanaRegs                             
1     0004a000  _CanbRegs                             
1     00001400  _Cla1Regs                             
0     00000ce0  _Cla1SoftIntRegs                      
1     0005d200  _ClkCfgRegs                           
1     00005c80  _Cmpss1Regs                           
1     00005ca0  _Cmpss2Regs                           
1     00005cc0  _Cmpss3Regs                           
1     00005ce0  _Cmpss4Regs                           
1     00005d00  _Cmpss5Regs                           
1     00005d20  _Cmpss6Regs                           
1     00005d40  _Cmpss7Regs                           
1     00005d60  _Cmpss8Regs                           
0     00017b9e  _ConfigCpuTimer                       
1     0005d300  _CpuSysRegs                           
1     0000ab90  _CpuTimer0                            
1     00000c00  _CpuTimer0Regs                        
1     0000ab80  _CpuTimer1                            
1     00000c08  _CpuTimer1Regs                        
1     0000ab88  _CpuTimer2                            
1     00000c10  _CpuTimer2Regs                        
0     000172be  _CsmUnlock                            
0     0001301a  _DATALOG_ISR                          
0     00013e9f  _DMA_CH1_ISR                          
0     00013ed9  _DMA_CH2_ISR                          
0     00013f13  _DMA_CH3_ISR                          
0     00013f4d  _DMA_CH4_ISR                          
0     00013f87  _DMA_CH5_ISR                          
0     00013fc1  _DMA_CH6_ISR                          
1     00005c00  _DacaRegs                             
1     00005c10  _DacbRegs                             
1     00005c20  _DaccRegs                             
1     0005f070  _DcsmCommonRegs                       
1     00078000  _DcsmZ1Otp                            
1     0005f000  _DcsmZ1Regs                           
1     00078200  _DcsmZ2Otp                            
1     0005f040  _DcsmZ2Regs                           
1     0005d000  _DevCfgRegs                           
0     00017122  _DisableDog                           
0     00017066  _DisablePeripheralClocks              
1     00007980  _DmaClaSrcSelRegs                     
1     00001000  _DmaRegs                              
0     000138f5  _ECAP1_ISR                            
0     0001392f  _ECAP2_ISR                            
0     00013969  _ECAP3_ISR                            
0     000139a3  _ECAP4_ISR                            
0     000139dd  _ECAP5_ISR                            
0     00013a17  _ECAP6_ISR                            
1     00005000  _ECap1Regs                            
1     00005020  _ECap2Regs                            
1     00005040  _ECap3Regs                            
1     00005060  _ECap4Regs                            
1     00005080  _ECap5Regs                            
1     000050a0  _ECap6Regs                            
0     00014a37  _EMIF_ERROR_ISR                       
0     00013034  _EMU_ISR                              
0     00013847  _EPWM10_ISR                           
0     0001358f  _EPWM10_TZ_ISR                        
0     00013881  _EPWM11_ISR                           
0     000135c9  _EPWM11_TZ_ISR                        
0     000138bb  _EPWM12_ISR                           
0     00013603  _EPWM12_TZ_ISR                        
0     0001363d  _EPWM1_ISR                            
0     00013385  _EPWM1_TZ_ISR                         
0     00013677  _EPWM2_ISR                            
0     000133bf  _EPWM2_TZ_ISR                         
0     000136b1  _EPWM3_ISR                            
0     000133f9  _EPWM3_TZ_ISR                         
0     000136eb  _EPWM4_ISR                            
0     00013433  _EPWM4_TZ_ISR                         
0     00013725  _EPWM5_ISR                            
0     0001346d  _EPWM5_TZ_ISR                         
0     0001375f  _EPWM6_ISR                            
0     000134a7  _EPWM6_TZ_ISR                         
0     00013799  _EPWM7_ISR                            
0     000134e1  _EPWM7_TZ_ISR                         
0     000137d3  _EPWM8_ISR                            
0     0001351b  _EPWM8_TZ_ISR                         
0     0001380d  _EPWM9_ISR                            
0     00013555  _EPWM9_TZ_ISR                         
1     00004900  _EPwm10Regs                           
1     00004a00  _EPwm11Regs                           
1     00004b00  _EPwm12Regs                           
1     00004000  _EPwm1Regs                            
1     00004100  _EPwm2Regs                            
1     00004200  _EPwm3Regs                            
1     00004300  _EPwm4Regs                            
1     00004400  _EPwm5Regs                            
1     00004500  _EPwm6Regs                            
1     00004600  _EPwm7Regs                            
1     00004700  _EPwm8Regs                            
1     00004800  _EPwm9Regs                            
1     00007a00  _EPwmXbarRegs                         
0     00013a51  _EQEP1_ISR                            
0     00013a8b  _EQEP2_ISR                            
0     00013ac5  _EQEP3_ISR                            
1     00005100  _EQep1Regs                            
1     00005140  _EQep2Regs                            
1     00005180  _EQep3Regs                            
1     0005f480  _Emif1ConfigRegs                      
1     00047000  _Emif1Regs                            
1     0005f4a0  _Emif2ConfigRegs                      
1     00047800  _Emif2Regs                            
1     00000d01  _EmuBMode                             
1     00000d00  _EmuKey                               
0     00017da9  _EnableInterrupts                     
0     00017e62  _F28x_usDelay                         
0     00015667  _FED_Cal                              
0     00014aab  _FLASH_CORRECTABLE_ERROR_ISR          
0     000149c3  _FPU_OVERFLOW_ISR                     
0     000149fd  _FPU_UNDERFLOW_ISR                    
0     0001759c  _Fault_Check                          
1     0005f800  _Flash0CtrlRegs                       
1     0005fb00  _Flash0EccRegs                        
1     0005fc00  _Flash1CtrlRegs                       
1     0005ff00  _Flash1EccRegs                        
0     000170d0  _FlashOff_Bank0                       
0     000170de  _FlashOff_Bank1                       
1     00050024  _FlashPumpSemaphoreRegs               
0     00017d19  _Fualt_isr                            
0     00017551  _GPIO_EnableUnbondedIOPullups         
0     0001752c  _GPIO_EnableUnbondedIOPullupsFor100Pin
0     00017513  _GPIO_EnableUnbondedIOPullupsFor176Pin
0     00017a1f  _GPIO_Init                            
0     00017a9e  _GPIO_Interrupt_Set                   
0     00017567  _GPIO_ReadPin                         
0     000174b8  _GPIO_SetupLock                       
0     00017398  _GPIO_SetupPinMux                     
0     00017424  _GPIO_SetupPinOptions                 
0     000174e1  _GPIO_SetupXINT1Gpio                  
0     000174eb  _GPIO_SetupXINT2Gpio                  
0     000174f5  _GPIO_SetupXINT3Gpio                  
0     000174ff  _GPIO_SetupXINT4Gpio                  
0     00017509  _GPIO_SetupXINT5Gpio                  
0     0001757e  _GPIO_WritePin                        
1     00007c00  _GpioCtrlRegs                         
1     00007f00  _GpioDataRegs                         
0     00017333  _HALT                                 
0     00017344  _HIB                                  
0     00014035  _I2CA_FIFO_ISR                        
0     00013ffb  _I2CA_ISR                             
0     000140a9  _I2CB_FIFO_ISR                        
0     0001406f  _I2CB_ISR                             
1     00007300  _I2caRegs                             
1     00007340  _I2cbRegs                             
0     0001731f  _IDLE                                 
0     0001304a  _ILLEGAL_ISR                          
0     00014c11  _INT_NOTUSED_ISR                      
0     0001329d  _IPC0_ISR                             
0     000132d7  _IPC1_ISR                             
0     00013311  _IPC2_ISR                             
0     0001334b  _IPC3_ISR                             
1     0000ab42  _ISRTrace                             
1     0000ab40  _ISRTraceIndex                        
0     000171f6  _InitAuxPll                           
0     00017ca3  _InitCAN                              
0     00017b5d  _InitCpuTimers                        
0     0001790b  _InitEPwm10Gpio                       
0     00017925  _InitEPwm11Gpio                       
0     00017939  _InitEPwm12Gpio                       
0     00017859  _InitEPwm1Gpio                        
0     0001786b  _InitEPwm2Gpio                        
0     0001787d  _InitEPwm3Gpio                        
0     00017891  _InitEPwm4Gpio                        
0     000178a5  _InitEPwm5Gpio                        
0     000178b7  _InitEPwm6Gpio                        
0     000178c9  _InitEPwm7Gpio                        
0     000178dd  _InitEPwm8Gpio                        
0     000178f1  _InitEPwm9Gpio                        
0     00017840  _InitEPwmGpio                         
0     0001707e  _InitFlash_Bank0                      
0     000170a7  _InitFlash_Bank1                      
0     00017358  _InitGpio                             
0     00016fe2  _InitPeripheralClocks                 
0     00017d8a  _InitPieCtrl                          
0     00017db2  _InitPieVectTable                     
0     00016fb1  _InitSysCtrl                          
0     00017130  _InitSysPll                           
0     000157fb  _Initialize_duty_and_DFED_values      
1     00007900  _InputXbarRegs                        
0     00015352  _Limiter                              
0     00013d43  _MCBSPA_RX_ISR                        
0     00013d7d  _MCBSPA_TX_ISR                        
0     00013db7  _MCBSPB_RX_ISR                        
0     00013df1  _MCBSPB_TX_ISR                        
0     00014c25  _MODE_Init                            
1     00006000  _McbspaRegs                           
1     00006040  _McbspbRegs                           
1     0005f400  _MemCfgRegs                           
1     0005f500  _MemoryErrorRegs                      
0     0001643f  _Mode_Change                          
0     0001303f  _NMI_ISR                              
1     00007060  _NmiIntruptRegs                       
1     00007a80  _OutputXbarRegs                       
0     00017cef  _Over_Current_isr                     
0     00017d04  _Over_Volt_isr                        
0     000152de  _PIDcon                               
0     00014c07  _PIE_RESERVED_ISR                     
0     000152a0  _PIcon                                
0     000163d9  _PWM_CLEAR                            
0     00016512  _PWM_Init                             
0     00014ccf  _PWM_MODE                             
0     000158a7  _PWM_Mode_Selection                   
0     000175cd  _PWM_Update                           
1     00000ce0  _PieCtrlRegs                          
1     00000d00  _PieVectTable                         
0     0000abb0  _PieVectTableInit                     
0     00014ae5  _RAM_ACCESS_VIOLATION_ISR             
0     00014a71  _RAM_CORRECTABLE_ERROR_ISR            
0     00013027  _RTOS_ISR                             
0     0001710a  _ReleaseFlashPump                     
1     0005e608  _RomPrefetchRegs                      
1     0005f540  _RomWaitStateRegs                     
0     000141cb  _SCIA_RX_ISR                          
0     00014205  _SCIA_TX_ISR                          
0     0001423f  _SCIB_RX_ISR                          
0     00014279  _SCIB_TX_ISR                          
0     000140e3  _SCIC_RX_ISR                          
0     0001411d  _SCIC_TX_ISR                          
0     00014157  _SCID_RX_ISR                          
0     00014191  _SCID_TX_ISR                          
0     00013be7  _SD1_ISR                              
0     00013c21  _SD2_ISR                              
0     00013c5b  _SPIA_RX_ISR                          
0     00013c95  _SPIA_TX_ISR                          
0     00013ccf  _SPIB_RX_ISR                          
0     00013d09  _SPIB_TX_ISR                          
0     00013e2b  _SPIC_RX_ISR                          
0     00013e65  _SPIC_TX_ISR                          
0     00017328  _STANDBY                              
0     00014b1f  _SYS_PLL_SLIP_ISR                     
1     00007200  _SciaRegs                             
1     00007210  _ScibRegs                             
1     00007220  _ScicRegs                             
1     00007230  _ScidRegs                             
1     00005e00  _Sdfm1Regs                            
1     00005e80  _Sdfm2Regs                            
0     000170ec  _SeizeFlashPump_Bank0                 
0     000170fb  _SeizeFlashPump_Bank1                 
0     00017114  _ServiceDog                           
0     00017e66  _SetDBGIER                            
0     00015897  _Set_All_DFED                         
0     00015887  _Set_All_Duty                         
1     00006100  _SpiaRegs                             
1     00006110  _SpibRegs                             
1     00006120  _SpicRegs                             
1     00007940  _SyncSocRegs                          
0     000172df  _SysIntOsc1Sel                        
0     000172e9  _SysIntOsc2Sel                        
0     000172f3  _SysXtalOscSel                        
0     00013229  _TIMER0_ISR                           
0     00013000  _TIMER1_ISR                           
0     0001300d  _TIMER2_ISR                           
0     000175d6  _Temp_fault_Check                     
0     00017e4f  _Timer_Init                           
0     000130b8  _USER10_ISR                           
0     000130c3  _USER11_ISR                           
0     000130ce  _USER12_ISR                           
0     00013055  _USER1_ISR                            
0     00013060  _USER2_ISR                            
0     0001306b  _USER3_ISR                            
0     00013076  _USER4_ISR                            
0     00013081  _USER5_ISR                            
0     0001308c  _USER6_ISR                            
0     00013097  _USER7_ISR                            
0     000130a2  _USER8_ISR                            
0     000130ad  _USER9_ISR                            
0     00016cb9  _Update_CAN_Get_Data                  
1     00006200  _UppRegs                              
0     00014989  _VCU_ISR                              
0     00013263  _WAKE_ISR                             
1     00007000  _WdRegs                               
0     00013187  _XINT1_ISR                            
0     000131b5  _XINT2_ISR                            
0     000148db  _XINT3_ISR                            
0     00014915  _XINT4_ISR                            
0     0001494f  _XINT5_ISR                            
1     00007920  _XbarRegs                             
1     00007070  _XintRegs                             
1     00000800  __STACK_END                           
abs   00000400  __STACK_SIZE                          
1     0000a9fc  ___TI_cleanup_ptr                     
1     0000a9fe  ___TI_dtors_ptr                       
1     0000a9fa  ___TI_enable_exit_profile_output      
abs   ffffffff  ___TI_pprof_out_hndl                  
abs   ffffffff  ___TI_prof_data_size                  
abs   ffffffff  ___TI_prof_data_start                 
abs   ffffffff  ___binit__                            
abs   ffffffff  ___c_args__                           
0     00000122  ___cinit__                            
0     00017e6c  ___etext__                            
abs   ffffffff  ___pinit__                            
0     00013000  ___text__                             
0     00017e1a  __args_main                           
1     0000ab7e  __lock                                
0     00017e61  __nop                                 
0     00017e5d  __register_lock                       
0     00017e59  __register_unlock                     
1     00000400  __stack                               
0     00017e6b  __system_post_cinit                   
0     00017e69  __system_pre_init                     
1     0000abac  __unlock                              
0     00017d61  _abort                                
0     0001794c  _adc_isr                              
0     00015331  _antiwindup                           
0     000163c4  _avg_cal                              
1     0000a803  _b8_Temp_fault                        
1     0000ab98  _b_CANgetData                         
0     00017c4d  _c_int00                              
1     0000a804  _checkFault                           
0     0008023d  _cinit_loadstart                      
0     00000122  _cinit_runstart                       
abs   0000005a  _cinit_size                           
0     000160da  _conf_ADC_A                           
0     0001619b  _conf_ADC_B                           
0     00016212  _conf_ADC_C                           
0     00016271  _conf_ADC_D                           
0     0001658d  _conf_ePWM                            
0     00017dd8  _copy_in                              
1     0000a9e0  _ePWM_Regs                            
0     00080002  _econst_loadstart                     
0     0000abb0  _econst_runstart                      
abs   0000023b  _econst_size                          
1     0000abaf  _errno                                
0     00017d63  _exit                                 
1     0000aa1a  _f_Dff                                
1     0000aa28  _f_Freq                               
1     0000aa32  _f_Iref                               
1     0000aa1c  _f_PIconout                           
1     0000aa2c  _f_Target_V                           
1     0000aa1e  _f_VHref                              
1     0000a810  _f_Vin_sen1                           
1     0000a80e  _f_Vin_sen2                           
1     0000a81c  _f_Vout_sen1                          
1     0000a81a  _f_Vout_sen2                          
1     0000aa22  _f_duty_startup                       
1     0000aa26  _f_fed_set                            
1     0000aa2a  _f_fed_startup                        
1     0000aa20  _f_open_loop_duty                     
1     0000aa24  _f_power                              
1     0000a820  _f_scaleI                             
1     0000a81e  _f_scaleVin                           
1     0000a818  _f_scaleVout                          
1     0000a80c  _fg_Vin1                              
1     0000a816  _fg_Vin2                              
1     0000a812  _fg_Vout1                             
1     0000a814  _fg_Vout2                             
0     000153ab  _firstLPF                             
0     000169dc  _forceOFFPWM                          
0     0001536b  _get1stLPFcoef                        
0     00016ee9  _getCANMessage                        
0     000163ae  _getScaleGain                         
1     0000ab41  _i                                    
0     00017e33  _local_WAKE_ISR                       
0     00017715  _log                                  
0     000162f2  _log_e_calculation                    
0     00017715  _logf                                 
0     00017bd9  _main                                 
0     00017dfc  _memcpy                               
1     0000ab9a  _messageSize                          
0     0001562c  _phase_cnt_change                     
0     000153e9  _phase_cnt_update                     
0     00000122  _pinit_loadstart                      
0     00000122  _pinit_runstart                       
abs   00000000  _pinit_size                           
0     000153d9  _resetError                           
0     00014c1b  _rsvd_ISR                             
0     0001631a  _scaleADC                             
0     0001632b  _scaleADC_I                           
0     00016e25  _sendCANMessage                       
0     00016ad1  _sendCANMsg_ID_1                      
0     00016b44  _sendCANMsg_ID_2                      
0     00016bcf  _sendCANMsg_ID_3                      
0     00016c2e  _sendCANMsg_ID_4                      
0     00016d43  _setCANBitRate                        
0     00016db7  _setupMessageObject                   
1     0000a980  _st_Current_LPF                       
1     0000a940  _st_Current_Sens                      
1     0000a970  _st_Temp_Delta                        
1     0000a960  _st_Temp_Previous                     
1     0000a990  _st_Temperature                       
1     0000aa68  _st_coefLPF_Dff                       
1     0000a82e  _st_coefLPF_Isen                      
1     0000a836  _st_coefLPF_Vsen                      
1     0000ab00  _st_eI                                
1     0000aa36  _st_eVH                               
1     0000aa48  _st_eVL                               
1     0000aa60  _st_kI                                
1     0000aa58  _st_kVH                               
1     0000aa40  _st_kVL                               
1     0000aa50  _st_phases                            
1     0000aa80  _st_pwm_DFED                          
1     0000aaa0  _st_pwm_Dhat                          
1     0000aa90  _st_pwm_duty                          
1     0000aa2e  _st_zDff                              
1     0000a9c0  _st_zIL                               
1     0000a9a0  _st_zTsen                             
1     0000a950  _st_zVsen                             
0     00000122  _switch_loadstart                     
0     00000122  _switch_runstart                      
abs   00000000  _switch_size                          
0     00015a31  _switch_to_Mode_A                     
0     00015a52  _switch_to_Mode_B                     
0     000159fa  _switch_to_Mode_B_EVEN                
0     000159c5  _switch_to_Mode_B_ODD                 
0     00015a89  _switch_to_Mode_C                     
0     00015ad6  _switch_to_Mode_D                     
0     00088000  _text_loadstart                       
0     00013000  _text_runstart                        
abs   00004e6c  _text_size                            
0     00017d2e  _timer_isr                            
1     0000a840  _u16_ADC_A                            
1     0000a825  _u16_ADC_B                            
1     0000a822  _u16_ADC_C                            
1     0000a829  _u16_ADC_D                            
1     0000a914  _u16_IL_1                             
1     0000a8de  _u16_IL_2                             
1     0000a8d4  _u16_IL_3                             
1     0000a90a  _u16_IL_4                             
1     0000a85c  _u16_IL_5                             
1     0000a866  _u16_IL_6                             
1     0000a848  _u16_IL_7                             
1     0000a852  _u16_IL_8                             
1     0000a88a  _u16_In_V_1                           
1     0000a8e8  _u16_In_V_2                           
1     0000a870  _u16_Out_V_1                          
1     0000a880  _u16_Out_V_2                          
1     0000a8c0  _u16_Temp_1                           
1     0000a8b2  _u16_Temp_2                           
1     0000a900  _u16_Temp_3                           
1     0000a89e  _u16_Temp_4                           
1     0000a894  _u16_Temp_5                           
1     0000a8ca  _u16_Temp_6                           
1     0000a8a8  _u16_Temp_7                           
1     0000a8f2  _u16_Temp_8                           
1     0000ab77  _u16_Timer1IsrCnt                     
1     0000ab76  _u16_TimerMicroSecCnt                 
1     0000a806  _u16_adcIsrCnt                        
1     0000a807  _u16_adcWaitingCNT_A                  
1     0000a809  _u16_adcWaitingCNT_B                  
1     0000a80a  _u16_adcWaitingCNT_C                  
1     0000a801  _u16_adcWaitingCNT_D                  
1     0000aa15  _u16_adc_cal_index                    
1     0000a808  _u16_avg_temp_value                   
1     0000aa0f  _u16_counter_EVEN                     
1     0000aa0e  _u16_counter_ODD                      
1     0000a91e  _u16g_ADC                             
1     0000a92a  _u16g_adcoffset                       
1     0000ab74  _u16g_time_milliseconds               
1     0000aac0  _u32_adc_sum                          
1     0000aa14  _u8_Duty_Apply                        
1     0000aa0b  _u8_MODE_B_EVEN_flag                  
1     0000aa0c  _u8_MODE_B_ODD_flag                   
1     0000aa08  _u8_Mode_A_flag                       
1     0000aa01  _u8_Mode_B_flag                       
1     0000aa00  _u8_Mode_C_flag                       
1     0000aa02  _u8_Mode_D_flag                       
1     0000aa18  _u8_Phase_Upate                       
1     0000aa0d  _u8_Standby_flag                      
1     0000aa13  _u8_Update_freq                       
1     0000a800  _u8_adc_update_start                  
1     0000aa12  _u8_boost_mode                        
1     0000aa11  _u8_cntReset                          
1     0000a802  _u8_counter                           
1     0000aa09  _u8_duty_cycles                       
1     0000aa03  _u8_goRUN                             
1     0000aa10  _u8_j                                 
1     0000ab78  _u8_one_second_mode                   
1     0000aa70  _u8_phase_list                        
1     0000ab99  _u8_previous_sw_state                 
1     0000aa0a  _u8_resetFault                        
1     0000abae  _u8_sleep_ON                          
1     0000aa07  _u8_start_up_counter                  
1     0000aa04  _u8_type_cyclic                       
1     0000ab7a  _u8g_CAN_transmit                     
1     0000aa17  _u8g_Close_Loop                       
1     0000aa06  _u8g_IG_ON                            
1     0000aa05  _u8g_Phase_Selection_timer            
1     0000ab75  _u8g_Test_Time                        
1     0000ab7c  _u8g_driver_fault                     
1     0000ab79  _u8g_mode_change                      
1     0000aa16  _u8g_operationMode                    
1     0000ab7b  _u8g_over_current_fault               
1     0000ab7d  _u8g_over_volt_fault                  
1     0000a805  _u8g_pwm_mode_start                   
1     0000aba4  _ucRXMsgData                          
1     0000ab9c  _ucTXMsgData                          
0     00016957  _updateDeadtime                       
0     000166bb  _updateDuty                           
0     00016703  _updateDuty_On_Off                    
0     000169a6  _updateFED_Deadtime                   
0     0001689d  _updateFreq                           
0     000168ba  _updateFreq_wide                      
0     00016827  _updatePhase                          
abs   ffffffff  binit                                 
0     00000122  cinit                                 
0     00080000  code_start                            
0     00082000  copy_sections                         
0     00017e6c  etext                                 
abs   ffffffff  pinit                                 


GLOBAL SYMBOLS: SORTED BY Symbol Address 

page  address   name                                  
----  -------   ----                                  
0     00000122  ___cinit__                            
0     00000122  _cinit_runstart                       
0     00000122  _pinit_loadstart                      
0     00000122  _pinit_runstart                       
0     00000122  _switch_loadstart                     
[...]
0     000169a6  _updateFED_Deadtime                   
0     000169dc  _forceOFFPWM                          
0     00016a2c  _All_Update_Freq                      
0     00016a57  _CAN_Init                             
0     00016aa4  _CAN_Transmit                         
0     00016ad1  _sendCANMsg_ID_1                      
0     00016b44  _sendCANMsg_ID_2                      
0     00016bcf  _sendCANMsg_ID_3                      
0     00016c2e  _sendCANMsg_ID_4                      
0     00016cb9  _Update_CAN_Get_Data                  
0     00016d43  _setCANBitRate                        
0     00016db7  _setupMessageObject                   
0     00016e25  _sendCANMessage                       
0     00016ee9  _getCANMessage                        
0     00016fb1  _InitSysCtrl                          
0     00016fe2  _InitPeripheralClocks                 
0     00017066  _DisablePeripheralClocks              
0     0001707e  _InitFlash_Bank0                      
0     000170a7  _InitFlash_Bank1                      
0     000170d0  _FlashOff_Bank0                       
0     000170de  _FlashOff_Bank1                       
0     000170ec  _SeizeFlashPump_Bank0                 
0     000170fb  _SeizeFlashPump_Bank1                 
0     0001710a  _ReleaseFlashPump                     
0     00017114  _ServiceDog                           
0     00017122  _DisableDog                           
0     00017130  _InitSysPll                           
0     000171f6  _InitAuxPll                           
0     000172be  _CsmUnlock                            
0     000172df  _SysIntOsc1Sel                        
0     000172e9  _SysIntOsc2Sel                        
0     000172f3  _SysXtalOscSel                        
0     000172ff  _AuxIntOsc2Sel                        
0     00017309  _AuxXtalOscSel                        
0     00017315  _AuxAuxClkSel                         
0     0001731f  _IDLE                                 
0     00017328  _STANDBY                              
0     00017333  _HALT                                 
0     00017344  _HIB                                  
0     00017358  _InitGpio                             
0     00017398  _GPIO_SetupPinMux                     
0     00017424  _GPIO_SetupPinOptions                 
0     000174b8  _GPIO_SetupLock                       
0     000174e1  _GPIO_SetupXINT1Gpio                  
0     000174eb  _GPIO_SetupXINT2Gpio                  
0     000174f5  _GPIO_SetupXINT3Gpio                  
0     000174ff  _GPIO_SetupXINT4Gpio                  
0     00017509  _GPIO_SetupXINT5Gpio                  
0     00017513  _GPIO_EnableUnbondedIOPullupsFor176Pin
0     0001752c  _GPIO_EnableUnbondedIOPullupsFor100Pin
0     00017551  _GPIO_EnableUnbondedIOPullups         
0     00017567  _GPIO_ReadPin                         
0     0001757e  _GPIO_WritePin                        
0     0001759c  _Fault_Check                          
0     000175cd  _PWM_Update                           
0     000175d6  _Temp_fault_Check                     
0     00017715  _log                                  
0     00017715  _logf                                 
0     00017840  _InitEPwmGpio                         
0     00017859  _InitEPwm1Gpio                        
0     0001786b  _InitEPwm2Gpio                        
0     0001787d  _InitEPwm3Gpio                        
0     00017891  _InitEPwm4Gpio                        
0     000178a5  _InitEPwm5Gpio                        
0     000178b7  _InitEPwm6Gpio                        
0     000178c9  _InitEPwm7Gpio                        
0     000178dd  _InitEPwm8Gpio                        
0     000178f1  _InitEPwm9Gpio                        
0     0001790b  _InitEPwm10Gpio                       
0     00017925  _InitEPwm11Gpio                       
0     00017939  _InitEPwm12Gpio                       
0     0001794c  _adc_isr                              
0     00017a1f  _GPIO_Init                            
0     00017a9e  _GPIO_Interrupt_Set                   
0     00017ad5  FS$$DIV                               
0     00017b5d  _InitCpuTimers                        
0     00017b9e  _ConfigCpuTimer                       
0     00017bd9  _main                                 
0     00017c4d  _c_int00                              
0     00017ca3  _InitCAN                              
0     00017cef  _Over_Current_isr                     
0     00017d04  _Over_Volt_isr                        
0     00017d19  _Fualt_isr                            
0     00017d2e  _timer_isr                            
0     00017d61  C$$EXIT                               
0     00017d61  _abort                                
0     00017d63  _exit                                 
0     00017d8a  _InitPieCtrl                          
0     00017da9  _EnableInterrupts                     
0     00017db2  _InitPieVectTable                     
0     00017dd8  _copy_in                              
0     00017dfc  _memcpy                               
0     00017e1a  __args_main                           
0     00017e33  _local_WAKE_ISR                       
0     00017e44  U$$DIV                                
0     00017e49  U$$MOD                                
0     00017e4f  _Timer_Init                           
0     00017e59  __register_unlock                     
0     00017e5d  __register_lock                       
0     00017e61  __nop                                 
0     00017e62  _F28x_usDelay                         
0     00017e66  _SetDBGIER                            
0     00017e69  __system_pre_init                     
0     00017e6b  __system_post_cinit                   
0     00017e6c  ___etext__                            
0     00017e6c  etext                                 
0     00080000  code_start                            
0     00080002  _econst_loadstart                     
0     0008023d  _cinit_loadstart                      
0     00082000  copy_sections                         
0     00088000  _text_loadstart                       
1     00000400  __stack                               
1     00000800  __STACK_END                           
1     00000b00  _AdcaResultRegs                       
1     00000b20  _AdcbResultRegs                       
1     00000b40  _AdccResultRegs                       
1     00000b60  _AdcdResultRegs                       
1     00000c00  _CpuTimer0Regs                        
1     00000c08  _CpuTimer1Regs                        
1     00000c10  _CpuTimer2Regs                        
1     00000ce0  _PieCtrlRegs                          
1     00000d00  _EmuKey                               
1     00000d00  _PieVectTable                         
1     00000d01  _EmuBMode                             
1     00001000  _DmaRegs                              
1     00001400  _Cla1Regs                             
1     00004000  _EPwm1Regs                            
1     00004100  _EPwm2Regs                            
1     00004200  _EPwm3Regs                            
1     00004300  _EPwm4Regs                            
1     00004400  _EPwm5Regs                            
1     00004500  _EPwm6Regs                            
1     00004600  _EPwm7Regs                            
1     00004700  _EPwm8Regs                            
1     00004800  _EPwm9Regs                            
1     00004900  _EPwm10Regs                           
1     00004a00  _EPwm11Regs                           
1     00004b00  _EPwm12Regs                           
1     00005000  _ECap1Regs                            
1     00005020  _ECap2Regs                            
1     00005040  _ECap3Regs                            
1     00005060  _ECap4Regs                            
1     00005080  _ECap5Regs                            
1     000050a0  _ECap6Regs                            
1     00005100  _EQep1Regs                            
1     00005140  _EQep2Regs                            
1     00005180  _EQep3Regs                            
1     00005c00  _DacaRegs                             
1     00005c10  _DacbRegs                             
1     00005c20  _DaccRegs                             
1     00005c80  _Cmpss1Regs                           
1     00005ca0  _Cmpss2Regs                           
1     00005cc0  _Cmpss3Regs                           
1     00005ce0  _Cmpss4Regs                           
1     00005d00  _Cmpss5Regs                           
1     00005d20  _Cmpss6Regs                           
1     00005d40  _Cmpss7Regs                           
1     00005d60  _Cmpss8Regs                           
1     00005e00  _Sdfm1Regs                            
1     00005e80  _Sdfm2Regs                            
1     00006000  _McbspaRegs                           
1     00006040  _McbspbRegs                           
1     00006100  _SpiaRegs                             
1     00006110  _SpibRegs                             
1     00006120  _SpicRegs                             
1     00006200  _UppRegs                              
1     00007000  _WdRegs                               
1     00007060  _NmiIntruptRegs                       
1     00007070  _XintRegs                             
1     00007200  _SciaRegs                             
1     00007210  _ScibRegs                             
1     00007220  _ScicRegs                             
1     00007230  _ScidRegs                             
1     00007300  _I2caRegs                             
1     00007340  _I2cbRegs                             
1     00007400  _AdcaRegs                             
1     00007480  _AdcbRegs                             
1     00007500  _AdccRegs                             
1     00007580  _AdcdRegs                             
1     00007900  _InputXbarRegs                        
1     00007920  _XbarRegs                             
1     00007940  _SyncSocRegs                          
1     00007980  _DmaClaSrcSelRegs                     
1     00007a00  _EPwmXbarRegs                         
1     00007a80  _OutputXbarRegs                       
1     00007c00  _GpioCtrlRegs                         
1     00007f00  _GpioDataRegs                         
1     0000a800  _u8_adc_update_start                  
1     0000a801  _u16_adcWaitingCNT_D                  
1     0000a802  _u8_counter                           
1     0000a803  _b8_Temp_fault                        
1     0000a804  _checkFault                           
1     0000a805  _u8g_pwm_mode_start                   
1     0000a806  _u16_adcIsrCnt                        
1     0000a807  _u16_adcWaitingCNT_A                  
1     0000a808  _u16_avg_temp_value                   
1     0000a809  _u16_adcWaitingCNT_B                  
1     0000a80a  _u16_adcWaitingCNT_C                  
1     0000a80c  _fg_Vin1                              
1     0000a80e  _f_Vin_sen2                           
1     0000a810  _f_Vin_sen1                           
1     0000a812  _fg_Vout1                             
1     0000a814  _fg_Vout2                             
1     0000a816  _fg_Vin2                              
1     0000a818  _f_scaleVout                          
1     0000a81a  _f_Vout_sen2                          
1     0000a81c  _f_Vout_sen1                          
1     0000a81e  _f_scaleVin                           
1     0000a820  _f_scaleI                             
1     0000a822  _u16_ADC_C                            
1     0000a825  _u16_ADC_B                            
1     0000a829  _u16_ADC_D                            
1     0000a82e  _st_coefLPF_Isen                      
1     0000a836  _st_coefLPF_Vsen                      
1     0000a840  _u16_ADC_A                            
1     0000a848  _u16_IL_7                             
1     0000a852  _u16_IL_8                             
1     0000a85c  _u16_IL_5                             
1     0000a866  _u16_IL_6                             
1     0000a870  _u16_Out_V_1                          
1     0000a880  _u16_Out_V_2                          
1     0000a88a  _u16_In_V_1                           
1     0000a894  _u16_Temp_5                           
1     0000a89e  _u16_Temp_4                           
1     0000a8a8  _u16_Temp_7                           
1     0000a8b2  _u16_Temp_2                           
1     0000a8c0  _u16_Temp_1                           
1     0000a8ca  _u16_Temp_6                           
1     0000a8d4  _u16_IL_3                             
1     0000a8de  _u16_IL_2                             
1     0000a8e8  _u16_In_V_2                           
1     0000a8f2  _u16_Temp_8                           
1     0000a900  _u16_Temp_3                           
1     0000a90a  _u16_IL_4                             
1     0000a914  _u16_IL_1                             
1     0000a91e  _u16g_ADC                             
1     0000a92a  _u16g_adcoffset                       
1     0000a940  _st_Current_Sens                      
1     0000a950  _st_zVsen                             
1     0000a960  _st_Temp_Previous                     
1     0000a970  _st_Temp_Delta                        
1     0000a980  _st_Current_LPF                       
1     0000a990  _st_Temperature                       
1     0000a9a0  _st_zTsen                             
1     0000a9c0  _st_zIL                               
1     0000a9e0  _ePWM_Regs                            
1     0000a9fa  ___TI_enable_exit_profile_output      
1     0000a9fc  ___TI_cleanup_ptr                     
1     0000a9fe  ___TI_dtors_ptr                       
1     0000aa00  _u8_Mode_C_flag                       
1     0000aa01  _u8_Mode_B_flag                       
1     0000aa02  _u8_Mode_D_flag                       
1     0000aa03  _u8_goRUN                             
1     0000aa04  _u8_type_cyclic                       
1     0000aa05  _u8g_Phase_Selection_timer            
1     0000aa06  _u8g_IG_ON                            
1     0000aa07  _u8_start_up_counter                  
1     0000aa08  _u8_Mode_A_flag                       
1     0000aa09  _u8_duty_cycles                       
1     0000aa0a  _u8_resetFault                        
1     0000aa0b  _u8_MODE_B_EVEN_flag                  
1     0000aa0c  _u8_MODE_B_ODD_flag                   
1     0000aa0d  _u8_Standby_flag                      
1     0000aa0e  _u16_counter_ODD                      
1     0000aa0f  _u16_counter_EVEN                     
1     0000aa10  _u8_j                                 
1     0000aa11  _u8_cntReset                          
1     0000aa12  _u8_boost_mode                        
1     0000aa13  _u8_Update_freq                       
1     0000aa14  _u8_Duty_Apply                        
1     0000aa15  _u16_adc_cal_index                    
1     0000aa16  _u8g_operationMode                    
1     0000aa17  _u8g_Close_Loop                       
1     0000aa18  _u8_Phase_Upate                       
1     0000aa1a  _f_Dff                                
1     0000aa1c  _f_PIconout                           
1     0000aa1e  _f_VHref                              
1     0000aa20  _f_open_loop_duty                     
1     0000aa22  _f_duty_startup                       
1     0000aa24  _f_power                              
1     0000aa26  _f_fed_set                            
1     0000aa28  _f_Freq                               
1     0000aa2a  _f_fed_startup                        
1     0000aa2c  _f_Target_V                           
1     0000aa2e  _st_zDff                              
1     0000aa32  _f_Iref                               
1     0000aa36  _st_eVH                               
1     0000aa40  _st_kVL                               
1     0000aa48  _st_eVL                               
1     0000aa50  _st_phases                            
1     0000aa58  _st_kVH                               
1     0000aa60  _st_kI                                
1     0000aa68  _st_coefLPF_Dff                       
1     0000aa70  _u8_phase_list                        
1     0000aa80  _st_pwm_DFED                          
1     0000aa90  _st_pwm_duty                          
1     0000aaa0  _st_pwm_Dhat                          
1     0000aac0  _u32_adc_sum                          
1     0000ab00  _st_eI                                
1     0000ab40  _ISRTraceIndex                        
1     0000ab41  _i                                    
1     0000ab42  _ISRTrace                             
1     0000ab74  _u16g_time_milliseconds               
1     0000ab75  _u8g_Test_Time                        
1     0000ab76  _u16_TimerMicroSecCnt                 
1     0000ab77  _u16_Timer1IsrCnt                     
1     0000ab78  _u8_one_second_mode                   
1     0000ab79  _u8g_mode_change                      
1     0000ab7a  _u8g_CAN_transmit                     
1     0000ab7b  _u8g_over_current_fault               
1     0000ab7c  _u8g_driver_fault                     
1     0000ab7d  _u8g_over_volt_fault                  
1     0000ab7e  __lock                                
1     0000ab80  _CpuTimer1                            
1     0000ab88  _CpuTimer2                            
1     0000ab90  _CpuTimer0                            
1     0000ab98  _b_CANgetData                         
1     0000ab99  _u8_previous_sw_state                 
1     0000ab9a  _messageSize                          
1     0000ab9c  _ucTXMsgData                          
1     0000aba4  _ucRXMsgData                          
1     0000abac  __unlock                              
1     0000abae  _u8_sleep_ON                          
1     0000abaf  _errno                                
1     00047000  _Emif1Regs                            
1     00047800  _Emif2Regs                            
1     00048000  _CanaRegs                             
1     0004a000  _CanbRegs                             
1     00050024  _FlashPumpSemaphoreRegs               
1     0005d000  _DevCfgRegs                           
1     0005d180  _AnalogSubsysRegs                     
1     0005d200  _ClkCfgRegs                           
1     0005d300  _CpuSysRegs                           
1     0005e608  _RomPrefetchRegs                      
1     0005f000  _DcsmZ1Regs                           
1     0005f040  _DcsmZ2Regs                           
1     0005f070  _DcsmCommonRegs                       
1     0005f400  _MemCfgRegs                           
1     0005f480  _Emif1ConfigRegs                      
1     0005f4a0  _Emif2ConfigRegs                      
1     0005f4c0  _AccessProtectionRegs                 
1     0005f500  _MemoryErrorRegs                      
1     0005f540  _RomWaitStateRegs                     
1     0005f800  _Flash0CtrlRegs                       
1     0005fb00  _Flash0EccRegs                        
1     0005fc00  _Flash1CtrlRegs                       
1     0005ff00  _Flash1EccRegs                        
1     00078000  _DcsmZ1Otp                            
1     00078200  _DcsmZ2Otp                            
abs   00000000  _pinit_size                           
abs   00000000  _switch_size                          
abs   0000005a  _cinit_size                           
abs   0000023b  _econst_size                          
abs   00000400  __STACK_SIZE                          
abs   00004e6c  _text_size                            
abs   ffffffff  ___TI_pprof_out_hndl                  
abs   ffffffff  ___TI_prof_data_size                  
abs   ffffffff  ___TI_prof_data_start                 
abs   ffffffff  ___binit__                            
abs   ffffffff  ___c_args__                           
abs   ffffffff  ___pinit__                            
abs   ffffffff  binit                                 
abs   ffffffff  pinit                                 

[565 symbols]
