<?xml version="1.0" encoding="ISO-8859-1" ?>
<link_info>
   <banner>TMS320C2000 Linker PC v18.1.1.LTS</banner>
   <copyright>Copyright (c) 1996-2017 Texas Instruments Incorporated</copyright>
   <link_time>0x5dd5fc19</link_time>
   <link_errors>0x0</link_errors>
   <output_file>YHTEC_BHDC_FLASH.out</output_file>
   <entry_point>
      <name>_c_int00</name>
      <address>0x17c4d</address>
   </entry_point>
   <input_file_list>
      <input_file id="fl-2">
         <path>.\Source\</path>
         <kind>object</kind>
         <file>ADC.obj</file>
         <name>ADC.obj</name>
      </input_file>
      <input_file id="fl-3">
         <path>.\Source\</path>
         <kind>object</kind>
         <file>ASW.obj</file>
         <name>ASW.obj</name>
      </input_file>
      <input_file id="fl-4">
         <path>.\Source\</path>
         <kind>object</kind>
         <file>CAN.obj</file>
         <name>CAN.obj</name>
      </input_file>
      <input_file id="fl-5">
         <path>.\Source\</path>
         <kind>object</kind>
         <file>GPIO.obj</file>
         <name>GPIO.obj</name>
      </input_file>
      <input_file id="fl-6">
         <path>.\Source\</path>
         <kind>object</kind>
         <file>MODE.obj</file>
         <name>MODE.obj</name>
      </input_file>
      <input_file id="fl-7">
         <path>.\Source\</path>
         <kind>object</kind>
         <file>PWM.obj</file>
         <name>PWM.obj</name>
      </input_file>
      <input_file id="fl-8">
         <path>.\Source\</path>
         <kind>object</kind>
         <file>Sleep.obj</file>
         <name>Sleep.obj</name>
      </input_file>
      <input_file id="fl-9">
         <path>.\Source\</path>
         <kind>object</kind>
         <file>TIMER.obj</file>
         <name>TIMER.obj</name>
      </input_file>
      <input_file id="fl-a">
         <path>.\Source\</path>
         <kind>object</kind>
         <file>main.obj</file>
         <name>main.obj</name>
      </input_file>
      <input_file id="fl-b">
         <path>.\Source\F2837xS_v210\</path>
         <kind>object</kind>
         <file>DSP28xxx_CodeStartBranch.obj</file>
         <name>DSP28xxx_CodeStartBranch.obj</name>
      </input_file>
      <input_file id="fl-c">
         <path>.\Source\F2837xS_v210\</path>
         <kind>object</kind>
         <file>DSP28xxx_SectionCopy_nonBIOS.obj</file>
         <name>DSP28xxx_SectionCopy_nonBIOS.obj</name>
      </input_file>
      <input_file id="fl-d">
         <path>.\Source\F2837xS_v210\</path>
         <kind>object</kind>
         <file>F2837xS_Adc.obj</file>
         <name>F2837xS_Adc.obj</name>
      </input_file>
      <input_file id="fl-e">
         <path>.\Source\F2837xS_v210\</path>
         <kind>object</kind>
         <file>F2837xS_CpuTimers.obj</file>
         <name>F2837xS_CpuTimers.obj</name>
      </input_file>
      <input_file id="fl-f">
         <path>.\Source\F2837xS_v210\</path>
         <kind>object</kind>
         <file>F2837xS_DBGIER.obj</file>
         <name>F2837xS_DBGIER.obj</name>
      </input_file>
      <input_file id="fl-10">
         <path>.\Source\F2837xS_v210\</path>
         <kind>object</kind>
         <file>F2837xS_EPwm.obj</file>
         <name>F2837xS_EPwm.obj</name>
      </input_file>
      <input_file id="fl-11">
         <path>.\Source\F2837xS_v210\</path>
         <kind>object</kind>
         <file>F2837xS_GlobalVariableDefs.obj</file>
         <name>F2837xS_GlobalVariableDefs.obj</name>
      </input_file>
      <input_file id="fl-12">
         <path>.\Source\F2837xS_v210\</path>
         <kind>object</kind>
         <file>F2837xS_Gpio.obj</file>
         <name>F2837xS_Gpio.obj</name>
      </input_file>
      <input_file id="fl-13">
         <path>.\Source\F2837xS_v210\</path>
         <kind>object</kind>
         <file>F2837xS_PieCtrl.obj</file>
         <name>F2837xS_PieCtrl.obj</name>
      </input_file>
      <input_file id="fl-14">
         <path>.\Source\F2837xS_v210\</path>
         <kind>object</kind>
         <file>F2837xS_PieVect.obj</file>
         <name>F2837xS_PieVect.obj</name>
      </input_file>
      <input_file id="fl-15">
         <path>.\Source\F2837xS_v210\</path>
         <kind>object</kind>
         <file>F2837xS_SysCtrl.obj</file>
         <name>F2837xS_SysCtrl.obj</name>
      </input_file>
      <input_file id="fl-16">
         <path>.\Source\F2837xS_v210\</path>
         <kind>object</kind>
         <file>F2837xS_can.obj</file>
         <name>F2837xS_can.obj</name>
      </input_file>
      <input_file id="fl-17">
         <path>.\Source\F2837xS_v210\</path>
         <kind>object</kind>
         <file>F2837xS_usDelay.obj</file>
         <name>F2837xS_usDelay.obj</name>
      </input_file>
      <input_file id="fl-18">
         <path>.\Source\F2837xS_v210\</path>
         <kind>object</kind>
         <file>SWPrioritizedDefaultIsr.obj</file>
         <name>SWPrioritizedDefaultIsr.obj</name>
      </input_file>
      <input_file id="fl-1d">
         <kind>object</kind>
         <file>&lt;internal&gt;</file>
         <name>&lt;internal&gt;</name>
      </input_file>
      <input_file id="fl-29">
         <path>C:\ti\ccsv8\tools\compiler\ti-cgt-c2000_18.1.1.LTS\lib\</path>
         <kind>archive</kind>
         <file>rts2800_fpu32.lib</file>
         <name>e_logf.c.obj</name>
      </input_file>
      <input_file id="fl-2a">
         <path>C:\ti\ccsv8\tools\compiler\ti-cgt-c2000_18.1.1.LTS\lib\</path>
         <kind>archive</kind>
         <file>rts2800_fpu32.lib</file>
         <name>boot28.asm.obj</name>
      </input_file>
      <input_file id="fl-2b">
         <path>C:\ti\ccsv8\tools\compiler\ti-cgt-c2000_18.1.1.LTS\lib\</path>
         <kind>archive</kind>
         <file>rts2800_fpu32.lib</file>
         <name>fs_div28.asm.obj</name>
      </input_file>
      <input_file id="fl-2c">
         <path>C:\ti\ccsv8\tools\compiler\ti-cgt-c2000_18.1.1.LTS\lib\</path>
         <kind>archive</kind>
         <file>rts2800_fpu32.lib</file>
         <name>u_div28.asm.obj</name>
      </input_file>
      <input_file id="fl-2d">
         <path>C:\ti\ccsv8\tools\compiler\ti-cgt-c2000_18.1.1.LTS\lib\</path>
         <kind>archive</kind>
         <file>rts2800_fpu32.lib</file>
         <name>cpy_tbl.c.obj</name>
      </input_file>
      <input_file id="fl-2e">
         <path>C:\ti\ccsv8\tools\compiler\ti-cgt-c2000_18.1.1.LTS\lib\</path>
         <kind>archive</kind>
         <file>rts2800_fpu32.lib</file>
         <name>memcpy.c.obj</name>
      </input_file>
      <input_file id="fl-2f">
         <path>C:\ti\ccsv8\tools\compiler\ti-cgt-c2000_18.1.1.LTS\lib\</path>
         <kind>archive</kind>
         <file>rts2800_fpu32.lib</file>
         <name>pre_init.c.obj</name>
      </input_file>
      <input_file id="fl-30">
         <path>C:\ti\ccsv8\tools\compiler\ti-cgt-c2000_18.1.1.LTS\lib\</path>
         <kind>archive</kind>
         <file>rts2800_fpu32.lib</file>
         <name>startup.c.obj</name>
      </input_file>
      <input_file id="fl-31">
         <path>C:\ti\ccsv8\tools\compiler\ti-cgt-c2000_18.1.1.LTS\lib\</path>
         <kind>archive</kind>
         <file>rts2800_fpu32.lib</file>
         <name>errno.c.obj</name>
      </input_file>
      <input_file id="fl-32">
         <path>C:\ti\ccsv8\tools\compiler\ti-cgt-c2000_18.1.1.LTS\lib\</path>
         <kind>archive</kind>
         <file>rts2800_fpu32.lib</file>
         <name>exit.c.obj</name>
      </input_file>
      <input_file id="fl-33">
         <path>C:\ti\ccsv8\tools\compiler\ti-cgt-c2000_18.1.1.LTS\lib\</path>
         <kind>archive</kind>
         <file>rts2800_fpu32.lib</file>
         <name>_lock.c.obj</name>
      </input_file>
      <input_file id="fl-34">
         <path>C:\ti\ccsv8\tools\compiler\ti-cgt-c2000_18.1.1.LTS\lib\</path>
         <kind>archive</kind>
         <file>rts2800_fpu32.lib</file>
         <name>args_main.c.obj</name>
      </input_file>
   </input_file_list>
   <object_component_list>
      <object_component id="oc-bf">
         <name>codestart</name>
         <load_address>0x80000</load_address>
         <run_address>0x80000</run_address>
         <size>0x2</size>
         <input_file_ref idref="fl-b"/>
      </object_component>
      <object_component id="oc-c0">
         <name>wddisable</name>
         <load_address>0x82033</load_address>
         <run_address>0x82033</run_address>
         <size>0x8</size>
         <input_file_ref idref="fl-b"/>
      </object_component>
      <object_component id="oc-c5">
         <name>copysections</name>
         <load_address>0x82000</load_address>
         <run_address>0x82000</run_address>
         <size>0x33</size>
         <input_file_ref idref="fl-c"/>
      </object_component>
      <object_component id="oc-165">
         <name>.text:retain</name>
         <load_address>0x88000</load_address>
         <run_address>0x13000</run_address>
         <size>0x1c25</size>
         <input_file_ref idref="fl-18"/>
      </object_component>
      <object_component id="oc-1ba">
         <name>.text</name>
         <load_address>0x89c25</load_address>
         <run_address>0x14c25</run_address>
         <size>0xf12</size>
         <input_file_ref idref="fl-6"/>
      </object_component>
      <object_component id="oc-1b8">
         <name>.text</name>
         <load_address>0x8ab37</load_address>
         <run_address>0x15b37</run_address>
         <size>0x8a2</size>
         <input_file_ref idref="fl-2"/>
      </object_component>
      <object_component id="oc-1b7">
         <name>.text</name>
         <load_address>0x8b3d9</load_address>
         <run_address>0x163d9</run_address>
         <size>0x67e</size>
         <input_file_ref idref="fl-7"/>
      </object_component>
      <object_component id="oc-1bc">
         <name>.text</name>
         <load_address>0x8ba57</load_address>
         <run_address>0x16a57</run_address>
         <size>0x55a</size>
         <input_file_ref idref="fl-4"/>
      </object_component>
      <object_component id="oc-1b2">
         <name>.text</name>
         <load_address>0x8bfb1</load_address>
         <run_address>0x16fb1</run_address>
         <size>0x3a7</size>
         <input_file_ref idref="fl-15"/>
      </object_component>
      <object_component id="oc-1b3">
         <name>.text</name>
         <load_address>0x8c358</load_address>
         <run_address>0x17358</run_address>
         <size>0x244</size>
         <input_file_ref idref="fl-12"/>
      </object_component>
      <object_component id="oc-1bd">
         <name>.text</name>
         <load_address>0x8c59c</load_address>
         <run_address>0x1759c</run_address>
         <size>0x179</size>
         <input_file_ref idref="fl-3"/>
      </object_component>
      <object_component id="oc-1c2">
         <name>.text</name>
         <load_address>0x8c715</load_address>
         <run_address>0x17715</run_address>
         <size>0x12b</size>
         <input_file_ref idref="fl-29"/>
      </object_component>
      <object_component id="oc-1c1">
         <name>.text</name>
         <load_address>0x8c840</load_address>
         <run_address>0x17840</run_address>
         <size>0x10c</size>
         <input_file_ref idref="fl-10"/>
      </object_component>
      <object_component id="oc-87">
         <name>.text:retain</name>
         <load_address>0x8c94c</load_address>
         <run_address>0x1794c</run_address>
         <size>0xd3</size>
         <input_file_ref idref="fl-2"/>
      </object_component>
      <object_component id="oc-1b9">
         <name>.text</name>
         <load_address>0x8ca1f</load_address>
         <run_address>0x17a1f</run_address>
         <size>0xb6</size>
         <input_file_ref idref="fl-5"/>
      </object_component>
      <object_component id="oc-176">
         <name>.text</name>
         <load_address>0x8cad5</load_address>
         <run_address>0x17ad5</run_address>
         <size>0x88</size>
         <input_file_ref idref="fl-2b"/>
      </object_component>
      <object_component id="oc-1b6">
         <name>.text</name>
         <load_address>0x8cb5d</load_address>
         <run_address>0x17b5d</run_address>
         <size>0x7c</size>
         <input_file_ref idref="fl-e"/>
      </object_component>
      <object_component id="oc-1af">
         <name>.text</name>
         <load_address>0x8cbd9</load_address>
         <run_address>0x17bd9</run_address>
         <size>0x74</size>
         <input_file_ref idref="fl-a"/>
      </object_component>
      <object_component id="oc-83">
         <name>.text</name>
         <load_address>0x8cc4d</load_address>
         <run_address>0x17c4d</run_address>
         <size>0x56</size>
         <input_file_ref idref="fl-2a"/>
      </object_component>
      <object_component id="oc-1c6">
         <name>.text</name>
         <load_address>0x8cca3</load_address>
         <run_address>0x17ca3</run_address>
         <size>0x4c</size>
         <input_file_ref idref="fl-16"/>
      </object_component>
      <object_component id="oc-9a">
         <name>.text:retain</name>
         <load_address>0x8ccef</load_address>
         <run_address>0x17cef</run_address>
         <size>0x3f</size>
         <input_file_ref idref="fl-5"/>
      </object_component>
      <object_component id="oc-b5">
         <name>.text:retain</name>
         <load_address>0x8cd2e</load_address>
         <run_address>0x17d2e</run_address>
         <size>0x33</size>
         <input_file_ref idref="fl-9"/>
      </object_component>
      <object_component id="oc-1ad">
         <name>.text</name>
         <load_address>0x8cd61</load_address>
         <run_address>0x17d61</run_address>
         <size>0x29</size>
         <input_file_ref idref="fl-32"/>
      </object_component>
      <object_component id="oc-1b4">
         <name>.text</name>
         <load_address>0x8cd8a</load_address>
         <run_address>0x17d8a</run_address>
         <size>0x28</size>
         <input_file_ref idref="fl-13"/>
      </object_component>
      <object_component id="oc-1b5">
         <name>.text</name>
         <load_address>0x8cdb2</load_address>
         <run_address>0x17db2</run_address>
         <size>0x26</size>
         <input_file_ref idref="fl-14"/>
      </object_component>
      <object_component id="oc-1aa">
         <name>.text</name>
         <load_address>0x8cdd8</load_address>
         <run_address>0x17dd8</run_address>
         <size>0x24</size>
         <input_file_ref idref="fl-2d"/>
      </object_component>
      <object_component id="oc-1ae">
         <name>.text</name>
         <load_address>0x8cdfc</load_address>
         <run_address>0x17dfc</run_address>
         <size>0x1e</size>
         <input_file_ref idref="fl-2e"/>
      </object_component>
      <object_component id="oc-1ac">
         <name>.text</name>
         <load_address>0x8ce1a</load_address>
         <run_address>0x17e1a</run_address>
         <size>0x19</size>
         <input_file_ref idref="fl-34"/>
      </object_component>
      <object_component id="oc-ae">
         <name>.text:retain</name>
         <load_address>0x8ce33</load_address>
         <run_address>0x17e33</run_address>
         <size>0x11</size>
         <input_file_ref idref="fl-8"/>
      </object_component>
      <object_component id="oc-17b">
         <name>.text</name>
         <load_address>0x8ce44</load_address>
         <run_address>0x17e44</run_address>
         <size>0xb</size>
         <input_file_ref idref="fl-2c"/>
      </object_component>
      <object_component id="oc-1bb">
         <name>.text</name>
         <load_address>0x8ce4f</load_address>
         <run_address>0x17e4f</run_address>
         <size>0xa</size>
         <input_file_ref idref="fl-9"/>
      </object_component>
      <object_component id="oc-1be">
         <name>.text</name>
         <load_address>0x8ce59</load_address>
         <run_address>0x17e59</run_address>
         <size>0x9</size>
         <input_file_ref idref="fl-33"/>
      </object_component>
      <object_component id="oc-15e">
         <name>.text</name>
         <load_address>0x8ce62</load_address>
         <run_address>0x17e62</run_address>
         <size>0x4</size>
         <input_file_ref idref="fl-17"/>
      </object_component>
      <object_component id="oc-d5">
         <name>.text</name>
         <load_address>0x8ce66</load_address>
         <run_address>0x17e66</run_address>
         <size>0x3</size>
         <input_file_ref idref="fl-f"/>
      </object_component>
      <object_component id="oc-1a9">
         <name>.text</name>
         <load_address>0x8ce69</load_address>
         <run_address>0x17e69</run_address>
         <size>0x2</size>
         <input_file_ref idref="fl-2f"/>
      </object_component>
      <object_component id="oc-1ab">
         <name>.text</name>
         <load_address>0x8ce6b</load_address>
         <run_address>0x17e6b</run_address>
         <size>0x1</size>
         <input_file_ref idref="fl-30"/>
      </object_component>
      <object_component id="oc-a6">
         <name>.cinit</name>
         <load_address>0x8023d</load_address>
         <run_address>0x122</run_address>
         <size>0x1d</size>
         <input_file_ref idref="fl-7"/>
      </object_component>
      <object_component id="oc-92">
         <name>.cinit</name>
         <load_address>0x8025a</load_address>
         <run_address>0x13f</run_address>
         <size>0x1b</size>
         <input_file_ref idref="fl-4"/>
      </object_component>
      <object_component id="oc-199">
         <name>.cinit</name>
         <load_address>0x80275</load_address>
         <run_address>0x15a</run_address>
         <size>0xe</size>
         <input_file_ref idref="fl-32"/>
      </object_component>
      <object_component id="oc-1b1">
         <name>.cinit:__lock</name>
         <load_address>0x80283</load_address>
         <run_address>0x168</run_address>
         <size>0x5</size>
         <input_file_ref idref="fl-33"/>
      </object_component>
      <object_component id="oc-1bf">
         <name>.cinit:__unlock</name>
         <load_address>0x80288</load_address>
         <run_address>0x16d</run_address>
         <size>0x5</size>
         <input_file_ref idref="fl-33"/>
      </object_component>
      <object_component id="oc-85">
         <name>.cinit</name>
         <load_address>0x8028d</load_address>
         <run_address>0x172</run_address>
         <size>0x4</size>
         <input_file_ref idref="fl-2"/>
      </object_component>
      <object_component id="oc-195">
         <name>.cinit</name>
         <load_address>0x80291</load_address>
         <run_address>0x176</run_address>
         <size>0x4</size>
         <input_file_ref idref="fl-31"/>
      </object_component>
      <object_component id="oc-1c0">
         <name>.econst:_PieVectTableInit</name>
         <load_address>0x80002</load_address>
         <run_address>0xabb0</run_address>
         <size>0x1c0</size>
         <input_file_ref idref="fl-14"/>
      </object_component>
      <object_component id="oc-1c3">
         <name>.econst:_duty_phase$3</name>
         <load_address>0x801c2</load_address>
         <run_address>0xad70</run_address>
         <size>0x50</size>
         <input_file_ref idref="fl-6"/>
      </object_component>
      <object_component id="oc-16b">
         <name>.econst</name>
         <load_address>0x80212</load_address>
         <run_address>0xadc0</run_address>
         <size>0x10</size>
         <input_file_ref idref="fl-29"/>
      </object_component>
      <object_component id="oc-1c5">
         <name>.econst:.string:_duty_table$2</name>
         <load_address>0x80222</load_address>
         <run_address>0xadd0</run_address>
         <size>0xa</size>
         <input_file_ref idref="fl-6"/>
      </object_component>
      <object_component id="oc-1c7">
         <name>.econst:_$P$T0$1</name>
         <load_address>0x8022c</load_address>
         <run_address>0xadda</run_address>
         <size>0x9</size>
         <input_file_ref idref="fl-4"/>
      </object_component>
      <object_component id="oc-1c4">
         <name>.econst:.string:_Current_table$1</name>
         <load_address>0x80235</load_address>
         <run_address>0xade3</run_address>
         <size>0x8</size>
         <input_file_ref idref="fl-6"/>
      </object_component>
      <object_component id="oc-171">
         <name>.reset</name>
         <load_address>0x3fffc0</load_address>
         <run_address>0x3fffc0</run_address>
         <size>0x2</size>
         <input_file_ref idref="fl-2a"/>
      </object_component>
      <object_component id="oc-170">
         <name>.stack</name>
         <uninitialized>true</uninitialized>
         <run_address>0x400</run_address>
         <size>0x0</size>
         <input_file_ref idref="fl-2a"/>
      </object_component>
      <object_component id="oc-253">
         <name>.stack</name>
         <uninitialized>true</uninitialized>
         <run_address>0x400</run_address>
         <size>0x0</size>
      </object_component>
      <object_component id="oc-86">
         <name>.ebss</name>
         <uninitialized>true</uninitialized>
         <run_address>0xa800</run_address>
         <size>0x1e0</size>
         <input_file_ref idref="fl-2"/>
      </object_component>
      <object_component id="oc-93">
         <name>.ebss</name>
         <uninitialized>true</uninitialized>
         <run_address>0xab98</run_address>
         <size>0x14</size>
         <input_file_ref idref="fl-4"/>
      </object_component>
      <object_component id="oc-99">
         <name>.ebss</name>
         <uninitialized>true</uninitialized>
         <run_address>0xab7b</run_address>
         <size>0x3</size>
         <input_file_ref idref="fl-5"/>
      </object_component>
      <object_component id="oc-a0">
         <name>.ebss</name>
         <uninitialized>true</uninitialized>
         <run_address>0xaa00</run_address>
         <size>0x140</size>
         <input_file_ref idref="fl-6"/>
      </object_component>
      <object_component id="oc-a7">
         <name>.ebss</name>
         <uninitialized>true</uninitialized>
         <run_address>0xa9e0</run_address>
         <size>0x1a</size>
         <input_file_ref idref="fl-7"/>
      </object_component>
      <object_component id="oc-ad">
         <name>.ebss</name>
         <uninitialized>true</uninitialized>
         <run_address>0xabae</run_address>
         <size>0x1</size>
         <input_file_ref idref="fl-8"/>
      </object_component>
      <object_component id="oc-b4">
         <name>.ebss</name>
         <uninitialized>true</uninitialized>
         <run_address>0xab74</run_address>
         <size>0x7</size>
         <input_file_ref idref="fl-9"/>
      </object_component>
      <object_component id="oc-d0">
         <name>.ebss</name>
         <uninitialized>true</uninitialized>
         <run_address>0xab80</run_address>
         <size>0x18</size>
         <input_file_ref idref="fl-e"/>
      </object_component>
      <object_component id="oc-164">
         <name>.ebss</name>
         <uninitialized>true</uninitialized>
         <run_address>0xab40</run_address>
         <size>0x34</size>
         <input_file_ref idref="fl-18"/>
      </object_component>
      <object_component id="oc-196">
         <name>.ebss</name>
         <uninitialized>true</uninitialized>
         <run_address>0xabaf</run_address>
         <size>0x1</size>
         <input_file_ref idref="fl-31"/>
      </object_component>
      <object_component id="oc-19a">
         <name>.ebss</name>
         <uninitialized>true</uninitialized>
         <run_address>0xa9fa</run_address>
         <size>0x6</size>
         <input_file_ref idref="fl-32"/>
      </object_component>
      <object_component id="oc-1c8">
         <name>.ebss:__unlock</name>
         <uninitialized>true</uninitialized>
         <run_address>0xabac</run_address>
         <size>0x2</size>
         <input_file_ref idref="fl-33"/>
      </object_component>
      <object_component id="oc-1b0">
         <name>.ebss:__lock</name>
         <uninitialized>true</uninitialized>
         <run_address>0xab7e</run_address>
         <size>0x2</size>
         <input_file_ref idref="fl-33"/>
      </object_component>
      <object_component id="oc-143">
         <name>PieVectTableFile</name>
         <uninitialized>true</uninitialized>
         <run_address>0xd00</run_address>
         <size>0x1c0</size>
         <input_file_ref idref="fl-11"/>
      </object_component>
      <object_component id="oc-e0">
         <name>EmuKeyVar</name>
         <uninitialized>true</uninitialized>
         <run_address>0xd00</run_address>
         <size>0x1</size>
         <input_file_ref idref="fl-11"/>
      </object_component>
      <object_component id="oc-e1">
         <name>EmuBModeVar</name>
         <uninitialized>true</uninitialized>
         <run_address>0xd01</run_address>
         <size>0x1</size>
         <input_file_ref idref="fl-11"/>
      </object_component>
      <object_component id="oc-f8">
         <name>AdcaResultFile</name>
         <uninitialized>true</uninitialized>
         <run_address>0xb00</run_address>
         <size>0x18</size>
         <input_file_ref idref="fl-11"/>
      </object_component>
      <object_component id="oc-f9">
         <name>AdcbResultFile</name>
         <uninitialized>true</uninitialized>
         <run_address>0xb20</run_address>
         <size>0x18</size>
         <input_file_ref idref="fl-11"/>
      </object_component>
      <object_component id="oc-f7">
         <name>AdccResultFile</name>
         <uninitialized>true</uninitialized>
         <run_address>0xb40</run_address>
         <size>0x18</size>
         <input_file_ref idref="fl-11"/>
      </object_component>
      <object_component id="oc-fa">
         <name>AdcdResultFile</name>
         <uninitialized>true</uninitialized>
         <run_address>0xb60</run_address>
         <size>0x18</size>
         <input_file_ref idref="fl-11"/>
      </object_component>
      <object_component id="oc-129">
         <name>AdcaRegsFile</name>
         <uninitialized>true</uninitialized>
         <run_address>0x7400</run_address>
         <size>0x80</size>
         <input_file_ref idref="fl-11"/>
      </object_component>
      <object_component id="oc-12a">
         <name>AdcbRegsFile</name>
         <uninitialized>true</uninitialized>
         <run_address>0x7480</run_address>
         <size>0x80</size>
         <input_file_ref idref="fl-11"/>
      </object_component>
      <object_component id="oc-128">
         <name>AdccRegsFile</name>
         <uninitialized>true</uninitialized>
         <run_address>0x7500</run_address>
         <size>0x80</size>
         <input_file_ref idref="fl-11"/>
      </object_component>
      <object_component id="oc-12e">
         <name>AdcdRegsFile</name>
         <uninitialized>true</uninitialized>
         <run_address>0x7580</run_address>
         <size>0x80</size>
         <input_file_ref idref="fl-11"/>
      </object_component>
      <object_component id="oc-124">
         <name>AnalogSubsysRegsFile</name>
         <uninitialized>true</uninitialized>
         <run_address>0x5d180</run_address>
         <size>0x48</size>
         <input_file_ref idref="fl-11"/>
      </object_component>
      <object_component id="oc-13e">
         <name>CanaRegsFile</name>
         <uninitialized>true</uninitialized>
         <run_address>0x48000</run_address>
         <size>0x164</size>
         <input_file_ref idref="fl-11"/>
      </object_component>
      <object_component id="oc-13f">
         <name>CanbRegsFile</name>
         <uninitialized>true</uninitialized>
         <run_address>0x4a000</run_address>
         <size>0x164</size>
         <input_file_ref idref="fl-11"/>
      </object_component>
      <object_component id="oc-11f">
         <name>Cla1RegsFile</name>
         <uninitialized>true</uninitialized>
         <run_address>0x1400</run_address>
         <size>0x3e</size>
         <input_file_ref idref="fl-11"/>
      </object_component>
      <object_component id="oc-e5">
         <name>Cla1SoftIntRegsFile</name>
         <uninitialized>true</uninitialized>
         <run_address>0xce0</run_address>
         <size>0x4</size>
         <input_file_ref idref="fl-11"/>
      </object_component>
      <object_component id="oc-10b">
         <name>Cmpss1RegsFile</name>
         <uninitialized>true</uninitialized>
         <run_address>0x5c80</run_address>
         <size>0x20</size>
         <input_file_ref idref="fl-11"/>
      </object_component>
      <object_component id="oc-10a">
         <name>Cmpss2RegsFile</name>
         <uninitialized>true</uninitialized>
         <run_address>0x5ca0</run_address>
         <size>0x20</size>
         <input_file_ref idref="fl-11"/>
      </object_component>
      <object_component id="oc-10d">
         <name>Cmpss3RegsFile</name>
         <uninitialized>true</uninitialized>
         <run_address>0x5cc0</run_address>
         <size>0x20</size>
         <input_file_ref idref="fl-11"/>
      </object_component>
      <object_component id="oc-10c">
         <name>Cmpss4RegsFile</name>
         <uninitialized>true</uninitialized>
         <run_address>0x5ce0</run_address>
         <size>0x20</size>
         <input_file_ref idref="fl-11"/>
      </object_component>
      <object_component id="oc-107">
         <name>Cmpss5RegsFile</name>
         <uninitialized>true</uninitialized>
         <run_address>0x5d00</run_address>
         <size>0x20</size>
         <input_file_ref idref="fl-11"/>
      </object_component>
      <object_component id="oc-106">
         <name>Cmpss6RegsFile</name>
         <uninitialized>true</uninitialized>
         <run_address>0x5d20</run_address>
         <size>0x20</size>
         <input_file_ref idref="fl-11"/>
      </object_component>
      <object_component id="oc-109">
         <name>Cmpss7RegsFile</name>
         <uninitialized>true</uninitialized>
         <run_address>0x5d40</run_address>
         <size>0x20</size>
         <input_file_ref idref="fl-11"/>
      </object_component>
      <object_component id="oc-108">
         <name>Cmpss8RegsFile</name>
         <uninitialized>true</uninitialized>
         <run_address>0x5d60</run_address>
         <size>0x20</size>
         <input_file_ref idref="fl-11"/>
      </object_component>
      <object_component id="oc-ed">
         <name>CpuTimer0RegsFile</name>
         <uninitialized>true</uninitialized>
         <run_address>0xc00</run_address>
         <size>0x8</size>
         <input_file_ref idref="fl-11"/>
      </object_component>
      <object_component id="oc-ee">
         <name>CpuTimer1RegsFile</name>
         <uninitialized>true</uninitialized>
         <run_address>0xc08</run_address>
         <size>0x8</size>
         <input_file_ref idref="fl-11"/>
      </object_component>
      <object_component id="oc-eb">
         <name>CpuTimer2RegsFile</name>
         <uninitialized>true</uninitialized>
         <run_address>0xc10</run_address>
         <size>0x8</size>
         <input_file_ref idref="fl-11"/>
      </object_component>
      <object_component id="oc-ea">
         <name>DacaRegsFile</name>
         <uninitialized>true</uninitialized>
         <run_address>0x5c00</run_address>
         <size>0x8</size>
         <input_file_ref idref="fl-11"/>
      </object_component>
      <object_component id="oc-e8">
         <name>DacbRegsFile</name>
         <uninitialized>true</uninitialized>
         <run_address>0x5c10</run_address>
         <size>0x8</size>
         <input_file_ref idref="fl-11"/>
      </object_component>
      <object_component id="oc-e9">
         <name>DaccRegsFile</name>
         <uninitialized>true</uninitialized>
         <run_address>0x5c20</run_address>
         <size>0x8</size>
         <input_file_ref idref="fl-11"/>
      </object_component>
      <object_component id="oc-119">
         <name>DcsmZ1RegsFile</name>
         <uninitialized>true</uninitialized>
         <run_address>0x5f000</run_address>
         <size>0x24</size>
         <input_file_ref idref="fl-11"/>
      </object_component>
      <object_component id="oc-117">
         <name>DcsmZ2RegsFile</name>
         <uninitialized>true</uninitialized>
         <run_address>0x5f040</run_address>
         <size>0x24</size>
         <input_file_ref idref="fl-11"/>
      </object_component>
      <object_component id="oc-ec">
         <name>DcsmCommonRegsFile</name>
         <uninitialized>true</uninitialized>
         <run_address>0x5f070</run_address>
         <size>0x8</size>
         <input_file_ref idref="fl-11"/>
      </object_component>
      <object_component id="oc-110">
         <name>DcsmZ1OtpFile</name>
         <uninitialized>true</uninitialized>
         <run_address>0x78000</run_address>
         <size>0x20</size>
         <input_file_ref idref="fl-11"/>
      </object_component>
      <object_component id="oc-10e">
         <name>DcsmZ2OtpFile</name>
         <uninitialized>true</uninitialized>
         <run_address>0x78200</run_address>
         <size>0x20</size>
         <input_file_ref idref="fl-11"/>
      </object_component>
      <object_component id="oc-130">
         <name>DmaRegsFile</name>
         <uninitialized>true</uninitialized>
         <run_address>0x1000</run_address>
         <size>0xe0</size>
         <input_file_ref idref="fl-11"/>
      </object_component>
      <object_component id="oc-fc">
         <name>DmaClaSrcSelRegsFile</name>
         <uninitialized>true</uninitialized>
         <run_address>0x7980</run_address>
         <size>0x1a</size>
         <input_file_ref idref="fl-11"/>
      </object_component>
      <object_component id="oc-10f">
         <name>ECap1RegsFile</name>
         <uninitialized>true</uninitialized>
         <run_address>0x5000</run_address>
         <size>0x20</size>
         <input_file_ref idref="fl-11"/>
      </object_component>
      <object_component id="oc-ff">
         <name>ECap2RegsFile</name>
         <uninitialized>true</uninitialized>
         <run_address>0x5020</run_address>
         <size>0x20</size>
         <input_file_ref idref="fl-11"/>
      </object_component>
      <object_component id="oc-fe">
         <name>ECap3RegsFile</name>
         <uninitialized>true</uninitialized>
         <run_address>0x5040</run_address>
         <size>0x20</size>
         <input_file_ref idref="fl-11"/>
      </object_component>
      <object_component id="oc-fd">
         <name>ECap4RegsFile</name>
         <uninitialized>true</uninitialized>
         <run_address>0x5060</run_address>
         <size>0x20</size>
         <input_file_ref idref="fl-11"/>
      </object_component>
      <object_component id="oc-105">
         <name>ECap5RegsFile</name>
         <uninitialized>true</uninitialized>
         <run_address>0x5080</run_address>
         <size>0x20</size>
         <input_file_ref idref="fl-11"/>
      </object_component>
      <object_component id="oc-103">
         <name>ECap6RegsFile</name>
         <uninitialized>true</uninitialized>
         <run_address>0x50a0</run_address>
         <size>0x20</size>
         <input_file_ref idref="fl-11"/>
      </object_component>
      <object_component id="oc-126">
         <name>Emif1RegsFile</name>
         <uninitialized>true</uninitialized>
         <run_address>0x47000</run_address>
         <size>0x70</size>
         <input_file_ref idref="fl-11"/>
      </object_component>
      <object_component id="oc-127">
         <name>Emif2RegsFile</name>
         <uninitialized>true</uninitialized>
         <run_address>0x47800</run_address>
         <size>0x70</size>
         <input_file_ref idref="fl-11"/>
      </object_component>
      <object_component id="oc-135">
         <name>EPwm1RegsFile</name>
         <uninitialized>true</uninitialized>
         <run_address>0x4000</run_address>
         <size>0x100</size>
         <input_file_ref idref="fl-11"/>
      </object_component>
      <object_component id="oc-134">
         <name>EPwm2RegsFile</name>
         <uninitialized>true</uninitialized>
         <run_address>0x4100</run_address>
         <size>0x100</size>
         <input_file_ref idref="fl-11"/>
      </object_component>
      <object_component id="oc-137">
         <name>EPwm3RegsFile</name>
         <uninitialized>true</uninitialized>
         <run_address>0x4200</run_address>
         <size>0x100</size>
         <input_file_ref idref="fl-11"/>
      </object_component>
      <object_component id="oc-132">
         <name>EPwm4RegsFile</name>
         <uninitialized>true</uninitialized>
         <run_address>0x4300</run_address>
         <size>0x100</size>
         <input_file_ref idref="fl-11"/>
      </object_component>
      <object_component id="oc-131">
         <name>EPwm5RegsFile</name>
         <uninitialized>true</uninitialized>
         <run_address>0x4400</run_address>
         <size>0x100</size>
         <input_file_ref idref="fl-11"/>
      </object_component>
      <object_component id="oc-136">
         <name>EPwm6RegsFile</name>
         <uninitialized>true</uninitialized>
         <run_address>0x4500</run_address>
         <size>0x100</size>
         <input_file_ref idref="fl-11"/>
      </object_component>
      <object_component id="oc-133">
         <name>EPwm7RegsFile</name>
         <uninitialized>true</uninitialized>
         <run_address>0x4600</run_address>
         <size>0x100</size>
         <input_file_ref idref="fl-11"/>
      </object_component>
      <object_component id="oc-13c">
         <name>EPwm8RegsFile</name>
         <uninitialized>true</uninitialized>
         <run_address>0x4700</run_address>
         <size>0x100</size>
         <input_file_ref idref="fl-11"/>
      </object_component>
      <object_component id="oc-13a">
         <name>EPwm9RegsFile</name>
         <uninitialized>true</uninitialized>
         <run_address>0x4800</run_address>
         <size>0x100</size>
         <input_file_ref idref="fl-11"/>
      </object_component>
      <object_component id="oc-13b">
         <name>EPwm10RegsFile</name>
         <uninitialized>true</uninitialized>
         <run_address>0x4900</run_address>
         <size>0x100</size>
         <input_file_ref idref="fl-11"/>
      </object_component>
      <object_component id="oc-138">
         <name>EPwm11RegsFile</name>
         <uninitialized>true</uninitialized>
         <run_address>0x4a00</run_address>
         <size>0x100</size>
         <input_file_ref idref="fl-11"/>
      </object_component>
      <object_component id="oc-139">
         <name>EPwm12RegsFile</name>
         <uninitialized>true</uninitialized>
         <run_address>0x4b00</run_address>
         <size>0x100</size>
         <input_file_ref idref="fl-11"/>
      </object_component>
      <object_component id="oc-122">
         <name>EPwmXbarRegsFile</name>
         <uninitialized>true</uninitialized>
         <run_address>0x7a00</run_address>
         <size>0x40</size>
         <input_file_ref idref="fl-11"/>
      </object_component>
      <object_component id="oc-111">
         <name>EQep1RegsFile</name>
         <uninitialized>true</uninitialized>
         <run_address>0x5100</run_address>
         <size>0x22</size>
         <input_file_ref idref="fl-11"/>
      </object_component>
      <object_component id="oc-112">
         <name>EQep2RegsFile</name>
         <uninitialized>true</uninitialized>
         <run_address>0x5140</run_address>
         <size>0x22</size>
         <input_file_ref idref="fl-11"/>
      </object_component>
      <object_component id="oc-113">
         <name>EQep3RegsFile</name>
         <uninitialized>true</uninitialized>
         <run_address>0x5180</run_address>
         <size>0x22</size>
         <input_file_ref idref="fl-11"/>
      </object_component>
      <object_component id="oc-142">
         <name>Flash0CtrlRegsFile</name>
         <uninitialized>true</uninitialized>
         <run_address>0x5f800</run_address>
         <size>0x182</size>
         <input_file_ref idref="fl-11"/>
      </object_component>
      <object_component id="oc-11b">
         <name>Flash0EccRegsFile</name>
         <uninitialized>true</uninitialized>
         <run_address>0x5fb00</run_address>
         <size>0x28</size>
         <input_file_ref idref="fl-11"/>
      </object_component>
      <object_component id="oc-141">
         <name>Flash1CtrlRegsFile</name>
         <uninitialized>true</uninitialized>
         <run_address>0x5fc00</run_address>
         <size>0x182</size>
         <input_file_ref idref="fl-11"/>
      </object_component>
      <object_component id="oc-11a">
         <name>Flash1EccRegsFile</name>
         <uninitialized>true</uninitialized>
         <run_address>0x5ff00</run_address>
         <size>0x28</size>
         <input_file_ref idref="fl-11"/>
      </object_component>
      <object_component id="oc-140">
         <name>GpioCtrlRegsFile</name>
         <uninitialized>true</uninitialized>
         <run_address>0x7c00</run_address>
         <size>0x180</size>
         <input_file_ref idref="fl-11"/>
      </object_component>
      <object_component id="oc-11d">
         <name>GpioDataRegsFile</name>
         <uninitialized>true</uninitialized>
         <run_address>0x7f00</run_address>
         <size>0x30</size>
         <input_file_ref idref="fl-11"/>
      </object_component>
      <object_component id="oc-123">
         <name>OutputXbarRegsFile</name>
         <uninitialized>true</uninitialized>
         <run_address>0x7a80</run_address>
         <size>0x40</size>
         <input_file_ref idref="fl-11"/>
      </object_component>
      <object_component id="oc-114">
         <name>I2caRegsFile</name>
         <uninitialized>true</uninitialized>
         <run_address>0x7300</run_address>
         <size>0x22</size>
         <input_file_ref idref="fl-11"/>
      </object_component>
      <object_component id="oc-115">
         <name>I2cbRegsFile</name>
         <uninitialized>true</uninitialized>
         <run_address>0x7340</run_address>
         <size>0x22</size>
         <input_file_ref idref="fl-11"/>
      </object_component>
      <object_component id="oc-100">
         <name>InputXbarRegsFile</name>
         <uninitialized>true</uninitialized>
         <run_address>0x7900</run_address>
         <size>0x20</size>
         <input_file_ref idref="fl-11"/>
      </object_component>
      <object_component id="oc-104">
         <name>XbarRegsFile</name>
         <uninitialized>true</uninitialized>
         <run_address>0x7920</run_address>
         <size>0x20</size>
         <input_file_ref idref="fl-11"/>
      </object_component>
      <object_component id="oc-e3">
         <name>FlashPumpSemaphoreRegsFile</name>
         <uninitialized>true</uninitialized>
         <run_address>0x50024</run_address>
         <size>0x2</size>
         <input_file_ref idref="fl-11"/>
      </object_component>
      <object_component id="oc-e4">
         <name>RomPrefetchRegsFile</name>
         <uninitialized>true</uninitialized>
         <run_address>0x5e608</run_address>
         <size>0x2</size>
         <input_file_ref idref="fl-11"/>
      </object_component>
      <object_component id="oc-12d">
         <name>MemCfgRegsFile</name>
         <uninitialized>true</uninitialized>
         <run_address>0x5f400</run_address>
         <size>0x80</size>
         <input_file_ref idref="fl-11"/>
      </object_component>
      <object_component id="oc-101">
         <name>Emif1ConfigRegsFile</name>
         <uninitialized>true</uninitialized>
         <run_address>0x5f480</run_address>
         <size>0x20</size>
         <input_file_ref idref="fl-11"/>
      </object_component>
      <object_component id="oc-102">
         <name>Emif2ConfigRegsFile</name>
         <uninitialized>true</uninitialized>
         <run_address>0x5f4a0</run_address>
         <size>0x20</size>
         <input_file_ref idref="fl-11"/>
      </object_component>
      <object_component id="oc-121">
         <name>AccessProtectionRegsFile</name>
         <uninitialized>true</uninitialized>
         <run_address>0x5f4c0</run_address>
         <size>0x40</size>
         <input_file_ref idref="fl-11"/>
      </object_component>
      <object_component id="oc-120">
         <name>MemoryErrorRegsFile</name>
         <uninitialized>true</uninitialized>
         <run_address>0x5f500</run_address>
         <size>0x40</size>
         <input_file_ref idref="fl-11"/>
      </object_component>
      <object_component id="oc-e2">
         <name>RomWaitStateRegsFile</name>
         <uninitialized>true</uninitialized>
         <run_address>0x5f540</run_address>
         <size>0x2</size>
         <input_file_ref idref="fl-11"/>
      </object_component>
      <object_component id="oc-116">
         <name>McbspaRegsFile</name>
         <uninitialized>true</uninitialized>
         <run_address>0x6000</run_address>
         <size>0x24</size>
         <input_file_ref idref="fl-11"/>
      </object_component>
      <object_component id="oc-118">
         <name>McbspbRegsFile</name>
         <uninitialized>true</uninitialized>
         <run_address>0x6040</run_address>
         <size>0x24</size>
         <input_file_ref idref="fl-11"/>
      </object_component>
      <object_component id="oc-125">
         <name>UppRegsFile</name>
         <uninitialized>true</uninitialized>
         <run_address>0x6200</run_address>
         <size>0x48</size>
         <input_file_ref idref="fl-11"/>
      </object_component>
      <object_component id="oc-e7">
         <name>NmiIntruptRegsFile</name>
         <uninitialized>true</uninitialized>
         <run_address>0x7060</run_address>
         <size>0x7</size>
         <input_file_ref idref="fl-11"/>
      </object_component>
      <object_component id="oc-fb">
         <name>PieCtrlRegsFile</name>
         <uninitialized>true</uninitialized>
         <run_address>0xce0</run_address>
         <size>0x1a</size>
         <input_file_ref idref="fl-11"/>
      </object_component>
      <object_component id="oc-f0">
         <name>SciaRegsFile</name>
         <uninitialized>true</uninitialized>
         <run_address>0x7200</run_address>
         <size>0x10</size>
         <input_file_ref idref="fl-11"/>
      </object_component>
      <object_component id="oc-f2">
         <name>ScibRegsFile</name>
         <uninitialized>true</uninitialized>
         <run_address>0x7210</run_address>
         <size>0x10</size>
         <input_file_ref idref="fl-11"/>
      </object_component>
      <object_component id="oc-f4">
         <name>ScicRegsFile</name>
         <uninitialized>true</uninitialized>
         <run_address>0x7220</run_address>
         <size>0x10</size>
         <input_file_ref idref="fl-11"/>
      </object_component>
      <object_component id="oc-f3">
         <name>ScidRegsFile</name>
         <uninitialized>true</uninitialized>
         <run_address>0x7230</run_address>
         <size>0x10</size>
         <input_file_ref idref="fl-11"/>
      </object_component>
      <object_component id="oc-12c">
         <name>Sdfm1RegsFile</name>
         <uninitialized>true</uninitialized>
         <run_address>0x5e00</run_address>
         <size>0x80</size>
         <input_file_ref idref="fl-11"/>
      </object_component>
      <object_component id="oc-12b">
         <name>Sdfm2RegsFile</name>
         <uninitialized>true</uninitialized>
         <run_address>0x5e80</run_address>
         <size>0x80</size>
         <input_file_ref idref="fl-11"/>
      </object_component>
      <object_component id="oc-f5">
         <name>SpiaRegsFile</name>
         <uninitialized>true</uninitialized>
         <run_address>0x6100</run_address>
         <size>0x10</size>
         <input_file_ref idref="fl-11"/>
      </object_component>
      <object_component id="oc-f6">
         <name>SpibRegsFile</name>
         <uninitialized>true</uninitialized>
         <run_address>0x6110</run_address>
         <size>0x10</size>
         <input_file_ref idref="fl-11"/>
      </object_component>
      <object_component id="oc-f1">
         <name>SpicRegsFile</name>
         <uninitialized>true</uninitialized>
         <run_address>0x6120</run_address>
         <size>0x10</size>
         <input_file_ref idref="fl-11"/>
      </object_component>
      <object_component id="oc-13d">
         <name>DevCfgRegsFile</name>
         <uninitialized>true</uninitialized>
         <run_address>0x5d000</run_address>
         <size>0x12e</size>
         <input_file_ref idref="fl-11"/>
      </object_component>
      <object_component id="oc-11e">
         <name>ClkCfgRegsFile</name>
         <uninitialized>true</uninitialized>
         <run_address>0x5d200</run_address>
         <size>0x32</size>
         <input_file_ref idref="fl-11"/>
      </object_component>
      <object_component id="oc-12f">
         <name>CpuSysRegsFile</name>
         <uninitialized>true</uninitialized>
         <run_address>0x5d300</run_address>
         <size>0x82</size>
         <input_file_ref idref="fl-11"/>
      </object_component>
      <object_component id="oc-e6">
         <name>SyncSocRegsFile</name>
         <uninitialized>true</uninitialized>
         <run_address>0x7940</run_address>
         <size>0x6</size>
         <input_file_ref idref="fl-11"/>
      </object_component>
      <object_component id="oc-11c">
         <name>WdRegsFile</name>
         <uninitialized>true</uninitialized>
         <run_address>0x7000</run_address>
         <size>0x2b</size>
         <input_file_ref idref="fl-11"/>
      </object_component>
      <object_component id="oc-ef">
         <name>XintRegsFile</name>
         <uninitialized>true</uninitialized>
         <run_address>0x7070</run_address>
         <size>0xb</size>
         <input_file_ref idref="fl-11"/>
      </object_component>
      <object_component id="oc-84">
         <name>.debug_info</name>
         <load_address>0x0</load_address>
         <run_address>0x0</run_address>
         <size>0x9776</size>
         <input_file_ref idref="fl-2"/>
      </object_component>
      <object_component id="oc-8c">
         <name>.debug_info</name>
         <load_address>0x9776</load_address>
         <run_address>0x9776</run_address>
         <size>0x830</size>
         <input_file_ref idref="fl-3"/>
      </object_component>
      <object_component id="oc-91">
         <name>.debug_info</name>
         <load_address>0x9fa6</load_address>
         <run_address>0x9fa6</run_address>
         <size>0x4cf0</size>
         <input_file_ref idref="fl-4"/>
      </object_component>
      <object_component id="oc-98">
         <name>.debug_info</name>
         <load_address>0xec96</load_address>
         <run_address>0xec96</run_address>
         <size>0x186bb</size>
         <input_file_ref idref="fl-5"/>
      </object_component>
      <object_component id="oc-9f">
         <name>.debug_info</name>
         <load_address>0x27351</load_address>
         <run_address>0x27351</run_address>
         <size>0x8b62</size>
         <input_file_ref idref="fl-6"/>
      </object_component>
      <object_component id="oc-a5">
         <name>.debug_info</name>
         <load_address>0x2feb3</load_address>
         <run_address>0x2feb3</run_address>
         <size>0x6177</size>
         <input_file_ref idref="fl-7"/>
      </object_component>
      <object_component id="oc-ac">
         <name>.debug_info</name>
         <load_address>0x3602a</load_address>
         <run_address>0x3602a</run_address>
         <size>0x59c8</size>
         <input_file_ref idref="fl-8"/>
      </object_component>
      <object_component id="oc-b3">
         <name>.debug_info</name>
         <load_address>0x3b9f2</load_address>
         <run_address>0x3b9f2</run_address>
         <size>0x5e7</size>
         <input_file_ref idref="fl-9"/>
      </object_component>
      <object_component id="oc-ba">
         <name>.debug_info</name>
         <load_address>0x3bfd9</load_address>
         <run_address>0x3bfd9</run_address>
         <size>0x94d0</size>
         <input_file_ref idref="fl-a"/>
      </object_component>
      <object_component id="oc-c1">
         <name>.debug_info</name>
         <load_address>0x454a9</load_address>
         <run_address>0x454a9</run_address>
         <size>0x161</size>
         <input_file_ref idref="fl-b"/>
      </object_component>
      <object_component id="oc-c6">
         <name>.debug_info</name>
         <load_address>0x4560a</load_address>
         <run_address>0x4560a</run_address>
         <size>0x165</size>
         <input_file_ref idref="fl-c"/>
      </object_component>
      <object_component id="oc-ca">
         <name>.debug_info</name>
         <load_address>0x4576f</load_address>
         <run_address>0x4576f</run_address>
         <size>0x464b</size>
         <input_file_ref idref="fl-d"/>
      </object_component>
      <object_component id="oc-cf">
         <name>.debug_info</name>
         <load_address>0x49dba</load_address>
         <run_address>0x49dba</run_address>
         <size>0xa04</size>
         <input_file_ref idref="fl-e"/>
      </object_component>
      <object_component id="oc-d6">
         <name>.debug_info</name>
         <load_address>0x4a7be</load_address>
         <run_address>0x4a7be</run_address>
         <size>0x112</size>
         <input_file_ref idref="fl-f"/>
      </object_component>
      <object_component id="oc-da">
         <name>.debug_info</name>
         <load_address>0x4a8d0</load_address>
         <run_address>0x4a8d0</run_address>
         <size>0xfbbc</size>
         <input_file_ref idref="fl-10"/>
      </object_component>
      <object_component id="oc-df">
         <name>.debug_info</name>
         <load_address>0x5a48c</load_address>
         <run_address>0x5a48c</run_address>
         <size>0x4d849</size>
         <input_file_ref idref="fl-11"/>
      </object_component>
      <object_component id="oc-145">
         <name>.debug_info</name>
         <load_address>0xa7cd5</load_address>
         <run_address>0xa7cd5</run_address>
         <size>0x18af4</size>
         <input_file_ref idref="fl-12"/>
      </object_component>
      <object_component id="oc-14a">
         <name>.debug_info</name>
         <load_address>0xc07c9</load_address>
         <run_address>0xc07c9</run_address>
         <size>0x35d2</size>
         <input_file_ref idref="fl-13"/>
      </object_component>
      <object_component id="oc-14f">
         <name>.debug_info</name>
         <load_address>0xc3d9b</load_address>
         <run_address>0xc3d9b</run_address>
         <size>0x6744</size>
         <input_file_ref idref="fl-14"/>
      </object_component>
      <object_component id="oc-154">
         <name>.debug_info</name>
         <load_address>0xca4df</load_address>
         <run_address>0xca4df</run_address>
         <size>0xb957</size>
         <input_file_ref idref="fl-15"/>
      </object_component>
      <object_component id="oc-159">
         <name>.debug_info</name>
         <load_address>0xd5e36</load_address>
         <run_address>0xd5e36</run_address>
         <size>0x2b86</size>
         <input_file_ref idref="fl-16"/>
      </object_component>
      <object_component id="oc-15f">
         <name>.debug_info</name>
         <load_address>0xd89bc</load_address>
         <run_address>0xd89bc</run_address>
         <size>0x114</size>
         <input_file_ref idref="fl-17"/>
      </object_component>
      <object_component id="oc-163">
         <name>.debug_info</name>
         <load_address>0xd8ad0</load_address>
         <run_address>0xd8ad0</run_address>
         <size>0x973f</size>
         <input_file_ref idref="fl-18"/>
      </object_component>
      <object_component id="oc-16a">
         <name>.debug_info</name>
         <load_address>0xe220f</load_address>
         <run_address>0xe220f</run_address>
         <size>0x553</size>
         <input_file_ref idref="fl-29"/>
      </object_component>
      <object_component id="oc-172">
         <name>.debug_info</name>
         <load_address>0xe2762</load_address>
         <run_address>0xe2762</run_address>
         <size>0x16b</size>
         <input_file_ref idref="fl-2a"/>
      </object_component>
      <object_component id="oc-177">
         <name>.debug_info</name>
         <load_address>0xe28cd</load_address>
         <run_address>0xe28cd</run_address>
         <size>0x10c</size>
         <input_file_ref idref="fl-2b"/>
      </object_component>
      <object_component id="oc-17c">
         <name>.debug_info</name>
         <load_address>0xe29d9</load_address>
         <run_address>0xe29d9</run_address>
         <size>0x139</size>
         <input_file_ref idref="fl-2c"/>
      </object_component>
      <object_component id="oc-180">
         <name>.debug_info</name>
         <load_address>0xe2b12</load_address>
         <run_address>0xe2b12</run_address>
         <size>0x574</size>
         <input_file_ref idref="fl-2d"/>
      </object_component>
      <object_component id="oc-185">
         <name>.debug_info</name>
         <load_address>0xe3086</load_address>
         <run_address>0xe3086</run_address>
         <size>0x46f</size>
         <input_file_ref idref="fl-2e"/>
      </object_component>
      <object_component id="oc-18a">
         <name>.debug_info</name>
         <load_address>0xe34f5</load_address>
         <run_address>0xe34f5</run_address>
         <size>0x3e2</size>
         <input_file_ref idref="fl-2f"/>
      </object_component>
      <object_component id="oc-18f">
         <name>.debug_info</name>
         <load_address>0xe38d7</load_address>
         <run_address>0xe38d7</run_address>
         <size>0x3df</size>
         <input_file_ref idref="fl-30"/>
      </object_component>
      <object_component id="oc-194">
         <name>.debug_info</name>
         <load_address>0xe3cb6</load_address>
         <run_address>0xe3cb6</run_address>
         <size>0x1bb</size>
         <input_file_ref idref="fl-31"/>
      </object_component>
      <object_component id="oc-198">
         <name>.debug_info</name>
         <load_address>0xe3e71</load_address>
         <run_address>0xe3e71</run_address>
         <size>0x579</size>
         <input_file_ref idref="fl-32"/>
      </object_component>
      <object_component id="oc-19f">
         <name>.debug_info</name>
         <load_address>0xe43ea</load_address>
         <run_address>0xe43ea</run_address>
         <size>0x501</size>
         <input_file_ref idref="fl-33"/>
      </object_component>
      <object_component id="oc-1a4">
         <name>.debug_info</name>
         <load_address>0xe48eb</load_address>
         <run_address>0xe48eb</run_address>
         <size>0x49c</size>
         <input_file_ref idref="fl-34"/>
      </object_component>
      <object_component id="oc-254">
         <name>.debug_info</name>
         <load_address>0xe4d87</load_address>
         <run_address>0xe4d87</run_address>
         <size>0xa7</size>
      </object_component>
      <object_component id="oc-88">
         <name>.debug_frame</name>
         <load_address>0x0</load_address>
         <run_address>0x0</run_address>
         <size>0x1dc</size>
         <input_file_ref idref="fl-2"/>
      </object_component>
      <object_component id="oc-8d">
         <name>.debug_frame</name>
         <load_address>0x1dc</load_address>
         <run_address>0x1dc</run_address>
         <size>0x80</size>
         <input_file_ref idref="fl-3"/>
      </object_component>
      <object_component id="oc-94">
         <name>.debug_frame</name>
         <load_address>0x25c</load_address>
         <run_address>0x25c</run_address>
         <size>0x160</size>
         <input_file_ref idref="fl-4"/>
      </object_component>
      <object_component id="oc-9b">
         <name>.debug_frame</name>
         <load_address>0x3bc</load_address>
         <run_address>0x3bc</run_address>
         <size>0xe4</size>
         <input_file_ref idref="fl-5"/>
      </object_component>
      <object_component id="oc-a1">
         <name>.debug_frame</name>
         <load_address>0x4a0</load_address>
         <run_address>0x4a0</run_address>
         <size>0x2d8</size>
         <input_file_ref idref="fl-6"/>
      </object_component>
      <object_component id="oc-a8">
         <name>.debug_frame</name>
         <load_address>0x778</load_address>
         <run_address>0x778</run_address>
         <size>0x1a0</size>
         <input_file_ref idref="fl-7"/>
      </object_component>
      <object_component id="oc-af">
         <name>.debug_frame</name>
         <load_address>0x918</load_address>
         <run_address>0x918</run_address>
         <size>0x5c</size>
         <input_file_ref idref="fl-8"/>
      </object_component>
      <object_component id="oc-b6">
         <name>.debug_frame</name>
         <load_address>0x974</load_address>
         <run_address>0x974</run_address>
         <size>0x74</size>
         <input_file_ref idref="fl-9"/>
      </object_component>
      <object_component id="oc-bb">
         <name>.debug_frame</name>
         <load_address>0x9e8</load_address>
         <run_address>0x9e8</run_address>
         <size>0x48</size>
         <input_file_ref idref="fl-a"/>
      </object_component>
      <object_component id="oc-cb">
         <name>.debug_frame</name>
         <load_address>0xa30</load_address>
         <run_address>0xa30</run_address>
         <size>0x30</size>
         <input_file_ref idref="fl-d"/>
      </object_component>
      <object_component id="oc-d1">
         <name>.debug_frame</name>
         <load_address>0xa60</load_address>
         <run_address>0xa60</run_address>
         <size>0x64</size>
         <input_file_ref idref="fl-e"/>
      </object_component>
      <object_component id="oc-db">
         <name>.debug_frame</name>
         <load_address>0xac4</load_address>
         <run_address>0xac4</run_address>
         <size>0x168</size>
         <input_file_ref idref="fl-10"/>
      </object_component>
      <object_component id="oc-146">
         <name>.debug_frame</name>
         <load_address>0xc2c</load_address>
         <run_address>0xc2c</run_address>
         <size>0x1b0</size>
         <input_file_ref idref="fl-12"/>
      </object_component>
      <object_component id="oc-14b">
         <name>.debug_frame</name>
         <load_address>0xddc</load_address>
         <run_address>0xddc</run_address>
         <size>0x60</size>
         <input_file_ref idref="fl-13"/>
      </object_component>
      <object_component id="oc-150">
         <name>.debug_frame</name>
         <load_address>0xe3c</load_address>
         <run_address>0xe3c</run_address>
         <size>0x4c</size>
         <input_file_ref idref="fl-14"/>
      </object_component>
      <object_component id="oc-155">
         <name>.debug_frame</name>
         <load_address>0xe88</load_address>
         <run_address>0xe88</run_address>
         <size>0x294</size>
         <input_file_ref idref="fl-15"/>
      </object_component>
      <object_component id="oc-15a">
         <name>.debug_frame</name>
         <load_address>0x111c</load_address>
         <run_address>0x111c</run_address>
         <size>0x4c</size>
         <input_file_ref idref="fl-16"/>
      </object_component>
      <object_component id="oc-166">
         <name>.debug_frame</name>
         <load_address>0x1168</load_address>
         <run_address>0x1168</run_address>
         <size>0x25a8</size>
         <input_file_ref idref="fl-18"/>
      </object_component>
      <object_component id="oc-16c">
         <name>.debug_frame</name>
         <load_address>0x3710</load_address>
         <run_address>0x3710</run_address>
         <size>0x60</size>
         <input_file_ref idref="fl-29"/>
      </object_component>
      <object_component id="oc-181">
         <name>.debug_frame</name>
         <load_address>0x3770</load_address>
         <run_address>0x3770</run_address>
         <size>0x68</size>
         <input_file_ref idref="fl-2d"/>
      </object_component>
      <object_component id="oc-186">
         <name>.debug_frame</name>
         <load_address>0x37d8</load_address>
         <run_address>0x37d8</run_address>
         <size>0x48</size>
         <input_file_ref idref="fl-2e"/>
      </object_component>
      <object_component id="oc-18b">
         <name>.debug_frame</name>
         <load_address>0x3820</load_address>
         <run_address>0x3820</run_address>
         <size>0x48</size>
         <input_file_ref idref="fl-2f"/>
      </object_component>
      <object_component id="oc-190">
         <name>.debug_frame</name>
         <load_address>0x3868</load_address>
         <run_address>0x3868</run_address>
         <size>0x48</size>
         <input_file_ref idref="fl-30"/>
      </object_component>
      <object_component id="oc-19b">
         <name>.debug_frame</name>
         <load_address>0x38b0</load_address>
         <run_address>0x38b0</run_address>
         <size>0x68</size>
         <input_file_ref idref="fl-32"/>
      </object_component>
      <object_component id="oc-1a0">
         <name>.debug_frame</name>
         <load_address>0x3918</load_address>
         <run_address>0x3918</run_address>
         <size>0x78</size>
         <input_file_ref idref="fl-33"/>
      </object_component>
      <object_component id="oc-1a5">
         <name>.debug_frame</name>
         <load_address>0x3990</load_address>
         <run_address>0x3990</run_address>
         <size>0x48</size>
         <input_file_ref idref="fl-34"/>
      </object_component>
      <object_component id="oc-89">
         <name>.debug_line</name>
         <load_address>0x0</load_address>
         <run_address>0x0</run_address>
         <size>0x430</size>
         <input_file_ref idref="fl-2"/>
      </object_component>
      <object_component id="oc-8e">
         <name>.debug_line</name>
         <load_address>0x430</load_address>
         <run_address>0x430</run_address>
         <size>0x13e</size>
         <input_file_ref idref="fl-3"/>
      </object_component>
      <object_component id="oc-95">
         <name>.debug_line</name>
         <load_address>0x56e</load_address>
         <run_address>0x56e</run_address>
         <size>0x34d</size>
         <input_file_ref idref="fl-4"/>
      </object_component>
      <object_component id="oc-9c">
         <name>.debug_line</name>
         <load_address>0x8bb</load_address>
         <run_address>0x8bb</run_address>
         <size>0xf9</size>
         <input_file_ref idref="fl-5"/>
      </object_component>
      <object_component id="oc-a2">
         <name>.debug_line</name>
         <load_address>0x9b4</load_address>
         <run_address>0x9b4</run_address>
         <size>0xa8c</size>
         <input_file_ref idref="fl-6"/>
      </object_component>
      <object_component id="oc-a9">
         <name>.debug_line</name>
         <load_address>0x1440</load_address>
         <run_address>0x1440</run_address>
         <size>0x25c</size>
         <input_file_ref idref="fl-7"/>
      </object_component>
      <object_component id="oc-b0">
         <name>.debug_line</name>
         <load_address>0x169c</load_address>
         <run_address>0x169c</run_address>
         <size>0x4b</size>
         <input_file_ref idref="fl-8"/>
      </object_component>
      <object_component id="oc-b7">
         <name>.debug_line</name>
         <load_address>0x16e7</load_address>
         <run_address>0x16e7</run_address>
         <size>0x87</size>
         <input_file_ref idref="fl-9"/>
      </object_component>
      <object_component id="oc-bc">
         <name>.debug_line</name>
         <load_address>0x176e</load_address>
         <run_address>0x176e</run_address>
         <size>0x7b</size>
         <input_file_ref idref="fl-a"/>
      </object_component>
      <object_component id="oc-c2">
         <name>.debug_line</name>
         <load_address>0x17e9</load_address>
         <run_address>0x17e9</run_address>
         <size>0x75</size>
         <input_file_ref idref="fl-b"/>
      </object_component>
      <object_component id="oc-c7">
         <name>.debug_line</name>
         <load_address>0x185e</load_address>
         <run_address>0x185e</run_address>
         <size>0x82</size>
         <input_file_ref idref="fl-c"/>
      </object_component>
      <object_component id="oc-cc">
         <name>.debug_line</name>
         <load_address>0x18e0</load_address>
         <run_address>0x18e0</run_address>
         <size>0x45</size>
         <input_file_ref idref="fl-d"/>
      </object_component>
      <object_component id="oc-d2">
         <name>.debug_line</name>
         <load_address>0x1925</load_address>
         <run_address>0x1925</run_address>
         <size>0x9b</size>
         <input_file_ref idref="fl-e"/>
      </object_component>
      <object_component id="oc-d7">
         <name>.debug_line</name>
         <load_address>0x19c0</load_address>
         <run_address>0x19c0</run_address>
         <size>0x5a</size>
         <input_file_ref idref="fl-f"/>
      </object_component>
      <object_component id="oc-dc">
         <name>.debug_line</name>
         <load_address>0x1a1a</load_address>
         <run_address>0x1a1a</run_address>
         <size>0x1d2</size>
         <input_file_ref idref="fl-10"/>
      </object_component>
      <object_component id="oc-147">
         <name>.debug_line</name>
         <load_address>0x1bec</load_address>
         <run_address>0x1bec</run_address>
         <size>0x280</size>
         <input_file_ref idref="fl-12"/>
      </object_component>
      <object_component id="oc-14c">
         <name>.debug_line</name>
         <load_address>0x1e6c</load_address>
         <run_address>0x1e6c</run_address>
         <size>0x99</size>
         <input_file_ref idref="fl-13"/>
      </object_component>
      <object_component id="oc-151">
         <name>.debug_line</name>
         <load_address>0x1f05</load_address>
         <run_address>0x1f05</run_address>
         <size>0x7d</size>
         <input_file_ref idref="fl-14"/>
      </object_component>
      <object_component id="oc-156">
         <name>.debug_line</name>
         <load_address>0x1f82</load_address>
         <run_address>0x1f82</run_address>
         <size>0x510</size>
         <input_file_ref idref="fl-15"/>
      </object_component>
      <object_component id="oc-15b">
         <name>.debug_line</name>
         <load_address>0x2492</load_address>
         <run_address>0x2492</run_address>
         <size>0x80</size>
         <input_file_ref idref="fl-16"/>
      </object_component>
      <object_component id="oc-160">
         <name>.debug_line</name>
         <load_address>0x2512</load_address>
         <run_address>0x2512</run_address>
         <size>0x5b</size>
         <input_file_ref idref="fl-17"/>
      </object_component>
      <object_component id="oc-167">
         <name>.debug_line</name>
         <load_address>0x256d</load_address>
         <run_address>0x256d</run_address>
         <size>0x1aa0</size>
         <input_file_ref idref="fl-18"/>
      </object_component>
      <object_component id="oc-16d">
         <name>.debug_line</name>
         <load_address>0x400d</load_address>
         <run_address>0x400d</run_address>
         <size>0xc7</size>
         <input_file_ref idref="fl-29"/>
      </object_component>
      <object_component id="oc-173">
         <name>.debug_line</name>
         <load_address>0x40d4</load_address>
         <run_address>0x40d4</run_address>
         <size>0x7e</size>
         <input_file_ref idref="fl-2a"/>
      </object_component>
      <object_component id="oc-178">
         <name>.debug_line</name>
         <load_address>0x4152</load_address>
         <run_address>0x4152</run_address>
         <size>0xad</size>
         <input_file_ref idref="fl-2b"/>
      </object_component>
      <object_component id="oc-17d">
         <name>.debug_line</name>
         <load_address>0x41ff</load_address>
         <run_address>0x41ff</run_address>
         <size>0x52</size>
         <input_file_ref idref="fl-2c"/>
      </object_component>
      <object_component id="oc-182">
         <name>.debug_line</name>
         <load_address>0x4251</load_address>
         <run_address>0x4251</run_address>
         <size>0x50</size>
         <input_file_ref idref="fl-2d"/>
      </object_component>
      <object_component id="oc-187">
         <name>.debug_line</name>
         <load_address>0x42a1</load_address>
         <run_address>0x42a1</run_address>
         <size>0x62</size>
         <input_file_ref idref="fl-2e"/>
      </object_component>
      <object_component id="oc-18c">
         <name>.debug_line</name>
         <load_address>0x4303</load_address>
         <run_address>0x4303</run_address>
         <size>0x3e</size>
         <input_file_ref idref="fl-2f"/>
      </object_component>
      <object_component id="oc-191">
         <name>.debug_line</name>
         <load_address>0x4341</load_address>
         <run_address>0x4341</run_address>
         <size>0x3a</size>
         <input_file_ref idref="fl-30"/>
      </object_component>
      <object_component id="oc-19c">
         <name>.debug_line</name>
         <load_address>0x437b</load_address>
         <run_address>0x437b</run_address>
         <size>0x65</size>
         <input_file_ref idref="fl-32"/>
      </object_component>
      <object_component id="oc-1a1">
         <name>.debug_line</name>
         <load_address>0x43e0</load_address>
         <run_address>0x43e0</run_address>
         <size>0x5e</size>
         <input_file_ref idref="fl-33"/>
      </object_component>
      <object_component id="oc-1a6">
         <name>.debug_line</name>
         <load_address>0x443e</load_address>
         <run_address>0x443e</run_address>
         <size>0x55</size>
         <input_file_ref idref="fl-34"/>
      </object_component>
      <object_component id="oc-8a">
         <name>.debug_abbrev</name>
         <load_address>0x0</load_address>
         <run_address>0x0</run_address>
         <size>0x1cb</size>
         <input_file_ref idref="fl-2"/>
      </object_component>
      <object_component id="oc-8f">
         <name>.debug_abbrev</name>
         <load_address>0x1cb</load_address>
         <run_address>0x1cb</run_address>
         <size>0xee</size>
         <input_file_ref idref="fl-3"/>
      </object_component>
      <object_component id="oc-96">
         <name>.debug_abbrev</name>
         <load_address>0x2b9</load_address>
         <run_address>0x2b9</run_address>
         <size>0x1b8</size>
         <input_file_ref idref="fl-4"/>
      </object_component>
      <object_component id="oc-9d">
         <name>.debug_abbrev</name>
         <load_address>0x471</load_address>
         <run_address>0x471</run_address>
         <size>0x19a</size>
         <input_file_ref idref="fl-5"/>
      </object_component>
      <object_component id="oc-a3">
         <name>.debug_abbrev</name>
         <load_address>0x60b</load_address>
         <run_address>0x60b</run_address>
         <size>0x1bd</size>
         <input_file_ref idref="fl-6"/>
      </object_component>
      <object_component id="oc-aa">
         <name>.debug_abbrev</name>
         <load_address>0x7c8</load_address>
         <run_address>0x7c8</run_address>
         <size>0x186</size>
         <input_file_ref idref="fl-7"/>
      </object_component>
      <object_component id="oc-b1">
         <name>.debug_abbrev</name>
         <load_address>0x94e</load_address>
         <run_address>0x94e</run_address>
         <size>0x149</size>
         <input_file_ref idref="fl-8"/>
      </object_component>
      <object_component id="oc-b8">
         <name>.debug_abbrev</name>
         <load_address>0xa97</load_address>
         <run_address>0xa97</run_address>
         <size>0xb8</size>
         <input_file_ref idref="fl-9"/>
      </object_component>
      <object_component id="oc-bd">
         <name>.debug_abbrev</name>
         <load_address>0xb4f</load_address>
         <run_address>0xb4f</run_address>
         <size>0x11e</size>
         <input_file_ref idref="fl-a"/>
      </object_component>
      <object_component id="oc-c3">
         <name>.debug_abbrev</name>
         <load_address>0xc6d</load_address>
         <run_address>0xc6d</run_address>
         <size>0x21</size>
         <input_file_ref idref="fl-b"/>
      </object_component>
      <object_component id="oc-c8">
         <name>.debug_abbrev</name>
         <load_address>0xc8e</load_address>
         <run_address>0xc8e</run_address>
         <size>0x3d</size>
         <input_file_ref idref="fl-c"/>
      </object_component>
      <object_component id="oc-cd">
         <name>.debug_abbrev</name>
         <load_address>0xccb</load_address>
         <run_address>0xccb</run_address>
         <size>0x115</size>
         <input_file_ref idref="fl-d"/>
      </object_component>
      <object_component id="oc-d3">
         <name>.debug_abbrev</name>
         <load_address>0xde0</load_address>
         <run_address>0xde0</run_address>
         <size>0xfd</size>
         <input_file_ref idref="fl-e"/>
      </object_component>
      <object_component id="oc-d8">
         <name>.debug_abbrev</name>
         <load_address>0xedd</load_address>
         <run_address>0xedd</run_address>
         <size>0x2f</size>
         <input_file_ref idref="fl-f"/>
      </object_component>
      <object_component id="oc-dd">
         <name>.debug_abbrev</name>
         <load_address>0xf0c</load_address>
         <run_address>0xf0c</run_address>
         <size>0x143</size>
         <input_file_ref idref="fl-10"/>
      </object_component>
      <object_component id="oc-144">
         <name>.debug_abbrev</name>
         <load_address>0x104f</load_address>
         <run_address>0x104f</run_address>
         <size>0xcb</size>
         <input_file_ref idref="fl-11"/>
      </object_component>
      <object_component id="oc-148">
         <name>.debug_abbrev</name>
         <load_address>0x111a</load_address>
         <run_address>0x111a</run_address>
         <size>0x191</size>
         <input_file_ref idref="fl-12"/>
      </object_component>
      <object_component id="oc-14d">
         <name>.debug_abbrev</name>
         <load_address>0x12ab</load_address>
         <run_address>0x12ab</run_address>
         <size>0xc8</size>
         <input_file_ref idref="fl-13"/>
      </object_component>
      <object_component id="oc-152">
         <name>.debug_abbrev</name>
         <load_address>0x1373</load_address>
         <run_address>0x1373</run_address>
         <size>0x116</size>
         <input_file_ref idref="fl-14"/>
      </object_component>
      <object_component id="oc-157">
         <name>.debug_abbrev</name>
         <load_address>0x1489</load_address>
         <run_address>0x1489</run_address>
         <size>0x1b5</size>
         <input_file_ref idref="fl-15"/>
      </object_component>
      <object_component id="oc-15c">
         <name>.debug_abbrev</name>
         <load_address>0x163e</load_address>
         <run_address>0x163e</run_address>
         <size>0xf5</size>
         <input_file_ref idref="fl-16"/>
      </object_component>
      <object_component id="oc-161">
         <name>.debug_abbrev</name>
         <load_address>0x1733</load_address>
         <run_address>0x1733</run_address>
         <size>0x2f</size>
         <input_file_ref idref="fl-17"/>
      </object_component>
      <object_component id="oc-168">
         <name>.debug_abbrev</name>
         <load_address>0x1762</load_address>
         <run_address>0x1762</run_address>
         <size>0x175</size>
         <input_file_ref idref="fl-18"/>
      </object_component>
      <object_component id="oc-16e">
         <name>.debug_abbrev</name>
         <load_address>0x18d7</load_address>
         <run_address>0x18d7</run_address>
         <size>0xbd</size>
         <input_file_ref idref="fl-29"/>
      </object_component>
      <object_component id="oc-174">
         <name>.debug_abbrev</name>
         <load_address>0x1994</load_address>
[...]
         <name>_FPU_OVERFLOW_ISR</name>
         <value>0x149c3</value>
         <object_component_ref idref="oc-165"/>
      </symbol>
      <symbol id="sm-729">
         <name>_USER4_ISR</name>
         <value>0x13076</value>
         <object_component_ref idref="oc-165"/>
      </symbol>
      <symbol id="sm-72a">
         <name>_EQEP3_ISR</name>
         <value>0x13ac5</value>
         <object_component_ref idref="oc-165"/>
      </symbol>
      <symbol id="sm-72b">
         <name>_EPWM7_TZ_ISR</name>
         <value>0x134e1</value>
         <object_component_ref idref="oc-165"/>
      </symbol>
      <symbol id="sm-72c">
         <name>_CLA1_3_ISR</name>
         <value>0x14797</value>
         <object_component_ref idref="oc-165"/>
      </symbol>
      <symbol id="sm-72d">
         <name>_EPWM2_TZ_ISR</name>
         <value>0x133bf</value>
         <object_component_ref idref="oc-165"/>
      </symbol>
      <symbol id="sm-72e">
         <name>_EPWM9_TZ_ISR</name>
         <value>0x13555</value>
         <object_component_ref idref="oc-165"/>
      </symbol>
      <symbol id="sm-72f">
         <name>_DMA_CH5_ISR</name>
         <value>0x13f87</value>
         <object_component_ref idref="oc-165"/>
      </symbol>
      <symbol id="sm-730">
         <name>_ECAP1_ISR</name>
         <value>0x138f5</value>
         <object_component_ref idref="oc-165"/>
      </symbol>
      <symbol id="sm-731">
         <name>_TIMER2_ISR</name>
         <value>0x1300d</value>
         <object_component_ref idref="oc-165"/>
      </symbol>
      <symbol id="sm-732">
         <name>_ADCA4_ISR</name>
         <value>0x1443d</value>
         <object_component_ref idref="oc-165"/>
      </symbol>
      <symbol id="sm-733">
         <name>_ADCB4_ISR</name>
         <value>0x14519</value>
         <object_component_ref idref="oc-165"/>
      </symbol>
      <symbol id="sm-734">
         <name>_ADCC4_ISR</name>
         <value>0x14601</value>
         <object_component_ref idref="oc-165"/>
      </symbol>
      <symbol id="sm-735">
         <name>_ADCD4_ISR</name>
         <value>0x146e9</value>
         <object_component_ref idref="oc-165"/>
      </symbol>
      <symbol id="sm-736">
         <name>_EPWM7_ISR</name>
         <value>0x13799</value>
         <object_component_ref idref="oc-165"/>
      </symbol>
      <symbol id="sm-737">
         <name>_USER10_ISR</name>
         <value>0x130b8</value>
         <object_component_ref idref="oc-165"/>
      </symbol>
      <symbol id="sm-738">
         <name>_IPC3_ISR</name>
         <value>0x1334b</value>
         <object_component_ref idref="oc-165"/>
      </symbol>
      <symbol id="sm-739">
         <name>_USER7_ISR</name>
         <value>0x13097</value>
         <object_component_ref idref="oc-165"/>
      </symbol>
      <symbol id="sm-73a">
         <name>_XINT1_ISR</name>
         <value>0x13187</value>
         <object_component_ref idref="oc-165"/>
      </symbol>
      <symbol id="sm-73b">
         <name>_DMA_CH6_ISR</name>
         <value>0x13fc1</value>
         <object_component_ref idref="oc-165"/>
      </symbol>
      <symbol id="sm-73c">
         <name>_CLB4_ISR</name>
         <value>0x13bad</value>
         <object_component_ref idref="oc-165"/>
      </symbol>
      <symbol id="sm-73d">
         <name>_ECAP2_ISR</name>
         <value>0x1392f</value>
         <object_component_ref idref="oc-165"/>
      </symbol>
      <symbol id="sm-73e">
         <name>_I2CB_ISR</name>
         <value>0x1406f</value>
         <object_component_ref idref="oc-165"/>
      </symbol>
      <symbol id="sm-73f">
         <name>_IPC2_ISR</name>
         <value>0x13311</value>
         <object_component_ref idref="oc-165"/>
      </symbol>
      <symbol id="sm-740">
         <name>_USER6_ISR</name>
         <value>0x1308c</value>
         <object_component_ref idref="oc-165"/>
      </symbol>
      <symbol id="sm-741">
         <name>_EPWM4_TZ_ISR</name>
         <value>0x13433</value>
         <object_component_ref idref="oc-165"/>
      </symbol>
      <symbol id="sm-742">
         <name>_EPWM3_TZ_ISR</name>
         <value>0x133f9</value>
         <object_component_ref idref="oc-165"/>
      </symbol>
      <symbol id="sm-743">
         <name>_I2CA_FIFO_ISR</name>
         <value>0x14035</value>
         <object_component_ref idref="oc-165"/>
      </symbol>
      <symbol id="sm-744">
         <name>_ECAP3_ISR</name>
         <value>0x13969</value>
         <object_component_ref idref="oc-165"/>
      </symbol>
      <symbol id="sm-745">
         <name>_RTOS_ISR</name>
         <value>0x13027</value>
         <object_component_ref idref="oc-165"/>
      </symbol>
      <symbol id="sm-746">
         <name>_SPIC_RX_ISR</name>
         <value>0x13e2b</value>
         <object_component_ref idref="oc-165"/>
      </symbol>
      <symbol id="sm-747">
         <name>_SPIC_TX_ISR</name>
         <value>0x13e65</value>
         <object_component_ref idref="oc-165"/>
      </symbol>
      <symbol id="sm-748">
         <name>_EPWM1_ISR</name>
         <value>0x1363d</value>
         <object_component_ref idref="oc-165"/>
      </symbol>
      <symbol id="sm-749">
         <name>_USER12_ISR</name>
         <value>0x130ce</value>
         <object_component_ref idref="oc-165"/>
      </symbol>
      <symbol id="sm-74a">
         <name>_AUX_PLL_SLIP_ISR</name>
         <value>0x14b59</value>
         <object_component_ref idref="oc-165"/>
      </symbol>
      <symbol id="sm-74b">
         <name>_CLA1_4_ISR</name>
         <value>0x147c5</value>
         <object_component_ref idref="oc-165"/>
      </symbol>
      <symbol id="sm-74c">
         <name>_USER1_ISR</name>
         <value>0x13055</value>
         <object_component_ref idref="oc-165"/>
      </symbol>
      <symbol id="sm-74d">
         <name>_CLA_UNDERFLOW_ISR</name>
         <value>0x14bcd</value>
         <object_component_ref idref="oc-165"/>
      </symbol>
      <symbol id="sm-74e">
         <name>_ADCC_EVT_ISR</name>
         <value>0x14553</value>
         <object_component_ref idref="oc-165"/>
      </symbol>
      <symbol id="sm-74f">
         <name>_SYS_PLL_SLIP_ISR</name>
         <value>0x14b1f</value>
         <object_component_ref idref="oc-165"/>
      </symbol>
      <symbol id="sm-750">
         <name>_XINT3_ISR</name>
         <value>0x148db</value>
         <object_component_ref idref="oc-165"/>
      </symbol>
      <symbol id="sm-751">
         <name>_NMI_ISR</name>
         <value>0x1303f</value>
         <object_component_ref idref="oc-165"/>
      </symbol>
      <symbol id="sm-752">
         <name>_CANA0_ISR</name>
         <value>0x142b3</value>
         <object_component_ref idref="oc-165"/>
      </symbol>
      <symbol id="sm-753">
         <name>_CANB0_ISR</name>
         <value>0x14327</value>
         <object_component_ref idref="oc-165"/>
      </symbol>
      <symbol id="sm-754">
         <name>_EMIF_ERROR_ISR</name>
         <value>0x14a37</value>
         <object_component_ref idref="oc-165"/>
      </symbol>
      <symbol id="sm-755">
         <name>_ISRTrace</name>
         <value>0xab42</value>
         <object_component_ref idref="oc-164"/>
      </symbol>
      <symbol id="sm-756">
         <name>_EPWM8_ISR</name>
         <value>0x137d3</value>
         <object_component_ref idref="oc-165"/>
      </symbol>
      <symbol id="sm-757">
         <name>_MCBSPB_RX_ISR</name>
         <value>0x13db7</value>
         <object_component_ref idref="oc-165"/>
      </symbol>
      <symbol id="sm-758">
         <name>_EPWM2_ISR</name>
         <value>0x13677</value>
         <object_component_ref idref="oc-165"/>
      </symbol>
      <symbol id="sm-759">
         <name>_MCBSPB_TX_ISR</name>
         <value>0x13df1</value>
         <object_component_ref idref="oc-165"/>
      </symbol>
      <symbol id="sm-75a">
         <name>_CLA1_5_ISR</name>
         <value>0x147f3</value>
         <object_component_ref idref="oc-165"/>
      </symbol>
      <symbol id="sm-75b">
         <name>_EPWM5_TZ_ISR</name>
         <value>0x1346d</value>
         <object_component_ref idref="oc-165"/>
      </symbol>
      <symbol id="sm-75c">
         <name>_I2CB_FIFO_ISR</name>
         <value>0x140a9</value>
         <object_component_ref idref="oc-165"/>
      </symbol>
      <symbol id="sm-75d">
         <name>_WAKE_ISR</name>
         <value>0x13263</value>
         <object_component_ref idref="oc-165"/>
      </symbol>
      <symbol id="sm-75e">
         <name>_XINT2_ISR</name>
         <value>0x131b5</value>
         <object_component_ref idref="oc-165"/>
      </symbol>
      <symbol id="sm-75f">
         <name>_EPWM12_TZ_ISR</name>
         <value>0x13603</value>
         <object_component_ref idref="oc-165"/>
      </symbol>
      <symbol id="sm-760">
         <name>_DMA_CH1_ISR</name>
         <value>0x13e9f</value>
         <object_component_ref idref="oc-165"/>
      </symbol>
      <symbol id="sm-761">
         <name>_CANA1_ISR</name>
         <value>0x142ed</value>
         <object_component_ref idref="oc-165"/>
      </symbol>
      <symbol id="sm-762">
         <name>_CANB1_ISR</name>
         <value>0x14361</value>
         <object_component_ref idref="oc-165"/>
      </symbol>
      <symbol id="sm-763">
         <name>_ADCA_EVT_ISR</name>
         <value>0x1439b</value>
         <object_component_ref idref="oc-165"/>
      </symbol>
      <symbol id="sm-764">
         <name>_CLB1_ISR</name>
         <value>0x13aff</value>
         <object_component_ref idref="oc-165"/>
      </symbol>
      <symbol id="sm-765">
         <name>_EPWM11_ISR</name>
         <value>0x13881</value>
         <object_component_ref idref="oc-165"/>
      </symbol>
      <symbol id="sm-766">
         <name>_SCIC_RX_ISR</name>
         <value>0x140e3</value>
         <object_component_ref idref="oc-165"/>
      </symbol>
      <symbol id="sm-767">
         <name>_SCIC_TX_ISR</name>
         <value>0x1411d</value>
         <object_component_ref idref="oc-165"/>
      </symbol>
      <symbol id="sm-768">
         <name>_EPWM9_ISR</name>
         <value>0x1380d</value>
         <object_component_ref idref="oc-165"/>
      </symbol>
      <symbol id="sm-769">
         <name>_SPIB_RX_ISR</name>
         <value>0x13ccf</value>
         <object_component_ref idref="oc-165"/>
      </symbol>
      <symbol id="sm-76a">
         <name>_SPIB_TX_ISR</name>
         <value>0x13d09</value>
         <object_component_ref idref="oc-165"/>
      </symbol>
      <symbol id="sm-76b">
         <name>_EPWM3_ISR</name>
         <value>0x136b1</value>
         <object_component_ref idref="oc-165"/>
      </symbol>
      <symbol id="sm-76c">
         <name>_USER9_ISR</name>
         <value>0x130ad</value>
         <object_component_ref idref="oc-165"/>
      </symbol>
      <symbol id="sm-76d">
         <name>_CLA1_6_ISR</name>
         <value>0x1482d</value>
         <object_component_ref idref="oc-165"/>
      </symbol>
      <symbol id="sm-76e">
         <name>_USER3_ISR</name>
         <value>0x1306b</value>
         <object_component_ref idref="oc-165"/>
      </symbol>
      <symbol id="sm-76f">
         <name>_RAM_ACCESS_VIOLATION_ISR</name>
         <value>0x14ae5</value>
         <object_component_ref idref="oc-165"/>
      </symbol>
      <symbol id="sm-770">
         <name>_DMA_CH2_ISR</name>
         <value>0x13ed9</value>
         <object_component_ref idref="oc-165"/>
      </symbol>
      <symbol id="sm-771">
         <name>_ECAP4_ISR</name>
         <value>0x139a3</value>
         <object_component_ref idref="oc-165"/>
      </symbol>
      <symbol id="sm-772">
         <name>_VCU_ISR</name>
         <value>0x14989</value>
         <object_component_ref idref="oc-165"/>
      </symbol>
      <symbol id="sm-773">
         <name>_EPWM10_ISR</name>
         <value>0x13847</value>
         <object_component_ref idref="oc-165"/>
      </symbol>
      <symbol id="sm-774">
         <name>_ADCA1_ISR</name>
         <value>0x130d9</value>
         <object_component_ref idref="oc-165"/>
      </symbol>
      <symbol id="sm-775">
         <name>_FPU_UNDERFLOW_ISR</name>
         <value>0x149fd</value>
         <object_component_ref idref="oc-165"/>
      </symbol>
      <symbol id="sm-776">
         <name>_ADCB1_ISR</name>
         <value>0x13113</value>
         <object_component_ref idref="oc-165"/>
      </symbol>
      <symbol id="sm-777">
         <name>_ADCC1_ISR</name>
         <value>0x1314d</value>
         <object_component_ref idref="oc-165"/>
      </symbol>
      <symbol id="sm-778">
         <name>_ADCD1_ISR</name>
         <value>0x131ef</value>
         <object_component_ref idref="oc-165"/>
      </symbol>
      <symbol id="sm-779">
         <name>_USER8_ISR</name>
         <value>0x130a2</value>
         <object_component_ref idref="oc-165"/>
      </symbol>
      <symbol id="sm-77a">
         <name>_ADCD_EVT_ISR</name>
         <value>0x1463b</value>
         <object_component_ref idref="oc-165"/>
      </symbol>
      <symbol id="sm-77b">
         <name>_CLA1_7_ISR</name>
         <value>0x14867</value>
         <object_component_ref idref="oc-165"/>
      </symbol>
      <symbol id="sm-77c">
         <name>_USER2_ISR</name>
         <value>0x13060</value>
         <object_component_ref idref="oc-165"/>
      </symbol>
      <symbol id="sm-77d">
         <name>_EPWM1_TZ_ISR</name>
         <value>0x13385</value>
         <object_component_ref idref="oc-165"/>
      </symbol>
      <symbol id="sm-77e">
         <name>_EPWM11_TZ_ISR</name>
         <value>0x135c9</value>
         <object_component_ref idref="oc-165"/>
      </symbol>
      <symbol id="sm-77f">
         <name>_i</name>
         <value>0xab41</value>
         <object_component_ref idref="oc-164"/>
      </symbol>
      <symbol id="sm-780">
         <name>_DMA_CH3_ISR</name>
         <value>0x13f13</value>
         <object_component_ref idref="oc-165"/>
      </symbol>
      <symbol id="sm-781">
         <name>_ECAP5_ISR</name>
         <value>0x139dd</value>
         <object_component_ref idref="oc-165"/>
      </symbol>
      <symbol id="sm-782">
         <name>_CLB3_ISR</name>
         <value>0x13b73</value>
         <object_component_ref idref="oc-165"/>
      </symbol>
      <symbol id="sm-783">
         <name>_ADCA2_ISR</name>
         <value>0x143d5</value>
         <object_component_ref idref="oc-165"/>
      </symbol>
      <symbol id="sm-784">
         <name>_ADCB2_ISR</name>
         <value>0x144a5</value>
         <object_component_ref idref="oc-165"/>
      </symbol>
      <symbol id="sm-785">
         <name>_ADCC2_ISR</name>
         <value>0x1458d</value>
         <object_component_ref idref="oc-165"/>
      </symbol>
      <symbol id="sm-786">
         <name>_SCIB_RX_ISR</name>
         <value>0x1423f</value>
         <object_component_ref idref="oc-165"/>
      </symbol>
      <symbol id="sm-787">
         <name>_rsvd_ISR</name>
         <value>0x14c1b</value>
         <object_component_ref idref="oc-165"/>
      </symbol>
      <symbol id="sm-788">
         <name>_ADCD2_ISR</name>
         <value>0x14675</value>
         <object_component_ref idref="oc-165"/>
      </symbol>
      <symbol id="sm-789">
         <name>_EMU_ISR</name>
         <value>0x13034</value>
         <object_component_ref idref="oc-165"/>
      </symbol>
      <symbol id="sm-78a">
         <name>_SCIB_TX_ISR</name>
         <value>0x14279</value>
         <object_component_ref idref="oc-165"/>
      </symbol>
      <symbol id="sm-78b">
         <name>_SPIA_RX_ISR</name>
         <value>0x13c5b</value>
         <object_component_ref idref="oc-165"/>
      </symbol>
      <symbol id="sm-78c">
         <name>_SPIA_TX_ISR</name>
         <value>0x13c95</value>
         <object_component_ref idref="oc-165"/>
      </symbol>
      <symbol id="sm-78d">
         <name>_XINT5_ISR</name>
         <value>0x1494f</value>
         <object_component_ref idref="oc-165"/>
      </symbol>
      <symbol id="sm-78e">
         <name>_CLA_OVERFLOW_ISR</name>
         <value>0x14b93</value>
         <object_component_ref idref="oc-165"/>
      </symbol>
      <symbol id="sm-7b4">
         <name>_logf</name>
         <value>0x17715</value>
         <object_component_ref idref="oc-1c2"/>
      </symbol>
      <symbol id="sm-7b5">
         <name>_log</name>
         <value>0x17715</value>
         <object_component_ref idref="oc-1c2"/>
      </symbol>
      <symbol id="sm-7d0">
         <name>_c_int00</name>
         <value>0x17c4d</value>
         <object_component_ref idref="oc-83"/>
      </symbol>
      <symbol id="sm-7d1">
         <name>__stack</name>
         <value>0x400</value>
         <object_component_ref idref="oc-170"/>
      </symbol>
      <symbol id="sm-7e2">
         <name>FS$$DIV</name>
         <value>0x17ad5</value>
         <object_component_ref idref="oc-176"/>
      </symbol>
      <symbol id="sm-7ee">
         <name>U$$MOD</name>
         <value>0x17e49</value>
         <object_component_ref idref="oc-17b"/>
      </symbol>
      <symbol id="sm-7ef">
         <name>U$$DIV</name>
         <value>0x17e44</value>
         <object_component_ref idref="oc-17b"/>
      </symbol>
      <symbol id="sm-7fe">
         <name>_copy_in</name>
         <value>0x17dd8</value>
         <object_component_ref idref="oc-1aa"/>
      </symbol>
      <symbol id="sm-80f">
         <name>_memcpy</name>
         <value>0x17dfc</value>
         <object_component_ref idref="oc-1ae"/>
      </symbol>
      <symbol id="sm-81b">
         <name>__system_pre_init</name>
         <value>0x17e69</value>
         <object_component_ref idref="oc-1a9"/>
      </symbol>
      <symbol id="sm-828">
         <name>__system_post_cinit</name>
         <value>0x17e6b</value>
         <object_component_ref idref="oc-1ab"/>
      </symbol>
      <symbol id="sm-832">
         <name>_errno</name>
         <value>0xabaf</value>
         <object_component_ref idref="oc-196"/>
      </symbol>
      <symbol id="sm-846">
         <name>C$$EXIT</name>
         <value>0x17d61</value>
         <object_component_ref idref="oc-1ad"/>
      </symbol>
      <symbol id="sm-847">
         <name>_exit</name>
         <value>0x17d63</value>
         <object_component_ref idref="oc-1ad"/>
      </symbol>
      <symbol id="sm-848">
         <name>___TI_cleanup_ptr</name>
         <value>0xa9fc</value>
         <object_component_ref idref="oc-19a"/>
      </symbol>
      <symbol id="sm-849">
         <name>___TI_enable_exit_profile_output</name>
         <value>0xa9fa</value>
         <object_component_ref idref="oc-19a"/>
      </symbol>
      <symbol id="sm-84a">
         <name>_abort</name>
         <value>0x17d61</value>
         <object_component_ref idref="oc-1ad"/>
      </symbol>
      <symbol id="sm-84b">
         <name>___TI_dtors_ptr</name>
         <value>0xa9fe</value>
         <object_component_ref idref="oc-19a"/>
      </symbol>
      <symbol id="sm-85f">
         <name>__unlock</name>
         <value>0xabac</value>
         <object_component_ref idref="oc-1c8"/>
      </symbol>
      <symbol id="sm-860">
         <name>__lock</name>
         <value>0xab7e</value>
         <object_component_ref idref="oc-1b0"/>
      </symbol>
      <symbol id="sm-861">
         <name>__register_lock</name>
         <value>0x17e5d</value>
         <object_component_ref idref="oc-1be"/>
      </symbol>
      <symbol id="sm-862">
         <name>__nop</name>
         <value>0x17e61</value>
         <object_component_ref idref="oc-1be"/>
      </symbol>
      <symbol id="sm-863">
         <name>__register_unlock</name>
         <value>0x17e59</value>
         <object_component_ref idref="oc-1be"/>
      </symbol>
      <symbol id="sm-872">
         <name>__args_main</name>
         <value>0x17e1a</value>
         <object_component_ref idref="oc-1ac"/>
      </symbol>
   </symbol_table>
   <title>Link successful</title>
</link_info>
